2026-07-27 12:03:32,916 [INFO] root: Consultando Teradata para enriquecer DNI con números telefónicos...
2026-07-27 12:03:32,919 [INFO] TeradataService: Consultando Teradata para 7 DNI(s) faltantes...
2026-07-27 12:28:50,275 [INFO] TeradataService: Caché de teléfonos actualizado atómicamente.
2026-07-27 12:28:50,276 [INFO] TeradataService: [SKIP] B47385 | DNI 72563392 sin teléfonos en caché/Teradata.
2026-07-27 12:28:50,278 [INFO] TeradataService: Solicitudes listas con teléfono: 6 de 7
2026-07-27 12:28:50,280 [INFO] root: Iniciando bot de navegador Genesys Cloud...
2026-07-27 12:28:50,284 [INFO] GenesysBrowser: Iniciando descargas en Genesys Cloud para 6 registro(s)...
2026-07-27 12:28:51,867 [INFO] GenesysBrowser: --- Registro 1/6: Promotor B35381 | DNI 07468339 ---
2026-07-27 12:28:53,000 [INFO] GenesysBrowser: Panel de filtros cerrado (intento 1/3). Abriendo...
2026-07-27 12:29:00,937 [INFO] GenesysBrowser: Filtro usuario 'B35381' aplicado.
2026-07-27 12:29:12,515 [INFO] GenesysBrowser: 2 teléfono(s) ingresados como DNIS.
2026-07-27 12:29:17,578 [INFO] GenesysBrowser: Filas encontradas: 1 (intento 1/3)
2026-07-27 12:29:17,667 [WARNING] GenesysBrowser: No se hallaron filas con 'ACEPTA CAMPAÑA' para DNI 07468339
2026-07-27 12:29:17,682 [INFO] GenesysBrowser: --- Registro 2/6: Promotor B35381 | DNI 46816480 ---
2026-07-27 12:29:21,874 [INFO] GenesysBrowser: Limpiando filtros previos...
2026-07-27 12:29:36,311 [INFO] GenesysBrowser: Filtro usuario 'B35381' aplicado.
2026-07-27 12:29:50,087 [INFO] GenesysBrowser: 3 teléfono(s) ingresados como DNIS.
2026-07-27 12:29:55,162 [INFO] GenesysBrowser: Filas encontradas: 5 (intento 1/3)
2026-07-27 12:29:55,375 [INFO] GenesysBrowser: Procesando interacción ACEPTA 1/1...
2026-07-27 12:30:26,485 [INFO] GenesysBrowser: Descargando audio 1/1...
2026-07-27 12:30:38,910 [INFO] GenesysBrowser: ✓ MP3 guardado exitosamente: C:\Users\b47756\Downloads\PP_B35381_DNI46816480_20260716.mp3
2026-07-27 12:30:38,921 [INFO] GenesysBrowser: ✓ Solicitud Promotor B35381 | DNI 46816480 completada.
2026-07-27 12:30:38,922 [INFO] GenesysBrowser: --- Registro 3/6: Promotor B36759 | DNI 45181595 ---
2026-07-27 12:30:56,767 [INFO] GenesysBrowser: Filtro usuario 'B36759' aplicado.
2026-07-27 12:31:13,285 [INFO] GenesysBrowser: 3 teléfono(s) ingresados como DNIS.
2026-07-27 12:31:18,342 [INFO] GenesysBrowser: Filas encontradas: 0 (intento 1/3)
2026-07-27 12:31:19,376 [INFO] GenesysBrowser: Filas encontradas: 0 (intento 2/3)
2026-07-27 12:31:20,430 [INFO] GenesysBrowser: Filas encontradas: 0 (intento 3/3)
2026-07-27 12:31:21,444 [WARNING] GenesysBrowser: No encontrado en Genesys: B36759 - DNI 45181595
2026-07-27 12:31:21,453 [INFO] GenesysBrowser: --- Registro 4/6: Promotor B47131 | DNI 72977007 ---
2026-07-27 12:31:25,544 [INFO] GenesysBrowser: Limpiando filtros previos...
2026-07-27 12:31:33,316 [INFO] GenesysBrowser: Filtro usuario 'B47131' aplicado.
2026-07-27 12:31:36,756 [INFO] GenesysBrowser: 1 teléfono(s) ingresados como DNIS.
2026-07-27 12:31:41,805 [INFO] GenesysBrowser: Filas encontradas: 0 (intento 1/3)
2026-07-27 12:31:42,839 [INFO] GenesysBrowser: Filas encontradas: 5 (intento 2/3)
2026-07-27 12:31:43,000 [INFO] GenesysBrowser: Procesando interacción ACEPTA 1/1...
2026-07-27 12:32:21,361 [INFO] GenesysBrowser: Descargando audio 1/1...
2026-07-27 12:32:31,598 [INFO] GenesysBrowser: ✓ MP3 guardado exitosamente: C:\Users\b47756\Downloads\PP_B47131_DNI72977007_20260707.mp3
2026-07-27 12:32:31,606 [INFO] GenesysBrowser: ✓ Solicitud Promotor B47131 | DNI 72977007 completada.
2026-07-27 12:32:31,606 [INFO] GenesysBrowser: --- Registro 5/6: Promotor B47383 | DNI 41678250 ---
2026-07-27 12:33:08,221 [INFO] GenesysBrowser: Filtro usuario 'B47383' aplicado.
2026-07-27 12:33:18,693 [INFO] GenesysBrowser: 2 teléfono(s) ingresados como DNIS.
2026-07-27 12:33:23,765 [INFO] GenesysBrowser: Filas encontradas: 0 (intento 1/3)
2026-07-27 12:33:24,808 [INFO] GenesysBrowser: Filas encontradas: 0 (intento 2/3)
2026-07-27 12:33:25,849 [INFO] GenesysBrowser: Filas encontradas: 0 (intento 3/3)
2026-07-27 12:33:26,869 [WARNING] GenesysBrowser: No encontrado en Genesys: B47383 - DNI 41678250
2026-07-27 12:33:26,884 [INFO] GenesysBrowser: --- Registro 6/6: Promotor B47385 | DNI 43941952 ---
2026-07-27 12:33:31,061 [INFO] GenesysBrowser: Limpiando filtros previos...
2026-07-27 12:33:46,677 [INFO] GenesysBrowser: Filtro usuario 'B47385' aplicado.
2026-07-27 12:33:57,154 [INFO] GenesysBrowser: 2 teléfono(s) ingresados como DNIS.
2026-07-27 12:34:02,233 [INFO] GenesysBrowser: Filas encontradas: 0 (intento 1/3)
2026-07-27 12:34:03,270 [INFO] GenesysBrowser: Filas encontradas: 0 (intento 2/3)
2026-07-27 12:34:04,319 [INFO] GenesysBrowser: Filas encontradas: 0 (intento 3/3)
2026-07-27 12:34:05,336 [WARNING] GenesysBrowser: No encontrado en Genesys: B47385 - DNI 43941952
2026-07-27 12:34:05,355 [INFO] GenesysBrowser: Proceso de descargas finalizado correctamente.
2026-07-27 12:34:05,387 [INFO] root: SUCCESS: Descarga de audios finalizada con éxito. Destino: C:\Users\b47756\Downloads
