2026-07-27 08:26:03,214 [INFO] root: ⚡ [Fase 1] Iniciando descarga de insumos de Insight...
2026-07-27 08:26:03,220 [INFO] root: Descargando insumo 'TRAFICO_GENESYS' desde Insight...
2026-07-27 08:26:03,221 [INFO] root: Iniciando sesión en Insight...
2026-07-27 08:26:03,720 [INFO] root: Obteniendo lista de consultas guardadas...
2026-07-27 08:26:03,943 [INFO] root: Ejecutando consulta 'TRAFICO_GENESYS' en el área 'GCI_PRD_Insight_ACOE'...
2026-07-27 08:28:16,266 [INFO] root: Esperando que el archivo sea generado en Insight...
2026-07-27 08:28:16,291 [INFO] root: Esperando archivo... (intento 1/20)
2026-07-27 08:28:21,322 [INFO] root: Esperando archivo... (intento 2/20)
2026-07-27 08:28:26,342 [INFO] root: Descargando archivo desde Insight...
2026-07-27 08:28:33,207 [INFO] root: Descarga finalizada. Guardado en 'C:\Users\b47756\OneDrive - Interbank\Televentas\UPLOADER_V2\INPUT_BASE_CONSUMO\Reporte_Insight_TRAFICO_GENESYS_20260727.txt'.
2026-07-27 08:28:33,215 [INFO] root: Descargando insumo 'CONV_ATTRIBUTES' desde Insight...
2026-07-27 08:28:33,216 [INFO] root: Iniciando sesión en Insight...
2026-07-27 08:28:33,541 [INFO] root: Obteniendo lista de consultas guardadas...
2026-07-27 08:28:33,617 [INFO] root: Ejecutando consulta 'CONV_ATTRIBUTES' en el área 'GCI_PRD_Insight_ACOE'...
2026-07-27 08:28:52,093 [INFO] root: Esperando que el archivo sea generado en Insight...
2026-07-27 08:28:52,118 [INFO] root: Esperando archivo... (intento 1/20)
2026-07-27 08:28:57,139 [INFO] root: Esperando archivo... (intento 2/20)
2026-07-27 08:29:02,154 [INFO] root: Descargando archivo desde Insight...
2026-07-27 08:29:02,590 [INFO] root: Descarga finalizada. Guardado en 'C:\Users\b47756\OneDrive - Interbank\Televentas\UPLOADER_V2\INPUT_BASE_CONSUMO\Reporte_Insight_CONV_ATTRIBUTES_20260727.txt'.
2026-07-27 08:29:02,595 [INFO] root: Descargando insumo 'DERIVA_BT' desde Insight...
2026-07-27 08:29:02,598 [INFO] root: Iniciando sesión en Insight...
2026-07-27 08:29:02,699 [INFO] root: Obteniendo lista de consultas guardadas...
2026-07-27 08:29:02,771 [INFO] root: Ejecutando consulta 'DERIVA_BT' en el área 'GCI_PRD_Insight_ACOE'...
2026-07-27 08:31:03,097 [INFO] root: Esperando que el archivo sea generado en Insight...
2026-07-27 08:31:03,111 [INFO] root: Esperando archivo... (intento 1/20)
2026-07-27 08:31:08,116 [INFO] root: Esperando archivo... (intento 2/20)
2026-07-27 08:31:13,120 [INFO] root: Descargando archivo desde Insight...
2026-07-27 08:31:14,030 [INFO] root: Descarga finalizada. Guardado en 'C:\Users\b47756\OneDrive - Interbank\Televentas\UPLOADER_V2\INPUT_BASE_CONSUMO\Reporte_Insight_DERIVA_BT_20260727.txt'.
2026-07-27 08:31:14,034 [INFO] root: Descargando insumo 'CLOUD_MARCA_TRANSF' desde Insight...
2026-07-27 08:31:14,036 [INFO] root: Iniciando sesión en Insight...
2026-07-27 08:31:14,157 [INFO] root: Obteniendo lista de consultas guardadas...
2026-07-27 08:31:14,228 [INFO] root: Ejecutando consulta 'CLOUD_MARCA_TRANSF' en el área 'GCI_PRD_Insight_ACOE'...
2026-07-27 08:33:02,051 [INFO] root: Esperando que el archivo sea generado en Insight...
2026-07-27 08:33:02,070 [INFO] root: Esperando archivo... (intento 1/20)
2026-07-27 08:33:07,076 [INFO] root: Esperando archivo... (intento 2/20)
2026-07-27 08:33:12,085 [INFO] root: Descargando archivo desde Insight...
2026-07-27 08:33:13,419 [INFO] root: Descarga finalizada. Guardado en 'C:\Users\b47756\OneDrive - Interbank\Televentas\UPLOADER_V2\INPUT_BASE_CONSUMO\Reporte_Insight_CLOUD_MARCA_TRANSF_20260727.txt'.
2026-07-27 08:33:13,424 [INFO] root: Descargando insumo 'BT_TRANSFERENCIA' desde Insight...
2026-07-27 08:33:13,428 [INFO] root: Iniciando sesión en Insight...
2026-07-27 08:33:13,566 [INFO] root: Obteniendo lista de consultas guardadas...
2026-07-27 08:33:13,629 [INFO] root: Ejecutando consulta 'BT_TRANSFERENCIA' en el área 'GCI_PRD_Insight_ACOE'...
2026-07-27 08:33:47,649 [INFO] root: Esperando que el archivo sea generado en Insight...
2026-07-27 08:33:47,667 [INFO] root: Esperando archivo... (intento 1/20)
2026-07-27 08:33:52,669 [INFO] root: Descargando archivo desde Insight...
2026-07-27 08:33:52,741 [INFO] root: Descarga finalizada. Guardado en 'C:\Users\b47756\OneDrive - Interbank\Televentas\UPLOADER_V2\INPUT_BASE_CONSUMO\Reporte_Insight_BT_TRANSFERENCIA_20260727.txt'.
2026-07-27 08:33:52,749 [INFO] root: Descargando insumo 'IVR_VENTAS' desde Insight...
2026-07-27 08:33:52,752 [INFO] root: Iniciando sesión en Insight...
2026-07-27 08:33:52,902 [INFO] root: Obteniendo lista de consultas guardadas...
2026-07-27 08:33:52,984 [INFO] root: Ejecutando consulta 'IVR_VENTAS' en el área 'GCI_PRD_Insight_ACOE'...
2026-07-27 08:35:26,949 [INFO] root: Esperando que el archivo sea generado en Insight...
2026-07-27 08:35:26,966 [INFO] root: Esperando archivo... (intento 1/20)
2026-07-27 08:35:31,988 [INFO] root: Descargando archivo desde Insight...
2026-07-27 08:35:32,115 [INFO] root: Descarga finalizada. Guardado en 'C:\Users\b47756\OneDrive - Interbank\Televentas\UPLOADER_V2\INPUT_BASE_CONSUMO\Reporte_Insight_IVR_VENTAS_20260727.txt'.
2026-07-27 08:35:32,123 [INFO] root: Descargando insumo 'EVALUATIONS' desde Insight...
2026-07-27 08:35:32,126 [INFO] root: Iniciando sesión en Insight...
2026-07-27 08:35:32,237 [INFO] root: Obteniendo lista de consultas guardadas...
2026-07-27 08:35:32,335 [INFO] root: Ejecutando consulta 'EVALUATIONS' en el área 'GCI_PRD_Insight_TLVentas'...
2026-07-27 08:35:34,041 [INFO] root: Esperando que el archivo sea generado en Insight...
2026-07-27 08:35:34,055 [INFO] root: Esperando archivo... (intento 1/20)
2026-07-27 08:35:39,078 [INFO] root: Esperando archivo... (intento 2/20)
2026-07-27 08:35:44,102 [INFO] root: Descargando archivo desde Insight...
2026-07-27 08:35:46,338 [INFO] root: Descarga finalizada. Guardado en 'C:\Users\b47756\OneDrive - Interbank\Televentas\UPLOADER_V2\INPUT_BASE_CONSUMO\Reporte_Insight_EVALUATIONS_20260727.txt'.
2026-07-27 08:35:46,345 [INFO] root: Conectando a Teradata para iniciar las fases correspondientes...
2026-07-27 08:35:49,274 [INFO] root: 🧹 Leyendo y limpiando archivo 'Reporte_Insight_TRAFICO_GENESYS_20260727.txt'...
2026-07-27 08:35:49,803 [INFO] root: Subiendo datos a la tabla 'DLAB_GEC.M_EXP_TRAFICO_GENESIS'...
2026-07-27 08:35:49,935 [INFO] root: Limpiando datos existentes en la tabla...
2026-07-27 08:35:51,441 [INFO] root: Preparando registros para la carga...
2026-07-27 08:35:52,499 [INFO] root: Iniciando carga de 404,497 registros...
2026-07-27 08:35:52,503 [INFO] root: Cargando registros: 1 a 50,000 de 404,497 (12%)
2026-07-27 08:35:57,524 [INFO] root: Cargando registros: 50,001 a 100,000 de 404,497 (24%)
2026-07-27 08:36:02,113 [INFO] root: Cargando registros: 100,001 a 150,000 de 404,497 (37%)
2026-07-27 08:36:07,658 [INFO] root: Cargando registros: 150,001 a 200,000 de 404,497 (49%)
2026-07-27 08:36:12,430 [INFO] root: Cargando registros: 200,001 a 250,000 de 404,497 (61%)
2026-07-27 08:36:16,988 [INFO] root: Cargando registros: 250,001 a 300,000 de 404,497 (74%)
2026-07-27 08:36:22,022 [INFO] root: Cargando registros: 300,001 a 350,000 de 404,497 (86%)
2026-07-27 08:36:27,339 [INFO] root: Cargando registros: 350,001 a 400,000 de 404,497 (98%)
2026-07-27 08:36:32,640 [INFO] root: Cargando registros: 400,001 a 404,497 de 404,497 (100%)
2026-07-27 08:36:33,411 [INFO] root: Carga de datos finalizada con éxito.
2026-07-27 08:36:33,494 [INFO] root: 🧹 Leyendo y limpiando archivo 'Reporte_Insight_CONV_ATTRIBUTES_20260727.txt'...
2026-07-27 08:36:33,551 [INFO] root: Subiendo datos a la tabla 'DLAB_GEC.M_EXP_BT_CONVERSATIONS_ATTRIBUTES'...
2026-07-27 08:36:33,662 [INFO] root: Limpiando datos existentes en la tabla...
2026-07-27 08:36:34,341 [INFO] root: Preparando registros para la carga...
2026-07-27 08:36:34,381 [INFO] root: Iniciando carga de 22,120 registros...
2026-07-27 08:36:34,386 [INFO] root: Cargando registros: 1 a 22,120 de 22,120 (100%)
2026-07-27 08:36:36,028 [INFO] root: Carga de datos finalizada con éxito.
2026-07-27 08:36:36,042 [INFO] root: 🧹 Leyendo y limpiando archivo 'Reporte_Insight_DERIVA_BT_20260727.txt'...
2026-07-27 08:36:36,120 [INFO] root: Subiendo datos a la tabla 'DLAB_GEC.M_EXP_DERIVA_BT_TIEMPOS'...
2026-07-27 08:36:36,234 [INFO] root: Limpiando datos existentes en la tabla...
2026-07-27 08:36:36,523 [INFO] root: Preparando registros para la carga...
2026-07-27 08:36:36,642 [INFO] root: Iniciando carga de 43,195 registros...
2026-07-27 08:36:36,644 [INFO] root: Cargando registros: 1 a 43,195 de 43,195 (100%)
2026-07-27 08:36:40,625 [INFO] root: Carga de datos finalizada con éxito.
2026-07-27 08:36:40,642 [INFO] root: 🧹 Leyendo y limpiando archivo 'Reporte_Insight_CLOUD_MARCA_TRANSF_20260727.txt'...
2026-07-27 08:36:40,712 [INFO] root: Subiendo datos a la tabla 'DLAB_GEC.M_EXP_CO_CLOUD_MARCA_TRASNFERENCIA_PRE'...
2026-07-27 08:36:40,864 [INFO] root: Limpiando datos existentes en la tabla...
2026-07-27 08:36:41,121 [INFO] root: Preparando registros para la carga...
2026-07-27 08:36:41,239 [INFO] root: Iniciando carga de 59,760 registros...
2026-07-27 08:36:41,245 [INFO] root: Cargando registros: 1 a 50,000 de 59,760 (83%)
2026-07-27 08:36:45,332 [INFO] root: Cargando registros: 50,001 a 59,760 de 59,760 (100%)
2026-07-27 08:36:46,199 [INFO] root: Carga de datos finalizada con éxito.
2026-07-27 08:36:46,216 [INFO] root: 🧹 Leyendo y limpiando archivo 'Reporte_Insight_BT_TRANSFERENCIA_20260727.txt'...
2026-07-27 08:36:46,233 [INFO] root: Subiendo datos a la tabla 'DLAB_GEC.M_DERIVA_BT_EV_TRANSFERENCIA'...
2026-07-27 08:36:46,386 [INFO] root: Limpiando datos existentes en la tabla...
2026-07-27 08:36:46,598 [INFO] root: Preparando registros para la carga...
2026-07-27 08:36:46,609 [INFO] root: Iniciando carga de 1,197 registros...
2026-07-27 08:36:46,616 [INFO] root: Cargando registros: 1 a 1,197 de 1,197 (100%)
2026-07-27 08:36:46,771 [INFO] root: Carga de datos finalizada con éxito.
2026-07-27 08:36:46,775 [INFO] root: 🧹 Leyendo y limpiando archivo 'Reporte_Insight_IVR_VENTAS_20260727.txt'...
2026-07-27 08:36:46,790 [INFO] root: Subiendo datos a la tabla 'DLAB_GEC.M_EXP_IVR_VENTAS_2022'...
2026-07-27 08:36:46,923 [INFO] root: Limpiando datos existentes en la tabla...
2026-07-27 08:36:47,085 [INFO] root: Preparando registros para la carga...
2026-07-27 08:36:47,096 [INFO] root: Iniciando carga de 3,405 registros...
2026-07-27 08:36:47,103 [INFO] root: Cargando registros: 1 a 3,405 de 3,405 (100%)
2026-07-27 08:36:47,617 [INFO] root: Carga de datos finalizada con éxito.
2026-07-27 08:36:47,630 [INFO] root: 🧹 Leyendo y limpiando archivo 'Reporte_Insight_EVALUATIONS_20260727.txt'...
2026-07-27 08:36:47,738 [INFO] root: Subiendo datos a la tabla 'DLAB_GEC.M_EXP_CALIDAD_PURECLOUD_PRE'...
2026-07-27 08:36:47,869 [INFO] root: Limpiando datos existentes en la tabla...
2026-07-27 08:36:48,192 [INFO] root: Preparando registros para la carga...
2026-07-27 08:36:48,401 [INFO] root: Iniciando carga de 33,130 registros...
2026-07-27 08:36:48,405 [INFO] root: Cargando registros: 1 a 33,130 de 33,130 (100%)
2026-07-27 08:36:55,561 [INFO] root: Carga de datos finalizada con éxito.
2026-07-27 08:36:55,591 [INFO] root: [Fase 2] Archivo manual de CD40K detectado en: CD40K_NEW.xlsx. Iniciando carga automática...
2026-07-27 08:36:56,272 [INFO] root: 🔄 Conectando con Excel para actualizar desde SharePoint...
2026-07-27 08:37:16,038 [INFO] root: SUCCESS: Excel actualizado correctamente desde SharePoint.
2026-07-27 08:37:16,116 [WARNING] fastexcel.types.dtype: Could not determine dtype for column 5, falling back to string
2026-07-27 08:37:16,143 [INFO] root: Subiendo base manual a Teradata 'DLAB_GEC.T_SP_CD40K'...
2026-07-27 08:37:16,359 [INFO] root: Limpiando datos existentes en la tabla...
2026-07-27 08:37:16,589 [INFO] root: Preparando registros para la carga...
2026-07-27 08:37:16,606 [INFO] root: Iniciando carga de 6,382 registros...
2026-07-27 08:37:16,610 [INFO] root: Cargando registros: 1 a 6,382 de 6,382 (100%)
2026-07-27 08:37:17,139 [INFO] root: Carga de datos finalizada con éxito.
2026-07-27 08:37:17,145 [INFO] root: [Fase 3] Conectando a SQL Server para extraer BN_DESEMBOLSOS_GENERAL...
2026-07-27 08:37:18,302 [INFO] root: 📥 Extracción exitosa. 6,248 registros obtenidos.
2026-07-27 08:37:18,306 [INFO] root: Transformando datos en Python y subiendo a Teradata 'DLAB_GEC.T_VENTAS_BPE_MARKET'...
2026-07-27 08:37:18,504 [INFO] root: Limpiando datos existentes en la tabla...
2026-07-27 08:37:19,019 [INFO] root: Preparando registros para la carga...
2026-07-27 08:37:19,036 [INFO] root: Iniciando carga de 6,248 registros...
2026-07-27 08:37:19,040 [INFO] root: Cargando registros: 1 a 6,248 de 6,248 (100%)
2026-07-27 08:37:19,645 [INFO] root: Carga de datos finalizada con éxito.
2026-07-27 08:37:19,653 [INFO] root: 🔄 Actualizando flags EVALUADO y FECHA_UPDATE en Teradata...
2026-07-27 08:37:20,151 [INFO] root: SUCCESS: Tabla Teradata 'DLAB_GEC.T_VENTAS_BPE_MARKET' cargada y actualizada exitosamente.
2026-07-27 08:37:20,159 [INFO] root: ⚡ [Fase 4] Iniciando ejecución de scripts SQL optimizados en Teradata...
2026-07-27 08:37:20,167 [INFO] root: Procesando: **Ventas DN**...
2026-07-27 08:37:20,171 [INFO] core.sql_executor: Se detectaron 27 sentencias en VENTAS_DN.sql
2026-07-27 08:37:20,172 [INFO] core.sql_executor:    [1/27] Ejecutando: DELETE FROM DLAB_GEC.M_EXP_VENTAS_TC ALL
2026-07-27 08:37:20,172 [INFO] root: 🔹 [1/27] Ejecutando sentencia...
2026-07-27 08:37:20,366 [INFO] core.sql_executor:    [2/27] Ejecutando: INSERT INTO DLAB_GEC.M_EXP_VENTAS_TC (     MESDESEMBOLSO, TI...
2026-07-27 08:37:20,367 [INFO] root: 🔹 [2/27] Ejecutando sentencia...
2026-07-27 08:37:22,617 [INFO] core.sql_executor:    [3/27] Ejecutando: COLLECT STATISTICS ON DLAB_GEC.M_EXP_VENTAS_TC COLUMN (CODDO...
2026-07-27 08:37:22,618 [INFO] root: 🔹 [3/27] Ejecutando sentencia...
2026-07-27 08:37:23,088 [INFO] core.sql_executor:    [4/27] Ejecutando: DELETE FROM DLAB_GEC.M_EXP_VENTAS_PP ALL
2026-07-27 08:37:23,089 [INFO] root: 🔹 [4/27] Ejecutando sentencia...
2026-07-27 08:37:23,356 [INFO] core.sql_executor:    [5/27] Ejecutando: INSERT INTO DLAB_GEC.M_EXP_VENTAS_PP (     MESDESEMBOLSO, TI...
2026-07-27 08:37:23,357 [INFO] root: 🔹 [5/27] Ejecutando sentencia...
2026-07-27 08:37:24,115 [INFO] core.sql_executor:    [6/27] Ejecutando: COLLECT STATISTICS ON DLAB_GEC.M_EXP_VENTAS_PP COLUMN (CODDO...
2026-07-27 08:37:24,116 [INFO] root: 🔹 [6/27] Ejecutando sentencia...
2026-07-27 08:37:24,785 [INFO] core.sql_executor:    [7/27] Ejecutando: DELETE FROM DLAB_GEC.M_EXP_VENTAS_EC ALL
2026-07-27 08:37:24,786 [INFO] root: 🔹 [7/27] Ejecutando sentencia...
2026-07-27 08:37:24,970 [INFO] core.sql_executor:    [8/27] Ejecutando: INSERT INTO DLAB_GEC.M_EXP_VENTAS_EC (     MESDESEMBOLSO, TI...
2026-07-27 08:37:24,971 [INFO] root: 🔹 [8/27] Ejecutando sentencia...
2026-07-27 08:37:25,569 [INFO] core.sql_executor:    [9/27] Ejecutando: COLLECT STATISTICS ON DLAB_GEC.M_EXP_VENTAS_EC COLUMN (CODDO...
2026-07-27 08:37:25,570 [INFO] root: 🔹 [9/27] Ejecutando sentencia...
2026-07-27 08:37:26,112 [INFO] core.sql_executor:    [10/27] Ejecutando: DELETE FROM DLAB_GEC.M_EXP_VENTAS_CD ALL
2026-07-27 08:37:26,112 [INFO] root: 🔹 [10/27] Ejecutando sentencia...
2026-07-27 08:37:26,297 [INFO] core.sql_executor:    [11/27] Ejecutando: INSERT INTO DLAB_GEC.M_EXP_VENTAS_CD (     MESDESEMBOLSO, TI...
2026-07-27 08:37:26,297 [INFO] root: 🔹 [11/27] Ejecutando sentencia...
2026-07-27 08:37:28,162 [INFO] core.sql_executor:    [12/27] Ejecutando: COLLECT STATISTICS ON DLAB_GEC.M_EXP_VENTAS_CD COLUMN (CODDO...
2026-07-27 08:37:28,162 [INFO] root: 🔹 [12/27] Ejecutando sentencia...
2026-07-27 08:37:28,613 [INFO] core.sql_executor:    [13/27] Ejecutando: DELETE FROM DLAB_GEC.M_EXP_VENTAS_CON ALL
2026-07-27 08:37:28,613 [INFO] root: 🔹 [13/27] Ejecutando sentencia...
2026-07-27 08:37:28,859 [INFO] core.sql_executor:    [14/27] Ejecutando: INSERT INTO DLAB_GEC.M_EXP_VENTAS_CON (     MESDESEMBOLSO, T...
2026-07-27 08:37:28,860 [INFO] root: 🔹 [14/27] Ejecutando sentencia...
2026-07-27 08:37:30,115 [INFO] core.sql_executor:    [15/27] Ejecutando: COLLECT STATISTICS ON DLAB_GEC.M_EXP_VENTAS_CON COLUMN (CODD...
2026-07-27 08:37:30,116 [INFO] root: 🔹 [15/27] Ejecutando sentencia...
2026-07-27 08:37:30,547 [INFO] core.sql_executor:    [16/27] Ejecutando: DELETE FROM DLAB_GEC.M_EXP_VENTAS_UPG ALL
2026-07-27 08:37:30,548 [INFO] root: 🔹 [16/27] Ejecutando sentencia...
2026-07-27 08:37:30,776 [INFO] core.sql_executor:    [17/27] Ejecutando: INSERT INTO DLAB_GEC.M_EXP_VENTAS_UPG (     MESDESEMBOLSO, T...
2026-07-27 08:37:30,776 [INFO] root: 🔹 [17/27] Ejecutando sentencia...
2026-07-27 08:37:31,270 [INFO] core.sql_executor:    [18/27] Ejecutando: COLLECT STATISTICS ON DLAB_GEC.M_EXP_VENTAS_UPG COLUMN (CODD...
2026-07-27 08:37:31,270 [INFO] root: 🔹 [18/27] Ejecutando sentencia...
2026-07-27 08:37:31,701 [INFO] core.sql_executor:    [19/27] Ejecutando: DELETE FROM DLAB_GEC.M_EXP_VENTAS_IL ALL
2026-07-27 08:37:31,702 [INFO] root: 🔹 [19/27] Ejecutando sentencia...
2026-07-27 08:37:31,887 [INFO] core.sql_executor:    [20/27] Ejecutando: INSERT INTO DLAB_GEC.M_EXP_VENTAS_IL (     MESDESEMBOLSO, TI...
2026-07-27 08:37:31,888 [INFO] root: 🔹 [20/27] Ejecutando sentencia...
2026-07-27 08:37:32,524 [INFO] core.sql_executor:    [21/27] Ejecutando: COLLECT STATISTICS ON DLAB_GEC.M_EXP_VENTAS_IL COLUMN (CODDO...
2026-07-27 08:37:32,525 [INFO] root: 🔹 [21/27] Ejecutando sentencia...
2026-07-27 08:37:32,892 [INFO] core.sql_executor:    [22/27] Ejecutando: DELETE FROM DLAB_GEC.M_EXP_VENTAS_PA ALL
2026-07-27 08:37:32,893 [INFO] root: 🔹 [22/27] Ejecutando sentencia...
2026-07-27 08:37:33,097 [INFO] core.sql_executor:    [23/27] Ejecutando: INSERT INTO DLAB_GEC.M_EXP_VENTAS_PA (     MESDESEMBOLSO, TI...
2026-07-27 08:37:33,098 [INFO] root: 🔹 [23/27] Ejecutando sentencia...
2026-07-27 08:37:33,783 [INFO] core.sql_executor:    [24/27] Ejecutando: COLLECT STATISTICS ON DLAB_GEC.M_EXP_VENTAS_PA COLUMN (CODDO...
2026-07-27 08:37:33,784 [INFO] root: 🔹 [24/27] Ejecutando sentencia...
2026-07-27 08:37:34,194 [INFO] core.sql_executor:    [25/27] Ejecutando: DELETE FROM DLAB_GEC.M_EXP_VENTAS_SEG ALL
2026-07-27 08:37:34,195 [INFO] root: 🔹 [25/27] Ejecutando sentencia...
2026-07-27 08:37:34,481 [INFO] core.sql_executor:    [26/27] Ejecutando: INSERT INTO DLAB_GEC.M_EXP_VENTAS_SEG (     MESDESEMBOLSO, T...
2026-07-27 08:37:34,482 [INFO] root: 🔹 [26/27] Ejecutando sentencia...
2026-07-27 08:37:35,239 [INFO] core.sql_executor:    [27/27] Ejecutando: COLLECT STATISTICS ON DLAB_GEC.M_EXP_VENTAS_SEG COLUMN (CODD...
2026-07-27 08:37:35,239 [INFO] root: 🔹 [27/27] Ejecutando sentencia...
2026-07-27 08:37:35,701 [INFO] root: SUCCESS: Completado: **Ventas DN**
2026-07-27 08:37:35,708 [INFO] root: Procesando: **Base CD40K**...
2026-07-27 08:37:35,711 [INFO] core.sql_executor: Se detectaron 3 sentencias en CD40K.sql
2026-07-27 08:37:35,711 [INFO] core.sql_executor:    [1/3] Ejecutando: DELETE FROM DLAB_GEC.M_EXP_CD40K ALL
2026-07-27 08:37:35,712 [INFO] root: 🔹 [1/3] Ejecutando sentencia...
2026-07-27 08:37:36,061 [INFO] core.sql_executor:    [2/3] Ejecutando: INSERT INTO DLAB_GEC.M_EXP_CD40K (     MESDESEMBOLSO, TIP_CL...
2026-07-27 08:37:36,061 [INFO] root: 🔹 [2/3] Ejecutando sentencia...
2026-07-27 08:37:37,455 [INFO] core.sql_executor:    [3/3] Ejecutando: COLLECT STATISTICS ON DLAB_GEC.M_EXP_CD40K COLUMN (CODDOC, C...
2026-07-27 08:37:37,456 [INFO] root: 🔹 [3/3] Ejecutando sentencia...
2026-07-27 08:37:37,940 [INFO] root: SUCCESS: Completado: **Base CD40K**
2026-07-27 08:37:37,948 [INFO] root: Procesando: **Fuente TVL**...
2026-07-27 08:37:37,951 [INFO] core.sql_executor: Se detectaron 11 sentencias en SOURCE_TVL.sql
2026-07-27 08:37:37,952 [INFO] core.sql_executor:    [1/11] Ejecutando: DELETE FROM DLAB_GEC.T_RETENCION_BASE_CALIDAD_GIRU ALL
2026-07-27 08:37:37,953 [INFO] root: 🔹 [1/11] Ejecutando sentencia...
2026-07-27 08:37:38,138 [INFO] core.sql_executor:    [2/11] Ejecutando: INSERT INTO DLAB_GEC.T_RETENCION_BASE_CALIDAD_GIRU (     REC...
2026-07-27 08:37:38,138 [INFO] root: 🔹 [2/11] Ejecutando sentencia...
2026-07-27 08:37:44,271 [INFO] core.sql_executor:    [3/11] Ejecutando: COLLECT STATISTICS ON DLAB_GEC.T_RETENCION_BASE_CALIDAD_GIRU...
2026-07-27 08:37:44,272 [INFO] root: 🔹 [3/11] Ejecutando sentencia...
2026-07-27 08:37:44,315 [WARNING] core.sql_executor:    ⚠️ COLLECT STATISTICS omitido (sin permiso): COLLECT STATISTICS ON DLAB_GEC.T_RETENCION_BASE_CALIDAD_GIRU...
2026-07-27 08:37:44,315 [INFO] core.sql_executor:    [4/11] Ejecutando: DELETE FROM DLAB_GEC.T_CALIDAD_SEGUROS_PRT ALL
2026-07-27 08:37:44,316 [INFO] root: 🔹 [4/11] Ejecutando sentencia...
2026-07-27 08:37:44,460 [INFO] core.sql_executor:    [5/11] Ejecutando: INSERT INTO DLAB_GEC.T_CALIDAD_SEGUROS_PRT (     MESVENTA, F...
2026-07-27 08:37:44,461 [INFO] root: 🔹 [5/11] Ejecutando sentencia...
2026-07-27 08:37:44,812 [INFO] core.sql_executor:    [6/11] Ejecutando: COLLECT STATISTICS ON DLAB_GEC.T_CALIDAD_SEGUROS_PRT COLUMN ...
2026-07-27 08:37:44,812 [INFO] root: 🔹 [6/11] Ejecutando sentencia...
2026-07-27 08:37:45,285 [INFO] core.sql_executor:    [7/11] Ejecutando: DELETE FROM DLAB_GEC.M_EXP_CONSUMO_SELECT_PP_EC ALL
2026-07-27 08:37:45,286 [INFO] root: 🔹 [7/11] Ejecutando sentencia...
2026-07-27 08:37:45,511 [INFO] core.sql_executor:    [8/11] Ejecutando: INSERT INTO DLAB_GEC.M_EXP_CONSUMO_SELECT_PP_EC (     CODMES...
2026-07-27 08:37:45,512 [INFO] root: 🔹 [8/11] Ejecutando sentencia...
2026-07-27 08:37:47,114 [INFO] core.sql_executor:    [9/11] Ejecutando: COLLECT STATISTICS ON DLAB_GEC.M_EXP_CONSUMO_SELECT_PP_EC CO...
2026-07-27 08:37:47,115 [INFO] root: 🔹 [9/11] Ejecutando sentencia...
2026-07-27 08:37:47,197 [WARNING] core.sql_executor:    ⚠️ COLLECT STATISTICS omitido (sin permiso): COLLECT STATISTICS ON DLAB_GEC.M_EXP_CONSUMO_SELECT_PP_EC CO...
2026-07-27 08:37:47,198 [INFO] core.sql_executor:    [10/11] Ejecutando: REPLACE VIEW DLAB_GEC.V_GESTION_CHIP AS (     SELECT        ...
2026-07-27 08:37:47,199 [INFO] root: 🔹 [10/11] Ejecutando sentencia...
2026-07-27 08:37:47,449 [INFO] core.sql_executor:    [11/11] Ejecutando: REPLACE VIEW DLAB_GEC.V_CNV_RETENCION_PBI AS (  SELECT   MES...
2026-07-27 08:37:47,450 [INFO] root: 🔹 [11/11] Ejecutando sentencia...
2026-07-27 08:37:48,032 [INFO] root: SUCCESS: Completado: **Fuente TVL**
2026-07-27 08:37:48,039 [INFO] root: Procesando: **Consentimiento Diario**...
2026-07-27 08:37:48,042 [INFO] core.sql_executor: Se detectaron 12 sentencias en CA_CONSENTIMIENTO_DIARIO.sql
2026-07-27 08:37:48,044 [INFO] core.sql_executor:    [1/12] Ejecutando: INSERT INTO DLAB_GEC.M_EXP_CONSENTIMIENTO_PP (TIP_CLIENTE, N...
2026-07-27 08:37:48,045 [INFO] root: 🔹 [1/12] Ejecutando sentencia...
2026-07-27 08:37:50,054 [INFO] core.sql_executor:    [2/12] Ejecutando: INSERT INTO DLAB_GEC.M_EXP_CONSENTIMIENTO_TC (TIP_CLIENTE, N...
2026-07-27 08:37:50,055 [INFO] root: 🔹 [2/12] Ejecutando sentencia...
2026-07-27 08:37:53,067 [INFO] core.sql_executor:    [3/12] Ejecutando: INSERT INTO DLAB_GEC.M_EXP_CONSENTIMIENTO_EC (TIP_CLIENTE, N...
2026-07-27 08:37:53,068 [INFO] root: 🔹 [3/12] Ejecutando sentencia...
2026-07-27 08:37:54,484 [INFO] core.sql_executor:    [4/12] Ejecutando: INSERT INTO DLAB_GEC.M_EXP_CONSENTIMIENTO_CD (TIP_CLIENTE, N...
2026-07-27 08:37:54,485 [INFO] root: 🔹 [4/12] Ejecutando sentencia...
2026-07-27 08:37:55,467 [INFO] core.sql_executor:    [5/12] Ejecutando: INSERT INTO DLAB_GEC.M_EXP_CONSENTIMIENTO_CON (TIP_CLIENTE, ...
2026-07-27 08:37:55,468 [INFO] root: 🔹 [5/12] Ejecutando sentencia...
2026-07-27 08:37:57,071 [INFO] core.sql_executor:    [6/12] Ejecutando: INSERT INTO DLAB_GEC.M_EXP_CONSENTIMIENTO_IL (TIP_CLIENTE, N...
2026-07-27 08:37:57,072 [INFO] root: 🔹 [6/12] Ejecutando sentencia...
2026-07-27 08:37:57,613 [INFO] core.sql_executor:    [7/12] Ejecutando: INSERT INTO DLAB_GEC.M_EXP_CONSENTIMIENTO_UPG (TIP_CLIENTE, ...
2026-07-27 08:37:57,614 [INFO] root: 🔹 [7/12] Ejecutando sentencia...
2026-07-27 08:37:57,881 [INFO] core.sql_executor:    [8/12] Ejecutando: INSERT INTO DLAB_GEC.M_EXP_CONSENTIMIENTO_DPP (TIP_CLIENTE, ...
2026-07-27 08:37:57,881 [INFO] root: 🔹 [8/12] Ejecutando sentencia...
2026-07-27 08:37:58,209 [INFO] core.sql_executor:    [9/12] Ejecutando: INSERT INTO DLAB_GEC.M_EXP_CONSENTIMIENTO_DTC (TIP_CLIENTE, ...
2026-07-27 08:37:58,210 [INFO] root: 🔹 [9/12] Ejecutando sentencia...
2026-07-27 08:37:58,876 [INFO] core.sql_executor:    [10/12] Ejecutando: INSERT INTO DLAB_GEC.M_EXP_CONSENTIMIENTO_DEC (TIP_CLIENTE, ...
2026-07-27 08:37:58,877 [INFO] root: 🔹 [10/12] Ejecutando sentencia...
2026-07-27 08:37:59,599 [INFO] core.sql_executor:    [11/12] Ejecutando: INSERT INTO DLAB_GEC.M_EXP_CONSENTIMIENTO_DCD (TIP_CLIENTE, ...
2026-07-27 08:37:59,600 [INFO] root: 🔹 [11/12] Ejecutando sentencia...
2026-07-27 08:38:00,315 [INFO] core.sql_executor:    [12/12] Ejecutando: INSERT INTO DLAB_GEC.M_EXP_CONSENTIMIENTO_DPRT (TIP_CLIENTE,...
2026-07-27 08:38:00,316 [INFO] root: 🔹 [12/12] Ejecutando sentencia...
2026-07-27 08:38:00,943 [INFO] root: SUCCESS: Completado: **Consentimiento Diario**
2026-07-27 08:38:00,951 [INFO] root: Procesando: **Ventas Sin Audio**...
2026-07-27 08:38:00,953 [INFO] core.sql_executor: Se detectaron 19 sentencias en KRI_VENTAS_SIN_AUDIO.sql
2026-07-27 08:38:00,954 [INFO] core.sql_executor:    [1/19] Ejecutando: DELETE FROM DLAB_GEC.M_EXP_CO_KRI_VENTA_TOTAL ALL
2026-07-27 08:38:00,954 [INFO] root: 🔹 [1/19] Ejecutando sentencia...
2026-07-27 08:38:01,119 [INFO] core.sql_executor:    [2/19] Ejecutando: INSERT INTO DLAB_GEC.M_EXP_CO_KRI_VENTA_TOTAL (     MESDESEM...
2026-07-27 08:38:01,119 [INFO] root: 🔹 [2/19] Ejecutando sentencia...
2026-07-27 08:38:02,205 [INFO] core.sql_executor:    [3/19] Ejecutando: COLLECT STATISTICS ON DLAB_GEC.M_EXP_CO_KRI_VENTA_TOTAL COLU...
2026-07-27 08:38:02,206 [INFO] root: 🔹 [3/19] Ejecutando sentencia...
2026-07-27 08:38:02,309 [WARNING] core.sql_executor:    ⚠️ COLLECT STATISTICS omitido (sin permiso): COLLECT STATISTICS ON DLAB_GEC.M_EXP_CO_KRI_VENTA_TOTAL COLU...
2026-07-27 08:38:02,310 [INFO] core.sql_executor:    [4/19] Ejecutando: UPDATE DLAB_GEC.M_EXP_TRAFICO_GENESYS  FROM DLAB_GEC.M_EXP_T...
2026-07-27 08:38:02,310 [INFO] root: 🔹 [4/19] Ejecutando sentencia...
2026-07-27 08:38:02,597 [INFO] core.sql_executor:    [5/19] Ejecutando: UPDATE DLAB_GEC.M_EXP_TRAFICO_GENESYS FROM (     SELECT TELE...
2026-07-27 08:38:02,598 [INFO] root: 🔹 [5/19] Ejecutando sentencia...
2026-07-27 08:38:08,117 [INFO] core.sql_executor:    [6/19] Ejecutando: UPDATE DLAB_GEC.M_EXP_TRAFICO_GENESYS FROM (     SELECT TELE...
2026-07-27 08:38:08,117 [INFO] root: 🔹 [6/19] Ejecutando sentencia...
2026-07-27 08:38:14,198 [INFO] core.sql_executor:    [7/19] Ejecutando: UPDATE DLAB_GEC.M_EXP_TRAFICO_GENESYS FROM (     SELECT NUMT...
2026-07-27 08:38:14,199 [INFO] root: 🔹 [7/19] Ejecutando sentencia...
2026-07-27 08:38:16,222 [INFO] core.sql_executor:    [8/19] Ejecutando: UPDATE DLAB_GEC.M_EXP_TRAFICO_GENESYS FROM (     SELECT NUMT...
2026-07-27 08:38:16,223 [INFO] root: 🔹 [8/19] Ejecutando sentencia...
2026-07-27 08:38:18,252 [INFO] core.sql_executor:    [9/19] Ejecutando: DROP TABLE DLAB_GEC.TEMP_TRAFICO
2026-07-27 08:38:18,252 [INFO] root: 🔹 [9/19] Ejecutando sentencia...
2026-07-27 08:38:18,930 [INFO] core.sql_executor:    [10/19] Ejecutando: CREATE MULTISET TABLE DLAB_GEC.TEMP_TRAFICO, FALLBACK, NO BE...
2026-07-27 08:38:18,931 [INFO] root: 🔹 [10/19] Ejecutando sentencia...
2026-07-27 08:38:39,166 [INFO] core.sql_executor:    [11/19] Ejecutando: COLLECT STATISTICS ON DLAB_GEC.TEMP_TRAFICO COLUMN (NUM_DOCU...
2026-07-27 08:38:39,167 [INFO] root: 🔹 [11/19] Ejecutando sentencia...
2026-07-27 08:38:41,059 [INFO] core.sql_executor:    [12/19] Ejecutando: DELETE FROM DLAB_GEC.TEMP_TRAFICO WHERE TELEFONO IS NULL AND...
2026-07-27 08:38:41,059 [INFO] root: 🔹 [12/19] Ejecutando sentencia...
2026-07-27 08:38:41,447 [INFO] core.sql_executor:    [13/19] Ejecutando: UPDATE DLAB_GEC.M_EXP_CO_KRI_VENTA_TOTAL FROM (     SELECT N...
2026-07-27 08:38:41,448 [INFO] root: 🔹 [13/19] Ejecutando sentencia...
2026-07-27 08:38:49,595 [INFO] core.sql_executor:    [14/19] Ejecutando: DELETE FROM DLAB_GEC.T_EXP_KRI_VENTAS_SINAUDIO ALL
2026-07-27 08:38:49,596 [INFO] root: 🔹 [14/19] Ejecutando sentencia...
2026-07-27 08:38:49,824 [INFO] core.sql_executor:    [15/19] Ejecutando: INSERT INTO DLAB_GEC.T_EXP_KRI_VENTAS_SINAUDIO (     MESDESE...
2026-07-27 08:38:49,825 [INFO] root: 🔹 [15/19] Ejecutando sentencia...
2026-07-27 08:38:50,482 [INFO] core.sql_executor:    [16/19] Ejecutando: COLLECT STATISTICS ON DLAB_GEC.T_EXP_KRI_VENTAS_SINAUDIO COL...
2026-07-27 08:38:50,483 [INFO] root: 🔹 [16/19] Ejecutando sentencia...
2026-07-27 08:38:50,633 [WARNING] core.sql_executor:    ⚠️ COLLECT STATISTICS omitido (sin permiso): COLLECT STATISTICS ON DLAB_GEC.T_EXP_KRI_VENTAS_SINAUDIO COL...
2026-07-27 08:38:50,634 [INFO] core.sql_executor:    [17/19] Ejecutando: DELETE FROM DLAB_GEC.T_EXP_KRI_VENTAS_SINAUDIO_CALIDAD ALL
2026-07-27 08:38:50,635 [INFO] root: 🔹 [17/19] Ejecutando sentencia...
2026-07-27 08:38:50,903 [INFO] core.sql_executor:    [18/19] Ejecutando: INSERT INTO DLAB_GEC.T_EXP_KRI_VENTAS_SINAUDIO_CALIDAD (  ME...
2026-07-27 08:38:50,904 [INFO] root: 🔹 [18/19] Ejecutando sentencia...
2026-07-27 08:38:51,496 [INFO] core.sql_executor:    [19/19] Ejecutando: COLLECT STATISTICS ON DLAB_GEC.T_EXP_KRI_VENTAS_SINAUDIO_CAL...
2026-07-27 08:38:51,496 [INFO] root: 🔹 [19/19] Ejecutando sentencia...
2026-07-27 08:38:51,642 [WARNING] core.sql_executor:    ⚠️ COLLECT STATISTICS omitido (sin permiso): COLLECT STATISTICS ON DLAB_GEC.T_EXP_KRI_VENTAS_SINAUDIO_CAL...
2026-07-27 08:38:51,649 [INFO] root: SUCCESS: Completado: **Ventas Sin Audio**
2026-07-27 08:38:51,655 [INFO] root: Procesando: **Teléfonos No Autorizados**...
2026-07-27 08:38:51,658 [INFO] core.sql_executor: Se detectaron 133 sentencias en TLF_NO_AUTORIZADO.sql
2026-07-27 08:38:51,659 [INFO] core.sql_executor:    [1/133] Ejecutando: DELETE FROM DLAB_GEC.M_EXP_TLFNO_AUTORIZADO_TC ALL
2026-07-27 08:38:51,660 [INFO] root: 🔹 [1/133] Ejecutando sentencia...
2026-07-27 08:38:51,831 [INFO] core.sql_executor:    [2/133] Ejecutando: INSERT INTO DLAB_GEC.M_EXP_TLFNO_AUTORIZADO_TC (NUM_DOCUMENT...
2026-07-27 08:38:51,831 [INFO] root: 🔹 [2/133] Ejecutando sentencia...
2026-07-27 08:38:54,248 [INFO] core.sql_executor:    [3/133] Ejecutando: UPDATE DLAB_GEC.M_EXP_TLFNO_AUTORIZADO_TC SET RANGO_TIEMPO =...
2026-07-27 08:38:54,249 [INFO] root: 🔹 [3/133] Ejecutando sentencia...
2026-07-27 08:38:54,454 [INFO] core.sql_executor:    [4/133] Ejecutando: UPDATE DLAB_GEC.M_EXP_TLFNO_AUTORIZADO_TC SET RANGO_TIEMPO =...
2026-07-27 08:38:54,455 [INFO] root: 🔹 [4/133] Ejecutando sentencia...
2026-07-27 08:38:54,602 [INFO] core.sql_executor:    [5/133] Ejecutando: UPDATE DLAB_GEC.M_EXP_TLFNO_AUTORIZADO_TC SET RANGO_TIEMPO =...
2026-07-27 08:38:54,603 [INFO] root: 🔹 [5/133] Ejecutando sentencia...
2026-07-27 08:38:54,811 [INFO] core.sql_executor:    [6/133] Ejecutando: UPDATE DLAB_GEC.M_EXP_TLFNO_AUTORIZADO_TC SET RANGO_TIEMPO =...
2026-07-27 08:38:54,812 [INFO] root: 🔹 [6/133] Ejecutando sentencia...
2026-07-27 08:38:55,019 [INFO] core.sql_executor:    [7/133] Ejecutando: UPDATE DLAB_GEC.M_EXP_TLFNO_AUTORIZADO_TC SET RANGO_TIEMPO =...
2026-07-27 08:38:55,020 [INFO] root: 🔹 [7/133] Ejecutando sentencia...
2026-07-27 08:38:55,204 [INFO] core.sql_executor:    [8/133] Ejecutando: UPDATE DLAB_GEC.M_EXP_TLFNO_AUTORIZADO_TC SET RANGO_TIEMPO =...
2026-07-27 08:38:55,204 [INFO] root: 🔹 [8/133] Ejecutando sentencia...
2026-07-27 08:38:55,409 [INFO] core.sql_executor:    [9/133] Ejecutando: UPDATE DLAB_GEC.M_EXP_TLFNO_AUTORIZADO_TC FROM  (SELECT CODD...
2026-07-27 08:38:55,409 [INFO] root: 🔹 [9/133] Ejecutando sentencia...
2026-07-27 08:38:57,110 [INFO] core.sql_executor:    [10/133] Ejecutando: UPDATE DLAB_GEC.M_EXP_TLFNO_AUTORIZADO_TC FROM (     SELECT ...
2026-07-27 08:38:57,111 [INFO] root: 🔹 [10/133] Ejecutando sentencia...
2026-07-27 08:38:59,978 [INFO] core.sql_executor:    [11/133] Ejecutando: UPDATE DLAB_GEC.M_EXP_TLFNO_AUTORIZADO_TC FROM (SELECT * FRO...
2026-07-27 08:38:59,979 [INFO] root: 🔹 [11/133] Ejecutando sentencia...
2026-07-27 08:39:00,348 [INFO] core.sql_executor:    [12/133] Ejecutando: UPDATE DLAB_GEC.M_EXP_TLFNO_AUTORIZADO_TC FROM (SELECT DISTI...
2026-07-27 08:39:00,348 [INFO] root: 🔹 [12/133] Ejecutando sentencia...
2026-07-27 08:39:08,861 [INFO] core.sql_executor:    [13/133] Ejecutando: UPDATE DLAB_GEC.M_EXP_TLFNO_AUTORIZADO_TC FROM (SELECT DISTI...
2026-07-27 08:39:08,862 [INFO] root: 🔹 [13/133] Ejecutando sentencia...
2026-07-27 08:39:16,326 [INFO] core.sql_executor:    [14/133] Ejecutando: UPDATE DLAB_GEC.M_EXP_TLFNO_AUTORIZADO_TC  FROM (SELECT DIST...
2026-07-27 08:39:16,326 [INFO] root: 🔹 [14/133] Ejecutando sentencia...
2026-07-27 08:39:16,923 [INFO] core.sql_executor:    [15/133] Ejecutando: COLLECT STATISTICS ON DLAB_GEC.M_EXP_TLFNO_AUTORIZADO_TC COL...
2026-07-27 08:39:16,924 [INFO] root: 🔹 [15/133] Ejecutando sentencia...
2026-07-27 08:39:17,539 [INFO] core.sql_executor:    [16/133] Ejecutando: DELETE FROM DLAB_GEC.M_EXP_TLFNO_AUTORIZADO_PP ALL
2026-07-27 08:39:17,540 [INFO] root: 🔹 [16/133] Ejecutando sentencia...
2026-07-27 08:39:17,829 [INFO] core.sql_executor:    [17/133] Ejecutando: INSERT INTO DLAB_GEC.M_EXP_TLFNO_AUTORIZADO_PP (NUM_DOCUMENT...
2026-07-27 08:39:17,829 [INFO] root: 🔹 [17/133] Ejecutando sentencia...
2026-07-27 08:39:20,489 [INFO] core.sql_executor:    [18/133] Ejecutando: UPDATE DLAB_GEC.M_EXP_TLFNO_AUTORIZADO_PP SET RANGO_TIEMPO =...
2026-07-27 08:39:20,490 [INFO] root: 🔹 [18/133] Ejecutando sentencia...
2026-07-27 08:39:20,639 [INFO] core.sql_executor:    [19/133] Ejecutando: UPDATE DLAB_GEC.M_EXP_TLFNO_AUTORIZADO_PP SET RANGO_TIEMPO =...
2026-07-27 08:39:20,640 [INFO] root: 🔹 [19/133] Ejecutando sentencia...
2026-07-27 08:39:20,789 [INFO] core.sql_executor:    [20/133] Ejecutando: UPDATE DLAB_GEC.M_EXP_TLFNO_AUTORIZADO_PP SET RANGO_TIEMPO =...
2026-07-27 08:39:20,790 [INFO] root: 🔹 [20/133] Ejecutando sentencia...
2026-07-27 08:39:21,036 [INFO] core.sql_executor:    [21/133] Ejecutando: UPDATE DLAB_GEC.M_EXP_TLFNO_AUTORIZADO_PP SET RANGO_TIEMPO =...
2026-07-27 08:39:21,037 [INFO] root: 🔹 [21/133] Ejecutando sentencia...
2026-07-27 08:39:21,229 [INFO] core.sql_executor:    [22/133] Ejecutando: UPDATE DLAB_GEC.M_EXP_TLFNO_AUTORIZADO_PP SET RANGO_TIEMPO =...
2026-07-27 08:39:21,230 [INFO] root: 🔹 [22/133] Ejecutando sentencia...
2026-07-27 08:39:21,395 [INFO] core.sql_executor:    [23/133] Ejecutando: UPDATE DLAB_GEC.M_EXP_TLFNO_AUTORIZADO_PP SET RANGO_TIEMPO =...
2026-07-27 08:39:21,396 [INFO] root: 🔹 [23/133] Ejecutando sentencia...
2026-07-27 08:39:21,602 [INFO] core.sql_executor:    [24/133] Ejecutando: UPDATE DLAB_GEC.M_EXP_TLFNO_AUTORIZADO_PP FROM (     SELECT ...
2026-07-27 08:39:21,604 [INFO] root: 🔹 [24/133] Ejecutando sentencia...
2026-07-27 08:39:23,386 [INFO] core.sql_executor:    [25/133] Ejecutando: UPDATE DLAB_GEC.M_EXP_TLFNO_AUTORIZADO_PP FROM (     SELECT ...
2026-07-27 08:39:23,387 [INFO] root: 🔹 [25/133] Ejecutando sentencia...
2026-07-27 08:39:25,254 [INFO] core.sql_executor:    [26/133] Ejecutando: UPDATE DLAB_GEC.M_EXP_TLFNO_AUTORIZADO_PP FROM (     SELECT ...
2026-07-27 08:39:25,254 [INFO] root: 🔹 [26/133] Ejecutando sentencia...
2026-07-27 08:39:25,670 [INFO] core.sql_executor:    [27/133] Ejecutando: UPDATE DLAB_GEC.M_EXP_TLFNO_AUTORIZADO_PP FROM (     SELECT ...
2026-07-27 08:39:25,671 [INFO] root: 🔹 [27/133] Ejecutando sentencia...
2026-07-27 08:39:29,828 [INFO] core.sql_executor:    [28/133] Ejecutando: UPDATE DLAB_GEC.M_EXP_TLFNO_AUTORIZADO_PP FROM (     SELECT ...
2026-07-27 08:39:29,828 [INFO] root: 🔹 [28/133] Ejecutando sentencia...
2026-07-27 08:39:32,916 [INFO] core.sql_executor:    [29/133] Ejecutando: UPDATE DLAB_GEC.M_EXP_TLFNO_AUTORIZADO_PP FROM (     SELECT ...
2026-07-27 08:39:32,916 [INFO] root: 🔹 [29/133] Ejecutando sentencia...
2026-07-27 08:39:33,469 [INFO] core.sql_executor:    [30/133] Ejecutando: COLLECT STATISTICS ON DLAB_GEC.M_EXP_TLFNO_AUTORIZADO_PP COL...
2026-07-27 08:39:33,470 [INFO] root: 🔹 [30/133] Ejecutando sentencia...
2026-07-27 08:39:34,103 [INFO] core.sql_executor:    [31/133] Ejecutando: DELETE FROM DLAB_GEC.M_EXP_TLFNO_AUTORIZADO_CD ALL
2026-07-27 08:39:34,103 [INFO] root: 🔹 [31/133] Ejecutando sentencia...
2026-07-27 08:39:34,574 [INFO] core.sql_executor:    [32/133] Ejecutando: INSERT INTO DLAB_GEC.M_EXP_TLFNO_AUTORIZADO_CD (NUM_DOCUMENT...
2026-07-27 08:39:34,574 [INFO] root: 🔹 [32/133] Ejecutando sentencia...
2026-07-27 08:39:37,246 [INFO] core.sql_executor:    [33/133] Ejecutando: UPDATE DLAB_GEC.M_EXP_TLFNO_AUTORIZADO_CD SET RANGO_TIEMPO =...
2026-07-27 08:39:37,247 [INFO] root: 🔹 [33/133] Ejecutando sentencia...
2026-07-27 08:39:37,554 [INFO] core.sql_executor:    [34/133] Ejecutando: UPDATE DLAB_GEC.M_EXP_TLFNO_AUTORIZADO_CD SET RANGO_TIEMPO =...
2026-07-27 08:39:37,555 [INFO] root: 🔹 [34/133] Ejecutando sentencia...
2026-07-27 08:39:37,763 [INFO] core.sql_executor:    [35/133] Ejecutando: UPDATE DLAB_GEC.M_EXP_TLFNO_AUTORIZADO_CD SET RANGO_TIEMPO =...
2026-07-27 08:39:37,763 [INFO] root: 🔹 [35/133] Ejecutando sentencia...
2026-07-27 08:39:38,011 [INFO] core.sql_executor:    [36/133] Ejecutando: UPDATE DLAB_GEC.M_EXP_TLFNO_AUTORIZADO_CD SET RANGO_TIEMPO =...
2026-07-27 08:39:38,012 [INFO] root: 🔹 [36/133] Ejecutando sentencia...
2026-07-27 08:39:38,179 [INFO] core.sql_executor:    [37/133] Ejecutando: UPDATE DLAB_GEC.M_EXP_TLFNO_AUTORIZADO_CD SET RANGO_TIEMPO =...
2026-07-27 08:39:38,180 [INFO] root: 🔹 [37/133] Ejecutando sentencia...
2026-07-27 08:39:38,346 [INFO] core.sql_executor:    [38/133] Ejecutando: UPDATE DLAB_GEC.M_EXP_TLFNO_AUTORIZADO_CD SET RANGO_TIEMPO =...
2026-07-27 08:39:38,347 [INFO] root: 🔹 [38/133] Ejecutando sentencia...
2026-07-27 08:39:38,532 [INFO] core.sql_executor:    [39/133] Ejecutando: UPDATE DLAB_GEC.M_EXP_TLFNO_AUTORIZADO_CD FROM  (SELECT DIST...
2026-07-27 08:39:38,532 [INFO] root: 🔹 [39/133] Ejecutando sentencia...
2026-07-27 08:39:40,516 [INFO] core.sql_executor:    [40/133] Ejecutando: UPDATE DLAB_GEC.M_EXP_TLFNO_AUTORIZADO_CD FROM (SELECT * FRO...
2026-07-27 08:39:40,517 [INFO] root: 🔹 [40/133] Ejecutando sentencia...
2026-07-27 08:39:41,062 [INFO] core.sql_executor:    [41/133] Ejecutando: UPDATE DLAB_GEC.M_EXP_TLFNO_AUTORIZADO_CD FROM (     SELECT ...
2026-07-27 08:39:41,063 [INFO] root: 🔹 [41/133] Ejecutando sentencia...
2026-07-27 08:39:43,432 [INFO] core.sql_executor:    [42/133] Ejecutando: UPDATE DLAB_GEC.M_EXP_TLFNO_AUTORIZADO_CD FROM (SELECT DISTI...
2026-07-27 08:39:43,433 [INFO] root: 🔹 [42/133] Ejecutando sentencia...
2026-07-27 08:39:45,249 [INFO] core.sql_executor:    [43/133] Ejecutando: UPDATE DLAB_GEC.M_EXP_TLFNO_AUTORIZADO_CD FROM (SELECT DISTI...
2026-07-27 08:39:45,250 [INFO] root: 🔹 [43/133] Ejecutando sentencia...
2026-07-27 08:39:46,807 [INFO] core.sql_executor:    [44/133] Ejecutando: SELECT * FROM DLAB_GEC.M_EXP_VENTAS_CD
2026-07-27 08:39:46,808 [INFO] root: 🔹 [44/133] Ejecutando sentencia...
2026-07-27 08:39:46,978 [INFO] core.sql_executor:    [45/133] Ejecutando: UPDATE DLAB_GEC.M_EXP_TLFNO_AUTORIZADO_CD  FROM (     SELECT...
2026-07-27 08:39:46,978 [INFO] root: 🔹 [45/133] Ejecutando sentencia...
2026-07-27 08:39:47,531 [INFO] core.sql_executor:    [46/133] Ejecutando: COLLECT STATISTICS ON DLAB_GEC.M_EXP_TLFNO_AUTORIZADO_CD COL...
2026-07-27 08:39:47,532 [INFO] root: 🔹 [46/133] Ejecutando sentencia...
2026-07-27 08:39:48,046 [INFO] core.sql_executor:    [47/133] Ejecutando: DELETE FROM DLAB_GEC.M_EXP_TLFNO_AUTORIZADO_EC ALL
2026-07-27 08:39:48,047 [INFO] root: 🔹 [47/133] Ejecutando sentencia...
2026-07-27 08:39:48,294 [INFO] core.sql_executor:    [48/133] Ejecutando: INSERT INTO DLAB_GEC.M_EXP_TLFNO_AUTORIZADO_EC (NUM_DOCUMENT...
2026-07-27 08:39:48,295 [INFO] root: 🔹 [48/133] Ejecutando sentencia...
2026-07-27 08:39:50,654 [INFO] core.sql_executor:    [49/133] Ejecutando: UPDATE DLAB_GEC.M_EXP_TLFNO_AUTORIZADO_EC SET RANGO_TIEMPO =...
2026-07-27 08:39:50,655 [INFO] root: 🔹 [49/133] Ejecutando sentencia...
2026-07-27 08:39:50,841 [INFO] core.sql_executor:    [50/133] Ejecutando: UPDATE DLAB_GEC.M_EXP_TLFNO_AUTORIZADO_EC SET RANGO_TIEMPO =...
2026-07-27 08:39:50,842 [INFO] root: 🔹 [50/133] Ejecutando sentencia...
2026-07-27 08:39:51,008 [INFO] core.sql_executor:    [51/133] Ejecutando: UPDATE DLAB_GEC.M_EXP_TLFNO_AUTORIZADO_EC SET RANGO_TIEMPO =...
2026-07-27 08:39:51,009 [INFO] root: 🔹 [51/133] Ejecutando sentencia...
2026-07-27 08:39:51,194 [INFO] core.sql_executor:    [52/133] Ejecutando: UPDATE DLAB_GEC.M_EXP_TLFNO_AUTORIZADO_EC SET RANGO_TIEMPO =...
2026-07-27 08:39:51,195 [INFO] root: 🔹 [52/133] Ejecutando sentencia...
2026-07-27 08:39:51,404 [INFO] core.sql_executor:    [53/133] Ejecutando: UPDATE DLAB_GEC.M_EXP_TLFNO_AUTORIZADO_EC SET RANGO_TIEMPO =...
2026-07-27 08:39:51,405 [INFO] root: 🔹 [53/133] Ejecutando sentencia...
2026-07-27 08:39:51,577 [INFO] core.sql_executor:    [54/133] Ejecutando: UPDATE DLAB_GEC.M_EXP_TLFNO_AUTORIZADO_EC SET RANGO_TIEMPO =...
2026-07-27 08:39:51,577 [INFO] root: 🔹 [54/133] Ejecutando sentencia...
2026-07-27 08:39:51,763 [INFO] core.sql_executor:    [55/133] Ejecutando: UPDATE DLAB_GEC.M_EXP_TLFNO_AUTORIZADO_EC FROM  (SELECT DIST...
2026-07-27 08:39:51,763 [INFO] root: 🔹 [55/133] Ejecutando sentencia...
2026-07-27 08:39:53,888 [INFO] core.sql_executor:    [56/133] Ejecutando: UPDATE DLAB_GEC.M_EXP_TLFNO_AUTORIZADO_EC FROM (SELECT DISTI...
2026-07-27 08:39:53,889 [INFO] root: 🔹 [56/133] Ejecutando sentencia...
2026-07-27 08:39:54,834 [INFO] core.sql_executor:    [57/133] Ejecutando: UPDATE DLAB_GEC.M_EXP_TLFNO_AUTORIZADO_EC FROM (SELECT * FRO...
2026-07-27 08:39:54,835 [INFO] root: 🔹 [57/133] Ejecutando sentencia...
2026-07-27 08:39:55,285 [INFO] core.sql_executor:    [58/133] Ejecutando: UPDATE DLAB_GEC.M_EXP_TLFNO_AUTORIZADO_EC FROM (SELECT DISTI...
2026-07-27 08:39:55,285 [INFO] root: 🔹 [58/133] Ejecutando sentencia...
2026-07-27 08:39:56,695 [INFO] core.sql_executor:    [59/133] Ejecutando: UPDATE DLAB_GEC.M_EXP_TLFNO_AUTORIZADO_EC FROM (SELECT DISTI...
2026-07-27 08:39:56,696 [INFO] root: 🔹 [59/133] Ejecutando sentencia...
2026-07-27 08:39:58,169 [INFO] core.sql_executor:    [60/133] Ejecutando: UPDATE DLAB_GEC.M_EXP_TLFNO_AUTORIZADO_EC  FROM (SELECT DIST...
2026-07-27 08:39:58,169 [INFO] root: 🔹 [60/133] Ejecutando sentencia...
2026-07-27 08:39:58,776 [INFO] core.sql_executor:    [61/133] Ejecutando: COLLECT STATISTICS ON DLAB_GEC.M_EXP_TLFNO_AUTORIZADO_EC COL...
2026-07-27 08:39:58,777 [INFO] root: 🔹 [61/133] Ejecutando sentencia...
2026-07-27 08:39:59,394 [INFO] core.sql_executor:    [62/133] Ejecutando: DELETE FROM DLAB_GEC.M_EXP_TLFNO_AUTORIZADO_CON ALL
2026-07-27 08:39:59,395 [INFO] root: 🔹 [62/133] Ejecutando sentencia...
2026-07-27 08:39:59,661 [INFO] core.sql_executor:    [63/133] Ejecutando: INSERT INTO DLAB_GEC.M_EXP_TLFNO_AUTORIZADO_CON (NUM_DOCUMEN...
2026-07-27 08:39:59,662 [INFO] root: 🔹 [63/133] Ejecutando sentencia...
2026-07-27 08:40:02,161 [INFO] core.sql_executor:    [64/133] Ejecutando: UPDATE DLAB_GEC.M_EXP_TLFNO_AUTORIZADO_CON SET RANGO_TIEMPO ...
2026-07-27 08:40:02,162 [INFO] root: 🔹 [64/133] Ejecutando sentencia...
2026-07-27 08:40:02,430 [INFO] core.sql_executor:    [65/133] Ejecutando: UPDATE DLAB_GEC.M_EXP_TLFNO_AUTORIZADO_CON SET RANGO_TIEMPO ...
2026-07-27 08:40:02,431 [INFO] root: 🔹 [65/133] Ejecutando sentencia...
2026-07-27 08:40:02,599 [INFO] core.sql_executor:    [66/133] Ejecutando: UPDATE DLAB_GEC.M_EXP_TLFNO_AUTORIZADO_CON SET RANGO_TIEMPO ...
2026-07-27 08:40:02,600 [INFO] root: 🔹 [66/133] Ejecutando sentencia...
2026-07-27 08:40:02,745 [INFO] core.sql_executor:    [67/133] Ejecutando: UPDATE DLAB_GEC.M_EXP_TLFNO_AUTORIZADO_CON SET RANGO_TIEMPO ...
2026-07-27 08:40:02,745 [INFO] root: 🔹 [67/133] Ejecutando sentencia...
2026-07-27 08:40:02,910 [INFO] core.sql_executor:    [68/133] Ejecutando: UPDATE DLAB_GEC.M_EXP_TLFNO_AUTORIZADO_CON SET RANGO_TIEMPO ...
2026-07-27 08:40:02,910 [INFO] root: 🔹 [68/133] Ejecutando sentencia...
2026-07-27 08:40:03,055 [INFO] core.sql_executor:    [69/133] Ejecutando: UPDATE DLAB_GEC.M_EXP_TLFNO_AUTORIZADO_CON SET RANGO_TIEMPO ...
2026-07-27 08:40:03,056 [INFO] root: 🔹 [69/133] Ejecutando sentencia...
2026-07-27 08:40:03,242 [INFO] core.sql_executor:    [70/133] Ejecutando: UPDATE DLAB_GEC.M_EXP_TLFNO_AUTORIZADO_CON FROM (     SELECT...
2026-07-27 08:40:03,244 [INFO] root: 🔹 [70/133] Ejecutando sentencia...
2026-07-27 08:40:04,762 [INFO] core.sql_executor:    [71/133] Ejecutando: UPDATE DLAB_GEC.M_EXP_TLFNO_AUTORIZADO_CON FROM (     SELECT...
2026-07-27 08:40:04,762 [INFO] root: 🔹 [71/133] Ejecutando sentencia...
2026-07-27 08:40:06,362 [INFO] core.sql_executor:    [72/133] Ejecutando: UPDATE DLAB_GEC.M_EXP_TLFNO_AUTORIZADO_CON FROM (     SELECT...
2026-07-27 08:40:06,363 [INFO] root: 🔹 [72/133] Ejecutando sentencia...
2026-07-27 08:40:08,059 [INFO] core.sql_executor:    [73/133] Ejecutando: UPDATE DLAB_GEC.M_EXP_TLFNO_AUTORIZADO_CON FROM (     SELECT...
2026-07-27 08:40:08,059 [INFO] root: 🔹 [73/133] Ejecutando sentencia...
2026-07-27 08:40:09,250 [INFO] core.sql_executor:    [74/133] Ejecutando: UPDATE DLAB_GEC.M_EXP_TLFNO_AUTORIZADO_CON FROM (     SELECT...
2026-07-27 08:40:09,250 [INFO] root: 🔹 [74/133] Ejecutando sentencia...
2026-07-27 08:40:10,480 [INFO] core.sql_executor:    [75/133] Ejecutando: UPDATE DLAB_GEC.M_EXP_TLFNO_AUTORIZADO_CON  FROM (     SELEC...
2026-07-27 08:40:10,480 [INFO] root: 🔹 [75/133] Ejecutando sentencia...
2026-07-27 08:40:10,856 [INFO] core.sql_executor:    [76/133] Ejecutando: COLLECT STATISTICS ON DLAB_GEC.M_EXP_TLFNO_AUTORIZADO_CON CO...
2026-07-27 08:40:10,856 [INFO] root: 🔹 [76/133] Ejecutando sentencia...
2026-07-27 08:40:11,170 [INFO] core.sql_executor:    [77/133] Ejecutando: DELETE FROM DLAB_GEC.M_EXP_TLFNO_AUTORIZADO_IL ALL
2026-07-27 08:40:11,170 [INFO] root: 🔹 [77/133] Ejecutando sentencia...
2026-07-27 08:40:11,457 [INFO] core.sql_executor:    [78/133] Ejecutando: INSERT INTO DLAB_GEC.M_EXP_TLFNO_AUTORIZADO_IL (NUM_DOCUMENT...
2026-07-27 08:40:11,457 [INFO] root: 🔹 [78/133] Ejecutando sentencia...
2026-07-27 08:40:13,299 [INFO] core.sql_executor:    [79/133] Ejecutando: UPDATE DLAB_GEC.M_EXP_TLFNO_AUTORIZADO_IL SET RANGO_TIEMPO =...
2026-07-27 08:40:13,300 [INFO] root: 🔹 [79/133] Ejecutando sentencia...
2026-07-27 08:40:13,505 [INFO] core.sql_executor:    [80/133] Ejecutando: UPDATE DLAB_GEC.M_EXP_TLFNO_AUTORIZADO_IL SET RANGO_TIEMPO =...
2026-07-27 08:40:13,506 [INFO] root: 🔹 [80/133] Ejecutando sentencia...
2026-07-27 08:40:13,674 [INFO] core.sql_executor:    [81/133] Ejecutando: UPDATE DLAB_GEC.M_EXP_TLFNO_AUTORIZADO_IL SET RANGO_TIEMPO =...
2026-07-27 08:40:13,675 [INFO] root: 🔹 [81/133] Ejecutando sentencia...
2026-07-27 08:40:13,885 [INFO] core.sql_executor:    [82/133] Ejecutando: UPDATE DLAB_GEC.M_EXP_TLFNO_AUTORIZADO_IL SET RANGO_TIEMPO =...
2026-07-27 08:40:13,886 [INFO] root: 🔹 [82/133] Ejecutando sentencia...
2026-07-27 08:40:14,092 [INFO] core.sql_executor:    [83/133] Ejecutando: UPDATE DLAB_GEC.M_EXP_TLFNO_AUTORIZADO_IL SET RANGO_TIEMPO =...
2026-07-27 08:40:14,093 [INFO] root: 🔹 [83/133] Ejecutando sentencia...
2026-07-27 08:40:14,257 [INFO] core.sql_executor:    [84/133] Ejecutando: UPDATE DLAB_GEC.M_EXP_TLFNO_AUTORIZADO_IL SET RANGO_TIEMPO =...
2026-07-27 08:40:14,258 [INFO] root: 🔹 [84/133] Ejecutando sentencia...
2026-07-27 08:40:14,402 [INFO] core.sql_executor:    [85/133] Ejecutando: UPDATE DLAB_GEC.M_EXP_TLFNO_AUTORIZADO_IL FROM (     SELECT ...
2026-07-27 08:40:14,403 [INFO] root: 🔹 [85/133] Ejecutando sentencia...
2026-07-27 08:40:14,958 [INFO] core.sql_executor:    [86/133] Ejecutando: UPDATE DLAB_GEC.M_EXP_TLFNO_AUTORIZADO_IL FROM (     SELECT ...
2026-07-27 08:40:14,958 [INFO] root: 🔹 [86/133] Ejecutando sentencia...
2026-07-27 08:40:15,607 [INFO] core.sql_executor:    [87/133] Ejecutando: UPDATE DLAB_GEC.M_EXP_TLFNO_AUTORIZADO_IL FROM (     SELECT ...
2026-07-27 08:40:15,608 [INFO] root: 🔹 [87/133] Ejecutando sentencia...
2026-07-27 08:40:16,900 [INFO] core.sql_executor:    [88/133] Ejecutando: UPDATE DLAB_GEC.M_EXP_TLFNO_AUTORIZADO_IL FROM (     SELECT ...
2026-07-27 08:40:16,901 [INFO] root: 🔹 [88/133] Ejecutando sentencia...
2026-07-27 08:40:17,603 [INFO] core.sql_executor:    [89/133] Ejecutando: UPDATE DLAB_GEC.M_EXP_TLFNO_AUTORIZADO_IL  FROM (     SELECT...
2026-07-27 08:40:17,604 [INFO] root: 🔹 [89/133] Ejecutando sentencia...
2026-07-27 08:40:17,817 [INFO] core.sql_executor:    [90/133] Ejecutando: COLLECT STATISTICS ON DLAB_GEC.M_EXP_TLFNO_AUTORIZADO_IL COL...
2026-07-27 08:40:17,818 [INFO] root: 🔹 [90/133] Ejecutando sentencia...
2026-07-27 08:40:18,065 [INFO] core.sql_executor:    [91/133] Ejecutando: DELETE FROM DLAB_GEC.M_EXP_TLFNO_AUTORIZADO_UPG ALL
2026-07-27 08:40:18,066 [INFO] root: 🔹 [91/133] Ejecutando sentencia...
2026-07-27 08:40:18,190 [INFO] core.sql_executor:    [92/133] Ejecutando: INSERT INTO DLAB_GEC.M_EXP_TLFNO_AUTORIZADO_UPG (NUM_DOCUMEN...
2026-07-27 08:40:18,191 [INFO] root: 🔹 [92/133] Ejecutando sentencia...
2026-07-27 08:40:19,526 [INFO] core.sql_executor:    [93/133] Ejecutando: UPDATE DLAB_GEC.M_EXP_TLFNO_AUTORIZADO_UPG SET RANGO_TIEMPO ...
2026-07-27 08:40:19,527 [INFO] root: 🔹 [93/133] Ejecutando sentencia...
2026-07-27 08:40:19,616 [INFO] core.sql_executor:    [94/133] Ejecutando: UPDATE DLAB_GEC.M_EXP_TLFNO_AUTORIZADO_UPG SET RANGO_TIEMPO ...
2026-07-27 08:40:19,617 [INFO] root: 🔹 [94/133] Ejecutando sentencia...
2026-07-27 08:40:19,743 [INFO] core.sql_executor:    [95/133] Ejecutando: UPDATE DLAB_GEC.M_EXP_TLFNO_AUTORIZADO_UPG SET RANGO_TIEMPO ...
2026-07-27 08:40:19,743 [INFO] root: 🔹 [95/133] Ejecutando sentencia...
2026-07-27 08:40:19,908 [INFO] core.sql_executor:    [96/133] Ejecutando: UPDATE DLAB_GEC.M_EXP_TLFNO_AUTORIZADO_UPG SET RANGO_TIEMPO ...
2026-07-27 08:40:19,909 [INFO] root: 🔹 [96/133] Ejecutando sentencia...
2026-07-27 08:40:19,960 [INFO] core.sql_executor:    [97/133] Ejecutando: UPDATE DLAB_GEC.M_EXP_TLFNO_AUTORIZADO_UPG SET RANGO_TIEMPO ...
2026-07-27 08:40:19,960 [INFO] root: 🔹 [97/133] Ejecutando sentencia...
2026-07-27 08:40:20,105 [INFO] core.sql_executor:    [98/133] Ejecutando: UPDATE DLAB_GEC.M_EXP_TLFNO_AUTORIZADO_UPG SET RANGO_TIEMPO ...
2026-07-27 08:40:20,106 [INFO] root: 🔹 [98/133] Ejecutando sentencia...
2026-07-27 08:40:20,169 [INFO] core.sql_executor:    [99/133] Ejecutando: UPDATE DLAB_GEC.M_EXP_TLFNO_AUTORIZADO_UPG FROM  (SELECT DIS...
2026-07-27 08:40:20,169 [INFO] root: 🔹 [99/133] Ejecutando sentencia...
2026-07-27 08:40:20,436 [INFO] core.sql_executor:    [100/133] Ejecutando: UPDATE DLAB_GEC.M_EXP_TLFNO_AUTORIZADO_UPG FROM (     SELECT...
2026-07-27 08:40:20,437 [INFO] root: 🔹 [100/133] Ejecutando sentencia...
2026-07-27 08:40:20,887 [INFO] core.sql_executor:    [101/133] Ejecutando: UPDATE DLAB_GEC.M_EXP_TLFNO_AUTORIZADO_UPG FROM (SELECT * FR...
2026-07-27 08:40:20,888 [INFO] root: 🔹 [101/133] Ejecutando sentencia...
2026-07-27 08:40:21,094 [INFO] core.sql_executor:    [102/133] Ejecutando: UPDATE DLAB_GEC.M_EXP_TLFNO_AUTORIZADO_UPG FROM (SELECT DIST...
2026-07-27 08:40:21,095 [INFO] root: 🔹 [102/133] Ejecutando sentencia...
2026-07-27 08:40:21,630 [INFO] core.sql_executor:    [103/133] Ejecutando: UPDATE DLAB_GEC.M_EXP_TLFNO_AUTORIZADO_UPG  FROM (SELECT * F...
2026-07-27 08:40:21,631 [INFO] root: 🔹 [103/133] Ejecutando sentencia...
2026-07-27 08:40:21,775 [INFO] core.sql_executor:    [104/133] Ejecutando: COLLECT STATISTICS ON DLAB_GEC.M_EXP_TLFNO_AUTORIZADO_UPG CO...
2026-07-27 08:40:21,776 [INFO] root: 🔹 [104/133] Ejecutando sentencia...
2026-07-27 08:40:21,921 [INFO] core.sql_executor:    [105/133] Ejecutando: DELETE FROM DLAB_GEC.M_EXP_TLFNO_AUTORIZADO_TCA ALL
2026-07-27 08:40:21,922 [INFO] root: 🔹 [105/133] Ejecutando sentencia...
2026-07-27 08:40:22,005 [INFO] core.sql_executor:    [106/133] Ejecutando: INSERT INTO DLAB_GEC.M_EXP_TLFNO_AUTORIZADO_TCA (NUM_DOCUMEN...
2026-07-27 08:40:22,006 [INFO] root: 🔹 [106/133] Ejecutando sentencia...
2026-07-27 08:40:22,602 [INFO] core.sql_executor:    [107/133] Ejecutando: UPDATE DLAB_GEC.M_EXP_TLFNO_AUTORIZADO_TCA SET RANGO_TIEMPO ...
2026-07-27 08:40:22,603 [INFO] root: 🔹 [107/133] Ejecutando sentencia...
2026-07-27 08:40:22,768 [INFO] core.sql_executor:    [108/133] Ejecutando: UPDATE DLAB_GEC.M_EXP_TLFNO_AUTORIZADO_TCA SET RANGO_TIEMPO ...
2026-07-27 08:40:22,768 [INFO] root: 🔹 [108/133] Ejecutando sentencia...
2026-07-27 08:40:22,832 [INFO] core.sql_executor:    [109/133] Ejecutando: UPDATE DLAB_GEC.M_EXP_TLFNO_AUTORIZADO_TCA SET RANGO_TIEMPO ...
2026-07-27 08:40:22,832 [INFO] root: 🔹 [109/133] Ejecutando sentencia...
2026-07-27 08:40:22,997 [INFO] core.sql_executor:    [110/133] Ejecutando: UPDATE DLAB_GEC.M_EXP_TLFNO_AUTORIZADO_TCA SET RANGO_TIEMPO ...
2026-07-27 08:40:22,998 [INFO] root: 🔹 [110/133] Ejecutando sentencia...
2026-07-27 08:40:23,183 [INFO] core.sql_executor:    [111/133] Ejecutando: UPDATE DLAB_GEC.M_EXP_TLFNO_AUTORIZADO_TCA SET RANGO_TIEMPO ...
2026-07-27 08:40:23,184 [INFO] root: 🔹 [111/133] Ejecutando sentencia...
2026-07-27 08:40:23,227 [INFO] core.sql_executor:    [112/133] Ejecutando: UPDATE DLAB_GEC.M_EXP_TLFNO_AUTORIZADO_TCA SET RANGO_TIEMPO ...
2026-07-27 08:40:23,227 [INFO] root: 🔹 [112/133] Ejecutando sentencia...
2026-07-27 08:40:23,392 [INFO] core.sql_executor:    [113/133] Ejecutando: UPDATE DLAB_GEC.M_EXP_TLFNO_AUTORIZADO_TCA FROM  (SELECT DIS...
2026-07-27 08:40:23,393 [INFO] root: 🔹 [113/133] Ejecutando sentencia...
2026-07-27 08:40:23,606 [INFO] core.sql_executor:    [114/133] Ejecutando: UPDATE DLAB_GEC.M_EXP_TLFNO_AUTORIZADO_TCA FROM (SELECT * FR...
2026-07-27 08:40:23,608 [INFO] root: 🔹 [114/133] Ejecutando sentencia...
2026-07-27 08:40:23,807 [INFO] core.sql_executor:    [115/133] Ejecutando: UPDATE DLAB_GEC.M_EXP_TLFNO_AUTORIZADO_TCA FROM (SELECT * FR...
2026-07-27 08:40:23,809 [INFO] root: 🔹 [115/133] Ejecutando sentencia...
2026-07-27 08:40:24,016 [INFO] core.sql_executor:    [116/133] Ejecutando: UPDATE DLAB_GEC.M_EXP_TLFNO_AUTORIZADO_TCA FROM (SELECT DIST...
2026-07-27 08:40:24,017 [INFO] root: 🔹 [116/133] Ejecutando sentencia...
2026-07-27 08:40:25,043 [INFO] core.sql_executor:    [117/133] Ejecutando: UPDATE DLAB_GEC.M_EXP_TLFNO_AUTORIZADO_TCA  FROM (SELECT * F...
2026-07-27 08:40:25,043 [INFO] root: 🔹 [117/133] Ejecutando sentencia...
2026-07-27 08:40:25,417 [INFO] core.sql_executor:    [118/133] Ejecutando: COLLECT STATISTICS ON DLAB_GEC.M_EXP_TLFNO_AUTORIZADO_TCA CO...
2026-07-27 08:40:25,417 [INFO] root: 🔹 [118/133] Ejecutando sentencia...
2026-07-27 08:40:25,603 [INFO] core.sql_executor:    [119/133] Ejecutando: DELETE FROM DLAB_GEC.M_EXP_TLFNO_AUTORIZADO_ALL ALL
2026-07-27 08:40:25,604 [INFO] root: 🔹 [119/133] Ejecutando sentencia...
2026-07-27 08:40:25,687 [INFO] core.sql_executor:    [120/133] Ejecutando: INSERT INTO DLAB_GEC.M_EXP_TLFNO_AUTORIZADO_ALL (PRODUCTO, N...
2026-07-27 08:40:25,688 [INFO] root: 🔹 [120/133] Ejecutando sentencia...
2026-07-27 08:40:26,631 [INFO] core.sql_executor:    [121/133] Ejecutando: UPDATE DLAB_GEC.M_EXP_TLFNO_AUTORIZADO_ALL FROM (SELECT DIST...
2026-07-27 08:40:26,632 [INFO] root: 🔹 [121/133] Ejecutando sentencia...
2026-07-27 08:40:27,042 [INFO] core.sql_executor:    [122/133] Ejecutando: UPDATE DLAB_GEC.M_EXP_TLFNO_AUTORIZADO_ALL FROM (SELECT DIST...
2026-07-27 08:40:27,043 [INFO] root: 🔹 [122/133] Ejecutando sentencia...
2026-07-27 08:40:27,557 [INFO] core.sql_executor:    [123/133] Ejecutando: UPDATE DLAB_GEC.M_EXP_TLFNO_AUTORIZADO_ALL FROM (SELECT DIST...
2026-07-27 08:40:27,558 [INFO] root: 🔹 [123/133] Ejecutando sentencia...
2026-07-27 08:40:28,070 [INFO] core.sql_executor:    [124/133] Ejecutando: UPDATE DLAB_GEC.M_EXP_TLFNO_AUTORIZADO_ALL FROM (SELECT DIST...
2026-07-27 08:40:28,071 [INFO] root: 🔹 [124/133] Ejecutando sentencia...
2026-07-27 08:40:28,894 [INFO] core.sql_executor:    [125/133] Ejecutando: UPDATE DLAB_GEC.M_EXP_TLFNO_AUTORIZADO_ALL FROM  (SELECT DIS...
2026-07-27 08:40:28,895 [INFO] root: 🔹 [125/133] Ejecutando sentencia...
2026-07-27 08:40:29,303 [INFO] core.sql_executor:    [126/133] Ejecutando: UPDATE DLAB_GEC.M_EXP_TLFNO_AUTORIZADO_ALL  SET FLAG_EVALUAD...
2026-07-27 08:40:29,304 [INFO] root: 🔹 [126/133] Ejecutando sentencia...
2026-07-27 08:40:29,408 [INFO] core.sql_executor:    [127/133] Ejecutando: UPDATE DLAB_GEC.M_EXP_TLFNO_AUTORIZADO_ALL  FROM (SELECT * F...
2026-07-27 08:40:29,409 [INFO] root: 🔹 [127/133] Ejecutando sentencia...
2026-07-27 08:40:29,512 [INFO] core.sql_executor:    [128/133] Ejecutando: DELETE FROM DLAB_GEC.T_EXP_KRI_TELF_NO_AUTORIZADO ALL
2026-07-27 08:40:29,513 [INFO] root: 🔹 [128/133] Ejecutando sentencia...
2026-07-27 08:40:29,618 [INFO] core.sql_executor:    [129/133] Ejecutando: INSERT INTO DLAB_GEC.T_EXP_KRI_TELF_NO_AUTORIZADO (     PROD...
2026-07-27 08:40:29,619 [INFO] root: 🔹 [129/133] Ejecutando sentencia...
2026-07-27 08:40:29,774 [INFO] core.sql_executor:    [130/133] Ejecutando: COLLECT STATISTICS ON DLAB_GEC.T_EXP_KRI_TELF_NO_AUTORIZADO ...
2026-07-27 08:40:29,774 [INFO] root: 🔹 [130/133] Ejecutando sentencia...
2026-07-27 08:40:29,817 [WARNING] core.sql_executor:    ⚠️ COLLECT STATISTICS omitido (sin permiso): COLLECT STATISTICS ON DLAB_GEC.T_EXP_KRI_TELF_NO_AUTORIZADO ...
2026-07-27 08:40:29,818 [INFO] core.sql_executor:    [131/133] Ejecutando: DELETE FROM DLAB_GEC.T_EXP_KRI_TELF_NO_AUTORIZADO_CALIDAD AL...
2026-07-27 08:40:29,818 [INFO] root: 🔹 [131/133] Ejecutando sentencia...
2026-07-27 08:40:29,890 [INFO] core.sql_executor:    [132/133] Ejecutando: INSERT INTO DLAB_GEC.T_EXP_KRI_TELF_NO_AUTORIZADO_CALIDAD ( ...
2026-07-27 08:40:29,890 [INFO] root: 🔹 [132/133] Ejecutando sentencia...
2026-07-27 08:40:30,383 [INFO] core.sql_executor:    [133/133] Ejecutando: COLLECT STATISTICS ON DLAB_GEC.T_EXP_KRI_TELF_NO_AUTORIZADO_...
2026-07-27 08:40:30,384 [INFO] root: 🔹 [133/133] Ejecutando sentencia...
2026-07-27 08:40:30,488 [WARNING] core.sql_executor:    ⚠️ COLLECT STATISTICS omitido (sin permiso): COLLECT STATISTICS ON DLAB_GEC.T_EXP_KRI_TELF_NO_AUTORIZADO_...
2026-07-27 08:40:30,495 [INFO] root: SUCCESS: Completado: **Teléfonos No Autorizados**
2026-07-27 08:40:30,502 [INFO] root: SUCCESS: ¡Transformaciones SQL de Consumo completadas exitosamente en Teradata!
2026-07-27 08:40:30,511 [INFO] root: ⚡ [Fase 5] Iniciando ejecución del script de selección con conexión secundaria...
2026-07-27 08:40:30,516 [INFO] root: 🔑 Conectando a Teradata con el usuario secundario (B44922) para CONSUMO_SELECT_TC_CD_SEG...
2026-07-27 08:40:32,928 [INFO] root: Procesando: **Vistas de Consumo (TC, CD, SEG)**...
2026-07-27 08:40:32,929 [INFO] core.sql_executor: Se detectaron 3 sentencias en CONSUMO_SELECT_TC_CD_SEG.sql
2026-07-27 08:40:32,931 [INFO] core.sql_executor:    [1/3] Ejecutando: DELETE FROM DLAB_GEC.M_EXP_CONSUMO_SELECT_TC_CD_SEG ALL
2026-07-27 08:40:32,931 [INFO] root: 🔹 [1/3] Ejecutando sentencia...
2026-07-27 08:40:33,302 [INFO] core.sql_executor:    [2/3] Ejecutando: INSERT INTO DLAB_GEC.M_EXP_CONSUMO_SELECT_TC_CD_SEG (     CO...
2026-07-27 08:40:33,302 [INFO] root: 🔹 [2/3] Ejecutando sentencia...
2026-07-27 08:40:36,892 [INFO] core.sql_executor:    [3/3] Ejecutando: COLLECT STATISTICS ON DLAB_GEC.M_EXP_CONSUMO_SELECT_TC_CD_SE...
2026-07-27 08:40:36,893 [INFO] root: 🔹 [3/3] Ejecutando sentencia...
2026-07-27 08:40:37,353 [INFO] root: SUCCESS: Completado: **Vistas de Consumo (TC, CD, SEG)**
2026-07-27 08:40:37,450 [INFO] root: SUCCESS: ¡Selección de Consumo completada exitosamente en Teradata!
2026-07-27 08:40:37,458 [INFO] root: SUCCESS: ¡Proceso de orquestación finalizado con éxito para Calidad Insumos!
