2026-07-24 08:41:50,741 [INFO] root: ⚡ [Fase 1] Iniciando descarga de insumos de Insight...
2026-07-24 08:41:50,761 [INFO] root: Descargando insumo 'TRAFICO_GENESYS' desde Insight...
2026-07-24 08:41:50,763 [INFO] root: Iniciando sesión en Insight...
2026-07-24 08:41:51,305 [INFO] root: Obteniendo lista de consultas guardadas...
2026-07-24 08:41:51,452 [INFO] root: Ejecutando consulta 'TRAFICO_GENESYS' en el área 'GCI_PRD_Insight_ACOE'...
2026-07-24 08:43:55,439 [INFO] root: Esperando que el archivo sea generado en Insight...
2026-07-24 08:43:55,493 [INFO] root: Esperando archivo... (intento 1/20)
2026-07-24 08:44:00,587 [INFO] root: Esperando archivo... (intento 2/20)
2026-07-24 08:44:05,614 [INFO] root: Descargando archivo desde Insight...
2026-07-24 08:44:12,062 [INFO] root: Descarga finalizada. Guardado en 'C:\Users\b47756\OneDrive - Interbank\Televentas\UPLOADER_V2\INPUT_BASE_CONSUMO\Reporte_Insight_TRAFICO_GENESYS_20260724.txt'.
2026-07-24 08:44:12,072 [INFO] root: Descargando insumo 'CONV_ATTRIBUTES' desde Insight...
2026-07-24 08:44:12,075 [INFO] root: Iniciando sesión en Insight...
2026-07-24 08:44:12,249 [INFO] root: Obteniendo lista de consultas guardadas...
2026-07-24 08:44:12,345 [INFO] root: Ejecutando consulta 'CONV_ATTRIBUTES' en el área 'GCI_PRD_Insight_ACOE'...
2026-07-24 08:44:29,423 [INFO] root: Esperando que el archivo sea generado en Insight...
2026-07-24 08:44:29,439 [INFO] root: Esperando archivo... (intento 1/20)
2026-07-24 08:44:34,459 [INFO] root: Descargando archivo desde Insight...
2026-07-24 08:44:34,838 [INFO] root: Descarga finalizada. Guardado en 'C:\Users\b47756\OneDrive - Interbank\Televentas\UPLOADER_V2\INPUT_BASE_CONSUMO\Reporte_Insight_CONV_ATTRIBUTES_20260724.txt'.
2026-07-24 08:44:34,843 [INFO] root: Descargando insumo 'DERIVA_BT' desde Insight...
2026-07-24 08:44:34,845 [INFO] root: Iniciando sesión en Insight...
2026-07-24 08:44:34,955 [INFO] root: Obteniendo lista de consultas guardadas...
2026-07-24 08:44:35,037 [INFO] root: Ejecutando consulta 'DERIVA_BT' en el área 'GCI_PRD_Insight_ACOE'...
2026-07-24 08:46:27,493 [INFO] root: Esperando que el archivo sea generado en Insight...
2026-07-24 08:46:27,511 [INFO] root: Esperando archivo... (intento 1/20)
2026-07-24 08:46:32,536 [INFO] root: Descargando archivo desde Insight...
2026-07-24 08:46:33,349 [INFO] root: Descarga finalizada. Guardado en 'C:\Users\b47756\OneDrive - Interbank\Televentas\UPLOADER_V2\INPUT_BASE_CONSUMO\Reporte_Insight_DERIVA_BT_20260724.txt'.
2026-07-24 08:46:33,354 [INFO] root: Descargando insumo 'CLOUD_MARCA_TRANSF' desde Insight...
2026-07-24 08:46:33,357 [INFO] root: Iniciando sesión en Insight...
2026-07-24 08:46:33,505 [INFO] root: Obteniendo lista de consultas guardadas...
2026-07-24 08:46:33,592 [INFO] root: Ejecutando consulta 'CLOUD_MARCA_TRANSF' en el área 'GCI_PRD_Insight_ACOE'...
2026-07-24 08:48:16,419 [INFO] root: Esperando que el archivo sea generado en Insight...
2026-07-24 08:48:16,432 [INFO] root: Esperando archivo... (intento 1/20)
2026-07-24 08:48:21,443 [INFO] root: Esperando archivo... (intento 2/20)
2026-07-24 08:48:26,454 [INFO] root: Descargando archivo desde Insight...
2026-07-24 08:48:27,455 [INFO] root: Descarga finalizada. Guardado en 'C:\Users\b47756\OneDrive - Interbank\Televentas\UPLOADER_V2\INPUT_BASE_CONSUMO\Reporte_Insight_CLOUD_MARCA_TRANSF_20260724.txt'.
2026-07-24 08:48:27,460 [INFO] root: Descargando insumo 'BT_TRANSFERENCIA' desde Insight...
2026-07-24 08:48:27,462 [INFO] root: Iniciando sesión en Insight...
2026-07-24 08:48:27,607 [INFO] root: Obteniendo lista de consultas guardadas...
2026-07-24 08:48:27,687 [INFO] root: Ejecutando consulta 'BT_TRANSFERENCIA' en el área 'GCI_PRD_Insight_ACOE'...
2026-07-24 08:48:56,427 [INFO] root: Esperando que el archivo sea generado en Insight...
2026-07-24 08:48:56,443 [INFO] root: Esperando archivo... (intento 1/20)
2026-07-24 08:49:01,460 [INFO] root: Descargando archivo desde Insight...
2026-07-24 08:49:01,515 [INFO] root: Descarga finalizada. Guardado en 'C:\Users\b47756\OneDrive - Interbank\Televentas\UPLOADER_V2\INPUT_BASE_CONSUMO\Reporte_Insight_BT_TRANSFERENCIA_20260724.txt'.
2026-07-24 08:49:01,521 [INFO] root: Descargando insumo 'IVR_VENTAS' desde Insight...
2026-07-24 08:49:01,525 [INFO] root: Iniciando sesión en Insight...
2026-07-24 08:49:01,625 [INFO] root: Obteniendo lista de consultas guardadas...
2026-07-24 08:49:01,690 [INFO] root: Ejecutando consulta 'IVR_VENTAS' en el área 'GCI_PRD_Insight_ACOE'...
2026-07-24 08:50:42,243 [INFO] root: Esperando que el archivo sea generado en Insight...
2026-07-24 08:50:42,258 [INFO] root: Esperando archivo... (intento 1/20)
2026-07-24 08:50:47,280 [INFO] root: Descargando archivo desde Insight...
2026-07-24 08:50:47,365 [INFO] root: Descarga finalizada. Guardado en 'C:\Users\b47756\OneDrive - Interbank\Televentas\UPLOADER_V2\INPUT_BASE_CONSUMO\Reporte_Insight_IVR_VENTAS_20260724.txt'.
2026-07-24 08:50:47,371 [INFO] root: Descargando insumo 'EVALUATIONS' desde Insight...
2026-07-24 08:50:47,373 [INFO] root: Iniciando sesión en Insight...
2026-07-24 08:50:47,495 [INFO] root: Obteniendo lista de consultas guardadas...
2026-07-24 08:50:47,567 [INFO] root: Ejecutando consulta 'EVALUATIONS' en el área 'GCI_PRD_Insight_TLVentas'...
2026-07-24 08:50:48,889 [INFO] root: Esperando que el archivo sea generado en Insight...
2026-07-24 08:50:48,905 [INFO] root: Esperando archivo... (intento 1/20)
2026-07-24 08:50:53,914 [INFO] root: Esperando archivo... (intento 2/20)
2026-07-24 08:50:58,923 [INFO] root: Descargando archivo desde Insight...
2026-07-24 08:51:00,159 [INFO] root: Descarga finalizada. Guardado en 'C:\Users\b47756\OneDrive - Interbank\Televentas\UPLOADER_V2\INPUT_BASE_CONSUMO\Reporte_Insight_EVALUATIONS_20260724.txt'.
2026-07-24 08:51:00,165 [INFO] root: Conectando a Teradata para iniciar las fases correspondientes...
2026-07-24 08:51:04,474 [INFO] root: 🧹 Leyendo y limpiando archivo 'Reporte_Insight_TRAFICO_GENESYS_20260724.txt'...
2026-07-24 08:51:04,901 [INFO] root: Subiendo datos a la tabla 'DLAB_GEC.M_EXP_TRAFICO_GENESIS'...
2026-07-24 08:51:05,071 [INFO] root: Limpiando datos existentes en la tabla...
2026-07-24 08:51:06,328 [INFO] root: Preparando registros para la carga...
2026-07-24 08:51:07,086 [INFO] root: Iniciando carga de 379,774 registros...
2026-07-24 08:51:07,093 [INFO] root: Cargando registros: 1 a 50,000 de 379,774 (13%)
2026-07-24 08:51:11,896 [INFO] root: Cargando registros: 50,001 a 100,000 de 379,774 (26%)
2026-07-24 08:51:16,717 [INFO] root: Cargando registros: 100,001 a 150,000 de 379,774 (39%)
2026-07-24 08:51:21,100 [INFO] root: Cargando registros: 150,001 a 200,000 de 379,774 (52%)
2026-07-24 08:51:26,759 [INFO] root: Cargando registros: 200,001 a 250,000 de 379,774 (65%)
2026-07-24 08:51:32,985 [INFO] root: Cargando registros: 250,001 a 300,000 de 379,774 (78%)
2026-07-24 08:51:40,769 [INFO] root: Cargando registros: 300,001 a 350,000 de 379,774 (92%)
2026-07-24 08:51:48,392 [INFO] root: Cargando registros: 350,001 a 379,774 de 379,774 (100%)
2026-07-24 08:51:52,207 [INFO] root: Carga de datos finalizada con éxito.
2026-07-24 08:51:52,309 [INFO] root: 🧹 Leyendo y limpiando archivo 'Reporte_Insight_CONV_ATTRIBUTES_20260724.txt'...
2026-07-24 08:51:52,363 [INFO] root: Subiendo datos a la tabla 'DLAB_GEC.M_EXP_BT_CONVERSATIONS_ATTRIBUTES'...
2026-07-24 08:51:52,623 [INFO] root: Limpiando datos existentes en la tabla...
2026-07-24 08:51:53,243 [INFO] root: Preparando registros para la carga...
2026-07-24 08:51:53,289 [INFO] root: Iniciando carga de 20,582 registros...
2026-07-24 08:51:53,294 [INFO] root: Cargando registros: 1 a 20,582 de 20,582 (100%)
2026-07-24 08:51:55,193 [INFO] root: Carga de datos finalizada con éxito.
2026-07-24 08:51:55,206 [INFO] root: 🧹 Leyendo y limpiando archivo 'Reporte_Insight_DERIVA_BT_20260724.txt'...
2026-07-24 08:51:55,285 [INFO] root: Subiendo datos a la tabla 'DLAB_GEC.M_EXP_DERIVA_BT_TIEMPOS'...
2026-07-24 08:51:55,518 [INFO] root: Limpiando datos existentes en la tabla...
2026-07-24 08:51:55,982 [INFO] root: Preparando registros para la carga...
2026-07-24 08:51:56,097 [INFO] root: Iniciando carga de 40,435 registros...
2026-07-24 08:51:56,103 [INFO] root: Cargando registros: 1 a 40,435 de 40,435 (100%)
2026-07-24 08:52:00,143 [INFO] root: Carga de datos finalizada con éxito.
2026-07-24 08:52:00,157 [INFO] root: 🧹 Leyendo y limpiando archivo 'Reporte_Insight_CLOUD_MARCA_TRANSF_20260724.txt'...
2026-07-24 08:52:00,225 [INFO] root: Subiendo datos a la tabla 'DLAB_GEC.M_EXP_CO_CLOUD_MARCA_TRASNFERENCIA_PRE'...
2026-07-24 08:52:00,499 [INFO] root: Limpiando datos existentes en la tabla...
2026-07-24 08:52:01,032 [INFO] root: Preparando registros para la carga...
2026-07-24 08:52:01,155 [INFO] root: Iniciando carga de 55,965 registros...
2026-07-24 08:52:01,161 [INFO] root: Cargando registros: 1 a 50,000 de 55,965 (89%)
2026-07-24 08:52:05,258 [INFO] root: Cargando registros: 50,001 a 55,965 de 55,965 (100%)
2026-07-24 08:52:06,063 [INFO] root: Carga de datos finalizada con éxito.
2026-07-24 08:52:06,085 [INFO] root: 🧹 Leyendo y limpiando archivo 'Reporte_Insight_BT_TRANSFERENCIA_20260724.txt'...
2026-07-24 08:52:06,106 [INFO] root: Subiendo datos a la tabla 'DLAB_GEC.M_DERIVA_BT_EV_TRANSFERENCIA'...
2026-07-24 08:52:06,509 [INFO] root: Limpiando datos existentes en la tabla...
2026-07-24 08:52:06,958 [INFO] root: Preparando registros para la carga...
2026-07-24 08:52:06,965 [INFO] root: Iniciando carga de 1,103 registros...
2026-07-24 08:52:06,969 [INFO] root: Cargando registros: 1 a 1,103 de 1,103 (100%)
2026-07-24 08:52:07,118 [INFO] root: Carga de datos finalizada con éxito.
2026-07-24 08:52:07,127 [INFO] root: 🧹 Leyendo y limpiando archivo 'Reporte_Insight_IVR_VENTAS_20260724.txt'...
2026-07-24 08:52:07,144 [INFO] root: Subiendo datos a la tabla 'DLAB_GEC.M_EXP_IVR_VENTAS_2022'...
2026-07-24 08:52:07,383 [INFO] root: Limpiando datos existentes en la tabla...
2026-07-24 08:52:07,795 [INFO] root: Preparando registros para la carga...
2026-07-24 08:52:07,808 [INFO] root: Iniciando carga de 3,117 registros...
2026-07-24 08:52:07,815 [INFO] root: Cargando registros: 1 a 3,117 de 3,117 (100%)
2026-07-24 08:52:08,197 [INFO] root: Carga de datos finalizada con éxito.
2026-07-24 08:52:08,204 [INFO] root: 🧹 Leyendo y limpiando archivo 'Reporte_Insight_EVALUATIONS_20260724.txt'...
2026-07-24 08:52:08,291 [INFO] root: Subiendo datos a la tabla 'DLAB_GEC.M_EXP_CALIDAD_PURECLOUD_PRE'...
2026-07-24 08:52:08,590 [INFO] root: Limpiando datos existentes en la tabla...
2026-07-24 08:52:09,140 [INFO] root: Preparando registros para la carga...
2026-07-24 08:52:09,253 [INFO] root: Iniciando carga de 22,012 registros...
2026-07-24 08:52:09,258 [INFO] root: Cargando registros: 1 a 22,012 de 22,012 (100%)
2026-07-24 08:52:14,566 [INFO] root: Carga de datos finalizada con éxito.
2026-07-24 08:52:14,593 [INFO] root: [Fase 2] Archivo manual de CD40K detectado en: CD40K_NEW.xlsx. Iniciando carga automática...
2026-07-24 08:52:15,303 [INFO] root: 🔄 Conectando con Excel para actualizar desde SharePoint...
2026-07-24 08:53:16,080 [WARNING] root: Advertencia al actualizar CD40K desde SharePoint: Se superó el límite de tiempo de 60s al actualizar Excel desde SharePoint. (Se omitió actualización automática). Se continuará leyendo el archivo en su estado actual.
2026-07-24 08:53:16,163 [WARNING] fastexcel.types.dtype: Could not determine dtype for column 5, falling back to string
2026-07-24 08:53:16,190 [INFO] root: Subiendo base manual a Teradata 'DLAB_GEC.T_SP_CD40K'...
2026-07-24 08:53:16,421 [INFO] root: Limpiando datos existentes en la tabla...
2026-07-24 08:53:16,760 [INFO] root: Preparando registros para la carga...
2026-07-24 08:53:16,774 [INFO] root: Iniciando carga de 6,380 registros...
2026-07-24 08:53:16,779 [INFO] root: Cargando registros: 1 a 6,380 de 6,380 (100%)
2026-07-24 08:53:17,226 [INFO] root: Carga de datos finalizada con éxito.
2026-07-24 08:53:17,233 [INFO] root: [Fase 3] Conectando a SQL Server para extraer BN_DESEMBOLSOS_GENERAL...
2026-07-24 08:53:22,352 [INFO] root: 📥 Extracción exitosa. 5,556 registros obtenidos.
2026-07-24 08:53:22,357 [INFO] root: Transformando datos en Python y subiendo a Teradata 'DLAB_GEC.T_VENTAS_BPE_MARKET'...
2026-07-24 08:53:22,552 [INFO] root: Limpiando datos existentes en la tabla...
2026-07-24 08:53:23,064 [INFO] root: Preparando registros para la carga...
2026-07-24 08:53:23,079 [INFO] root: Iniciando carga de 5,556 registros...
2026-07-24 08:53:23,085 [INFO] root: Cargando registros: 1 a 5,556 de 5,556 (100%)
2026-07-24 08:53:23,601 [INFO] root: Carga de datos finalizada con éxito.
2026-07-24 08:53:23,608 [INFO] root: 🔄 Actualizando flags EVALUADO y FECHA_UPDATE en Teradata...
2026-07-24 08:53:24,084 [INFO] root: SUCCESS: Tabla Teradata 'DLAB_GEC.T_VENTAS_BPE_MARKET' cargada y actualizada exitosamente.
2026-07-24 08:53:24,088 [INFO] root: ⚡ [Fase 4] Iniciando ejecución de scripts SQL optimizados en Teradata...
2026-07-24 08:53:24,094 [INFO] root: Procesando: **Ventas DN**...
2026-07-24 08:53:24,097 [INFO] core.sql_executor: Se detectaron 27 sentencias en VENTAS_DN.sql
2026-07-24 08:53:24,098 [INFO] core.sql_executor:    [1/27] Ejecutando: DELETE FROM DLAB_GEC.M_EXP_VENTAS_TC ALL
2026-07-24 08:53:24,098 [INFO] root: 🔹 [1/27] Ejecutando sentencia...
2026-07-24 08:53:24,364 [INFO] core.sql_executor:    [2/27] Ejecutando: INSERT INTO DLAB_GEC.M_EXP_VENTAS_TC (     MESDESEMBOLSO, TI...
2026-07-24 08:53:24,364 [INFO] root: 🔹 [2/27] Ejecutando sentencia...
2026-07-24 08:53:27,263 [INFO] core.sql_executor:    [3/27] Ejecutando: COLLECT STATISTICS ON DLAB_GEC.M_EXP_VENTAS_TC COLUMN (CODDO...
2026-07-24 08:53:27,264 [INFO] root: 🔹 [3/27] Ejecutando sentencia...
2026-07-24 08:53:27,999 [INFO] core.sql_executor:    [4/27] Ejecutando: DELETE FROM DLAB_GEC.M_EXP_VENTAS_PP ALL
2026-07-24 08:53:28,000 [INFO] root: 🔹 [4/27] Ejecutando sentencia...
2026-07-24 08:53:28,328 [INFO] core.sql_executor:    [5/27] Ejecutando: INSERT INTO DLAB_GEC.M_EXP_VENTAS_PP (     MESDESEMBOLSO, TI...
2026-07-24 08:53:28,328 [INFO] root: 🔹 [5/27] Ejecutando sentencia...
2026-07-24 08:53:29,697 [INFO] core.sql_executor:    [6/27] Ejecutando: COLLECT STATISTICS ON DLAB_GEC.M_EXP_VENTAS_PP COLUMN (CODDO...
2026-07-24 08:53:29,697 [INFO] root: 🔹 [6/27] Ejecutando sentencia...
2026-07-24 08:53:30,720 [INFO] core.sql_executor:    [7/27] Ejecutando: DELETE FROM DLAB_GEC.M_EXP_VENTAS_EC ALL
2026-07-24 08:53:30,720 [INFO] root: 🔹 [7/27] Ejecutando sentencia...
2026-07-24 08:53:31,027 [INFO] core.sql_executor:    [8/27] Ejecutando: INSERT INTO DLAB_GEC.M_EXP_VENTAS_EC (     MESDESEMBOLSO, TI...
2026-07-24 08:53:31,028 [INFO] root: 🔹 [8/27] Ejecutando sentencia...
2026-07-24 08:53:32,048 [INFO] core.sql_executor:    [9/27] Ejecutando: COLLECT STATISTICS ON DLAB_GEC.M_EXP_VENTAS_EC COLUMN (CODDO...
2026-07-24 08:53:32,048 [INFO] root: 🔹 [9/27] Ejecutando sentencia...
2026-07-24 08:53:32,782 [INFO] core.sql_executor:    [10/27] Ejecutando: DELETE FROM DLAB_GEC.M_EXP_VENTAS_CD ALL
2026-07-24 08:53:32,782 [INFO] root: 🔹 [10/27] Ejecutando sentencia...
2026-07-24 08:53:33,067 [INFO] core.sql_executor:    [11/27] Ejecutando: INSERT INTO DLAB_GEC.M_EXP_VENTAS_CD (     MESDESEMBOLSO, TI...
2026-07-24 08:53:33,068 [INFO] root: 🔹 [11/27] Ejecutando sentencia...
2026-07-24 08:53:35,262 [INFO] core.sql_executor:    [12/27] Ejecutando: COLLECT STATISTICS ON DLAB_GEC.M_EXP_VENTAS_CD COLUMN (CODDO...
2026-07-24 08:53:35,263 [INFO] root: 🔹 [12/27] Ejecutando sentencia...
2026-07-24 08:53:35,795 [INFO] core.sql_executor:    [13/27] Ejecutando: DELETE FROM DLAB_GEC.M_EXP_VENTAS_CON ALL
2026-07-24 08:53:35,796 [INFO] root: 🔹 [13/27] Ejecutando sentencia...
2026-07-24 08:53:36,143 [INFO] core.sql_executor:    [14/27] Ejecutando: INSERT INTO DLAB_GEC.M_EXP_VENTAS_CON (     MESDESEMBOLSO, T...
2026-07-24 08:53:36,144 [INFO] root: 🔹 [14/27] Ejecutando sentencia...
2026-07-24 08:53:37,877 [INFO] core.sql_executor:    [15/27] Ejecutando: COLLECT STATISTICS ON DLAB_GEC.M_EXP_VENTAS_CON COLUMN (CODD...
2026-07-24 08:53:37,878 [INFO] root: 🔹 [15/27] Ejecutando sentencia...
2026-07-24 08:53:38,695 [INFO] core.sql_executor:    [16/27] Ejecutando: DELETE FROM DLAB_GEC.M_EXP_VENTAS_UPG ALL
2026-07-24 08:53:38,696 [INFO] root: 🔹 [16/27] Ejecutando sentencia...
2026-07-24 08:53:39,043 [INFO] core.sql_executor:    [17/27] Ejecutando: INSERT INTO DLAB_GEC.M_EXP_VENTAS_UPG (     MESDESEMBOLSO, T...
2026-07-24 08:53:39,043 [INFO] root: 🔹 [17/27] Ejecutando sentencia...
2026-07-24 08:53:40,085 [INFO] core.sql_executor:    [18/27] Ejecutando: COLLECT STATISTICS ON DLAB_GEC.M_EXP_VENTAS_UPG COLUMN (CODD...
2026-07-24 08:53:40,086 [INFO] root: 🔹 [18/27] Ejecutando sentencia...
2026-07-24 08:53:40,741 [INFO] core.sql_executor:    [19/27] Ejecutando: DELETE FROM DLAB_GEC.M_EXP_VENTAS_IL ALL
2026-07-24 08:53:40,741 [INFO] root: 🔹 [19/27] Ejecutando sentencia...
2026-07-24 08:53:40,910 [INFO] core.sql_executor:    [20/27] Ejecutando: INSERT INTO DLAB_GEC.M_EXP_VENTAS_IL (     MESDESEMBOLSO, TI...
2026-07-24 08:53:40,911 [INFO] root: 🔹 [20/27] Ejecutando sentencia...
2026-07-24 08:53:41,565 [INFO] core.sql_executor:    [21/27] Ejecutando: COLLECT STATISTICS ON DLAB_GEC.M_EXP_VENTAS_IL COLUMN (CODDO...
2026-07-24 08:53:41,565 [INFO] root: 🔹 [21/27] Ejecutando sentencia...
2026-07-24 08:53:41,994 [INFO] core.sql_executor:    [22/27] Ejecutando: DELETE FROM DLAB_GEC.M_EXP_VENTAS_PA ALL
2026-07-24 08:53:41,995 [INFO] root: 🔹 [22/27] Ejecutando sentencia...
2026-07-24 08:53:42,262 [INFO] core.sql_executor:    [23/27] Ejecutando: INSERT INTO DLAB_GEC.M_EXP_VENTAS_PA (     MESDESEMBOLSO, TI...
2026-07-24 08:53:42,262 [INFO] root: 🔹 [23/27] Ejecutando sentencia...
2026-07-24 08:53:43,531 [INFO] core.sql_executor:    [24/27] Ejecutando: COLLECT STATISTICS ON DLAB_GEC.M_EXP_VENTAS_PA COLUMN (CODDO...
2026-07-24 08:53:43,532 [INFO] root: 🔹 [24/27] Ejecutando sentencia...
2026-07-24 08:53:44,245 [INFO] core.sql_executor:    [25/27] Ejecutando: DELETE FROM DLAB_GEC.M_EXP_VENTAS_SEG ALL
2026-07-24 08:53:44,245 [INFO] root: 🔹 [25/27] Ejecutando sentencia...
2026-07-24 08:53:44,533 [INFO] core.sql_executor:    [26/27] Ejecutando: INSERT INTO DLAB_GEC.M_EXP_VENTAS_SEG (     MESDESEMBOLSO, T...
2026-07-24 08:53:44,534 [INFO] root: 🔹 [26/27] Ejecutando sentencia...
2026-07-24 08:53:45,459 [INFO] core.sql_executor:    [27/27] Ejecutando: COLLECT STATISTICS ON DLAB_GEC.M_EXP_VENTAS_SEG COLUMN (CODD...
2026-07-24 08:53:45,460 [INFO] root: 🔹 [27/27] Ejecutando sentencia...
2026-07-24 08:53:46,078 [INFO] root: SUCCESS: Completado: **Ventas DN**
2026-07-24 08:53:46,086 [INFO] root: Procesando: **Base CD40K**...
2026-07-24 08:53:46,099 [INFO] core.sql_executor: Se detectaron 3 sentencias en CD40K.sql
2026-07-24 08:53:46,100 [INFO] core.sql_executor:    [1/3] Ejecutando: DELETE FROM DLAB_GEC.M_EXP_CD40K ALL
2026-07-24 08:53:46,100 [INFO] root: 🔹 [1/3] Ejecutando sentencia...
2026-07-24 08:53:46,347 [INFO] core.sql_executor:    [2/3] Ejecutando: INSERT INTO DLAB_GEC.M_EXP_CD40K (     MESDESEMBOLSO, TIP_CL...
2026-07-24 08:53:46,348 [INFO] root: 🔹 [2/3] Ejecutando sentencia...
2026-07-24 08:53:48,943 [INFO] core.sql_executor:    [3/3] Ejecutando: COLLECT STATISTICS ON DLAB_GEC.M_EXP_CD40K COLUMN (CODDOC, C...
2026-07-24 08:53:48,943 [INFO] root: 🔹 [3/3] Ejecutando sentencia...
2026-07-24 08:53:49,464 [INFO] root: SUCCESS: Completado: **Base CD40K**
2026-07-24 08:53:49,470 [INFO] root: Procesando: **Fuente TVL**...
2026-07-24 08:53:49,472 [INFO] core.sql_executor: Se detectaron 11 sentencias en SOURCE_TVL.sql
2026-07-24 08:53:49,473 [INFO] core.sql_executor:    [1/11] Ejecutando: DELETE FROM DLAB_GEC.T_RETENCION_BASE_CALIDAD_GIRU ALL
2026-07-24 08:53:49,473 [INFO] root: 🔹 [1/11] Ejecutando sentencia...
2026-07-24 08:53:50,005 [INFO] core.sql_executor:    [2/11] Ejecutando: INSERT INTO DLAB_GEC.T_RETENCION_BASE_CALIDAD_GIRU (     REC...
2026-07-24 08:53:50,005 [INFO] root: 🔹 [2/11] Ejecutando sentencia...
2026-07-24 08:53:58,461 [INFO] core.sql_executor:    [3/11] Ejecutando: COLLECT STATISTICS ON DLAB_GEC.T_RETENCION_BASE_CALIDAD_GIRU...
2026-07-24 08:53:58,462 [INFO] root: 🔹 [3/11] Ejecutando sentencia...
2026-07-24 08:53:58,567 [WARNING] core.sql_executor:    ⚠️ COLLECT STATISTICS omitido (sin permiso): COLLECT STATISTICS ON DLAB_GEC.T_RETENCION_BASE_CALIDAD_GIRU...
2026-07-24 08:53:58,568 [INFO] core.sql_executor:    [4/11] Ejecutando: DELETE FROM DLAB_GEC.T_CALIDAD_SEGUROS_PRT ALL
2026-07-24 08:53:58,568 [INFO] root: 🔹 [4/11] Ejecutando sentencia...
2026-07-24 08:53:58,917 [INFO] core.sql_executor:    [5/11] Ejecutando: INSERT INTO DLAB_GEC.T_CALIDAD_SEGUROS_PRT (     MESVENTA, F...
2026-07-24 08:53:58,917 [INFO] root: 🔹 [5/11] Ejecutando sentencia...
2026-07-24 08:54:00,615 [INFO] core.sql_executor:    [6/11] Ejecutando: COLLECT STATISTICS ON DLAB_GEC.T_CALIDAD_SEGUROS_PRT COLUMN ...
2026-07-24 08:54:00,616 [INFO] root: 🔹 [6/11] Ejecutando sentencia...
2026-07-24 08:54:01,391 [INFO] core.sql_executor:    [7/11] Ejecutando: DELETE FROM DLAB_GEC.M_EXP_CONSUMO_SELECT_PP_EC ALL
2026-07-24 08:54:01,391 [INFO] root: 🔹 [7/11] Ejecutando sentencia...
2026-07-24 08:54:01,616 [INFO] core.sql_executor:    [8/11] Ejecutando: INSERT INTO DLAB_GEC.M_EXP_CONSUMO_SELECT_PP_EC (     CODMES...
2026-07-24 08:54:01,617 [INFO] root: 🔹 [8/11] Ejecutando sentencia...
2026-07-24 08:54:06,045 [INFO] core.sql_executor:    [9/11] Ejecutando: COLLECT STATISTICS ON DLAB_GEC.M_EXP_CONSUMO_SELECT_PP_EC CO...
2026-07-24 08:54:06,045 [INFO] root: 🔹 [9/11] Ejecutando sentencia...
2026-07-24 08:54:06,109 [WARNING] core.sql_executor:    ⚠️ COLLECT STATISTICS omitido (sin permiso): COLLECT STATISTICS ON DLAB_GEC.M_EXP_CONSUMO_SELECT_PP_EC CO...
2026-07-24 08:54:06,109 [INFO] core.sql_executor:    [10/11] Ejecutando: REPLACE VIEW DLAB_GEC.V_GESTION_CHIP AS (     SELECT        ...
2026-07-24 08:54:06,110 [INFO] root: 🔹 [10/11] Ejecutando sentencia...
2026-07-24 08:54:06,640 [INFO] core.sql_executor:    [11/11] Ejecutando: REPLACE VIEW DLAB_GEC.V_CNV_RETENCION_PBI AS (  SELECT   MES...
2026-07-24 08:54:06,640 [INFO] root: 🔹 [11/11] Ejecutando sentencia...
2026-07-24 08:54:07,299 [INFO] root: SUCCESS: Completado: **Fuente TVL**
2026-07-24 08:54:07,311 [INFO] root: Procesando: **Consentimiento Diario**...
2026-07-24 08:54:07,313 [INFO] core.sql_executor: Se detectaron 12 sentencias en CA_CONSENTIMIENTO_DIARIO.sql
2026-07-24 08:54:07,314 [INFO] core.sql_executor:    [1/12] Ejecutando: INSERT INTO DLAB_GEC.M_EXP_CONSENTIMIENTO_PP (TIP_CLIENTE, N...
2026-07-24 08:54:07,314 [INFO] root: 🔹 [1/12] Ejecutando sentencia...
2026-07-24 08:54:11,467 [INFO] core.sql_executor:    [2/12] Ejecutando: INSERT INTO DLAB_GEC.M_EXP_CONSENTIMIENTO_TC (TIP_CLIENTE, N...
2026-07-24 08:54:11,468 [INFO] root: 🔹 [2/12] Ejecutando sentencia...
2026-07-24 08:54:16,220 [INFO] core.sql_executor:    [3/12] Ejecutando: INSERT INTO DLAB_GEC.M_EXP_CONSENTIMIENTO_EC (TIP_CLIENTE, N...
2026-07-24 08:54:16,221 [INFO] root: 🔹 [3/12] Ejecutando sentencia...
2026-07-24 08:54:18,532 [INFO] core.sql_executor:    [4/12] Ejecutando: INSERT INTO DLAB_GEC.M_EXP_CONSENTIMIENTO_CD (TIP_CLIENTE, N...
2026-07-24 08:54:18,532 [INFO] root: 🔹 [4/12] Ejecutando sentencia...
2026-07-24 08:54:20,271 [INFO] core.sql_executor:    [5/12] Ejecutando: INSERT INTO DLAB_GEC.M_EXP_CONSENTIMIENTO_CON (TIP_CLIENTE, ...
2026-07-24 08:54:20,271 [INFO] root: 🔹 [5/12] Ejecutando sentencia...
2026-07-24 08:54:22,171 [INFO] core.sql_executor:    [6/12] Ejecutando: INSERT INTO DLAB_GEC.M_EXP_CONSENTIMIENTO_IL (TIP_CLIENTE, N...
2026-07-24 08:54:22,172 [INFO] root: 🔹 [6/12] Ejecutando sentencia...
2026-07-24 08:54:22,989 [INFO] core.sql_executor:    [7/12] Ejecutando: INSERT INTO DLAB_GEC.M_EXP_CONSENTIMIENTO_UPG (TIP_CLIENTE, ...
2026-07-24 08:54:22,990 [INFO] root: 🔹 [7/12] Ejecutando sentencia...
2026-07-24 08:54:24,483 [INFO] core.sql_executor:    [8/12] Ejecutando: INSERT INTO DLAB_GEC.M_EXP_CONSENTIMIENTO_DPP (TIP_CLIENTE, ...
2026-07-24 08:54:24,484 [INFO] root: 🔹 [8/12] Ejecutando sentencia...
2026-07-24 08:54:27,325 [INFO] core.sql_executor:    [9/12] Ejecutando: INSERT INTO DLAB_GEC.M_EXP_CONSENTIMIENTO_DTC (TIP_CLIENTE, ...
2026-07-24 08:54:27,325 [INFO] root: 🔹 [9/12] Ejecutando sentencia...
2026-07-24 08:54:28,347 [INFO] core.sql_executor:    [10/12] Ejecutando: INSERT INTO DLAB_GEC.M_EXP_CONSENTIMIENTO_DEC (TIP_CLIENTE, ...
2026-07-24 08:54:28,347 [INFO] root: 🔹 [10/12] Ejecutando sentencia...
2026-07-24 08:54:29,489 [INFO] core.sql_executor:    [11/12] Ejecutando: INSERT INTO DLAB_GEC.M_EXP_CONSENTIMIENTO_DCD (TIP_CLIENTE, ...
2026-07-24 08:54:29,490 [INFO] root: 🔹 [11/12] Ejecutando sentencia...
2026-07-24 08:54:30,612 [INFO] core.sql_executor:    [12/12] Ejecutando: INSERT INTO DLAB_GEC.M_EXP_CONSENTIMIENTO_DPRT (TIP_CLIENTE,...
2026-07-24 08:54:30,613 [INFO] root: 🔹 [12/12] Ejecutando sentencia...
2026-07-24 08:54:31,292 [INFO] root: SUCCESS: Completado: **Consentimiento Diario**
2026-07-24 08:54:31,300 [INFO] root: Procesando: **Ventas Sin Audio**...
2026-07-24 08:54:31,302 [INFO] core.sql_executor: Se detectaron 19 sentencias en KRI_VENTAS_SIN_AUDIO.sql
2026-07-24 08:54:31,303 [INFO] core.sql_executor:    [1/19] Ejecutando: DELETE FROM DLAB_GEC.M_EXP_CO_KRI_VENTA_TOTAL ALL
2026-07-24 08:54:31,304 [INFO] root: 🔹 [1/19] Ejecutando sentencia...
2026-07-24 08:54:31,509 [INFO] core.sql_executor:    [2/19] Ejecutando: INSERT INTO DLAB_GEC.M_EXP_CO_KRI_VENTA_TOTAL (     MESDESEM...
2026-07-24 08:54:31,509 [INFO] root: 🔹 [2/19] Ejecutando sentencia...
2026-07-24 08:54:32,429 [INFO] core.sql_executor:    [3/19] Ejecutando: COLLECT STATISTICS ON DLAB_GEC.M_EXP_CO_KRI_VENTA_TOTAL COLU...
2026-07-24 08:54:32,430 [INFO] root: 🔹 [3/19] Ejecutando sentencia...
2026-07-24 08:54:32,512 [WARNING] core.sql_executor:    ⚠️ COLLECT STATISTICS omitido (sin permiso): COLLECT STATISTICS ON DLAB_GEC.M_EXP_CO_KRI_VENTA_TOTAL COLU...
2026-07-24 08:54:32,513 [INFO] core.sql_executor:    [4/19] Ejecutando: UPDATE DLAB_GEC.M_EXP_TRAFICO_GENESYS  FROM DLAB_GEC.M_EXP_T...
2026-07-24 08:54:32,513 [INFO] root: 🔹 [4/19] Ejecutando sentencia...
2026-07-24 08:54:32,983 [INFO] core.sql_executor:    [5/19] Ejecutando: UPDATE DLAB_GEC.M_EXP_TRAFICO_GENESYS FROM (     SELECT TELE...
2026-07-24 08:54:32,983 [INFO] root: 🔹 [5/19] Ejecutando sentencia...
2026-07-24 08:54:38,933 [INFO] core.sql_executor:    [6/19] Ejecutando: UPDATE DLAB_GEC.M_EXP_TRAFICO_GENESYS FROM (     SELECT TELE...
2026-07-24 08:54:38,934 [INFO] root: 🔹 [6/19] Ejecutando sentencia...
2026-07-24 08:54:45,013 [INFO] core.sql_executor:    [7/19] Ejecutando: UPDATE DLAB_GEC.M_EXP_TRAFICO_GENESYS FROM (     SELECT NUMT...
2026-07-24 08:54:45,014 [INFO] root: 🔹 [7/19] Ejecutando sentencia...
2026-07-24 08:54:46,465 [INFO] core.sql_executor:    [8/19] Ejecutando: UPDATE DLAB_GEC.M_EXP_TRAFICO_GENESYS FROM (     SELECT NUMT...
2026-07-24 08:54:46,465 [INFO] root: 🔹 [8/19] Ejecutando sentencia...
2026-07-24 08:54:47,792 [INFO] core.sql_executor:    [9/19] Ejecutando: DROP TABLE DLAB_GEC.TEMP_TRAFICO
2026-07-24 08:54:47,793 [INFO] root: 🔹 [9/19] Ejecutando sentencia...
2026-07-24 08:54:48,220 [INFO] core.sql_executor:    [10/19] Ejecutando: CREATE MULTISET TABLE DLAB_GEC.TEMP_TRAFICO, FALLBACK, NO BE...
2026-07-24 08:54:48,221 [INFO] root: 🔹 [10/19] Ejecutando sentencia...
2026-07-24 08:55:04,397 [INFO] core.sql_executor:    [11/19] Ejecutando: COLLECT STATISTICS ON DLAB_GEC.TEMP_TRAFICO COLUMN (NUM_DOCU...
2026-07-24 08:55:04,397 [INFO] root: 🔹 [11/19] Ejecutando sentencia...
2026-07-24 08:55:05,766 [INFO] core.sql_executor:    [12/19] Ejecutando: DELETE FROM DLAB_GEC.TEMP_TRAFICO WHERE TELEFONO IS NULL AND...
2026-07-24 08:55:05,766 [INFO] root: 🔹 [12/19] Ejecutando sentencia...
2026-07-24 08:55:06,079 [INFO] core.sql_executor:    [13/19] Ejecutando: UPDATE DLAB_GEC.M_EXP_CO_KRI_VENTA_TOTAL FROM (     SELECT N...
2026-07-24 08:55:06,080 [INFO] root: 🔹 [13/19] Ejecutando sentencia...
2026-07-24 08:55:11,569 [INFO] core.sql_executor:    [14/19] Ejecutando: DELETE FROM DLAB_GEC.T_EXP_KRI_VENTAS_SINAUDIO ALL
2026-07-24 08:55:11,570 [INFO] root: 🔹 [14/19] Ejecutando sentencia...
2026-07-24 08:55:11,735 [INFO] core.sql_executor:    [15/19] Ejecutando: INSERT INTO DLAB_GEC.T_EXP_KRI_VENTAS_SINAUDIO (     MESDESE...
2026-07-24 08:55:11,735 [INFO] root: 🔹 [15/19] Ejecutando sentencia...
2026-07-24 08:55:12,165 [INFO] core.sql_executor:    [16/19] Ejecutando: COLLECT STATISTICS ON DLAB_GEC.T_EXP_KRI_VENTAS_SINAUDIO COL...
2026-07-24 08:55:12,166 [INFO] root: 🔹 [16/19] Ejecutando sentencia...
2026-07-24 08:55:12,233 [WARNING] core.sql_executor:    ⚠️ COLLECT STATISTICS omitido (sin permiso): COLLECT STATISTICS ON DLAB_GEC.T_EXP_KRI_VENTAS_SINAUDIO COL...
2026-07-24 08:55:12,233 [INFO] core.sql_executor:    [17/19] Ejecutando: DELETE FROM DLAB_GEC.T_EXP_KRI_VENTAS_SINAUDIO_CALIDAD ALL
2026-07-24 08:55:12,234 [INFO] root: 🔹 [17/19] Ejecutando sentencia...
2026-07-24 08:55:12,520 [INFO] core.sql_executor:    [18/19] Ejecutando: INSERT INTO DLAB_GEC.T_EXP_KRI_VENTAS_SINAUDIO_CALIDAD (  ME...
2026-07-24 08:55:12,520 [INFO] root: 🔹 [18/19] Ejecutando sentencia...
2026-07-24 08:55:12,993 [INFO] core.sql_executor:    [19/19] Ejecutando: COLLECT STATISTICS ON DLAB_GEC.T_EXP_KRI_VENTAS_SINAUDIO_CAL...
2026-07-24 08:55:12,993 [INFO] root: 🔹 [19/19] Ejecutando sentencia...
2026-07-24 08:55:13,116 [WARNING] core.sql_executor:    ⚠️ COLLECT STATISTICS omitido (sin permiso): COLLECT STATISTICS ON DLAB_GEC.T_EXP_KRI_VENTAS_SINAUDIO_CAL...
2026-07-24 08:55:13,121 [INFO] root: SUCCESS: Completado: **Ventas Sin Audio**
2026-07-24 08:55:13,128 [INFO] root: Procesando: **Teléfonos No Autorizados**...
2026-07-24 08:55:13,132 [INFO] core.sql_executor: Se detectaron 133 sentencias en TLF_NO_AUTORIZADO.sql
2026-07-24 08:55:13,132 [INFO] core.sql_executor:    [1/133] Ejecutando: DELETE FROM DLAB_GEC.M_EXP_TLFNO_AUTORIZADO_TC ALL
2026-07-24 08:55:13,133 [INFO] root: 🔹 [1/133] Ejecutando sentencia...
2026-07-24 08:55:13,277 [INFO] core.sql_executor:    [2/133] Ejecutando: INSERT INTO DLAB_GEC.M_EXP_TLFNO_AUTORIZADO_TC (NUM_DOCUMENT...
2026-07-24 08:55:13,278 [INFO] root: 🔹 [2/133] Ejecutando sentencia...
2026-07-24 08:55:14,811 [INFO] core.sql_executor:    [3/133] Ejecutando: UPDATE DLAB_GEC.M_EXP_TLFNO_AUTORIZADO_TC SET RANGO_TIEMPO =...
2026-07-24 08:55:14,812 [INFO] root: 🔹 [3/133] Ejecutando sentencia...
2026-07-24 08:55:14,940 [INFO] core.sql_executor:    [4/133] Ejecutando: UPDATE DLAB_GEC.M_EXP_TLFNO_AUTORIZADO_TC SET RANGO_TIEMPO =...
2026-07-24 08:55:14,940 [INFO] root: 🔹 [4/133] Ejecutando sentencia...
2026-07-24 08:55:15,064 [INFO] core.sql_executor:    [5/133] Ejecutando: UPDATE DLAB_GEC.M_EXP_TLFNO_AUTORIZADO_TC SET RANGO_TIEMPO =...
2026-07-24 08:55:15,065 [INFO] root: 🔹 [5/133] Ejecutando sentencia...
2026-07-24 08:55:15,167 [INFO] core.sql_executor:    [6/133] Ejecutando: UPDATE DLAB_GEC.M_EXP_TLFNO_AUTORIZADO_TC SET RANGO_TIEMPO =...
2026-07-24 08:55:15,168 [INFO] root: 🔹 [6/133] Ejecutando sentencia...
2026-07-24 08:55:15,332 [INFO] core.sql_executor:    [7/133] Ejecutando: UPDATE DLAB_GEC.M_EXP_TLFNO_AUTORIZADO_TC SET RANGO_TIEMPO =...
2026-07-24 08:55:15,332 [INFO] root: 🔹 [7/133] Ejecutando sentencia...
2026-07-24 08:55:15,456 [INFO] core.sql_executor:    [8/133] Ejecutando: UPDATE DLAB_GEC.M_EXP_TLFNO_AUTORIZADO_TC SET RANGO_TIEMPO =...
2026-07-24 08:55:15,456 [INFO] root: 🔹 [8/133] Ejecutando sentencia...
2026-07-24 08:55:15,538 [INFO] core.sql_executor:    [9/133] Ejecutando: UPDATE DLAB_GEC.M_EXP_TLFNO_AUTORIZADO_TC FROM  (SELECT CODD...
2026-07-24 08:55:15,539 [INFO] root: 🔹 [9/133] Ejecutando sentencia...
2026-07-24 08:55:16,420 [INFO] core.sql_executor:    [10/133] Ejecutando: UPDATE DLAB_GEC.M_EXP_TLFNO_AUTORIZADO_TC FROM (     SELECT ...
2026-07-24 08:55:16,421 [INFO] root: 🔹 [10/133] Ejecutando sentencia...
2026-07-24 08:55:19,419 [INFO] core.sql_executor:    [11/133] Ejecutando: UPDATE DLAB_GEC.M_EXP_TLFNO_AUTORIZADO_TC FROM (SELECT * FRO...
2026-07-24 08:55:19,419 [INFO] root: 🔹 [11/133] Ejecutando sentencia...
2026-07-24 08:55:19,870 [INFO] core.sql_executor:    [12/133] Ejecutando: UPDATE DLAB_GEC.M_EXP_TLFNO_AUTORIZADO_TC FROM (SELECT DISTI...
2026-07-24 08:55:19,870 [INFO] root: 🔹 [12/133] Ejecutando sentencia...
2026-07-24 08:55:24,725 [INFO] core.sql_executor:    [13/133] Ejecutando: UPDATE DLAB_GEC.M_EXP_TLFNO_AUTORIZADO_TC FROM (SELECT DISTI...
2026-07-24 08:55:24,725 [INFO] root: 🔹 [13/133] Ejecutando sentencia...
2026-07-24 08:55:30,168 [INFO] core.sql_executor:    [14/133] Ejecutando: UPDATE DLAB_GEC.M_EXP_TLFNO_AUTORIZADO_TC  FROM (SELECT DIST...
2026-07-24 08:55:30,168 [INFO] root: 🔹 [14/133] Ejecutando sentencia...
2026-07-24 08:55:30,639 [INFO] core.sql_executor:    [15/133] Ejecutando: COLLECT STATISTICS ON DLAB_GEC.M_EXP_TLFNO_AUTORIZADO_TC COL...
2026-07-24 08:55:30,640 [INFO] root: 🔹 [15/133] Ejecutando sentencia...
2026-07-24 08:55:31,129 [INFO] core.sql_executor:    [16/133] Ejecutando: DELETE FROM DLAB_GEC.M_EXP_TLFNO_AUTORIZADO_PP ALL
2026-07-24 08:55:31,130 [INFO] root: 🔹 [16/133] Ejecutando sentencia...
2026-07-24 08:55:31,335 [INFO] core.sql_executor:    [17/133] Ejecutando: INSERT INTO DLAB_GEC.M_EXP_TLFNO_AUTORIZADO_PP (NUM_DOCUMENT...
2026-07-24 08:55:31,336 [INFO] root: 🔹 [17/133] Ejecutando sentencia...
2026-07-24 08:55:33,091 [INFO] core.sql_executor:    [18/133] Ejecutando: UPDATE DLAB_GEC.M_EXP_TLFNO_AUTORIZADO_PP SET RANGO_TIEMPO =...
2026-07-24 08:55:33,092 [INFO] root: 🔹 [18/133] Ejecutando sentencia...
2026-07-24 08:55:33,195 [INFO] core.sql_executor:    [19/133] Ejecutando: UPDATE DLAB_GEC.M_EXP_TLFNO_AUTORIZADO_PP SET RANGO_TIEMPO =...
2026-07-24 08:55:33,196 [INFO] root: 🔹 [19/133] Ejecutando sentencia...
2026-07-24 08:55:33,279 [INFO] core.sql_executor:    [20/133] Ejecutando: UPDATE DLAB_GEC.M_EXP_TLFNO_AUTORIZADO_PP SET RANGO_TIEMPO =...
2026-07-24 08:55:33,280 [INFO] root: 🔹 [20/133] Ejecutando sentencia...
2026-07-24 08:55:33,384 [INFO] core.sql_executor:    [21/133] Ejecutando: UPDATE DLAB_GEC.M_EXP_TLFNO_AUTORIZADO_PP SET RANGO_TIEMPO =...
2026-07-24 08:55:33,384 [INFO] root: 🔹 [21/133] Ejecutando sentencia...
2026-07-24 08:55:33,531 [INFO] core.sql_executor:    [22/133] Ejecutando: UPDATE DLAB_GEC.M_EXP_TLFNO_AUTORIZADO_PP SET RANGO_TIEMPO =...
2026-07-24 08:55:33,532 [INFO] root: 🔹 [22/133] Ejecutando sentencia...
2026-07-24 08:55:33,678 [INFO] core.sql_executor:    [23/133] Ejecutando: UPDATE DLAB_GEC.M_EXP_TLFNO_AUTORIZADO_PP SET RANGO_TIEMPO =...
2026-07-24 08:55:33,679 [INFO] root: 🔹 [23/133] Ejecutando sentencia...
2026-07-24 08:55:33,802 [INFO] core.sql_executor:    [24/133] Ejecutando: UPDATE DLAB_GEC.M_EXP_TLFNO_AUTORIZADO_PP FROM (     SELECT ...
2026-07-24 08:55:33,803 [INFO] root: 🔹 [24/133] Ejecutando sentencia...
2026-07-24 08:55:34,723 [INFO] core.sql_executor:    [25/133] Ejecutando: UPDATE DLAB_GEC.M_EXP_TLFNO_AUTORIZADO_PP FROM (     SELECT ...
2026-07-24 08:55:34,724 [INFO] root: 🔹 [25/133] Ejecutando sentencia...
2026-07-24 08:55:35,746 [INFO] core.sql_executor:    [26/133] Ejecutando: UPDATE DLAB_GEC.M_EXP_TLFNO_AUTORIZADO_PP FROM (     SELECT ...
2026-07-24 08:55:35,747 [INFO] root: 🔹 [26/133] Ejecutando sentencia...
2026-07-24 08:55:36,061 [INFO] core.sql_executor:    [27/133] Ejecutando: UPDATE DLAB_GEC.M_EXP_TLFNO_AUTORIZADO_PP FROM (     SELECT ...
2026-07-24 08:55:36,061 [INFO] root: 🔹 [27/133] Ejecutando sentencia...
2026-07-24 08:55:37,836 [INFO] core.sql_executor:    [28/133] Ejecutando: UPDATE DLAB_GEC.M_EXP_TLFNO_AUTORIZADO_PP FROM (     SELECT ...
2026-07-24 08:55:37,837 [INFO] root: 🔹 [28/133] Ejecutando sentencia...
2026-07-24 08:55:39,416 [INFO] core.sql_executor:    [29/133] Ejecutando: UPDATE DLAB_GEC.M_EXP_TLFNO_AUTORIZADO_PP FROM (     SELECT ...
2026-07-24 08:55:39,417 [INFO] root: 🔹 [29/133] Ejecutando sentencia...
2026-07-24 08:55:39,748 [INFO] core.sql_executor:    [30/133] Ejecutando: COLLECT STATISTICS ON DLAB_GEC.M_EXP_TLFNO_AUTORIZADO_PP COL...
2026-07-24 08:55:39,749 [INFO] root: 🔹 [30/133] Ejecutando sentencia...
2026-07-24 08:55:40,241 [INFO] core.sql_executor:    [31/133] Ejecutando: DELETE FROM DLAB_GEC.M_EXP_TLFNO_AUTORIZADO_CD ALL
2026-07-24 08:55:40,242 [INFO] root: 🔹 [31/133] Ejecutando sentencia...
2026-07-24 08:55:40,447 [INFO] core.sql_executor:    [32/133] Ejecutando: INSERT INTO DLAB_GEC.M_EXP_TLFNO_AUTORIZADO_CD (NUM_DOCUMENT...
2026-07-24 08:55:40,448 [INFO] root: 🔹 [32/133] Ejecutando sentencia...
2026-07-24 08:55:42,189 [INFO] core.sql_executor:    [33/133] Ejecutando: UPDATE DLAB_GEC.M_EXP_TLFNO_AUTORIZADO_CD SET RANGO_TIEMPO =...
2026-07-24 08:55:42,190 [INFO] root: 🔹 [33/133] Ejecutando sentencia...
2026-07-24 08:55:42,314 [INFO] core.sql_executor:    [34/133] Ejecutando: UPDATE DLAB_GEC.M_EXP_TLFNO_AUTORIZADO_CD SET RANGO_TIEMPO =...
2026-07-24 08:55:42,314 [INFO] root: 🔹 [34/133] Ejecutando sentencia...
2026-07-24 08:55:42,438 [INFO] core.sql_executor:    [35/133] Ejecutando: UPDATE DLAB_GEC.M_EXP_TLFNO_AUTORIZADO_CD SET RANGO_TIEMPO =...
2026-07-24 08:55:42,439 [INFO] root: 🔹 [35/133] Ejecutando sentencia...
2026-07-24 08:55:42,707 [INFO] core.sql_executor:    [36/133] Ejecutando: UPDATE DLAB_GEC.M_EXP_TLFNO_AUTORIZADO_CD SET RANGO_TIEMPO =...
2026-07-24 08:55:42,708 [INFO] root: 🔹 [36/133] Ejecutando sentencia...
2026-07-24 08:55:42,770 [INFO] core.sql_executor:    [37/133] Ejecutando: UPDATE DLAB_GEC.M_EXP_TLFNO_AUTORIZADO_CD SET RANGO_TIEMPO =...
2026-07-24 08:55:42,771 [INFO] root: 🔹 [37/133] Ejecutando sentencia...
2026-07-24 08:55:42,915 [INFO] core.sql_executor:    [38/133] Ejecutando: UPDATE DLAB_GEC.M_EXP_TLFNO_AUTORIZADO_CD SET RANGO_TIEMPO =...
2026-07-24 08:55:42,916 [INFO] root: 🔹 [38/133] Ejecutando sentencia...
2026-07-24 08:55:43,005 [INFO] core.sql_executor:    [39/133] Ejecutando: UPDATE DLAB_GEC.M_EXP_TLFNO_AUTORIZADO_CD FROM  (SELECT DIST...
2026-07-24 08:55:43,006 [INFO] root: 🔹 [39/133] Ejecutando sentencia...
2026-07-24 08:55:44,050 [INFO] core.sql_executor:    [40/133] Ejecutando: UPDATE DLAB_GEC.M_EXP_TLFNO_AUTORIZADO_CD FROM (SELECT * FRO...
2026-07-24 08:55:44,051 [INFO] root: 🔹 [40/133] Ejecutando sentencia...
2026-07-24 08:55:44,340 [INFO] core.sql_executor:    [41/133] Ejecutando: UPDATE DLAB_GEC.M_EXP_TLFNO_AUTORIZADO_CD FROM (     SELECT ...
2026-07-24 08:55:44,340 [INFO] root: 🔹 [41/133] Ejecutando sentencia...
2026-07-24 08:55:45,262 [INFO] core.sql_executor:    [42/133] Ejecutando: UPDATE DLAB_GEC.M_EXP_TLFNO_AUTORIZADO_CD FROM (SELECT DISTI...
2026-07-24 08:55:45,263 [INFO] root: 🔹 [42/133] Ejecutando sentencia...
2026-07-24 08:55:46,095 [INFO] core.sql_executor:    [43/133] Ejecutando: UPDATE DLAB_GEC.M_EXP_TLFNO_AUTORIZADO_CD FROM (SELECT DISTI...
2026-07-24 08:55:46,096 [INFO] root: 🔹 [43/133] Ejecutando sentencia...
2026-07-24 08:55:46,812 [INFO] core.sql_executor:    [44/133] Ejecutando: SELECT * FROM DLAB_GEC.M_EXP_VENTAS_CD
2026-07-24 08:55:46,812 [INFO] root: 🔹 [44/133] Ejecutando sentencia...
2026-07-24 08:55:46,916 [INFO] core.sql_executor:    [45/133] Ejecutando: UPDATE DLAB_GEC.M_EXP_TLFNO_AUTORIZADO_CD  FROM (     SELECT...
2026-07-24 08:55:46,917 [INFO] root: 🔹 [45/133] Ejecutando sentencia...
2026-07-24 08:55:47,204 [INFO] core.sql_executor:    [46/133] Ejecutando: COLLECT STATISTICS ON DLAB_GEC.M_EXP_TLFNO_AUTORIZADO_CD COL...
2026-07-24 08:55:47,205 [INFO] root: 🔹 [46/133] Ejecutando sentencia...
2026-07-24 08:55:47,612 [INFO] core.sql_executor:    [47/133] Ejecutando: DELETE FROM DLAB_GEC.M_EXP_TLFNO_AUTORIZADO_EC ALL
2026-07-24 08:55:47,613 [INFO] root: 🔹 [47/133] Ejecutando sentencia...
2026-07-24 08:55:47,778 [INFO] core.sql_executor:    [48/133] Ejecutando: INSERT INTO DLAB_GEC.M_EXP_TLFNO_AUTORIZADO_EC (NUM_DOCUMENT...
2026-07-24 08:55:47,779 [INFO] root: 🔹 [48/133] Ejecutando sentencia...
2026-07-24 08:55:49,372 [INFO] core.sql_executor:    [49/133] Ejecutando: UPDATE DLAB_GEC.M_EXP_TLFNO_AUTORIZADO_EC SET RANGO_TIEMPO =...
2026-07-24 08:55:49,373 [INFO] root: 🔹 [49/133] Ejecutando sentencia...
2026-07-24 08:55:49,496 [INFO] core.sql_executor:    [50/133] Ejecutando: UPDATE DLAB_GEC.M_EXP_TLFNO_AUTORIZADO_EC SET RANGO_TIEMPO =...
2026-07-24 08:55:49,496 [INFO] root: 🔹 [50/133] Ejecutando sentencia...
2026-07-24 08:55:49,599 [INFO] core.sql_executor:    [51/133] Ejecutando: UPDATE DLAB_GEC.M_EXP_TLFNO_AUTORIZADO_EC SET RANGO_TIEMPO =...
2026-07-24 08:55:49,600 [INFO] root: 🔹 [51/133] Ejecutando sentencia...
2026-07-24 08:55:49,683 [INFO] core.sql_executor:    [52/133] Ejecutando: UPDATE DLAB_GEC.M_EXP_TLFNO_AUTORIZADO_EC SET RANGO_TIEMPO =...
2026-07-24 08:55:49,684 [INFO] root: 🔹 [52/133] Ejecutando sentencia...
2026-07-24 08:55:49,752 [INFO] core.sql_executor:    [53/133] Ejecutando: UPDATE DLAB_GEC.M_EXP_TLFNO_AUTORIZADO_EC SET RANGO_TIEMPO =...
2026-07-24 08:55:49,752 [INFO] root: 🔹 [53/133] Ejecutando sentencia...
2026-07-24 08:55:49,834 [INFO] core.sql_executor:    [54/133] Ejecutando: UPDATE DLAB_GEC.M_EXP_TLFNO_AUTORIZADO_EC SET RANGO_TIEMPO =...
2026-07-24 08:55:49,835 [INFO] root: 🔹 [54/133] Ejecutando sentencia...
2026-07-24 08:55:49,896 [INFO] core.sql_executor:    [55/133] Ejecutando: UPDATE DLAB_GEC.M_EXP_TLFNO_AUTORIZADO_EC FROM  (SELECT DIST...
2026-07-24 08:55:49,897 [INFO] root: 🔹 [55/133] Ejecutando sentencia...
2026-07-24 08:55:50,707 [INFO] core.sql_executor:    [56/133] Ejecutando: UPDATE DLAB_GEC.M_EXP_TLFNO_AUTORIZADO_EC FROM (SELECT DISTI...
2026-07-24 08:55:50,708 [INFO] root: 🔹 [56/133] Ejecutando sentencia...
2026-07-24 08:55:51,198 [INFO] core.sql_executor:    [57/133] Ejecutando: UPDATE DLAB_GEC.M_EXP_TLFNO_AUTORIZADO_EC FROM (SELECT * FRO...
2026-07-24 08:55:51,198 [INFO] root: 🔹 [57/133] Ejecutando sentencia...
2026-07-24 08:55:51,552 [INFO] core.sql_executor:    [58/133] Ejecutando: UPDATE DLAB_GEC.M_EXP_TLFNO_AUTORIZADO_EC FROM (SELECT DISTI...
2026-07-24 08:55:51,552 [INFO] root: 🔹 [58/133] Ejecutando sentencia...
2026-07-24 08:55:52,634 [INFO] core.sql_executor:    [59/133] Ejecutando: UPDATE DLAB_GEC.M_EXP_TLFNO_AUTORIZADO_EC FROM (SELECT DISTI...
2026-07-24 08:55:52,634 [INFO] root: 🔹 [59/133] Ejecutando sentencia...
2026-07-24 08:55:53,511 [INFO] core.sql_executor:    [60/133] Ejecutando: UPDATE DLAB_GEC.M_EXP_TLFNO_AUTORIZADO_EC  FROM (SELECT DIST...
2026-07-24 08:55:53,513 [INFO] root: 🔹 [60/133] Ejecutando sentencia...
2026-07-24 08:55:53,860 [INFO] core.sql_executor:    [61/133] Ejecutando: COLLECT STATISTICS ON DLAB_GEC.M_EXP_TLFNO_AUTORIZADO_EC COL...
2026-07-24 08:55:53,861 [INFO] root: 🔹 [61/133] Ejecutando sentencia...
2026-07-24 08:55:54,188 [INFO] core.sql_executor:    [62/133] Ejecutando: DELETE FROM DLAB_GEC.M_EXP_TLFNO_AUTORIZADO_CON ALL
2026-07-24 08:55:54,189 [INFO] root: 🔹 [62/133] Ejecutando sentencia...
2026-07-24 08:55:54,334 [INFO] core.sql_executor:    [63/133] Ejecutando: INSERT INTO DLAB_GEC.M_EXP_TLFNO_AUTORIZADO_CON (NUM_DOCUMEN...
2026-07-24 08:55:54,334 [INFO] root: 🔹 [63/133] Ejecutando sentencia...
2026-07-24 08:55:55,579 [INFO] core.sql_executor:    [64/133] Ejecutando: UPDATE DLAB_GEC.M_EXP_TLFNO_AUTORIZADO_CON SET RANGO_TIEMPO ...
2026-07-24 08:55:55,581 [INFO] root: 🔹 [64/133] Ejecutando sentencia...
2026-07-24 08:55:55,745 [INFO] core.sql_executor:    [65/133] Ejecutando: UPDATE DLAB_GEC.M_EXP_TLFNO_AUTORIZADO_CON SET RANGO_TIEMPO ...
2026-07-24 08:55:55,745 [INFO] root: 🔹 [65/133] Ejecutando sentencia...
2026-07-24 08:55:55,867 [INFO] core.sql_executor:    [66/133] Ejecutando: UPDATE DLAB_GEC.M_EXP_TLFNO_AUTORIZADO_CON SET RANGO_TIEMPO ...
2026-07-24 08:55:55,867 [INFO] root: 🔹 [66/133] Ejecutando sentencia...
2026-07-24 08:55:55,971 [INFO] core.sql_executor:    [67/133] Ejecutando: UPDATE DLAB_GEC.M_EXP_TLFNO_AUTORIZADO_CON SET RANGO_TIEMPO ...
2026-07-24 08:55:55,972 [INFO] root: 🔹 [67/133] Ejecutando sentencia...
2026-07-24 08:55:56,116 [INFO] core.sql_executor:    [68/133] Ejecutando: UPDATE DLAB_GEC.M_EXP_TLFNO_AUTORIZADO_CON SET RANGO_TIEMPO ...
2026-07-24 08:55:56,117 [INFO] root: 🔹 [68/133] Ejecutando sentencia...
2026-07-24 08:55:56,273 [INFO] core.sql_executor:    [69/133] Ejecutando: UPDATE DLAB_GEC.M_EXP_TLFNO_AUTORIZADO_CON SET RANGO_TIEMPO ...
2026-07-24 08:55:56,273 [INFO] root: 🔹 [69/133] Ejecutando sentencia...
2026-07-24 08:55:56,397 [INFO] core.sql_executor:    [70/133] Ejecutando: UPDATE DLAB_GEC.M_EXP_TLFNO_AUTORIZADO_CON FROM (     SELECT...
2026-07-24 08:55:56,397 [INFO] root: 🔹 [70/133] Ejecutando sentencia...
2026-07-24 08:55:57,357 [INFO] core.sql_executor:    [71/133] Ejecutando: UPDATE DLAB_GEC.M_EXP_TLFNO_AUTORIZADO_CON FROM (     SELECT...
2026-07-24 08:55:57,357 [INFO] root: 🔹 [71/133] Ejecutando sentencia...
2026-07-24 08:55:58,484 [INFO] core.sql_executor:    [72/133] Ejecutando: UPDATE DLAB_GEC.M_EXP_TLFNO_AUTORIZADO_CON FROM (     SELECT...
2026-07-24 08:55:58,484 [INFO] root: 🔹 [72/133] Ejecutando sentencia...
2026-07-24 08:55:59,651 [INFO] core.sql_executor:    [73/133] Ejecutando: UPDATE DLAB_GEC.M_EXP_TLFNO_AUTORIZADO_CON FROM (     SELECT...
2026-07-24 08:55:59,652 [INFO] root: 🔹 [73/133] Ejecutando sentencia...
2026-07-24 08:56:00,661 [INFO] core.sql_executor:    [74/133] Ejecutando: UPDATE DLAB_GEC.M_EXP_TLFNO_AUTORIZADO_CON FROM (     SELECT...
2026-07-24 08:56:00,662 [INFO] root: 🔹 [74/133] Ejecutando sentencia...
2026-07-24 08:56:01,661 [INFO] core.sql_executor:    [75/133] Ejecutando: UPDATE DLAB_GEC.M_EXP_TLFNO_AUTORIZADO_CON  FROM (     SELEC...
2026-07-24 08:56:01,662 [INFO] root: 🔹 [75/133] Ejecutando sentencia...
2026-07-24 08:56:01,991 [INFO] core.sql_executor:    [76/133] Ejecutando: COLLECT STATISTICS ON DLAB_GEC.M_EXP_TLFNO_AUTORIZADO_CON CO...
2026-07-24 08:56:01,991 [INFO] root: 🔹 [76/133] Ejecutando sentencia...
2026-07-24 08:56:02,278 [INFO] core.sql_executor:    [77/133] Ejecutando: DELETE FROM DLAB_GEC.M_EXP_TLFNO_AUTORIZADO_IL ALL
2026-07-24 08:56:02,278 [INFO] root: 🔹 [77/133] Ejecutando sentencia...
2026-07-24 08:56:02,381 [INFO] core.sql_executor:    [78/133] Ejecutando: INSERT INTO DLAB_GEC.M_EXP_TLFNO_AUTORIZADO_IL (NUM_DOCUMENT...
2026-07-24 08:56:02,382 [INFO] root: 🔹 [78/133] Ejecutando sentencia...
2026-07-24 08:56:03,770 [INFO] core.sql_executor:    [79/133] Ejecutando: UPDATE DLAB_GEC.M_EXP_TLFNO_AUTORIZADO_IL SET RANGO_TIEMPO =...
2026-07-24 08:56:03,771 [INFO] root: 🔹 [79/133] Ejecutando sentencia...
2026-07-24 08:56:03,915 [INFO] core.sql_executor:    [80/133] Ejecutando: UPDATE DLAB_GEC.M_EXP_TLFNO_AUTORIZADO_IL SET RANGO_TIEMPO =...
2026-07-24 08:56:03,916 [INFO] root: 🔹 [80/133] Ejecutando sentencia...
2026-07-24 08:56:04,020 [INFO] core.sql_executor:    [81/133] Ejecutando: UPDATE DLAB_GEC.M_EXP_TLFNO_AUTORIZADO_IL SET RANGO_TIEMPO =...
2026-07-24 08:56:04,021 [INFO] root: 🔹 [81/133] Ejecutando sentencia...
2026-07-24 08:56:04,103 [INFO] core.sql_executor:    [82/133] Ejecutando: UPDATE DLAB_GEC.M_EXP_TLFNO_AUTORIZADO_IL SET RANGO_TIEMPO =...
2026-07-24 08:56:04,104 [INFO] root: 🔹 [82/133] Ejecutando sentencia...
2026-07-24 08:56:04,186 [INFO] core.sql_executor:    [83/133] Ejecutando: UPDATE DLAB_GEC.M_EXP_TLFNO_AUTORIZADO_IL SET RANGO_TIEMPO =...
2026-07-24 08:56:04,187 [INFO] root: 🔹 [83/133] Ejecutando sentencia...
2026-07-24 08:56:04,269 [INFO] core.sql_executor:    [84/133] Ejecutando: UPDATE DLAB_GEC.M_EXP_TLFNO_AUTORIZADO_IL SET RANGO_TIEMPO =...
2026-07-24 08:56:04,270 [INFO] root: 🔹 [84/133] Ejecutando sentencia...
2026-07-24 08:56:04,392 [INFO] core.sql_executor:    [85/133] Ejecutando: UPDATE DLAB_GEC.M_EXP_TLFNO_AUTORIZADO_IL FROM (     SELECT ...
2026-07-24 08:56:04,393 [INFO] root: 🔹 [85/133] Ejecutando sentencia...
2026-07-24 08:56:04,722 [INFO] core.sql_executor:    [86/133] Ejecutando: UPDATE DLAB_GEC.M_EXP_TLFNO_AUTORIZADO_IL FROM (     SELECT ...
2026-07-24 08:56:04,724 [INFO] root: 🔹 [86/133] Ejecutando sentencia...
2026-07-24 08:56:05,032 [INFO] core.sql_executor:    [87/133] Ejecutando: UPDATE DLAB_GEC.M_EXP_TLFNO_AUTORIZADO_IL FROM (     SELECT ...
2026-07-24 08:56:05,033 [INFO] root: 🔹 [87/133] Ejecutando sentencia...
2026-07-24 08:56:05,890 [INFO] core.sql_executor:    [88/133] Ejecutando: UPDATE DLAB_GEC.M_EXP_TLFNO_AUTORIZADO_IL FROM (     SELECT ...
2026-07-24 08:56:05,890 [INFO] root: 🔹 [88/133] Ejecutando sentencia...
2026-07-24 08:56:06,668 [INFO] core.sql_executor:    [89/133] Ejecutando: UPDATE DLAB_GEC.M_EXP_TLFNO_AUTORIZADO_IL  FROM (     SELECT...
2026-07-24 08:56:06,669 [INFO] root: 🔹 [89/133] Ejecutando sentencia...
2026-07-24 08:56:06,855 [INFO] core.sql_executor:    [90/133] Ejecutando: COLLECT STATISTICS ON DLAB_GEC.M_EXP_TLFNO_AUTORIZADO_IL COL...
2026-07-24 08:56:06,855 [INFO] root: 🔹 [90/133] Ejecutando sentencia...
2026-07-24 08:56:07,083 [INFO] core.sql_executor:    [91/133] Ejecutando: DELETE FROM DLAB_GEC.M_EXP_TLFNO_AUTORIZADO_UPG ALL
2026-07-24 08:56:07,084 [INFO] root: 🔹 [91/133] Ejecutando sentencia...
2026-07-24 08:56:07,207 [INFO] core.sql_executor:    [92/133] Ejecutando: INSERT INTO DLAB_GEC.M_EXP_TLFNO_AUTORIZADO_UPG (NUM_DOCUMEN...
2026-07-24 08:56:07,208 [INFO] root: 🔹 [92/133] Ejecutando sentencia...
2026-07-24 08:56:08,658 [INFO] core.sql_executor:    [93/133] Ejecutando: UPDATE DLAB_GEC.M_EXP_TLFNO_AUTORIZADO_UPG SET RANGO_TIEMPO ...
2026-07-24 08:56:08,659 [INFO] root: 🔹 [93/133] Ejecutando sentencia...
2026-07-24 08:56:08,924 [INFO] core.sql_executor:    [94/133] Ejecutando: UPDATE DLAB_GEC.M_EXP_TLFNO_AUTORIZADO_UPG SET RANGO_TIEMPO ...
2026-07-24 08:56:08,924 [INFO] root: 🔹 [94/133] Ejecutando sentencia...
2026-07-24 08:56:09,067 [INFO] core.sql_executor:    [95/133] Ejecutando: UPDATE DLAB_GEC.M_EXP_TLFNO_AUTORIZADO_UPG SET RANGO_TIEMPO ...
2026-07-24 08:56:09,068 [INFO] root: 🔹 [95/133] Ejecutando sentencia...
2026-07-24 08:56:09,211 [INFO] core.sql_executor:    [96/133] Ejecutando: UPDATE DLAB_GEC.M_EXP_TLFNO_AUTORIZADO_UPG SET RANGO_TIEMPO ...
2026-07-24 08:56:09,212 [INFO] root: 🔹 [96/133] Ejecutando sentencia...
2026-07-24 08:56:09,336 [INFO] core.sql_executor:    [97/133] Ejecutando: UPDATE DLAB_GEC.M_EXP_TLFNO_AUTORIZADO_UPG SET RANGO_TIEMPO ...
2026-07-24 08:56:09,337 [INFO] root: 🔹 [97/133] Ejecutando sentencia...
2026-07-24 08:56:09,481 [INFO] core.sql_executor:    [98/133] Ejecutando: UPDATE DLAB_GEC.M_EXP_TLFNO_AUTORIZADO_UPG SET RANGO_TIEMPO ...
2026-07-24 08:56:09,481 [INFO] root: 🔹 [98/133] Ejecutando sentencia...
2026-07-24 08:56:09,585 [INFO] core.sql_executor:    [99/133] Ejecutando: UPDATE DLAB_GEC.M_EXP_TLFNO_AUTORIZADO_UPG FROM  (SELECT DIS...
2026-07-24 08:56:09,585 [INFO] root: 🔹 [99/133] Ejecutando sentencia...
2026-07-24 08:56:10,056 [INFO] core.sql_executor:    [100/133] Ejecutando: UPDATE DLAB_GEC.M_EXP_TLFNO_AUTORIZADO_UPG FROM (     SELECT...
2026-07-24 08:56:10,057 [INFO] root: 🔹 [100/133] Ejecutando sentencia...
2026-07-24 08:56:10,649 [INFO] core.sql_executor:    [101/133] Ejecutando: UPDATE DLAB_GEC.M_EXP_TLFNO_AUTORIZADO_UPG FROM (SELECT * FR...
2026-07-24 08:56:10,650 [INFO] root: 🔹 [101/133] Ejecutando sentencia...
2026-07-24 08:56:11,100 [INFO] core.sql_executor:    [102/133] Ejecutando: UPDATE DLAB_GEC.M_EXP_TLFNO_AUTORIZADO_UPG FROM (SELECT DIST...
2026-07-24 08:56:11,100 [INFO] root: 🔹 [102/133] Ejecutando sentencia...
2026-07-24 08:56:12,226 [INFO] core.sql_executor:    [103/133] Ejecutando: UPDATE DLAB_GEC.M_EXP_TLFNO_AUTORIZADO_UPG  FROM (SELECT * F...
2026-07-24 08:56:12,227 [INFO] root: 🔹 [103/133] Ejecutando sentencia...
2026-07-24 08:56:12,594 [INFO] core.sql_executor:    [104/133] Ejecutando: COLLECT STATISTICS ON DLAB_GEC.M_EXP_TLFNO_AUTORIZADO_UPG CO...
2026-07-24 08:56:12,596 [INFO] root: 🔹 [104/133] Ejecutando sentencia...
2026-07-24 08:56:13,046 [INFO] core.sql_executor:    [105/133] Ejecutando: DELETE FROM DLAB_GEC.M_EXP_TLFNO_AUTORIZADO_TCA ALL
2026-07-24 08:56:13,047 [INFO] root: 🔹 [105/133] Ejecutando sentencia...
2026-07-24 08:56:13,191 [INFO] core.sql_executor:    [106/133] Ejecutando: INSERT INTO DLAB_GEC.M_EXP_TLFNO_AUTORIZADO_TCA (NUM_DOCUMEN...
2026-07-24 08:56:13,192 [INFO] root: 🔹 [106/133] Ejecutando sentencia...
2026-07-24 08:56:14,790 [INFO] core.sql_executor:    [107/133] Ejecutando: UPDATE DLAB_GEC.M_EXP_TLFNO_AUTORIZADO_TCA SET RANGO_TIEMPO ...
2026-07-24 08:56:14,791 [INFO] root: 🔹 [107/133] Ejecutando sentencia...
2026-07-24 08:56:14,996 [INFO] core.sql_executor:    [108/133] Ejecutando: UPDATE DLAB_GEC.M_EXP_TLFNO_AUTORIZADO_TCA SET RANGO_TIEMPO ...
2026-07-24 08:56:14,998 [INFO] root: 🔹 [108/133] Ejecutando sentencia...
2026-07-24 08:56:15,184 [INFO] core.sql_executor:    [109/133] Ejecutando: UPDATE DLAB_GEC.M_EXP_TLFNO_AUTORIZADO_TCA SET RANGO_TIEMPO ...
2026-07-24 08:56:15,185 [INFO] root: 🔹 [109/133] Ejecutando sentencia...
2026-07-24 08:56:15,288 [INFO] core.sql_executor:    [110/133] Ejecutando: UPDATE DLAB_GEC.M_EXP_TLFNO_AUTORIZADO_TCA SET RANGO_TIEMPO ...
2026-07-24 08:56:15,289 [INFO] root: 🔹 [110/133] Ejecutando sentencia...
2026-07-24 08:56:15,392 [INFO] core.sql_executor:    [111/133] Ejecutando: UPDATE DLAB_GEC.M_EXP_TLFNO_AUTORIZADO_TCA SET RANGO_TIEMPO ...
2026-07-24 08:56:15,393 [INFO] root: 🔹 [111/133] Ejecutando sentencia...
2026-07-24 08:56:15,495 [INFO] core.sql_executor:    [112/133] Ejecutando: UPDATE DLAB_GEC.M_EXP_TLFNO_AUTORIZADO_TCA SET RANGO_TIEMPO ...
2026-07-24 08:56:15,496 [INFO] root: 🔹 [112/133] Ejecutando sentencia...
2026-07-24 08:56:15,579 [INFO] core.sql_executor:    [113/133] Ejecutando: UPDATE DLAB_GEC.M_EXP_TLFNO_AUTORIZADO_TCA FROM  (SELECT DIS...
2026-07-24 08:56:15,580 [INFO] root: 🔹 [113/133] Ejecutando sentencia...
2026-07-24 08:56:15,886 [INFO] core.sql_executor:    [114/133] Ejecutando: UPDATE DLAB_GEC.M_EXP_TLFNO_AUTORIZADO_TCA FROM (SELECT * FR...
2026-07-24 08:56:15,889 [INFO] root: 🔹 [114/133] Ejecutando sentencia...
2026-07-24 08:56:16,095 [INFO] core.sql_executor:    [115/133] Ejecutando: UPDATE DLAB_GEC.M_EXP_TLFNO_AUTORIZADO_TCA FROM (SELECT * FR...
2026-07-24 08:56:16,095 [INFO] root: 🔹 [115/133] Ejecutando sentencia...
2026-07-24 08:56:16,382 [INFO] core.sql_executor:    [116/133] Ejecutando: UPDATE DLAB_GEC.M_EXP_TLFNO_AUTORIZADO_TCA FROM (SELECT DIST...
2026-07-24 08:56:16,383 [INFO] root: 🔹 [116/133] Ejecutando sentencia...
2026-07-24 08:56:17,133 [INFO] core.sql_executor:    [117/133] Ejecutando: UPDATE DLAB_GEC.M_EXP_TLFNO_AUTORIZADO_TCA  FROM (SELECT * F...
2026-07-24 08:56:17,133 [INFO] root: 🔹 [117/133] Ejecutando sentencia...
2026-07-24 08:56:17,380 [INFO] core.sql_executor:    [118/133] Ejecutando: COLLECT STATISTICS ON DLAB_GEC.M_EXP_TLFNO_AUTORIZADO_TCA CO...
2026-07-24 08:56:17,381 [INFO] root: 🔹 [118/133] Ejecutando sentencia...
2026-07-24 08:56:17,668 [INFO] core.sql_executor:    [119/133] Ejecutando: DELETE FROM DLAB_GEC.M_EXP_TLFNO_AUTORIZADO_ALL ALL
2026-07-24 08:56:17,668 [INFO] root: 🔹 [119/133] Ejecutando sentencia...
2026-07-24 08:56:17,935 [INFO] core.sql_executor:    [120/133] Ejecutando: INSERT INTO DLAB_GEC.M_EXP_TLFNO_AUTORIZADO_ALL (PRODUCTO, N...
2026-07-24 08:56:17,937 [INFO] root: 🔹 [120/133] Ejecutando sentencia...
2026-07-24 08:56:18,470 [INFO] core.sql_executor:    [121/133] Ejecutando: UPDATE DLAB_GEC.M_EXP_TLFNO_AUTORIZADO_ALL FROM (SELECT DIST...
2026-07-24 08:56:18,470 [INFO] root: 🔹 [121/133] Ejecutando sentencia...
2026-07-24 08:56:18,859 [INFO] core.sql_executor:    [122/133] Ejecutando: UPDATE DLAB_GEC.M_EXP_TLFNO_AUTORIZADO_ALL FROM (SELECT DIST...
2026-07-24 08:56:18,859 [INFO] root: 🔹 [122/133] Ejecutando sentencia...
2026-07-24 08:56:19,168 [INFO] core.sql_executor:    [123/133] Ejecutando: UPDATE DLAB_GEC.M_EXP_TLFNO_AUTORIZADO_ALL FROM (SELECT DIST...
2026-07-24 08:56:19,168 [INFO] root: 🔹 [123/133] Ejecutando sentencia...
2026-07-24 08:56:19,477 [INFO] core.sql_executor:    [124/133] Ejecutando: UPDATE DLAB_GEC.M_EXP_TLFNO_AUTORIZADO_ALL FROM (SELECT DIST...
2026-07-24 08:56:19,478 [INFO] root: 🔹 [124/133] Ejecutando sentencia...
2026-07-24 08:56:19,766 [INFO] core.sql_executor:    [125/133] Ejecutando: UPDATE DLAB_GEC.M_EXP_TLFNO_AUTORIZADO_ALL FROM  (SELECT DIS...
2026-07-24 08:56:19,766 [INFO] root: 🔹 [125/133] Ejecutando sentencia...
2026-07-24 08:56:20,177 [INFO] core.sql_executor:    [126/133] Ejecutando: UPDATE DLAB_GEC.M_EXP_TLFNO_AUTORIZADO_ALL  SET FLAG_EVALUAD...
2026-07-24 08:56:20,178 [INFO] root: 🔹 [126/133] Ejecutando sentencia...
2026-07-24 08:56:20,383 [INFO] core.sql_executor:    [127/133] Ejecutando: UPDATE DLAB_GEC.M_EXP_TLFNO_AUTORIZADO_ALL  FROM (SELECT * F...
2026-07-24 08:56:20,384 [INFO] root: 🔹 [127/133] Ejecutando sentencia...
2026-07-24 08:56:20,549 [INFO] core.sql_executor:    [128/133] Ejecutando: DELETE FROM DLAB_GEC.T_EXP_KRI_TELF_NO_AUTORIZADO ALL
2026-07-24 08:56:20,549 [INFO] root: 🔹 [128/133] Ejecutando sentencia...
2026-07-24 08:56:20,735 [INFO] core.sql_executor:    [129/133] Ejecutando: INSERT INTO DLAB_GEC.T_EXP_KRI_TELF_NO_AUTORIZADO (     PROD...
2026-07-24 08:56:20,736 [INFO] root: 🔹 [129/133] Ejecutando sentencia...
2026-07-24 08:56:21,164 [INFO] core.sql_executor:    [130/133] Ejecutando: COLLECT STATISTICS ON DLAB_GEC.T_EXP_KRI_TELF_NO_AUTORIZADO ...
2026-07-24 08:56:21,165 [INFO] root: 🔹 [130/133] Ejecutando sentencia...
2026-07-24 08:56:21,248 [WARNING] core.sql_executor:    ⚠️ COLLECT STATISTICS omitido (sin permiso): COLLECT STATISTICS ON DLAB_GEC.T_EXP_KRI_TELF_NO_AUTORIZADO ...
2026-07-24 08:56:21,248 [INFO] core.sql_executor:    [131/133] Ejecutando: DELETE FROM DLAB_GEC.T_EXP_KRI_TELF_NO_AUTORIZADO_CALIDAD AL...
2026-07-24 08:56:21,249 [INFO] root: 🔹 [131/133] Ejecutando sentencia...
2026-07-24 08:56:22,197 [INFO] core.sql_executor:    [132/133] Ejecutando: INSERT INTO DLAB_GEC.T_EXP_KRI_TELF_NO_AUTORIZADO_CALIDAD ( ...
2026-07-24 08:56:22,198 [INFO] root: 🔹 [132/133] Ejecutando sentencia...
2026-07-24 08:56:22,631 [INFO] core.sql_executor:    [133/133] Ejecutando: COLLECT STATISTICS ON DLAB_GEC.T_EXP_KRI_TELF_NO_AUTORIZADO_...
2026-07-24 08:56:22,631 [INFO] root: 🔹 [133/133] Ejecutando sentencia...
2026-07-24 08:56:22,735 [WARNING] core.sql_executor:    ⚠️ COLLECT STATISTICS omitido (sin permiso): COLLECT STATISTICS ON DLAB_GEC.T_EXP_KRI_TELF_NO_AUTORIZADO_...
2026-07-24 08:56:22,742 [INFO] root: SUCCESS: Completado: **Teléfonos No Autorizados**
2026-07-24 08:56:22,749 [INFO] root: SUCCESS: ¡Transformaciones SQL de Consumo completadas exitosamente en Teradata!
2026-07-24 08:56:22,755 [INFO] root: ⚡ [Fase 5] Iniciando ejecución del script de selección con conexión secundaria...
2026-07-24 08:56:22,761 [INFO] root: 🔑 Conectando a Teradata con el usuario secundario (B44922) para CONSUMO_SELECT_TC_CD_SEG...
2026-07-24 08:56:25,138 [INFO] root: Procesando: **Vistas de Consumo (TC, CD, SEG)**...
2026-07-24 08:56:25,140 [INFO] core.sql_executor: Se detectaron 3 sentencias en CONSUMO_SELECT_TC_CD_SEG.sql
2026-07-24 08:56:25,140 [INFO] core.sql_executor:    [1/3] Ejecutando: DELETE FROM DLAB_GEC.M_EXP_CONSUMO_SELECT_TC_CD_SEG ALL
2026-07-24 08:56:25,141 [INFO] root: 🔹 [1/3] Ejecutando sentencia...
2026-07-24 08:56:25,346 [INFO] core.sql_executor:    [2/3] Ejecutando: INSERT INTO DLAB_GEC.M_EXP_CONSUMO_SELECT_TC_CD_SEG (     CO...
2026-07-24 08:56:25,347 [INFO] root: 🔹 [2/3] Ejecutando sentencia...
2026-07-24 08:56:27,752 [INFO] core.sql_executor:    [3/3] Ejecutando: COLLECT STATISTICS ON DLAB_GEC.M_EXP_CONSUMO_SELECT_TC_CD_SE...
2026-07-24 08:56:27,752 [INFO] root: 🔹 [3/3] Ejecutando sentencia...
2026-07-24 08:56:28,168 [INFO] root: SUCCESS: Completado: **Vistas de Consumo (TC, CD, SEG)**
2026-07-24 08:56:28,315 [INFO] root: SUCCESS: ¡Selección de Consumo completada exitosamente en Teradata!
2026-07-24 08:56:28,320 [INFO] root: SUCCESS: ¡Proceso de orquestación finalizado con éxito para Calidad Insumos!
2026-07-24 09:28:05,849 [ERROR] asyncio: Exception in callback _ProactorBasePipeTransport._call_connection_lost()
handle: <Handle _ProactorBasePipeTransport._call_connection_lost()>
Traceback (most recent call last):
  File "C:\Users\b47756\AppData\Local\Programs\Python\Python314\Lib\asyncio\events.py", line 94, in _run
    self._context.run(self._callback, *self._args)
    ~~~~~~~~~~~~~~~~~^^^^^^^^^^^^^^^^^^^^^^^^^^^^^
  File "C:\Users\b47756\AppData\Local\Programs\Python\Python314\Lib\asyncio\proactor_events.py", line 165, in _call_connection_lost
    self._sock.shutdown(socket.SHUT_RDWR)
    ~~~~~~~~~~~~~~~~~~~^^^^^^^^^^^^^^^^^^
ConnectionResetError: [WinError 10054] Se ha forzado la interrupción de una conexión existente por el host remoto
