2026-07-30 08:34:02,140 [INFO] root: ⚡ [Fase 1] Iniciando descarga de insumos de Insight...
2026-07-30 08:34:02,163 [INFO] root: Descargando insumo 'TRAFICO_GENESYS' desde Insight...
2026-07-30 08:34:02,179 [INFO] root: Iniciando sesión en Insight...
2026-07-30 08:34:03,146 [INFO] root: Obteniendo lista de consultas guardadas...
2026-07-30 08:34:03,578 [INFO] root: Ejecutando consulta 'TRAFICO_GENESYS' en el área 'GCI_PRD_Insight_ACOE'...
2026-07-30 08:36:14,176 [INFO] root: Esperando que el archivo sea generado en Insight...
2026-07-30 08:36:14,204 [INFO] root: Esperando archivo... (intento 1/20)
2026-07-30 08:36:19,244 [INFO] root: Esperando archivo... (intento 2/20)
2026-07-30 08:36:24,275 [INFO] root: Descargando archivo desde Insight...
2026-07-30 08:36:32,804 [INFO] root: Descarga finalizada. Guardado en 'C:\Users\b47756\OneDrive - Interbank\Televentas\UPLOADER_V2\INPUT_BASE_CONSUMO\Reporte_Insight_TRAFICO_GENESYS_20260730.txt'.
2026-07-30 08:36:32,820 [INFO] root: Descargando insumo 'CONV_ATTRIBUTES' desde Insight...
2026-07-30 08:36:32,825 [INFO] root: Iniciando sesión en Insight...
2026-07-30 08:36:32,999 [INFO] root: Obteniendo lista de consultas guardadas...
2026-07-30 08:36:33,098 [INFO] root: Ejecutando consulta 'CONV_ATTRIBUTES' en el área 'GCI_PRD_Insight_ACOE'...
2026-07-30 08:36:52,572 [INFO] root: Esperando que el archivo sea generado en Insight...
2026-07-30 08:36:52,593 [INFO] root: Esperando archivo... (intento 1/20)
2026-07-30 08:36:57,622 [INFO] root: Descargando archivo desde Insight...
2026-07-30 08:36:58,269 [INFO] root: Descarga finalizada. Guardado en 'C:\Users\b47756\OneDrive - Interbank\Televentas\UPLOADER_V2\INPUT_BASE_CONSUMO\Reporte_Insight_CONV_ATTRIBUTES_20260730.txt'.
2026-07-30 08:36:58,276 [INFO] root: Descargando insumo 'DERIVA_BT' desde Insight...
2026-07-30 08:36:58,281 [INFO] root: Iniciando sesión en Insight...
2026-07-30 08:36:58,467 [INFO] root: Obteniendo lista de consultas guardadas...
2026-07-30 08:36:58,568 [INFO] root: Ejecutando consulta 'DERIVA_BT' en el área 'GCI_PRD_Insight_ACOE'...
2026-07-30 08:38:54,171 [INFO] root: Esperando que el archivo sea generado en Insight...
2026-07-30 08:38:54,197 [INFO] root: Esperando archivo... (intento 1/20)
2026-07-30 08:38:59,216 [INFO] root: Esperando archivo... (intento 2/20)
2026-07-30 08:39:04,278 [INFO] root: Descargando archivo desde Insight...
2026-07-30 08:39:06,799 [INFO] root: Descarga finalizada. Guardado en 'C:\Users\b47756\OneDrive - Interbank\Televentas\UPLOADER_V2\INPUT_BASE_CONSUMO\Reporte_Insight_DERIVA_BT_20260730.txt'.
2026-07-30 08:39:06,814 [INFO] root: Descargando insumo 'CLOUD_MARCA_TRANSF' desde Insight...
2026-07-30 08:39:06,821 [INFO] root: Iniciando sesión en Insight...
2026-07-30 08:39:07,067 [INFO] root: Obteniendo lista de consultas guardadas...
2026-07-30 08:39:07,244 [INFO] root: Ejecutando consulta 'CLOUD_MARCA_TRANSF' en el área 'GCI_PRD_Insight_ACOE'...
2026-07-30 08:41:02,142 [INFO] root: Esperando que el archivo sea generado en Insight...
2026-07-30 08:41:02,165 [INFO] root: Esperando archivo... (intento 1/20)
2026-07-30 08:41:07,197 [INFO] root: Esperando archivo... (intento 2/20)
2026-07-30 08:41:12,220 [INFO] root: Descargando archivo desde Insight...
2026-07-30 08:41:13,847 [INFO] root: Descarga finalizada. Guardado en 'C:\Users\b47756\OneDrive - Interbank\Televentas\UPLOADER_V2\INPUT_BASE_CONSUMO\Reporte_Insight_CLOUD_MARCA_TRANSF_20260730.txt'.
2026-07-30 08:41:13,858 [INFO] root: Descargando insumo 'BT_TRANSFERENCIA' desde Insight...
2026-07-30 08:41:13,863 [INFO] root: Iniciando sesión en Insight...
2026-07-30 08:41:14,038 [INFO] root: Obteniendo lista de consultas guardadas...
2026-07-30 08:41:14,134 [INFO] root: Ejecutando consulta 'BT_TRANSFERENCIA' en el área 'GCI_PRD_Insight_ACOE'...
2026-07-30 08:41:54,253 [INFO] root: Esperando que el archivo sea generado en Insight...
2026-07-30 08:41:54,279 [INFO] root: Esperando archivo... (intento 1/20)
2026-07-30 08:41:59,321 [INFO] root: Descargando archivo desde Insight...
2026-07-30 08:41:59,423 [INFO] root: Descarga finalizada. Guardado en 'C:\Users\b47756\OneDrive - Interbank\Televentas\UPLOADER_V2\INPUT_BASE_CONSUMO\Reporte_Insight_BT_TRANSFERENCIA_20260730.txt'.
2026-07-30 08:41:59,436 [INFO] root: Descargando insumo 'IVR_VENTAS' desde Insight...
2026-07-30 08:41:59,445 [INFO] root: Iniciando sesión en Insight...
2026-07-30 08:41:59,623 [INFO] root: Obteniendo lista de consultas guardadas...
2026-07-30 08:41:59,733 [INFO] root: Ejecutando consulta 'IVR_VENTAS' en el área 'GCI_PRD_Insight_ACOE'...
2026-07-30 08:43:33,580 [INFO] root: Esperando que el archivo sea generado en Insight...
2026-07-30 08:43:33,612 [INFO] root: Esperando archivo... (intento 1/20)
2026-07-30 08:43:38,650 [INFO] root: Descargando archivo desde Insight...
2026-07-30 08:43:38,806 [INFO] root: Descarga finalizada. Guardado en 'C:\Users\b47756\OneDrive - Interbank\Televentas\UPLOADER_V2\INPUT_BASE_CONSUMO\Reporte_Insight_IVR_VENTAS_20260730.txt'.
2026-07-30 08:43:38,818 [INFO] root: Descargando insumo 'EVALUATIONS' desde Insight...
2026-07-30 08:43:38,823 [INFO] root: Iniciando sesión en Insight...
2026-07-30 08:43:38,995 [INFO] root: Obteniendo lista de consultas guardadas...
2026-07-30 08:43:39,081 [INFO] root: Ejecutando consulta 'EVALUATIONS' en el área 'GCI_PRD_Insight_TLVentas'...
2026-07-30 08:43:41,071 [INFO] root: Esperando que el archivo sea generado en Insight...
2026-07-30 08:43:41,093 [INFO] root: Esperando archivo... (intento 1/20)
2026-07-30 08:43:46,131 [INFO] root: Descargando archivo desde Insight...
2026-07-30 08:43:48,113 [INFO] root: Descarga finalizada. Guardado en 'C:\Users\b47756\OneDrive - Interbank\Televentas\UPLOADER_V2\INPUT_BASE_CONSUMO\Reporte_Insight_EVALUATIONS_20260730.txt'.
2026-07-30 08:43:48,125 [INFO] root: Conectando a Teradata para iniciar las fases correspondientes...
2026-07-30 08:43:51,910 [INFO] root: 🧹 Leyendo y limpiando archivo 'Reporte_Insight_TRAFICO_GENESYS_20260730.txt'...
2026-07-30 08:43:53,224 [INFO] root: Subiendo datos a la tabla 'DLAB_GEC.M_EXP_TRAFICO_GENESIS'...
2026-07-30 08:43:53,547 [INFO] root: Limpiando datos existentes en la tabla...
2026-07-30 08:43:55,446 [INFO] root: Preparando registros para la carga...
2026-07-30 08:43:56,886 [INFO] root: Iniciando carga de 424,328 registros...
2026-07-30 08:43:56,893 [INFO] root: Cargando registros: 1 a 50,000 de 424,328 (11%)
2026-07-30 08:44:03,265 [INFO] root: Cargando registros: 50,001 a 100,000 de 424,328 (23%)
2026-07-30 08:44:09,271 [INFO] root: Cargando registros: 100,001 a 150,000 de 424,328 (35%)
2026-07-30 08:44:15,230 [INFO] root: Cargando registros: 150,001 a 200,000 de 424,328 (47%)
2026-07-30 08:44:22,034 [INFO] root: Cargando registros: 200,001 a 250,000 de 424,328 (58%)
2026-07-30 08:44:29,106 [INFO] root: Cargando registros: 250,001 a 300,000 de 424,328 (70%)
2026-07-30 08:44:37,898 [INFO] root: Cargando registros: 300,001 a 350,000 de 424,328 (82%)
2026-07-30 08:44:45,072 [INFO] root: Cargando registros: 350,001 a 400,000 de 424,328 (94%)
2026-07-30 08:44:53,631 [INFO] root: Cargando registros: 400,001 a 424,328 de 424,328 (100%)
2026-07-30 08:44:59,102 [INFO] root: Carga de datos finalizada con éxito.
2026-07-30 08:44:59,270 [INFO] root: 🧹 Leyendo y limpiando archivo 'Reporte_Insight_CONV_ATTRIBUTES_20260730.txt'...
2026-07-30 08:44:59,374 [INFO] root: Subiendo datos a la tabla 'DLAB_GEC.M_EXP_BT_CONVERSATIONS_ATTRIBUTES'...
2026-07-30 08:44:59,551 [INFO] root: Limpiando datos existentes en la tabla...
2026-07-30 08:45:00,174 [INFO] root: Preparando registros para la carga...
2026-07-30 08:45:00,254 [INFO] root: Iniciando carga de 23,445 registros...
2026-07-30 08:45:00,261 [INFO] root: Cargando registros: 1 a 23,445 de 23,445 (100%)
2026-07-30 08:45:02,809 [INFO] root: Carga de datos finalizada con éxito.
2026-07-30 08:45:02,833 [INFO] root: 🧹 Leyendo y limpiando archivo 'Reporte_Insight_DERIVA_BT_20260730.txt'...
2026-07-30 08:45:02,978 [INFO] root: Subiendo datos a la tabla 'DLAB_GEC.M_EXP_DERIVA_BT_TIEMPOS'...
2026-07-30 08:45:03,135 [INFO] root: Limpiando datos existentes en la tabla...
2026-07-30 08:45:03,782 [INFO] root: Preparando registros para la carga...
2026-07-30 08:45:03,962 [INFO] root: Iniciando carga de 45,122 registros...
2026-07-30 08:45:03,974 [INFO] root: Cargando registros: 1 a 45,122 de 45,122 (100%)
2026-07-30 08:45:09,745 [INFO] root: Carga de datos finalizada con éxito.
2026-07-30 08:45:09,773 [INFO] root: 🧹 Leyendo y limpiando archivo 'Reporte_Insight_CLOUD_MARCA_TRANSF_20260730.txt'...
2026-07-30 08:45:09,927 [INFO] root: Subiendo datos a la tabla 'DLAB_GEC.M_EXP_CO_CLOUD_MARCA_TRASNFERENCIA_PRE'...
2026-07-30 08:45:10,348 [INFO] root: Limpiando datos existentes en la tabla...
2026-07-30 08:45:11,130 [INFO] root: Preparando registros para la carga...
2026-07-30 08:45:11,313 [INFO] root: Iniciando carga de 62,788 registros...
2026-07-30 08:45:11,321 [INFO] root: Cargando registros: 1 a 50,000 de 62,788 (79%)
2026-07-30 08:45:19,188 [INFO] root: Cargando registros: 50,001 a 62,788 de 62,788 (100%)
2026-07-30 08:45:21,396 [INFO] root: Carga de datos finalizada con éxito.
2026-07-30 08:45:21,428 [INFO] root: 🧹 Leyendo y limpiando archivo 'Reporte_Insight_BT_TRANSFERENCIA_20260730.txt'...
2026-07-30 08:45:21,498 [INFO] root: Subiendo datos a la tabla 'DLAB_GEC.M_DERIVA_BT_EV_TRANSFERENCIA'...
2026-07-30 08:45:21,905 [INFO] root: Limpiando datos existentes en la tabla...
2026-07-30 08:45:22,676 [INFO] root: Preparando registros para la carga...
2026-07-30 08:45:22,694 [INFO] root: Iniciando carga de 1,258 registros...
2026-07-30 08:45:22,701 [INFO] root: Cargando registros: 1 a 1,258 de 1,258 (100%)
2026-07-30 08:45:22,971 [INFO] root: Carga de datos finalizada con éxito.
2026-07-30 08:45:22,992 [INFO] root: 🧹 Leyendo y limpiando archivo 'Reporte_Insight_IVR_VENTAS_20260730.txt'...
2026-07-30 08:45:23,042 [INFO] root: Subiendo datos a la tabla 'DLAB_GEC.M_EXP_IVR_VENTAS_2022'...
2026-07-30 08:45:23,469 [INFO] root: Limpiando datos existentes en la tabla...
2026-07-30 08:45:24,043 [INFO] root: Preparando registros para la carga...
2026-07-30 08:45:24,068 [INFO] root: Iniciando carga de 3,572 registros...
2026-07-30 08:45:24,080 [INFO] root: Cargando registros: 1 a 3,572 de 3,572 (100%)
2026-07-30 08:45:24,671 [INFO] root: Carga de datos finalizada con éxito.
2026-07-30 08:45:24,688 [INFO] root: 🧹 Leyendo y limpiando archivo 'Reporte_Insight_EVALUATIONS_20260730.txt'...
2026-07-30 08:45:24,857 [INFO] root: Subiendo datos a la tabla 'DLAB_GEC.M_EXP_CALIDAD_PURECLOUD_PRE'...
2026-07-30 08:45:25,197 [INFO] root: Limpiando datos existentes en la tabla...
2026-07-30 08:45:26,337 [INFO] root: Preparando registros para la carga...
2026-07-30 08:45:26,576 [INFO] root: Iniciando carga de 26,043 registros...
2026-07-30 08:45:26,583 [INFO] root: Cargando registros: 1 a 26,043 de 26,043 (100%)
2026-07-30 08:45:33,929 [INFO] root: Carga de datos finalizada con éxito.
2026-07-30 08:45:33,989 [INFO] root: [Fase 2] Archivo manual de CD40K detectado en: CD40K_NEW.xlsx. Iniciando carga automática...
2026-07-30 08:45:35,107 [INFO] root: 🔄 Conectando con Excel para actualizar desde SharePoint...
2026-07-30 08:46:07,615 [INFO] root: SUCCESS: Excel actualizado correctamente desde SharePoint.
2026-07-30 08:46:07,778 [WARNING] fastexcel.types.dtype: Could not determine dtype for column 5, falling back to string
2026-07-30 08:46:07,824 [INFO] root: Subiendo base manual a Teradata 'DLAB_GEC.T_SP_CD40K'...
2026-07-30 08:46:08,165 [INFO] root: Limpiando datos existentes en la tabla...
2026-07-30 08:46:08,894 [INFO] root: Preparando registros para la carga...
2026-07-30 08:46:08,922 [INFO] root: Iniciando carga de 6,382 registros...
2026-07-30 08:46:08,934 [INFO] root: Cargando registros: 1 a 6,382 de 6,382 (100%)
2026-07-30 08:46:09,626 [INFO] root: Carga de datos finalizada con éxito.
2026-07-30 08:46:09,638 [INFO] root: [Fase 3] Conectando a SQL Server para extraer BN_DESEMBOLSOS_GENERAL...
2026-07-30 08:46:10,770 [INFO] root: 📥 Extracción exitosa. 6,248 registros obtenidos.
2026-07-30 08:46:10,780 [INFO] root: Transformando datos en Python y subiendo a Teradata 'DLAB_GEC.T_VENTAS_BPE_MARKET'...
2026-07-30 08:46:11,048 [INFO] root: Limpiando datos existentes en la tabla...
2026-07-30 08:46:12,540 [INFO] root: Preparando registros para la carga...
2026-07-30 08:46:12,567 [INFO] root: Iniciando carga de 6,248 registros...
2026-07-30 08:46:12,578 [INFO] root: Cargando registros: 1 a 6,248 de 6,248 (100%)
2026-07-30 08:46:13,335 [INFO] root: Carga de datos finalizada con éxito.
2026-07-30 08:46:13,346 [INFO] root: 🔄 Actualizando flags EVALUADO y FECHA_UPDATE en Teradata...
2026-07-30 08:46:14,234 [INFO] root: SUCCESS: Tabla Teradata 'DLAB_GEC.T_VENTAS_BPE_MARKET' cargada y actualizada exitosamente.
2026-07-30 08:46:14,248 [INFO] root: ⚡ [Fase 4] Iniciando ejecución de scripts SQL optimizados en Teradata...
2026-07-30 08:46:14,261 [INFO] root: Procesando: **Ventas DN**...
2026-07-30 08:46:14,284 [INFO] core.sql_executor: Se detectaron 27 sentencias en VENTAS_DN.sql
2026-07-30 08:46:14,286 [INFO] core.sql_executor:    [1/27] Ejecutando: DELETE FROM DLAB_GEC.M_EXP_VENTAS_TC ALL
2026-07-30 08:46:14,287 [INFO] root: 🔹 [1/27] Ejecutando sentencia...
2026-07-30 08:46:14,744 [INFO] core.sql_executor:    [2/27] Ejecutando: INSERT INTO DLAB_GEC.M_EXP_VENTAS_TC (     MESDESEMBOLSO, TI...
2026-07-30 08:46:14,745 [INFO] root: 🔹 [2/27] Ejecutando sentencia...
2026-07-30 08:46:18,312 [INFO] core.sql_executor:    [3/27] Ejecutando: COLLECT STATISTICS ON DLAB_GEC.M_EXP_VENTAS_TC COLUMN (CODDO...
2026-07-30 08:46:18,313 [INFO] root: 🔹 [3/27] Ejecutando sentencia...
2026-07-30 08:46:19,223 [INFO] core.sql_executor:    [4/27] Ejecutando: DELETE FROM DLAB_GEC.M_EXP_VENTAS_PP ALL
2026-07-30 08:46:19,224 [INFO] root: 🔹 [4/27] Ejecutando sentencia...
2026-07-30 08:46:19,771 [INFO] core.sql_executor:    [5/27] Ejecutando: INSERT INTO DLAB_GEC.M_EXP_VENTAS_PP (     MESDESEMBOLSO, TI...
2026-07-30 08:46:19,773 [INFO] root: 🔹 [5/27] Ejecutando sentencia...
2026-07-30 08:46:21,561 [INFO] core.sql_executor:    [6/27] Ejecutando: COLLECT STATISTICS ON DLAB_GEC.M_EXP_VENTAS_PP COLUMN (CODDO...
2026-07-30 08:46:21,562 [INFO] root: 🔹 [6/27] Ejecutando sentencia...
2026-07-30 08:46:22,223 [INFO] core.sql_executor:    [7/27] Ejecutando: DELETE FROM DLAB_GEC.M_EXP_VENTAS_EC ALL
2026-07-30 08:46:22,224 [INFO] root: 🔹 [7/27] Ejecutando sentencia...
2026-07-30 08:46:22,539 [INFO] core.sql_executor:    [8/27] Ejecutando: INSERT INTO DLAB_GEC.M_EXP_VENTAS_EC (     MESDESEMBOLSO, TI...
2026-07-30 08:46:22,540 [INFO] root: 🔹 [8/27] Ejecutando sentencia...
2026-07-30 08:46:23,755 [INFO] core.sql_executor:    [9/27] Ejecutando: COLLECT STATISTICS ON DLAB_GEC.M_EXP_VENTAS_EC COLUMN (CODDO...
2026-07-30 08:46:23,757 [INFO] root: 🔹 [9/27] Ejecutando sentencia...
2026-07-30 08:46:24,590 [INFO] core.sql_executor:    [10/27] Ejecutando: DELETE FROM DLAB_GEC.M_EXP_VENTAS_CD ALL
2026-07-30 08:46:24,591 [INFO] root: 🔹 [10/27] Ejecutando sentencia...
2026-07-30 08:46:25,355 [INFO] core.sql_executor:    [11/27] Ejecutando: INSERT INTO DLAB_GEC.M_EXP_VENTAS_CD (     MESDESEMBOLSO, TI...
2026-07-30 08:46:25,356 [INFO] root: 🔹 [11/27] Ejecutando sentencia...
2026-07-30 08:46:28,784 [INFO] core.sql_executor:    [12/27] Ejecutando: COLLECT STATISTICS ON DLAB_GEC.M_EXP_VENTAS_CD COLUMN (CODDO...
2026-07-30 08:46:28,785 [INFO] root: 🔹 [12/27] Ejecutando sentencia...
2026-07-30 08:46:29,406 [INFO] core.sql_executor:    [13/27] Ejecutando: DELETE FROM DLAB_GEC.M_EXP_VENTAS_CON ALL
2026-07-30 08:46:29,407 [INFO] root: 🔹 [13/27] Ejecutando sentencia...
2026-07-30 08:46:29,904 [INFO] core.sql_executor:    [14/27] Ejecutando: INSERT INTO DLAB_GEC.M_EXP_VENTAS_CON (     MESDESEMBOLSO, T...
2026-07-30 08:46:29,906 [INFO] root: 🔹 [14/27] Ejecutando sentencia...
2026-07-30 08:46:32,447 [INFO] core.sql_executor:    [15/27] Ejecutando: COLLECT STATISTICS ON DLAB_GEC.M_EXP_VENTAS_CON COLUMN (CODD...
2026-07-30 08:46:32,448 [INFO] root: 🔹 [15/27] Ejecutando sentencia...
2026-07-30 08:46:33,084 [INFO] core.sql_executor:    [16/27] Ejecutando: DELETE FROM DLAB_GEC.M_EXP_VENTAS_UPG ALL
2026-07-30 08:46:33,085 [INFO] root: 🔹 [16/27] Ejecutando sentencia...
2026-07-30 08:46:33,395 [INFO] core.sql_executor:    [17/27] Ejecutando: INSERT INTO DLAB_GEC.M_EXP_VENTAS_UPG (     MESDESEMBOLSO, T...
2026-07-30 08:46:33,396 [INFO] root: 🔹 [17/27] Ejecutando sentencia...
2026-07-30 08:46:34,611 [INFO] core.sql_executor:    [18/27] Ejecutando: COLLECT STATISTICS ON DLAB_GEC.M_EXP_VENTAS_UPG COLUMN (CODD...
2026-07-30 08:46:34,611 [INFO] root: 🔹 [18/27] Ejecutando sentencia...
2026-07-30 08:46:35,134 [INFO] core.sql_executor:    [19/27] Ejecutando: DELETE FROM DLAB_GEC.M_EXP_VENTAS_IL ALL
2026-07-30 08:46:35,135 [INFO] root: 🔹 [19/27] Ejecutando sentencia...
2026-07-30 08:46:35,364 [INFO] core.sql_executor:    [20/27] Ejecutando: INSERT INTO DLAB_GEC.M_EXP_VENTAS_IL (     MESDESEMBOLSO, TI...
2026-07-30 08:46:35,365 [INFO] root: 🔹 [20/27] Ejecutando sentencia...
2026-07-30 08:46:36,374 [INFO] core.sql_executor:    [21/27] Ejecutando: COLLECT STATISTICS ON DLAB_GEC.M_EXP_VENTAS_IL COLUMN (CODDO...
2026-07-30 08:46:36,375 [INFO] root: 🔹 [21/27] Ejecutando sentencia...
2026-07-30 08:46:37,079 [INFO] core.sql_executor:    [22/27] Ejecutando: DELETE FROM DLAB_GEC.M_EXP_VENTAS_PA ALL
2026-07-30 08:46:37,081 [INFO] root: 🔹 [22/27] Ejecutando sentencia...
2026-07-30 08:46:37,374 [INFO] core.sql_executor:    [23/27] Ejecutando: INSERT INTO DLAB_GEC.M_EXP_VENTAS_PA (     MESDESEMBOLSO, TI...
2026-07-30 08:46:37,375 [INFO] root: 🔹 [23/27] Ejecutando sentencia...
2026-07-30 08:46:39,121 [INFO] core.sql_executor:    [24/27] Ejecutando: COLLECT STATISTICS ON DLAB_GEC.M_EXP_VENTAS_PA COLUMN (CODDO...
2026-07-30 08:46:39,124 [INFO] root: 🔹 [24/27] Ejecutando sentencia...
2026-07-30 08:46:39,726 [INFO] core.sql_executor:    [25/27] Ejecutando: DELETE FROM DLAB_GEC.M_EXP_VENTAS_SEG ALL
2026-07-30 08:46:39,727 [INFO] root: 🔹 [25/27] Ejecutando sentencia...
2026-07-30 08:46:40,145 [INFO] core.sql_executor:    [26/27] Ejecutando: INSERT INTO DLAB_GEC.M_EXP_VENTAS_SEG (     MESDESEMBOLSO, T...
2026-07-30 08:46:40,148 [INFO] root: 🔹 [26/27] Ejecutando sentencia...
2026-07-30 08:46:41,506 [INFO] core.sql_executor:    [27/27] Ejecutando: COLLECT STATISTICS ON DLAB_GEC.M_EXP_VENTAS_SEG COLUMN (CODD...
2026-07-30 08:46:41,508 [INFO] root: 🔹 [27/27] Ejecutando sentencia...
2026-07-30 08:46:42,208 [INFO] root: SUCCESS: Completado: **Ventas DN**
2026-07-30 08:46:42,228 [INFO] root: Procesando: **Base CD40K**...
2026-07-30 08:46:42,251 [INFO] core.sql_executor: Se detectaron 3 sentencias en CD40K.sql
2026-07-30 08:46:42,253 [INFO] core.sql_executor:    [1/3] Ejecutando: DELETE FROM DLAB_GEC.M_EXP_CD40K ALL
2026-07-30 08:46:42,254 [INFO] root: 🔹 [1/3] Ejecutando sentencia...
2026-07-30 08:46:42,713 [INFO] core.sql_executor:    [2/3] Ejecutando: INSERT INTO DLAB_GEC.M_EXP_CD40K (     MESDESEMBOLSO, TIP_CL...
2026-07-30 08:46:42,715 [INFO] root: 🔹 [2/3] Ejecutando sentencia...
2026-07-30 08:46:45,901 [INFO] core.sql_executor:    [3/3] Ejecutando: COLLECT STATISTICS ON DLAB_GEC.M_EXP_CD40K COLUMN (CODDOC, C...
2026-07-30 08:46:45,902 [INFO] root: 🔹 [3/3] Ejecutando sentencia...
2026-07-30 08:46:46,501 [INFO] root: SUCCESS: Completado: **Base CD40K**
2026-07-30 08:46:46,518 [INFO] root: Procesando: **Fuente TVL**...
2026-07-30 08:46:46,541 [INFO] core.sql_executor: Se detectaron 11 sentencias en SOURCE_TVL.sql
2026-07-30 08:46:46,543 [INFO] core.sql_executor:    [1/11] Ejecutando: DELETE FROM DLAB_GEC.T_RETENCION_BASE_CALIDAD_GIRU ALL
2026-07-30 08:46:46,544 [INFO] root: 🔹 [1/11] Ejecutando sentencia...
2026-07-30 08:46:46,815 [INFO] core.sql_executor:    [2/11] Ejecutando: INSERT INTO DLAB_GEC.T_RETENCION_BASE_CALIDAD_GIRU (     REC...
2026-07-30 08:46:46,822 [INFO] root: 🔹 [2/11] Ejecutando sentencia...
2026-07-30 08:47:02,489 [INFO] core.sql_executor:    [3/11] Ejecutando: COLLECT STATISTICS ON DLAB_GEC.T_RETENCION_BASE_CALIDAD_GIRU...
2026-07-30 08:47:02,492 [INFO] root: 🔹 [3/11] Ejecutando sentencia...
2026-07-30 08:47:02,581 [WARNING] core.sql_executor:    ⚠️ COLLECT STATISTICS omitido (sin permiso): COLLECT STATISTICS ON DLAB_GEC.T_RETENCION_BASE_CALIDAD_GIRU...
2026-07-30 08:47:02,582 [INFO] core.sql_executor:    [4/11] Ejecutando: DELETE FROM DLAB_GEC.T_CALIDAD_SEGUROS_PRT ALL
2026-07-30 08:47:02,583 [INFO] root: 🔹 [4/11] Ejecutando sentencia...
2026-07-30 08:47:02,832 [INFO] core.sql_executor:    [5/11] Ejecutando: INSERT INTO DLAB_GEC.T_CALIDAD_SEGUROS_PRT (     MESVENTA, F...
2026-07-30 08:47:02,833 [INFO] root: 🔹 [5/11] Ejecutando sentencia...
2026-07-30 08:47:04,509 [INFO] core.sql_executor:    [6/11] Ejecutando: COLLECT STATISTICS ON DLAB_GEC.T_CALIDAD_SEGUROS_PRT COLUMN ...
2026-07-30 08:47:04,510 [INFO] root: 🔹 [6/11] Ejecutando sentencia...
2026-07-30 08:47:05,431 [INFO] core.sql_executor:    [7/11] Ejecutando: DELETE FROM DLAB_GEC.M_EXP_CONSUMO_SELECT_PP_EC ALL
2026-07-30 08:47:05,431 [INFO] root: 🔹 [7/11] Ejecutando sentencia...
2026-07-30 08:47:05,826 [INFO] core.sql_executor:    [8/11] Ejecutando: INSERT INTO DLAB_GEC.M_EXP_CONSUMO_SELECT_PP_EC (     CODMES...
2026-07-30 08:47:05,826 [INFO] root: 🔹 [8/11] Ejecutando sentencia...
2026-07-30 08:47:12,641 [INFO] core.sql_executor:    [9/11] Ejecutando: COLLECT STATISTICS ON DLAB_GEC.M_EXP_CONSUMO_SELECT_PP_EC CO...
2026-07-30 08:47:12,642 [INFO] root: 🔹 [9/11] Ejecutando sentencia...
2026-07-30 08:47:12,771 [WARNING] core.sql_executor:    ⚠️ COLLECT STATISTICS omitido (sin permiso): COLLECT STATISTICS ON DLAB_GEC.M_EXP_CONSUMO_SELECT_PP_EC CO...
2026-07-30 08:47:12,773 [INFO] core.sql_executor:    [10/11] Ejecutando: REPLACE VIEW DLAB_GEC.V_GESTION_CHIP AS (     SELECT        ...
2026-07-30 08:47:12,775 [INFO] root: 🔹 [10/11] Ejecutando sentencia...
2026-07-30 08:47:13,749 [INFO] core.sql_executor:    [11/11] Ejecutando: REPLACE VIEW DLAB_GEC.V_CNV_RETENCION_PBI AS (  SELECT   MES...
2026-07-30 08:47:13,750 [INFO] root: 🔹 [11/11] Ejecutando sentencia...
2026-07-30 08:47:14,471 [INFO] root: SUCCESS: Completado: **Fuente TVL**
2026-07-30 08:47:14,486 [INFO] root: Procesando: **Consentimiento Diario**...
2026-07-30 08:47:14,509 [INFO] core.sql_executor: Se detectaron 12 sentencias en CA_CONSENTIMIENTO_DIARIO.sql
2026-07-30 08:47:14,514 [INFO] core.sql_executor:    [1/12] Ejecutando: INSERT INTO DLAB_GEC.M_EXP_CONSENTIMIENTO_PP (TIP_CLIENTE, N...
2026-07-30 08:47:14,515 [INFO] root: 🔹 [1/12] Ejecutando sentencia...
2026-07-30 08:47:18,760 [INFO] core.sql_executor:    [2/12] Ejecutando: INSERT INTO DLAB_GEC.M_EXP_CONSENTIMIENTO_TC (TIP_CLIENTE, N...
2026-07-30 08:47:18,761 [INFO] root: 🔹 [2/12] Ejecutando sentencia...
2026-07-30 08:47:24,004 [INFO] core.sql_executor:    [3/12] Ejecutando: INSERT INTO DLAB_GEC.M_EXP_CONSENTIMIENTO_EC (TIP_CLIENTE, N...
2026-07-30 08:47:24,005 [INFO] root: 🔹 [3/12] Ejecutando sentencia...
2026-07-30 08:47:27,039 [INFO] core.sql_executor:    [4/12] Ejecutando: INSERT INTO DLAB_GEC.M_EXP_CONSENTIMIENTO_CD (TIP_CLIENTE, N...
2026-07-30 08:47:27,041 [INFO] root: 🔹 [4/12] Ejecutando sentencia...
2026-07-30 08:47:29,096 [INFO] core.sql_executor:    [5/12] Ejecutando: INSERT INTO DLAB_GEC.M_EXP_CONSENTIMIENTO_CON (TIP_CLIENTE, ...
2026-07-30 08:47:29,097 [INFO] root: 🔹 [5/12] Ejecutando sentencia...
2026-07-30 08:47:31,860 [INFO] core.sql_executor:    [6/12] Ejecutando: INSERT INTO DLAB_GEC.M_EXP_CONSENTIMIENTO_IL (TIP_CLIENTE, N...
2026-07-30 08:47:31,861 [INFO] root: 🔹 [6/12] Ejecutando sentencia...
2026-07-30 08:47:33,180 [INFO] core.sql_executor:    [7/12] Ejecutando: INSERT INTO DLAB_GEC.M_EXP_CONSENTIMIENTO_UPG (TIP_CLIENTE, ...
2026-07-30 08:47:33,183 [INFO] root: 🔹 [7/12] Ejecutando sentencia...
2026-07-30 08:47:34,518 [INFO] core.sql_executor:    [8/12] Ejecutando: INSERT INTO DLAB_GEC.M_EXP_CONSENTIMIENTO_DPP (TIP_CLIENTE, ...
2026-07-30 08:47:34,520 [INFO] root: 🔹 [8/12] Ejecutando sentencia...
2026-07-30 08:47:35,814 [INFO] core.sql_executor:    [9/12] Ejecutando: INSERT INTO DLAB_GEC.M_EXP_CONSENTIMIENTO_DTC (TIP_CLIENTE, ...
2026-07-30 08:47:35,814 [INFO] root: 🔹 [9/12] Ejecutando sentencia...
2026-07-30 08:47:37,278 [INFO] core.sql_executor:    [10/12] Ejecutando: INSERT INTO DLAB_GEC.M_EXP_CONSENTIMIENTO_DEC (TIP_CLIENTE, ...
2026-07-30 08:47:37,279 [INFO] root: 🔹 [10/12] Ejecutando sentencia...
2026-07-30 08:47:38,185 [INFO] core.sql_executor:    [11/12] Ejecutando: INSERT INTO DLAB_GEC.M_EXP_CONSENTIMIENTO_DCD (TIP_CLIENTE, ...
2026-07-30 08:47:38,186 [INFO] root: 🔹 [11/12] Ejecutando sentencia...
2026-07-30 08:47:39,112 [INFO] core.sql_executor:    [12/12] Ejecutando: INSERT INTO DLAB_GEC.M_EXP_CONSENTIMIENTO_DPRT (TIP_CLIENTE,...
2026-07-30 08:47:39,113 [INFO] root: 🔹 [12/12] Ejecutando sentencia...
2026-07-30 08:47:40,092 [INFO] root: SUCCESS: Completado: **Consentimiento Diario**
2026-07-30 08:47:40,105 [INFO] root: Procesando: **Ventas Sin Audio**...
2026-07-30 08:47:40,128 [INFO] core.sql_executor: Se detectaron 19 sentencias en KRI_VENTAS_SIN_AUDIO.sql
2026-07-30 08:47:40,129 [INFO] core.sql_executor:    [1/19] Ejecutando: DELETE FROM DLAB_GEC.M_EXP_CO_KRI_VENTA_TOTAL ALL
2026-07-30 08:47:40,130 [INFO] root: 🔹 [1/19] Ejecutando sentencia...
2026-07-30 08:47:40,461 [INFO] core.sql_executor:    [2/19] Ejecutando: INSERT INTO DLAB_GEC.M_EXP_CO_KRI_VENTA_TOTAL (     MESDESEM...
2026-07-30 08:47:40,463 [INFO] root: 🔹 [2/19] Ejecutando sentencia...
2026-07-30 08:47:41,664 [INFO] core.sql_executor:    [3/19] Ejecutando: COLLECT STATISTICS ON DLAB_GEC.M_EXP_CO_KRI_VENTA_TOTAL COLU...
2026-07-30 08:47:41,665 [INFO] root: 🔹 [3/19] Ejecutando sentencia...
2026-07-30 08:47:41,749 [WARNING] core.sql_executor:    ⚠️ COLLECT STATISTICS omitido (sin permiso): COLLECT STATISTICS ON DLAB_GEC.M_EXP_CO_KRI_VENTA_TOTAL COLU...
2026-07-30 08:47:41,750 [INFO] core.sql_executor:    [4/19] Ejecutando: UPDATE DLAB_GEC.M_EXP_TRAFICO_GENESYS  FROM DLAB_GEC.M_EXP_T...
2026-07-30 08:47:41,752 [INFO] root: 🔹 [4/19] Ejecutando sentencia...
2026-07-30 08:47:42,413 [INFO] core.sql_executor:    [5/19] Ejecutando: UPDATE DLAB_GEC.M_EXP_TRAFICO_GENESYS FROM (     SELECT TELE...
2026-07-30 08:47:42,414 [INFO] root: 🔹 [5/19] Ejecutando sentencia...
2026-07-30 08:47:51,213 [INFO] core.sql_executor:    [6/19] Ejecutando: UPDATE DLAB_GEC.M_EXP_TRAFICO_GENESYS FROM (     SELECT TELE...
2026-07-30 08:47:51,214 [INFO] root: 🔹 [6/19] Ejecutando sentencia...
2026-07-30 08:47:59,818 [INFO] core.sql_executor:    [7/19] Ejecutando: UPDATE DLAB_GEC.M_EXP_TRAFICO_GENESYS FROM (     SELECT NUMT...
2026-07-30 08:47:59,819 [INFO] root: 🔹 [7/19] Ejecutando sentencia...
2026-07-30 08:48:01,869 [INFO] core.sql_executor:    [8/19] Ejecutando: UPDATE DLAB_GEC.M_EXP_TRAFICO_GENESYS FROM (     SELECT NUMT...
2026-07-30 08:48:01,870 [INFO] root: 🔹 [8/19] Ejecutando sentencia...
2026-07-30 08:48:04,246 [INFO] core.sql_executor:    [9/19] Ejecutando: DROP TABLE DLAB_GEC.TEMP_TRAFICO
2026-07-30 08:48:04,247 [INFO] root: 🔹 [9/19] Ejecutando sentencia...
2026-07-30 08:48:05,051 [INFO] core.sql_executor:    [10/19] Ejecutando: CREATE MULTISET TABLE DLAB_GEC.TEMP_TRAFICO, FALLBACK, NO BE...
2026-07-30 08:48:05,053 [INFO] root: 🔹 [10/19] Ejecutando sentencia...
2026-07-30 08:48:26,953 [INFO] core.sql_executor:    [11/19] Ejecutando: COLLECT STATISTICS ON DLAB_GEC.TEMP_TRAFICO COLUMN (NUM_DOCU...
2026-07-30 08:48:26,954 [INFO] root: 🔹 [11/19] Ejecutando sentencia...
2026-07-30 08:48:28,302 [INFO] core.sql_executor:    [12/19] Ejecutando: DELETE FROM DLAB_GEC.TEMP_TRAFICO WHERE TELEFONO IS NULL AND...
2026-07-30 08:48:28,303 [INFO] root: 🔹 [12/19] Ejecutando sentencia...
2026-07-30 08:48:28,782 [INFO] core.sql_executor:    [13/19] Ejecutando: UPDATE DLAB_GEC.M_EXP_CO_KRI_VENTA_TOTAL FROM (     SELECT N...
2026-07-30 08:48:28,786 [INFO] root: 🔹 [13/19] Ejecutando sentencia...
2026-07-30 08:48:38,716 [INFO] core.sql_executor:    [14/19] Ejecutando: DELETE FROM DLAB_GEC.T_EXP_KRI_VENTAS_SINAUDIO ALL
2026-07-30 08:48:38,718 [INFO] root: 🔹 [14/19] Ejecutando sentencia...
2026-07-30 08:48:42,004 [INFO] core.sql_executor:    [15/19] Ejecutando: INSERT INTO DLAB_GEC.T_EXP_KRI_VENTAS_SINAUDIO (     MESDESE...
2026-07-30 08:48:42,006 [INFO] root: 🔹 [15/19] Ejecutando sentencia...
2026-07-30 08:48:42,445 [INFO] core.sql_executor:    [16/19] Ejecutando: COLLECT STATISTICS ON DLAB_GEC.T_EXP_KRI_VENTAS_SINAUDIO COL...
2026-07-30 08:48:42,446 [INFO] root: 🔹 [16/19] Ejecutando sentencia...
2026-07-30 08:48:42,552 [WARNING] core.sql_executor:    ⚠️ COLLECT STATISTICS omitido (sin permiso): COLLECT STATISTICS ON DLAB_GEC.T_EXP_KRI_VENTAS_SINAUDIO COL...
2026-07-30 08:48:42,553 [INFO] core.sql_executor:    [17/19] Ejecutando: DELETE FROM DLAB_GEC.T_EXP_KRI_VENTAS_SINAUDIO_CALIDAD ALL
2026-07-30 08:48:42,554 [INFO] root: 🔹 [17/19] Ejecutando sentencia...
2026-07-30 08:48:43,361 [INFO] core.sql_executor:    [18/19] Ejecutando: INSERT INTO DLAB_GEC.T_EXP_KRI_VENTAS_SINAUDIO_CALIDAD (  ME...
2026-07-30 08:48:43,362 [INFO] root: 🔹 [18/19] Ejecutando sentencia...
2026-07-30 08:48:43,952 [INFO] core.sql_executor:    [19/19] Ejecutando: COLLECT STATISTICS ON DLAB_GEC.T_EXP_KRI_VENTAS_SINAUDIO_CAL...
2026-07-30 08:48:43,955 [INFO] root: 🔹 [19/19] Ejecutando sentencia...
2026-07-30 08:48:44,040 [WARNING] core.sql_executor:    ⚠️ COLLECT STATISTICS omitido (sin permiso): COLLECT STATISTICS ON DLAB_GEC.T_EXP_KRI_VENTAS_SINAUDIO_CAL...
2026-07-30 08:48:44,061 [INFO] root: SUCCESS: Completado: **Ventas Sin Audio**
2026-07-30 08:48:44,077 [INFO] root: Procesando: **Teléfonos No Autorizados**...
2026-07-30 08:48:44,084 [INFO] core.sql_executor: Se detectaron 133 sentencias en TLF_NO_AUTORIZADO.sql
2026-07-30 08:48:44,087 [INFO] core.sql_executor:    [1/133] Ejecutando: DELETE FROM DLAB_GEC.M_EXP_TLFNO_AUTORIZADO_TC ALL
2026-07-30 08:48:44,087 [INFO] root: 🔹 [1/133] Ejecutando sentencia...
2026-07-30 08:48:44,359 [INFO] core.sql_executor:    [2/133] Ejecutando: INSERT INTO DLAB_GEC.M_EXP_TLFNO_AUTORIZADO_TC (NUM_DOCUMENT...
2026-07-30 08:48:44,360 [INFO] root: 🔹 [2/133] Ejecutando sentencia...
2026-07-30 08:48:46,383 [INFO] core.sql_executor:    [3/133] Ejecutando: UPDATE DLAB_GEC.M_EXP_TLFNO_AUTORIZADO_TC SET RANGO_TIEMPO =...
2026-07-30 08:48:46,386 [INFO] root: 🔹 [3/133] Ejecutando sentencia...
2026-07-30 08:48:46,553 [INFO] core.sql_executor:    [4/133] Ejecutando: UPDATE DLAB_GEC.M_EXP_TLFNO_AUTORIZADO_TC SET RANGO_TIEMPO =...
2026-07-30 08:48:46,554 [INFO] root: 🔹 [4/133] Ejecutando sentencia...
2026-07-30 08:48:46,747 [INFO] core.sql_executor:    [5/133] Ejecutando: UPDATE DLAB_GEC.M_EXP_TLFNO_AUTORIZADO_TC SET RANGO_TIEMPO =...
2026-07-30 08:48:46,764 [INFO] root: 🔹 [5/133] Ejecutando sentencia...
2026-07-30 08:48:46,896 [INFO] core.sql_executor:    [6/133] Ejecutando: UPDATE DLAB_GEC.M_EXP_TLFNO_AUTORIZADO_TC SET RANGO_TIEMPO =...
2026-07-30 08:48:46,897 [INFO] root: 🔹 [6/133] Ejecutando sentencia...
2026-07-30 08:48:47,143 [INFO] core.sql_executor:    [7/133] Ejecutando: UPDATE DLAB_GEC.M_EXP_TLFNO_AUTORIZADO_TC SET RANGO_TIEMPO =...
2026-07-30 08:48:47,149 [INFO] root: 🔹 [7/133] Ejecutando sentencia...
2026-07-30 08:48:47,428 [INFO] core.sql_executor:    [8/133] Ejecutando: UPDATE DLAB_GEC.M_EXP_TLFNO_AUTORIZADO_TC SET RANGO_TIEMPO =...
2026-07-30 08:48:47,432 [INFO] root: 🔹 [8/133] Ejecutando sentencia...
2026-07-30 08:48:47,563 [INFO] core.sql_executor:    [9/133] Ejecutando: UPDATE DLAB_GEC.M_EXP_TLFNO_AUTORIZADO_TC FROM  (SELECT CODD...
2026-07-30 08:48:47,564 [INFO] root: 🔹 [9/133] Ejecutando sentencia...
2026-07-30 08:48:49,059 [INFO] core.sql_executor:    [10/133] Ejecutando: UPDATE DLAB_GEC.M_EXP_TLFNO_AUTORIZADO_TC FROM (     SELECT ...
2026-07-30 08:48:49,062 [INFO] root: 🔹 [10/133] Ejecutando sentencia...
2026-07-30 08:48:52,420 [INFO] core.sql_executor:    [11/133] Ejecutando: UPDATE DLAB_GEC.M_EXP_TLFNO_AUTORIZADO_TC FROM (SELECT * FRO...
2026-07-30 08:48:52,423 [INFO] root: 🔹 [11/133] Ejecutando sentencia...
2026-07-30 08:48:52,819 [INFO] core.sql_executor:    [12/133] Ejecutando: UPDATE DLAB_GEC.M_EXP_TLFNO_AUTORIZADO_TC FROM (SELECT DISTI...
2026-07-30 08:48:52,821 [INFO] root: 🔹 [12/133] Ejecutando sentencia...
2026-07-30 08:49:04,317 [INFO] core.sql_executor:    [13/133] Ejecutando: UPDATE DLAB_GEC.M_EXP_TLFNO_AUTORIZADO_TC FROM (SELECT DISTI...
2026-07-30 08:49:04,318 [INFO] root: 🔹 [13/133] Ejecutando sentencia...
2026-07-30 08:49:13,032 [INFO] core.sql_executor:    [14/133] Ejecutando: UPDATE DLAB_GEC.M_EXP_TLFNO_AUTORIZADO_TC  FROM (SELECT DIST...
2026-07-30 08:49:13,033 [INFO] root: 🔹 [14/133] Ejecutando sentencia...
2026-07-30 08:49:13,848 [INFO] core.sql_executor:    [15/133] Ejecutando: COLLECT STATISTICS ON DLAB_GEC.M_EXP_TLFNO_AUTORIZADO_TC COL...
2026-07-30 08:49:13,849 [INFO] root: 🔹 [15/133] Ejecutando sentencia...
2026-07-30 08:49:14,469 [INFO] core.sql_executor:    [16/133] Ejecutando: DELETE FROM DLAB_GEC.M_EXP_TLFNO_AUTORIZADO_PP ALL
2026-07-30 08:49:14,470 [INFO] root: 🔹 [16/133] Ejecutando sentencia...
2026-07-30 08:49:14,636 [INFO] core.sql_executor:    [17/133] Ejecutando: INSERT INTO DLAB_GEC.M_EXP_TLFNO_AUTORIZADO_PP (NUM_DOCUMENT...
2026-07-30 08:49:14,637 [INFO] root: 🔹 [17/133] Ejecutando sentencia...
2026-07-30 08:49:18,561 [INFO] core.sql_executor:    [18/133] Ejecutando: UPDATE DLAB_GEC.M_EXP_TLFNO_AUTORIZADO_PP SET RANGO_TIEMPO =...
2026-07-30 08:49:18,565 [INFO] root: 🔹 [18/133] Ejecutando sentencia...
2026-07-30 08:49:18,875 [INFO] core.sql_executor:    [19/133] Ejecutando: UPDATE DLAB_GEC.M_EXP_TLFNO_AUTORIZADO_PP SET RANGO_TIEMPO =...
2026-07-30 08:49:18,876 [INFO] root: 🔹 [19/133] Ejecutando sentencia...
2026-07-30 08:49:19,268 [INFO] core.sql_executor:    [20/133] Ejecutando: UPDATE DLAB_GEC.M_EXP_TLFNO_AUTORIZADO_PP SET RANGO_TIEMPO =...
2026-07-30 08:49:19,269 [INFO] root: 🔹 [20/133] Ejecutando sentencia...
2026-07-30 08:49:19,663 [INFO] core.sql_executor:    [21/133] Ejecutando: UPDATE DLAB_GEC.M_EXP_TLFNO_AUTORIZADO_PP SET RANGO_TIEMPO =...
2026-07-30 08:49:19,664 [INFO] root: 🔹 [21/133] Ejecutando sentencia...
2026-07-30 08:49:19,997 [INFO] core.sql_executor:    [22/133] Ejecutando: UPDATE DLAB_GEC.M_EXP_TLFNO_AUTORIZADO_PP SET RANGO_TIEMPO =...
2026-07-30 08:49:19,999 [INFO] root: 🔹 [22/133] Ejecutando sentencia...
2026-07-30 08:49:20,273 [INFO] core.sql_executor:    [23/133] Ejecutando: UPDATE DLAB_GEC.M_EXP_TLFNO_AUTORIZADO_PP SET RANGO_TIEMPO =...
2026-07-30 08:49:20,274 [INFO] root: 🔹 [23/133] Ejecutando sentencia...
2026-07-30 08:49:20,406 [INFO] core.sql_executor:    [24/133] Ejecutando: UPDATE DLAB_GEC.M_EXP_TLFNO_AUTORIZADO_PP FROM (     SELECT ...
2026-07-30 08:49:20,407 [INFO] root: 🔹 [24/133] Ejecutando sentencia...
2026-07-30 08:49:22,752 [INFO] core.sql_executor:    [25/133] Ejecutando: UPDATE DLAB_GEC.M_EXP_TLFNO_AUTORIZADO_PP FROM (     SELECT ...
2026-07-30 08:49:22,754 [INFO] root: 🔹 [25/133] Ejecutando sentencia...
2026-07-30 08:49:25,207 [INFO] core.sql_executor:    [26/133] Ejecutando: UPDATE DLAB_GEC.M_EXP_TLFNO_AUTORIZADO_PP FROM (     SELECT ...
2026-07-30 08:49:25,208 [INFO] root: 🔹 [26/133] Ejecutando sentencia...
2026-07-30 08:49:25,623 [INFO] core.sql_executor:    [27/133] Ejecutando: UPDATE DLAB_GEC.M_EXP_TLFNO_AUTORIZADO_PP FROM (     SELECT ...
2026-07-30 08:49:25,626 [INFO] root: 🔹 [27/133] Ejecutando sentencia...
2026-07-30 08:49:30,124 [INFO] core.sql_executor:    [28/133] Ejecutando: UPDATE DLAB_GEC.M_EXP_TLFNO_AUTORIZADO_PP FROM (     SELECT ...
2026-07-30 08:49:30,125 [INFO] root: 🔹 [28/133] Ejecutando sentencia...
2026-07-30 08:49:33,619 [INFO] core.sql_executor:    [29/133] Ejecutando: UPDATE DLAB_GEC.M_EXP_TLFNO_AUTORIZADO_PP FROM (     SELECT ...
2026-07-30 08:49:33,620 [INFO] root: 🔹 [29/133] Ejecutando sentencia...
2026-07-30 08:49:34,534 [INFO] core.sql_executor:    [30/133] Ejecutando: COLLECT STATISTICS ON DLAB_GEC.M_EXP_TLFNO_AUTORIZADO_PP COL...
2026-07-30 08:49:34,534 [INFO] root: 🔹 [30/133] Ejecutando sentencia...
2026-07-30 08:49:35,052 [INFO] core.sql_executor:    [31/133] Ejecutando: DELETE FROM DLAB_GEC.M_EXP_TLFNO_AUTORIZADO_CD ALL
2026-07-30 08:49:35,053 [INFO] root: 🔹 [31/133] Ejecutando sentencia...
2026-07-30 08:49:35,450 [INFO] core.sql_executor:    [32/133] Ejecutando: INSERT INTO DLAB_GEC.M_EXP_TLFNO_AUTORIZADO_CD (NUM_DOCUMENT...
2026-07-30 08:49:35,451 [INFO] root: 🔹 [32/133] Ejecutando sentencia...
2026-07-30 08:49:39,556 [INFO] core.sql_executor:    [33/133] Ejecutando: UPDATE DLAB_GEC.M_EXP_TLFNO_AUTORIZADO_CD SET RANGO_TIEMPO =...
2026-07-30 08:49:39,559 [INFO] root: 🔹 [33/133] Ejecutando sentencia...
2026-07-30 08:49:39,748 [INFO] core.sql_executor:    [34/133] Ejecutando: UPDATE DLAB_GEC.M_EXP_TLFNO_AUTORIZADO_CD SET RANGO_TIEMPO =...
2026-07-30 08:49:39,749 [INFO] root: 🔹 [34/133] Ejecutando sentencia...
2026-07-30 08:49:39,834 [INFO] core.sql_executor:    [35/133] Ejecutando: UPDATE DLAB_GEC.M_EXP_TLFNO_AUTORIZADO_CD SET RANGO_TIEMPO =...
2026-07-30 08:49:39,835 [INFO] root: 🔹 [35/133] Ejecutando sentencia...
2026-07-30 08:49:39,982 [INFO] core.sql_executor:    [36/133] Ejecutando: UPDATE DLAB_GEC.M_EXP_TLFNO_AUTORIZADO_CD SET RANGO_TIEMPO =...
2026-07-30 08:49:39,984 [INFO] root: 🔹 [36/133] Ejecutando sentencia...
2026-07-30 08:49:40,089 [INFO] core.sql_executor:    [37/133] Ejecutando: UPDATE DLAB_GEC.M_EXP_TLFNO_AUTORIZADO_CD SET RANGO_TIEMPO =...
2026-07-30 08:49:40,090 [INFO] root: 🔹 [37/133] Ejecutando sentencia...
2026-07-30 08:49:40,198 [INFO] core.sql_executor:    [38/133] Ejecutando: UPDATE DLAB_GEC.M_EXP_TLFNO_AUTORIZADO_CD SET RANGO_TIEMPO =...
2026-07-30 08:49:40,200 [INFO] root: 🔹 [38/133] Ejecutando sentencia...
2026-07-30 08:49:40,353 [INFO] core.sql_executor:    [39/133] Ejecutando: UPDATE DLAB_GEC.M_EXP_TLFNO_AUTORIZADO_CD FROM  (SELECT DIST...
2026-07-30 08:49:40,354 [INFO] root: 🔹 [39/133] Ejecutando sentencia...
2026-07-30 08:49:42,620 [INFO] core.sql_executor:    [40/133] Ejecutando: UPDATE DLAB_GEC.M_EXP_TLFNO_AUTORIZADO_CD FROM (SELECT * FRO...
2026-07-30 08:49:42,621 [INFO] root: 🔹 [40/133] Ejecutando sentencia...
2026-07-30 08:49:43,411 [INFO] core.sql_executor:    [41/133] Ejecutando: UPDATE DLAB_GEC.M_EXP_TLFNO_AUTORIZADO_CD FROM (     SELECT ...
2026-07-30 08:49:43,413 [INFO] root: 🔹 [41/133] Ejecutando sentencia...
2026-07-30 08:49:46,008 [INFO] core.sql_executor:    [42/133] Ejecutando: UPDATE DLAB_GEC.M_EXP_TLFNO_AUTORIZADO_CD FROM (SELECT DISTI...
2026-07-30 08:49:46,011 [INFO] root: 🔹 [42/133] Ejecutando sentencia...
2026-07-30 08:49:47,923 [INFO] core.sql_executor:    [43/133] Ejecutando: UPDATE DLAB_GEC.M_EXP_TLFNO_AUTORIZADO_CD FROM (SELECT DISTI...
2026-07-30 08:49:47,924 [INFO] root: 🔹 [43/133] Ejecutando sentencia...
2026-07-30 08:49:49,535 [INFO] core.sql_executor:    [44/133] Ejecutando: SELECT * FROM DLAB_GEC.M_EXP_VENTAS_CD
2026-07-30 08:49:49,536 [INFO] root: 🔹 [44/133] Ejecutando sentencia...
2026-07-30 08:49:49,815 [INFO] core.sql_executor:    [45/133] Ejecutando: UPDATE DLAB_GEC.M_EXP_TLFNO_AUTORIZADO_CD  FROM (     SELECT...
2026-07-30 08:49:49,817 [INFO] root: 🔹 [45/133] Ejecutando sentencia...
2026-07-30 08:49:50,296 [INFO] core.sql_executor:    [46/133] Ejecutando: COLLECT STATISTICS ON DLAB_GEC.M_EXP_TLFNO_AUTORIZADO_CD COL...
2026-07-30 08:49:50,297 [INFO] root: 🔹 [46/133] Ejecutando sentencia...
2026-07-30 08:49:50,867 [INFO] core.sql_executor:    [47/133] Ejecutando: DELETE FROM DLAB_GEC.M_EXP_TLFNO_AUTORIZADO_EC ALL
2026-07-30 08:49:50,868 [INFO] root: 🔹 [47/133] Ejecutando sentencia...
2026-07-30 08:49:51,222 [INFO] core.sql_executor:    [48/133] Ejecutando: INSERT INTO DLAB_GEC.M_EXP_TLFNO_AUTORIZADO_EC (NUM_DOCUMENT...
2026-07-30 08:49:51,224 [INFO] root: 🔹 [48/133] Ejecutando sentencia...
2026-07-30 08:49:53,997 [INFO] core.sql_executor:    [49/133] Ejecutando: UPDATE DLAB_GEC.M_EXP_TLFNO_AUTORIZADO_EC SET RANGO_TIEMPO =...
2026-07-30 08:49:53,998 [INFO] root: 🔹 [49/133] Ejecutando sentencia...
2026-07-30 08:49:54,145 [INFO] core.sql_executor:    [50/133] Ejecutando: UPDATE DLAB_GEC.M_EXP_TLFNO_AUTORIZADO_EC SET RANGO_TIEMPO =...
2026-07-30 08:49:54,146 [INFO] root: 🔹 [50/133] Ejecutando sentencia...
2026-07-30 08:49:54,293 [INFO] core.sql_executor:    [51/133] Ejecutando: UPDATE DLAB_GEC.M_EXP_TLFNO_AUTORIZADO_EC SET RANGO_TIEMPO =...
2026-07-30 08:49:54,294 [INFO] root: 🔹 [51/133] Ejecutando sentencia...
2026-07-30 08:49:54,423 [INFO] core.sql_executor:    [52/133] Ejecutando: UPDATE DLAB_GEC.M_EXP_TLFNO_AUTORIZADO_EC SET RANGO_TIEMPO =...
2026-07-30 08:49:54,424 [INFO] root: 🔹 [52/133] Ejecutando sentencia...
2026-07-30 08:49:54,555 [INFO] core.sql_executor:    [53/133] Ejecutando: UPDATE DLAB_GEC.M_EXP_TLFNO_AUTORIZADO_EC SET RANGO_TIEMPO =...
2026-07-30 08:49:54,556 [INFO] root: 🔹 [53/133] Ejecutando sentencia...
2026-07-30 08:49:54,661 [INFO] core.sql_executor:    [54/133] Ejecutando: UPDATE DLAB_GEC.M_EXP_TLFNO_AUTORIZADO_EC SET RANGO_TIEMPO =...
2026-07-30 08:49:54,666 [INFO] root: 🔹 [54/133] Ejecutando sentencia...
2026-07-30 08:49:54,792 [INFO] core.sql_executor:    [55/133] Ejecutando: UPDATE DLAB_GEC.M_EXP_TLFNO_AUTORIZADO_EC FROM  (SELECT DIST...
2026-07-30 08:49:54,797 [INFO] root: 🔹 [55/133] Ejecutando sentencia...
2026-07-30 08:49:57,276 [INFO] core.sql_executor:    [56/133] Ejecutando: UPDATE DLAB_GEC.M_EXP_TLFNO_AUTORIZADO_EC FROM (SELECT DISTI...
2026-07-30 08:49:57,278 [INFO] root: 🔹 [56/133] Ejecutando sentencia...
2026-07-30 08:49:58,283 [INFO] core.sql_executor:    [57/133] Ejecutando: UPDATE DLAB_GEC.M_EXP_TLFNO_AUTORIZADO_EC FROM (SELECT * FRO...
2026-07-30 08:49:58,283 [INFO] root: 🔹 [57/133] Ejecutando sentencia...
2026-07-30 08:49:58,575 [INFO] core.sql_executor:    [58/133] Ejecutando: UPDATE DLAB_GEC.M_EXP_TLFNO_AUTORIZADO_EC FROM (SELECT DISTI...
2026-07-30 08:49:58,578 [INFO] root: 🔹 [58/133] Ejecutando sentencia...
2026-07-30 08:50:00,006 [INFO] core.sql_executor:    [59/133] Ejecutando: UPDATE DLAB_GEC.M_EXP_TLFNO_AUTORIZADO_EC FROM (SELECT DISTI...
2026-07-30 08:50:00,009 [INFO] root: 🔹 [59/133] Ejecutando sentencia...
2026-07-30 08:50:01,854 [INFO] core.sql_executor:    [60/133] Ejecutando: UPDATE DLAB_GEC.M_EXP_TLFNO_AUTORIZADO_EC  FROM (SELECT DIST...
2026-07-30 08:50:01,855 [INFO] root: 🔹 [60/133] Ejecutando sentencia...
2026-07-30 08:50:02,392 [INFO] core.sql_executor:    [61/133] Ejecutando: COLLECT STATISTICS ON DLAB_GEC.M_EXP_TLFNO_AUTORIZADO_EC COL...
2026-07-30 08:50:02,393 [INFO] root: 🔹 [61/133] Ejecutando sentencia...
2026-07-30 08:50:02,932 [INFO] core.sql_executor:    [62/133] Ejecutando: DELETE FROM DLAB_GEC.M_EXP_TLFNO_AUTORIZADO_CON ALL
2026-07-30 08:50:02,933 [INFO] root: 🔹 [62/133] Ejecutando sentencia...
2026-07-30 08:50:03,209 [INFO] core.sql_executor:    [63/133] Ejecutando: INSERT INTO DLAB_GEC.M_EXP_TLFNO_AUTORIZADO_CON (NUM_DOCUMEN...
2026-07-30 08:50:03,210 [INFO] root: 🔹 [63/133] Ejecutando sentencia...
2026-07-30 08:50:06,688 [INFO] core.sql_executor:    [64/133] Ejecutando: UPDATE DLAB_GEC.M_EXP_TLFNO_AUTORIZADO_CON SET RANGO_TIEMPO ...
2026-07-30 08:50:06,690 [INFO] root: 🔹 [64/133] Ejecutando sentencia...
2026-07-30 08:50:06,921 [INFO] core.sql_executor:    [65/133] Ejecutando: UPDATE DLAB_GEC.M_EXP_TLFNO_AUTORIZADO_CON SET RANGO_TIEMPO ...
2026-07-30 08:50:06,923 [INFO] root: 🔹 [65/133] Ejecutando sentencia...
2026-07-30 08:50:07,193 [INFO] core.sql_executor:    [66/133] Ejecutando: UPDATE DLAB_GEC.M_EXP_TLFNO_AUTORIZADO_CON SET RANGO_TIEMPO ...
2026-07-30 08:50:07,195 [INFO] root: 🔹 [66/133] Ejecutando sentencia...
2026-07-30 08:50:07,342 [INFO] core.sql_executor:    [67/133] Ejecutando: UPDATE DLAB_GEC.M_EXP_TLFNO_AUTORIZADO_CON SET RANGO_TIEMPO ...
2026-07-30 08:50:07,342 [INFO] root: 🔹 [67/133] Ejecutando sentencia...
2026-07-30 08:50:07,511 [INFO] core.sql_executor:    [68/133] Ejecutando: UPDATE DLAB_GEC.M_EXP_TLFNO_AUTORIZADO_CON SET RANGO_TIEMPO ...
2026-07-30 08:50:07,512 [INFO] root: 🔹 [68/133] Ejecutando sentencia...
2026-07-30 08:50:07,805 [INFO] core.sql_executor:    [69/133] Ejecutando: UPDATE DLAB_GEC.M_EXP_TLFNO_AUTORIZADO_CON SET RANGO_TIEMPO ...
2026-07-30 08:50:07,807 [INFO] root: 🔹 [69/133] Ejecutando sentencia...
2026-07-30 08:50:08,043 [INFO] core.sql_executor:    [70/133] Ejecutando: UPDATE DLAB_GEC.M_EXP_TLFNO_AUTORIZADO_CON FROM (     SELECT...
2026-07-30 08:50:08,045 [INFO] root: 🔹 [70/133] Ejecutando sentencia...
2026-07-30 08:50:10,681 [INFO] core.sql_executor:    [71/133] Ejecutando: UPDATE DLAB_GEC.M_EXP_TLFNO_AUTORIZADO_CON FROM (     SELECT...
2026-07-30 08:50:10,682 [INFO] root: 🔹 [71/133] Ejecutando sentencia...
2026-07-30 08:50:15,950 [INFO] core.sql_executor:    [72/133] Ejecutando: UPDATE DLAB_GEC.M_EXP_TLFNO_AUTORIZADO_CON FROM (     SELECT...
2026-07-30 08:50:15,951 [INFO] root: 🔹 [72/133] Ejecutando sentencia...
2026-07-30 08:50:18,439 [INFO] core.sql_executor:    [73/133] Ejecutando: UPDATE DLAB_GEC.M_EXP_TLFNO_AUTORIZADO_CON FROM (     SELECT...
2026-07-30 08:50:18,441 [INFO] root: 🔹 [73/133] Ejecutando sentencia...
2026-07-30 08:50:21,119 [INFO] core.sql_executor:    [74/133] Ejecutando: UPDATE DLAB_GEC.M_EXP_TLFNO_AUTORIZADO_CON FROM (     SELECT...
2026-07-30 08:50:21,121 [INFO] root: 🔹 [74/133] Ejecutando sentencia...
2026-07-30 08:50:23,588 [INFO] core.sql_executor:    [75/133] Ejecutando: UPDATE DLAB_GEC.M_EXP_TLFNO_AUTORIZADO_CON  FROM (     SELEC...
2026-07-30 08:50:23,589 [INFO] root: 🔹 [75/133] Ejecutando sentencia...
2026-07-30 08:50:25,726 [INFO] core.sql_executor:    [76/133] Ejecutando: COLLECT STATISTICS ON DLAB_GEC.M_EXP_TLFNO_AUTORIZADO_CON CO...
2026-07-30 08:50:25,728 [INFO] root: 🔹 [76/133] Ejecutando sentencia...
2026-07-30 08:50:27,372 [INFO] core.sql_executor:    [77/133] Ejecutando: DELETE FROM DLAB_GEC.M_EXP_TLFNO_AUTORIZADO_IL ALL
2026-07-30 08:50:27,373 [INFO] root: 🔹 [77/133] Ejecutando sentencia...
2026-07-30 08:50:30,277 [INFO] core.sql_executor:    [78/133] Ejecutando: INSERT INTO DLAB_GEC.M_EXP_TLFNO_AUTORIZADO_IL (NUM_DOCUMENT...
2026-07-30 08:50:30,279 [INFO] root: 🔹 [78/133] Ejecutando sentencia...
2026-07-30 08:50:32,918 [INFO] core.sql_executor:    [79/133] Ejecutando: UPDATE DLAB_GEC.M_EXP_TLFNO_AUTORIZADO_IL SET RANGO_TIEMPO =...
2026-07-30 08:50:32,921 [INFO] root: 🔹 [79/133] Ejecutando sentencia...
2026-07-30 08:50:33,724 [INFO] core.sql_executor:    [80/133] Ejecutando: UPDATE DLAB_GEC.M_EXP_TLFNO_AUTORIZADO_IL SET RANGO_TIEMPO =...
2026-07-30 08:50:33,725 [INFO] root: 🔹 [80/133] Ejecutando sentencia...
2026-07-30 08:50:34,281 [INFO] core.sql_executor:    [81/133] Ejecutando: UPDATE DLAB_GEC.M_EXP_TLFNO_AUTORIZADO_IL SET RANGO_TIEMPO =...
2026-07-30 08:50:34,282 [INFO] root: 🔹 [81/133] Ejecutando sentencia...
2026-07-30 08:50:34,740 [INFO] core.sql_executor:    [82/133] Ejecutando: UPDATE DLAB_GEC.M_EXP_TLFNO_AUTORIZADO_IL SET RANGO_TIEMPO =...
2026-07-30 08:50:34,741 [INFO] root: 🔹 [82/133] Ejecutando sentencia...
2026-07-30 08:50:35,050 [INFO] core.sql_executor:    [83/133] Ejecutando: UPDATE DLAB_GEC.M_EXP_TLFNO_AUTORIZADO_IL SET RANGO_TIEMPO =...
2026-07-30 08:50:35,051 [INFO] root: 🔹 [83/133] Ejecutando sentencia...
2026-07-30 08:50:35,464 [INFO] core.sql_executor:    [84/133] Ejecutando: UPDATE DLAB_GEC.M_EXP_TLFNO_AUTORIZADO_IL SET RANGO_TIEMPO =...
2026-07-30 08:50:35,465 [INFO] root: 🔹 [84/133] Ejecutando sentencia...
2026-07-30 08:50:35,875 [INFO] core.sql_executor:    [85/133] Ejecutando: UPDATE DLAB_GEC.M_EXP_TLFNO_AUTORIZADO_IL FROM (     SELECT ...
2026-07-30 08:50:35,876 [INFO] root: 🔹 [85/133] Ejecutando sentencia...
2026-07-30 08:50:36,989 [INFO] core.sql_executor:    [86/133] Ejecutando: UPDATE DLAB_GEC.M_EXP_TLFNO_AUTORIZADO_IL FROM (     SELECT ...
2026-07-30 08:50:36,990 [INFO] root: 🔹 [86/133] Ejecutando sentencia...
2026-07-30 08:50:38,184 [INFO] core.sql_executor:    [87/133] Ejecutando: UPDATE DLAB_GEC.M_EXP_TLFNO_AUTORIZADO_IL FROM (     SELECT ...
2026-07-30 08:50:38,185 [INFO] root: 🔹 [87/133] Ejecutando sentencia...
2026-07-30 08:50:41,713 [INFO] core.sql_executor:    [88/133] Ejecutando: UPDATE DLAB_GEC.M_EXP_TLFNO_AUTORIZADO_IL FROM (     SELECT ...
2026-07-30 08:50:41,714 [INFO] root: 🔹 [88/133] Ejecutando sentencia...
2026-07-30 08:50:44,876 [INFO] core.sql_executor:    [89/133] Ejecutando: UPDATE DLAB_GEC.M_EXP_TLFNO_AUTORIZADO_IL  FROM (     SELECT...
2026-07-30 08:50:44,877 [INFO] root: 🔹 [89/133] Ejecutando sentencia...
2026-07-30 08:50:45,353 [INFO] core.sql_executor:    [90/133] Ejecutando: COLLECT STATISTICS ON DLAB_GEC.M_EXP_TLFNO_AUTORIZADO_IL COL...
2026-07-30 08:50:45,354 [INFO] root: 🔹 [90/133] Ejecutando sentencia...
2026-07-30 08:50:47,282 [INFO] core.sql_executor:    [91/133] Ejecutando: DELETE FROM DLAB_GEC.M_EXP_TLFNO_AUTORIZADO_UPG ALL
2026-07-30 08:50:47,283 [INFO] root: 🔹 [91/133] Ejecutando sentencia...
2026-07-30 08:50:51,736 [INFO] core.sql_executor:    [92/133] Ejecutando: INSERT INTO DLAB_GEC.M_EXP_TLFNO_AUTORIZADO_UPG (NUM_DOCUMEN...
2026-07-30 08:50:51,737 [INFO] root: 🔹 [92/133] Ejecutando sentencia...
2026-07-30 08:50:54,303 [INFO] core.sql_executor:    [93/133] Ejecutando: UPDATE DLAB_GEC.M_EXP_TLFNO_AUTORIZADO_UPG SET RANGO_TIEMPO ...
2026-07-30 08:50:54,304 [INFO] root: 🔹 [93/133] Ejecutando sentencia...
2026-07-30 08:50:54,720 [INFO] core.sql_executor:    [94/133] Ejecutando: UPDATE DLAB_GEC.M_EXP_TLFNO_AUTORIZADO_UPG SET RANGO_TIEMPO ...
2026-07-30 08:50:54,721 [INFO] root: 🔹 [94/133] Ejecutando sentencia...
2026-07-30 08:50:55,012 [INFO] core.sql_executor:    [95/133] Ejecutando: UPDATE DLAB_GEC.M_EXP_TLFNO_AUTORIZADO_UPG SET RANGO_TIEMPO ...
2026-07-30 08:50:55,013 [INFO] root: 🔹 [95/133] Ejecutando sentencia...
2026-07-30 08:50:55,485 [INFO] core.sql_executor:    [96/133] Ejecutando: UPDATE DLAB_GEC.M_EXP_TLFNO_AUTORIZADO_UPG SET RANGO_TIEMPO ...
2026-07-30 08:50:55,486 [INFO] root: 🔹 [96/133] Ejecutando sentencia...
2026-07-30 08:50:56,246 [INFO] core.sql_executor:    [97/133] Ejecutando: UPDATE DLAB_GEC.M_EXP_TLFNO_AUTORIZADO_UPG SET RANGO_TIEMPO ...
2026-07-30 08:50:56,247 [INFO] root: 🔹 [97/133] Ejecutando sentencia...
2026-07-30 08:50:56,516 [INFO] core.sql_executor:    [98/133] Ejecutando: UPDATE DLAB_GEC.M_EXP_TLFNO_AUTORIZADO_UPG SET RANGO_TIEMPO ...
2026-07-30 08:50:56,517 [INFO] root: 🔹 [98/133] Ejecutando sentencia...
2026-07-30 08:50:56,973 [INFO] core.sql_executor:    [99/133] Ejecutando: UPDATE DLAB_GEC.M_EXP_TLFNO_AUTORIZADO_UPG FROM  (SELECT DIS...
2026-07-30 08:50:56,976 [INFO] root: 🔹 [99/133] Ejecutando sentencia...
2026-07-30 08:50:57,780 [INFO] core.sql_executor:    [100/133] Ejecutando: UPDATE DLAB_GEC.M_EXP_TLFNO_AUTORIZADO_UPG FROM (     SELECT...
2026-07-30 08:50:57,781 [INFO] root: 🔹 [100/133] Ejecutando sentencia...
2026-07-30 08:50:58,911 [INFO] core.sql_executor:    [101/133] Ejecutando: UPDATE DLAB_GEC.M_EXP_TLFNO_AUTORIZADO_UPG FROM (SELECT * FR...
2026-07-30 08:50:58,912 [INFO] root: 🔹 [101/133] Ejecutando sentencia...
2026-07-30 08:50:59,551 [INFO] core.sql_executor:    [102/133] Ejecutando: UPDATE DLAB_GEC.M_EXP_TLFNO_AUTORIZADO_UPG FROM (SELECT DIST...
2026-07-30 08:50:59,552 [INFO] root: 🔹 [102/133] Ejecutando sentencia...
2026-07-30 08:51:34,237 [INFO] core.sql_executor:    [103/133] Ejecutando: UPDATE DLAB_GEC.M_EXP_TLFNO_AUTORIZADO_UPG  FROM (SELECT * F...
2026-07-30 08:51:34,238 [INFO] root: 🔹 [103/133] Ejecutando sentencia...
2026-07-30 08:51:34,695 [INFO] core.sql_executor:    [104/133] Ejecutando: COLLECT STATISTICS ON DLAB_GEC.M_EXP_TLFNO_AUTORIZADO_UPG CO...
2026-07-30 08:51:34,696 [INFO] root: 🔹 [104/133] Ejecutando sentencia...
2026-07-30 08:51:35,463 [INFO] core.sql_executor:    [105/133] Ejecutando: DELETE FROM DLAB_GEC.M_EXP_TLFNO_AUTORIZADO_TCA ALL
2026-07-30 08:51:35,466 [INFO] root: 🔹 [105/133] Ejecutando sentencia...
2026-07-30 08:51:37,211 [INFO] core.sql_executor:    [106/133] Ejecutando: INSERT INTO DLAB_GEC.M_EXP_TLFNO_AUTORIZADO_TCA (NUM_DOCUMEN...
2026-07-30 08:51:37,213 [INFO] root: 🔹 [106/133] Ejecutando sentencia...
2026-07-30 08:51:41,096 [INFO] core.sql_executor:    [107/133] Ejecutando: UPDATE DLAB_GEC.M_EXP_TLFNO_AUTORIZADO_TCA SET RANGO_TIEMPO ...
2026-07-30 08:51:41,099 [INFO] root: 🔹 [107/133] Ejecutando sentencia...
2026-07-30 08:51:41,413 [INFO] core.sql_executor:    [108/133] Ejecutando: UPDATE DLAB_GEC.M_EXP_TLFNO_AUTORIZADO_TCA SET RANGO_TIEMPO ...
2026-07-30 08:51:41,415 [INFO] root: 🔹 [108/133] Ejecutando sentencia...
2026-07-30 08:51:41,603 [INFO] core.sql_executor:    [109/133] Ejecutando: UPDATE DLAB_GEC.M_EXP_TLFNO_AUTORIZADO_TCA SET RANGO_TIEMPO ...
2026-07-30 08:51:41,604 [INFO] root: 🔹 [109/133] Ejecutando sentencia...
2026-07-30 08:51:41,794 [INFO] core.sql_executor:    [110/133] Ejecutando: UPDATE DLAB_GEC.M_EXP_TLFNO_AUTORIZADO_TCA SET RANGO_TIEMPO ...
2026-07-30 08:51:41,796 [INFO] root: 🔹 [110/133] Ejecutando sentencia...
2026-07-30 08:51:41,983 [INFO] core.sql_executor:    [111/133] Ejecutando: UPDATE DLAB_GEC.M_EXP_TLFNO_AUTORIZADO_TCA SET RANGO_TIEMPO ...
2026-07-30 08:51:41,984 [INFO] root: 🔹 [111/133] Ejecutando sentencia...
2026-07-30 08:51:42,338 [INFO] core.sql_executor:    [112/133] Ejecutando: UPDATE DLAB_GEC.M_EXP_TLFNO_AUTORIZADO_TCA SET RANGO_TIEMPO ...
2026-07-30 08:51:42,344 [INFO] root: 🔹 [112/133] Ejecutando sentencia...
2026-07-30 08:51:42,677 [INFO] core.sql_executor:    [113/133] Ejecutando: UPDATE DLAB_GEC.M_EXP_TLFNO_AUTORIZADO_TCA FROM  (SELECT DIS...
2026-07-30 08:51:42,679 [INFO] root: 🔹 [113/133] Ejecutando sentencia...
2026-07-30 08:51:43,775 [INFO] core.sql_executor:    [114/133] Ejecutando: UPDATE DLAB_GEC.M_EXP_TLFNO_AUTORIZADO_TCA FROM (SELECT * FR...
2026-07-30 08:51:43,776 [INFO] root: 🔹 [114/133] Ejecutando sentencia...
2026-07-30 08:51:44,273 [INFO] core.sql_executor:    [115/133] Ejecutando: UPDATE DLAB_GEC.M_EXP_TLFNO_AUTORIZADO_TCA FROM (SELECT * FR...
2026-07-30 08:51:44,275 [INFO] root: 🔹 [115/133] Ejecutando sentencia...
2026-07-30 08:51:44,710 [INFO] core.sql_executor:    [116/133] Ejecutando: UPDATE DLAB_GEC.M_EXP_TLFNO_AUTORIZADO_TCA FROM (SELECT DIST...
2026-07-30 08:51:44,712 [INFO] root: 🔹 [116/133] Ejecutando sentencia...
2026-07-30 08:51:46,416 [INFO] core.sql_executor:    [117/133] Ejecutando: UPDATE DLAB_GEC.M_EXP_TLFNO_AUTORIZADO_TCA  FROM (SELECT * F...
2026-07-30 08:51:46,417 [INFO] root: 🔹 [117/133] Ejecutando sentencia...
2026-07-30 08:51:46,792 [INFO] core.sql_executor:    [118/133] Ejecutando: COLLECT STATISTICS ON DLAB_GEC.M_EXP_TLFNO_AUTORIZADO_TCA CO...
2026-07-30 08:51:46,794 [INFO] root: 🔹 [118/133] Ejecutando sentencia...
2026-07-30 08:51:47,217 [INFO] core.sql_executor:    [119/133] Ejecutando: DELETE FROM DLAB_GEC.M_EXP_TLFNO_AUTORIZADO_ALL ALL
2026-07-30 08:51:47,218 [INFO] root: 🔹 [119/133] Ejecutando sentencia...
2026-07-30 08:51:47,551 [INFO] core.sql_executor:    [120/133] Ejecutando: INSERT INTO DLAB_GEC.M_EXP_TLFNO_AUTORIZADO_ALL (PRODUCTO, N...
2026-07-30 08:51:47,552 [INFO] root: 🔹 [120/133] Ejecutando sentencia...
2026-07-30 08:51:48,577 [INFO] core.sql_executor:    [121/133] Ejecutando: UPDATE DLAB_GEC.M_EXP_TLFNO_AUTORIZADO_ALL FROM (SELECT DIST...
2026-07-30 08:51:48,578 [INFO] root: 🔹 [121/133] Ejecutando sentencia...
2026-07-30 08:51:49,016 [INFO] core.sql_executor:    [122/133] Ejecutando: UPDATE DLAB_GEC.M_EXP_TLFNO_AUTORIZADO_ALL FROM (SELECT DIST...
2026-07-30 08:51:49,018 [INFO] root: 🔹 [122/133] Ejecutando sentencia...
2026-07-30 08:51:49,394 [INFO] core.sql_executor:    [123/133] Ejecutando: UPDATE DLAB_GEC.M_EXP_TLFNO_AUTORIZADO_ALL FROM (SELECT DIST...
2026-07-30 08:51:49,395 [INFO] root: 🔹 [123/133] Ejecutando sentencia...
2026-07-30 08:51:49,874 [INFO] core.sql_executor:    [124/133] Ejecutando: UPDATE DLAB_GEC.M_EXP_TLFNO_AUTORIZADO_ALL FROM (SELECT DIST...
2026-07-30 08:51:49,875 [INFO] root: 🔹 [124/133] Ejecutando sentencia...
2026-07-30 08:51:50,334 [INFO] core.sql_executor:    [125/133] Ejecutando: UPDATE DLAB_GEC.M_EXP_TLFNO_AUTORIZADO_ALL FROM  (SELECT DIS...
2026-07-30 08:51:50,334 [INFO] root: 🔹 [125/133] Ejecutando sentencia...
2026-07-30 08:51:50,769 [INFO] core.sql_executor:    [126/133] Ejecutando: UPDATE DLAB_GEC.M_EXP_TLFNO_AUTORIZADO_ALL  SET FLAG_EVALUAD...
2026-07-30 08:51:50,770 [INFO] root: 🔹 [126/133] Ejecutando sentencia...
2026-07-30 08:51:50,919 [INFO] core.sql_executor:    [127/133] Ejecutando: UPDATE DLAB_GEC.M_EXP_TLFNO_AUTORIZADO_ALL  FROM (SELECT * F...
2026-07-30 08:51:50,920 [INFO] root: 🔹 [127/133] Ejecutando sentencia...
2026-07-30 08:51:51,234 [INFO] core.sql_executor:    [128/133] Ejecutando: DELETE FROM DLAB_GEC.T_EXP_KRI_TELF_NO_AUTORIZADO ALL
2026-07-30 08:51:51,235 [INFO] root: 🔹 [128/133] Ejecutando sentencia...
2026-07-30 08:51:51,553 [INFO] core.sql_executor:    [129/133] Ejecutando: INSERT INTO DLAB_GEC.T_EXP_KRI_TELF_NO_AUTORIZADO (     PROD...
2026-07-30 08:51:51,556 [INFO] root: 🔹 [129/133] Ejecutando sentencia...
2026-07-30 08:51:51,854 [INFO] core.sql_executor:    [130/133] Ejecutando: COLLECT STATISTICS ON DLAB_GEC.T_EXP_KRI_TELF_NO_AUTORIZADO ...
2026-07-30 08:51:51,857 [INFO] root: 🔹 [130/133] Ejecutando sentencia...
2026-07-30 08:51:51,962 [WARNING] core.sql_executor:    ⚠️ COLLECT STATISTICS omitido (sin permiso): COLLECT STATISTICS ON DLAB_GEC.T_EXP_KRI_TELF_NO_AUTORIZADO ...
2026-07-30 08:51:51,963 [INFO] core.sql_executor:    [131/133] Ejecutando: DELETE FROM DLAB_GEC.T_EXP_KRI_TELF_NO_AUTORIZADO_CALIDAD AL...
2026-07-30 08:51:51,964 [INFO] root: 🔹 [131/133] Ejecutando sentencia...
2026-07-30 08:51:52,256 [INFO] core.sql_executor:    [132/133] Ejecutando: INSERT INTO DLAB_GEC.T_EXP_KRI_TELF_NO_AUTORIZADO_CALIDAD ( ...
2026-07-30 08:51:52,259 [INFO] root: 🔹 [132/133] Ejecutando sentencia...
2026-07-30 08:51:52,822 [INFO] core.sql_executor:    [133/133] Ejecutando: COLLECT STATISTICS ON DLAB_GEC.T_EXP_KRI_TELF_NO_AUTORIZADO_...
2026-07-30 08:51:52,825 [INFO] root: 🔹 [133/133] Ejecutando sentencia...
2026-07-30 08:51:52,875 [WARNING] core.sql_executor:    ⚠️ COLLECT STATISTICS omitido (sin permiso): COLLECT STATISTICS ON DLAB_GEC.T_EXP_KRI_TELF_NO_AUTORIZADO_...
2026-07-30 08:51:52,890 [INFO] root: SUCCESS: Completado: **Teléfonos No Autorizados**
2026-07-30 08:51:52,902 [INFO] root: SUCCESS: ¡Transformaciones SQL de Consumo completadas exitosamente en Teradata!
2026-07-30 08:51:52,915 [INFO] root: ⚡ [Fase 5] Iniciando ejecución del script de selección con conexión secundaria...
2026-07-30 08:51:52,926 [INFO] root: 🔑 Conectando a Teradata con el usuario secundario (B44922) para CONSUMO_SELECT_TC_CD_SEG...
2026-07-30 08:51:55,473 [INFO] root: Procesando: **Vistas de Consumo (TC, CD, SEG)**...
2026-07-30 08:51:55,480 [INFO] core.sql_executor: Se detectaron 3 sentencias en CONSUMO_SELECT_TC_CD_SEG.sql
2026-07-30 08:51:55,482 [INFO] core.sql_executor:    [1/3] Ejecutando: DELETE FROM DLAB_GEC.M_EXP_CONSUMO_SELECT_TC_CD_SEG ALL
2026-07-30 08:51:55,483 [INFO] root: 🔹 [1/3] Ejecutando sentencia...
2026-07-30 08:51:55,654 [INFO] core.sql_executor:    [2/3] Ejecutando: INSERT INTO DLAB_GEC.M_EXP_CONSUMO_SELECT_TC_CD_SEG (     CO...
2026-07-30 08:51:55,655 [INFO] root: 🔹 [2/3] Ejecutando sentencia...
2026-07-30 08:51:59,836 [INFO] core.sql_executor:    [3/3] Ejecutando: COLLECT STATISTICS ON DLAB_GEC.M_EXP_CONSUMO_SELECT_TC_CD_SE...
2026-07-30 08:51:59,837 [INFO] root: 🔹 [3/3] Ejecutando sentencia...
2026-07-30 08:52:00,466 [INFO] root: SUCCESS: Completado: **Vistas de Consumo (TC, CD, SEG)**
2026-07-30 08:52:00,616 [INFO] root: SUCCESS: ¡Selección de Consumo completada exitosamente en Teradata!
2026-07-30 08:52:00,629 [INFO] root: SUCCESS: ¡Proceso de orquestación finalizado con éxito para Calidad Insumos!
