2026-07-27 10:25:01,917 [INFO] root: Iniciando Pipeline Unificado de Proceso Calidad...
2026-07-27 10:25:01,936 [INFO] root: 📥 Fase 2: Descargando Speech Analytics de Verint para el periodo 202607...
2026-07-27 10:25:01,950 [INFO] root: Archivos de Verint descargados hoy detectados (2 archivo(s)). Omitiendo descarga.
2026-07-27 10:25:01,954 [INFO] root: 🧹 Cargando 2 archivo(s) de Verint a Teradata...
2026-07-27 10:25:04,600 [INFO] root: Procesando archivo Verint: Export_Calidad_20260727091208 1-2.xlsx...
2026-07-27 10:27:26,060 [INFO] root: Subiendo a la tabla DLAB_GEC.M_EXP_CALIDAD_DATA_SPEECH_ANALYTICS (Vaciar=True)...
2026-07-27 10:27:26,478 [INFO] root: Limpiando datos existentes en la tabla...
2026-07-27 10:27:27,703 [INFO] root: Preparando registros para la carga...
2026-07-27 10:27:29,789 [INFO] root: Iniciando carga de 150,000 registros...
2026-07-27 10:27:29,793 [INFO] root: Cargando registros: 1 a 50,000 de 150,000 (33%)
2026-07-27 10:27:51,940 [INFO] root: Cargando registros: 50,001 a 100,000 de 150,000 (66%)
2026-07-27 10:28:16,434 [INFO] root: Cargando registros: 100,001 a 150,000 de 150,000 (100%)
2026-07-27 10:28:48,671 [INFO] root: Carga de datos finalizada con éxito.
2026-07-27 10:28:48,780 [INFO] root: Procesando archivo Verint: Export_Calidad_20260727091208 2-2.xlsx...
2026-07-27 10:29:34,002 [INFO] root: Subiendo a la tabla DLAB_GEC.M_EXP_CALIDAD_DATA_SPEECH_ANALYTICS (Vaciar=False)...
2026-07-27 10:29:34,836 [INFO] root: Preparando registros para la carga...
2026-07-27 10:29:35,392 [INFO] root: Iniciando carga de 49,977 registros...
2026-07-27 10:29:35,395 [INFO] root: Cargando registros: 1 a 49,977 de 49,977 (100%)
2026-07-27 10:30:02,908 [INFO] root: Carga de datos finalizada con éxito.
2026-07-27 10:30:02,982 [INFO] root: Fase 3: Procesando Excel de Acciones Tomadas local...
2026-07-27 10:30:03,652 [INFO] root: 🔄 Conectando con Excel para actualizar desde SharePoint...
2026-07-27 10:30:25,424 [INFO] root: SUCCESS: Excel actualizado correctamente desde SharePoint.
2026-07-27 10:30:25,640 [INFO] root: 🧹 Deduplicando registros de Acciones Tomadas por orden de severidad...
2026-07-27 10:30:28,008 [INFO] root: Cargando en la tabla DLAB_GEC.M_EXP_NTD_OBSERVACIONES_PRE...
2026-07-27 10:30:28,197 [INFO] root: Limpiando datos existentes en la tabla...
2026-07-27 10:30:28,854 [INFO] root: Preparando registros para la carga...
2026-07-27 10:30:28,870 [INFO] root: Iniciando carga de 4,418 registros...
2026-07-27 10:30:28,874 [INFO] root: Cargando registros: 1 a 4,418 de 4,418 (100%)
2026-07-27 10:30:29,599 [INFO] root: Carga de datos finalizada con éxito.
2026-07-27 10:30:29,625 [INFO] root: ⚡ Fase 4: Ejecutando Scripts SQL del Pipeline de Calidad...
2026-07-27 10:30:30,948 [INFO] root: 🔍 Iniciando verificación de tablas de origen para el período: 202607 (Corte: Días 1 al 31)
2026-07-27 10:30:31,404 [INFO] root: Tabla DLAB_GEC.M_EXP_CALIDAD_DATA_SPEECH_ANALYTICS: 199,977 registros
2026-07-27 10:30:32,002 [INFO] root: Tabla DLAB_GEC.M_EXP_CALIDAD_PURECLOUD_PRE: 33,130 registros
2026-07-27 10:30:32,439 [INFO] root: Tabla DLAB_GEC.M_EXP_VENTAS_TC: 5,766 registros
2026-07-27 10:30:32,978 [INFO] root: Tabla DLAB_GEC.M_EXP_VENTAS_PP: 1,530 registros
2026-07-27 10:30:33,373 [INFO] root: Tabla DLAB_GEC.M_EXP_VENTAS_CON: 950 registros
2026-07-27 10:30:33,727 [INFO] root: Tabla DLAB_GEC.T_VENTAS_BPE_MARKET: 6,248 registros
2026-07-27 10:30:35,711 [INFO] root: Tabla DLAB_GEC.V_GESTION_BNC: 5,156 registros
2026-07-27 10:30:35,984 [INFO] root: Tabla DLAB_GEC.M_EXP_VENTAS_EC: 1,406 registros
2026-07-27 10:30:37,728 [INFO] root: Tabla DLAB_GEC.V_GESTION_CHIP: 3,077 registros
2026-07-27 10:30:38,513 [INFO] root: Tabla DLAB_GEC.M_EXP_VENTAS_CD: 527 registros
2026-07-27 10:30:38,849 [INFO] root: Tabla DLAB_GEC.T_RETENCION_BASE_CALIDAD_GIRU: 4,283 registros
2026-07-27 10:30:39,367 [INFO] root: Tabla E_DW_VIEWS_DLAB.V_CNV_VISTA_RETENCION_BT: 54,974 registros
2026-07-27 10:30:39,984 [ERROR] root: Tabla vacía o sin registros: DLAB_GEC.M_EXP_VENTAS_IL
2026-07-27 10:30:40,257 [ERROR] root: Tabla vacía o sin registros: DLAB_GEC.M_EXP_VENTAS_TCA
2026-07-27 10:30:40,467 [ERROR] root: Tabla vacía o sin registros: DLAB_GEC.M_EXP_VENTAS_UPG
2026-07-27 10:30:40,946 [ERROR] root: Tabla vacía o sin registros: DLAB_GEC.M_EXP_VENTAS_PA
2026-07-27 10:30:41,442 [INFO] root: Tabla DLAB_GEC.M_EXP_VENTAS_SEG: 1,285 registros
2026-07-27 10:30:42,283 [INFO] root: Tabla DLAB_GEC.TLV_CARGA_ACTUAL: 848,631 registros
2026-07-27 10:30:42,741 [INFO] root: Tabla DLAB_GEC.TLV_CARGA_ACTUAL_DIGITAL: 35,060 registros
2026-07-27 10:30:42,745 [WARNING] root: ADVERTENCIA: Las siguientes tablas de origen están vacías o fallaron al consultarse: DLAB_GEC.M_EXP_VENTAS_IL, DLAB_GEC.M_EXP_VENTAS_TCA, DLAB_GEC.M_EXP_VENTAS_UPG, DLAB_GEC.M_EXP_VENTAS_PA. Continuando con el procesamiento SQL...
2026-07-27 10:30:42,748 [INFO] root: 🔍 Verificando preguntas de Pure Cloud sin mapear en la maestra...
2026-07-27 10:30:48,276 [WARNING] root: Se encontraron 559 preguntas sin mapear en DLAB_GEC.M_EXP_CALIDAD_MAESTRA_GRUPO_PREGUNTAS_PCLOUD
2026-07-27 10:30:48,282 [WARNING] root: - Pregunta: 'APLICA_NTD_1' (Mapeada: 'APLICA NTD 1') | Plantilla: Exp. Compra - BPE - EQUIPO B_100 | Grupo: NOT TO DO
2026-07-27 10:30:48,288 [WARNING] root: - Pregunta: 'APLICA_NTD_1' (Mapeada: 'APLICA NTD 1') | Plantilla: Exp. Compra - BPE - EQUIPO C_100 | Grupo: NOT TO DO
2026-07-27 10:30:48,294 [WARNING] root: - Pregunta: 'APLICA_NTD_1' (Mapeada: 'APLICA NTD 1') | Plantilla: Exp. Compra - CON | Grupo: NOT TO DO
2026-07-27 10:30:48,298 [WARNING] root: - Pregunta: 'APLICA_NTD_1' (Mapeada: 'APLICA NTD 1') | Plantilla: Exp. Compra - EC | Grupo: NOT TO DO
2026-07-27 10:30:48,300 [WARNING] root: - Pregunta: 'APLICA_NTD_1' (Mapeada: 'APLICA NTD 1') | Plantilla: Exp. Compra - PP | Grupo: NOT TO DO
2026-07-27 10:30:48,302 [WARNING] root: - Pregunta: 'APLICA_NTD_1' (Mapeada: 'APLICA NTD 1') | Plantilla: Exp. Compra - PRT | Grupo: NOT TO DO
2026-07-27 10:30:48,304 [WARNING] root: - Pregunta: 'APLICA_NTD_1' (Mapeada: 'APLICA NTD 1') | Plantilla: Exp. Compra - RTC | Grupo: NOT TO DO
2026-07-27 10:30:48,306 [WARNING] root: - Pregunta: 'APLICA_NTD_1' (Mapeada: 'APLICA NTD 1') | Plantilla: Exp. Compra - RTC_CONV | Grupo: NOT TO DO
2026-07-27 10:30:48,308 [WARNING] root: - Pregunta: 'APLICA_NTD_1' (Mapeada: 'APLICA NTD 1') | Plantilla: Exp. Compra - TC | Grupo: NOT TO DO
2026-07-27 10:30:48,311 [WARNING] root: - Pregunta: 'APLICA_NTD_1' (Mapeada: 'APLICA NTD 1') | Plantilla: Exp. Compra CD_v2 | Grupo: NOT TO DO
2026-07-27 10:30:48,316 [WARNING] root: ... (más preguntas omitidas en el log rápido)
2026-07-27 10:30:48,321 [INFO] root: Procesando: **Evaluaciones Manuales Pure Cloud**...
2026-07-27 10:30:48,327 [INFO] core.quality_process_orchestrator: Se detectaron 12 sentencias en 01_evaluacion_manual_pc.sql
2026-07-27 10:30:48,328 [INFO] core.quality_process_orchestrator:    [1/12] Ejecutando: CREATE VOLATILE TABLE VT_PC_RAW AS (
2026-07-27 10:30:48,329 [INFO] root: 🔹 [1/12] Ejecutando sentencia...
2026-07-27 10:30:49,679 [INFO] core.quality_process_orchestrator:    [2/12] Ejecutando: CREATE VOLATILE TABLE VT_PC_MAPPED AS (
2026-07-27 10:30:49,680 [INFO] root: 🔹 [2/12] Ejecutando sentencia...
2026-07-27 10:30:51,867 [INFO] core.quality_process_orchestrator:    [3/12] Ejecutando: CREATE VOLATILE TABLE VT_PC_SCORED AS (
2026-07-27 10:30:51,867 [INFO] root: 🔹 [3/12] Ejecutando sentencia...
2026-07-27 10:30:54,018 [INFO] core.quality_process_orchestrator:    [4/12] Ejecutando: CREATE VOLATILE TABLE VT_PC_WEIGHTED AS (
2026-07-27 10:30:54,018 [INFO] root: 🔹 [4/12] Ejecutando sentencia...
2026-07-27 10:31:14,217 [INFO] core.quality_process_orchestrator:    [5/12] Ejecutando: CREATE VOLATILE TABLE VT_PC_FINAL AS (
2026-07-27 10:31:14,218 [INFO] root: 🔹 [5/12] Ejecutando sentencia...
2026-07-27 10:31:17,505 [INFO] core.quality_process_orchestrator:    [6/12] Ejecutando: DELETE FROM DLAB_GEC.M_EXP_CALIDAD_DETALLE_PURE_CLOUD ALL
2026-07-27 10:31:17,506 [INFO] root: 🔹 [6/12] Ejecutando sentencia...
2026-07-27 10:31:18,036 [INFO] core.quality_process_orchestrator:    [7/12] Ejecutando: INSERT INTO DLAB_GEC.M_EXP_CALIDAD_DETALLE_PURE_CLOUD
2026-07-27 10:31:18,036 [INFO] root: 🔹 [7/12] Ejecutando sentencia...
2026-07-27 10:31:19,245 [INFO] core.quality_process_orchestrator:    [8/12] Ejecutando: DROP TABLE VT_PC_RAW
2026-07-27 10:31:19,245 [INFO] root: 🔹 [8/12] Ejecutando sentencia...
2026-07-27 10:31:19,758 [INFO] core.quality_process_orchestrator:    [9/12] Ejecutando: DROP TABLE VT_PC_MAPPED
2026-07-27 10:31:19,759 [INFO] root: 🔹 [9/12] Ejecutando sentencia...
2026-07-27 10:31:20,211 [INFO] core.quality_process_orchestrator:    [10/12] Ejecutando: DROP TABLE VT_PC_SCORED
2026-07-27 10:31:20,212 [INFO] root: 🔹 [10/12] Ejecutando sentencia...
2026-07-27 10:31:22,573 [INFO] core.quality_process_orchestrator:    [11/12] Ejecutando: DROP TABLE VT_PC_WEIGHTED
2026-07-27 10:31:22,573 [INFO] root: 🔹 [11/12] Ejecutando sentencia...
2026-07-27 10:31:22,839 [INFO] core.quality_process_orchestrator:    [12/12] Ejecutando: DROP TABLE VT_PC_FINAL
2026-07-27 10:31:22,840 [INFO] root: 🔹 [12/12] Ejecutando sentencia...
2026-07-27 10:31:23,543 [INFO] root: SUCCESS: Completado: **Evaluaciones Manuales Pure Cloud**
2026-07-27 10:31:23,549 [INFO] root: Procesando: **Consentimientos y Ventas LPDP**...
2026-07-27 10:31:23,563 [INFO] core.quality_process_orchestrator: Se detectaron 22 sentencias en 02_sa_marcacion_ventas_lpdp.sql
2026-07-27 10:31:23,564 [INFO] core.quality_process_orchestrator:    [1/22] Ejecutando: CREATE VOLATILE TABLE VT_SA_CLEANED AS (
2026-07-27 10:31:23,565 [INFO] root: 🔹 [1/22] Ejecutando sentencia...
2026-07-27 10:31:24,321 [INFO] core.quality_process_orchestrator:    [2/22] Ejecutando: CREATE VOLATILE TABLE VT_TC_DEDUP AS (
2026-07-27 10:31:24,321 [INFO] root: 🔹 [2/22] Ejecutando sentencia...
2026-07-27 10:31:25,528 [INFO] core.quality_process_orchestrator:    [3/22] Ejecutando: CREATE VOLATILE TABLE VT_PP_DEDUP AS (
2026-07-27 10:31:25,528 [INFO] root: 🔹 [3/22] Ejecutando sentencia...
2026-07-27 10:31:27,166 [INFO] core.quality_process_orchestrator:    [4/22] Ejecutando: CREATE VOLATILE TABLE VT_CON_DEDUP AS (
2026-07-27 10:31:27,167 [INFO] root: 🔹 [4/22] Ejecutando sentencia...
2026-07-27 10:31:29,560 [INFO] core.quality_process_orchestrator:    [5/22] Ejecutando: CREATE VOLATILE TABLE VT_BN_DEDUP AS (
2026-07-27 10:31:29,560 [INFO] root: 🔹 [5/22] Ejecutando sentencia...
2026-07-27 10:31:31,157 [INFO] core.quality_process_orchestrator:    [6/22] Ejecutando: CREATE VOLATILE TABLE VT_BNC_DEDUP AS (
2026-07-27 10:31:31,158 [INFO] root: 🔹 [6/22] Ejecutando sentencia...
2026-07-27 10:31:35,919 [INFO] core.quality_process_orchestrator:    [7/22] Ejecutando: CREATE VOLATILE TABLE VT_EC_DEDUP AS (
2026-07-27 10:31:35,920 [INFO] root: 🔹 [7/22] Ejecutando sentencia...
2026-07-27 10:31:39,590 [INFO] core.quality_process_orchestrator:    [8/22] Ejecutando: CREATE VOLATILE TABLE VT_CHIP_DEDUP AS (
2026-07-27 10:31:39,591 [INFO] root: 🔹 [8/22] Ejecutando sentencia...
2026-07-27 10:31:45,469 [INFO] core.quality_process_orchestrator:    [9/22] Ejecutando: CREATE VOLATILE TABLE VT_CD_DEDUP AS (
2026-07-27 10:31:45,470 [INFO] root: 🔹 [9/22] Ejecutando sentencia...
2026-07-27 10:31:46,930 [INFO] core.quality_process_orchestrator:    [10/22] Ejecutando: CREATE VOLATILE TABLE VT_RTC_DEDUP AS (
2026-07-27 10:31:46,930 [INFO] root: 🔹 [10/22] Ejecutando sentencia...
2026-07-27 10:31:48,165 [INFO] core.quality_process_orchestrator:    [11/22] Ejecutando: CREATE VOLATILE TABLE VT_RCO_DEDUP AS (
2026-07-27 10:31:48,165 [INFO] root: 🔹 [11/22] Ejecutando sentencia...
2026-07-27 10:31:49,316 [INFO] core.quality_process_orchestrator:    [12/22] Ejecutando: CREATE VOLATILE TABLE VT_PRT_IL_DEDUP AS (
2026-07-27 10:31:49,317 [INFO] root: 🔹 [12/22] Ejecutando sentencia...
2026-07-27 10:31:50,166 [INFO] core.quality_process_orchestrator:    [13/22] Ejecutando: CREATE VOLATILE TABLE VT_PRT_TCA_DEDUP AS (
2026-07-27 10:31:50,166 [INFO] root: 🔹 [13/22] Ejecutando sentencia...
2026-07-27 10:31:50,744 [INFO] core.quality_process_orchestrator:    [14/22] Ejecutando: CREATE VOLATILE TABLE VT_PRT_UPG_DEDUP AS (
2026-07-27 10:31:50,745 [INFO] root: 🔹 [14/22] Ejecutando sentencia...
2026-07-27 10:31:52,156 [INFO] core.quality_process_orchestrator:    [15/22] Ejecutando: CREATE VOLATILE TABLE VT_PRT_PA_DEDUP AS (
2026-07-27 10:31:52,157 [INFO] root: 🔹 [15/22] Ejecutando sentencia...
2026-07-27 10:31:53,540 [INFO] core.quality_process_orchestrator:    [16/22] Ejecutando: CREATE VOLATILE TABLE VT_SEG_DEDUP AS (
2026-07-27 10:31:53,541 [INFO] root: 🔹 [16/22] Ejecutando sentencia...
2026-07-27 10:31:58,892 [INFO] core.quality_process_orchestrator:    [17/22] Ejecutando: CREATE VOLATILE TABLE VT_LPDP_CARGA_ACTUAL AS (
2026-07-27 10:31:58,893 [INFO] root: 🔹 [17/22] Ejecutando sentencia...
2026-07-27 10:32:11,759 [INFO] core.quality_process_orchestrator:    [18/22] Ejecutando: CREATE VOLATILE TABLE VT_LPDP_CARGA_ACTUAL_DIGITAL AS (
2026-07-27 10:32:11,760 [INFO] root: 🔹 [18/22] Ejecutando sentencia...
2026-07-27 10:32:14,577 [INFO] core.quality_process_orchestrator:    [19/22] Ejecutando: CREATE VOLATILE TABLE VT_SA_MARKED AS (
2026-07-27 10:32:14,577 [INFO] root: 🔹 [19/22] Ejecutando sentencia...
2026-07-27 10:33:03,340 [INFO] core.quality_process_orchestrator:    [20/22] Ejecutando: CREATE VOLATILE TABLE VT_SA_FINAL AS (
2026-07-27 10:33:03,341 [INFO] root: 🔹 [20/22] Ejecutando sentencia...
2026-07-27 10:33:35,499 [INFO] core.quality_process_orchestrator:    [21/22] Ejecutando: DELETE FROM DLAB_GEC.M_EXP_CALIDAD_DATA_SPEECH_ANALYTICS ALL
2026-07-27 10:33:35,499 [INFO] root: 🔹 [21/22] Ejecutando sentencia...
2026-07-27 10:33:42,503 [INFO] core.quality_process_orchestrator:    [22/22] Ejecutando: INSERT INTO DLAB_GEC.M_EXP_CALIDAD_DATA_SPEECH_ANALYTICS
2026-07-27 10:33:42,504 [INFO] root: 🔹 [22/22] Ejecutando sentencia...
2026-07-27 10:33:45,271 [INFO] root: SUCCESS: Completado: **Consentimientos y Ventas LPDP**
2026-07-27 10:33:45,276 [INFO] root: Procesando: **Cálculo de Pesos e Indicadores**...
2026-07-27 10:33:45,289 [INFO] core.quality_process_orchestrator: Se detectaron 3 sentencias en 03_sa_calculo_pesos_unpivot.sql
2026-07-27 10:33:45,290 [INFO] core.quality_process_orchestrator:    [1/3] Ejecutando: CREATE VOLATILE TABLE VT_BASE_SPEECH AS (
2026-07-27 10:33:45,290 [INFO] root: 🔹 [1/3] Ejecutando sentencia...
2026-07-27 10:33:47,421 [INFO] core.quality_process_orchestrator:    [2/3] Ejecutando: CREATE VOLATILE TABLE VT_EXP_CALIDAD_PESOS_SA AS (
2026-07-27 10:33:47,422 [INFO] root: 🔹 [2/3] Ejecutando sentencia...
2026-07-27 10:34:07,902 [INFO] core.quality_process_orchestrator:    [3/3] Ejecutando: DROP TABLE VT_BASE_SPEECH
2026-07-27 10:34:07,903 [INFO] root: 🔹 [3/3] Ejecutando sentencia...
2026-07-27 10:34:08,525 [INFO] root: SUCCESS: Completado: **Cálculo de Pesos e Indicadores**
2026-07-27 10:34:08,535 [INFO] root: Procesando: **Ajustes de Curva de Notas**...
2026-07-27 10:34:08,539 [INFO] core.quality_process_orchestrator: Se detectaron 13 sentencias en 04_sa_ajustes_curva.sql
2026-07-27 10:34:08,539 [INFO] core.quality_process_orchestrator:    [1/13] Ejecutando: UPDATE VT_EXP_CALIDAD_PESOS_SA SET CATEGORIA = TRIM(CATEGORIA)
2026-07-27 10:34:08,539 [INFO] root: 🔹 [1/13] Ejecutando sentencia...
2026-07-27 10:34:09,503 [INFO] core.quality_process_orchestrator:    [2/13] Ejecutando: UPDATE VT_EXP_CALIDAD_PESOS_SA SET PRODUCTO = TRIM(PRODUCTO)
2026-07-27 10:34:09,504 [INFO] root: 🔹 [2/13] Ejecutando sentencia...
2026-07-27 10:34:10,405 [INFO] core.quality_process_orchestrator:    [3/13] Ejecutando: UPDATE t_pesos
2026-07-27 10:34:10,407 [INFO] root: 🔹 [3/13] Ejecutando sentencia...
2026-07-27 10:34:11,390 [INFO] core.quality_process_orchestrator:    [4/13] Ejecutando: DELETE FROM VT_EXP_CALIDAD_PESOS_SA
2026-07-27 10:34:11,390 [INFO] root: 🔹 [4/13] Ejecutando sentencia...
2026-07-27 10:34:11,688 [INFO] core.quality_process_orchestrator:    [5/13] Ejecutando: UPDATE VT_EXP_CALIDAD_PESOS_SA
2026-07-27 10:34:11,688 [INFO] root: 🔹 [5/13] Ejecutando sentencia...
2026-07-27 10:34:12,221 [INFO] core.quality_process_orchestrator:    [6/13] Ejecutando: UPDATE t_pesos
2026-07-27 10:34:12,222 [INFO] root: 🔹 [6/13] Ejecutando sentencia...
2026-07-27 10:34:12,653 [INFO] core.quality_process_orchestrator:    [7/13] Ejecutando: CREATE VOLATILE TABLE VT_FACTORES_GRUPO AS (
2026-07-27 10:34:12,654 [INFO] root: 🔹 [7/13] Ejecutando sentencia...
2026-07-27 10:34:13,881 [INFO] core.quality_process_orchestrator:    [8/13] Ejecutando: UPDATE t_pesos
2026-07-27 10:34:13,882 [INFO] root: 🔹 [8/13] Ejecutando sentencia...
2026-07-27 10:34:14,698 [INFO] core.quality_process_orchestrator:    [9/13] Ejecutando: DROP TABLE VT_FACTORES_GRUPO
2026-07-27 10:34:14,699 [INFO] root: 🔹 [9/13] Ejecutando sentencia...
2026-07-27 10:34:17,952 [INFO] core.quality_process_orchestrator:    [10/13] Ejecutando: DELETE FROM DLAB_GEC.M_EXP_CALIDAD_DETALLE_SPEECH_ANALYTICS ALL
2026-07-27 10:34:17,953 [INFO] root: 🔹 [10/13] Ejecutando sentencia...
2026-07-27 10:34:19,586 [INFO] core.quality_process_orchestrator:    [11/13] Ejecutando: INSERT INTO DLAB_GEC.M_EXP_CALIDAD_DETALLE_SPEECH_ANALYTICS
2026-07-27 10:34:19,587 [INFO] root: 🔹 [11/13] Ejecutando sentencia...
2026-07-27 10:34:20,365 [INFO] core.quality_process_orchestrator:    [12/13] Ejecutando: UPDATE det_sa
2026-07-27 10:34:20,366 [INFO] root: 🔹 [12/13] Ejecutando sentencia...
2026-07-27 10:34:22,435 [INFO] core.quality_process_orchestrator:    [13/13] Ejecutando: UPDATE det_sa
2026-07-27 10:34:22,436 [INFO] root: 🔹 [13/13] Ejecutando sentencia...
2026-07-27 10:34:23,857 [INFO] root: SUCCESS: Completado: **Ajustes de Curva de Notas**
2026-07-27 10:34:23,863 [INFO] root: Procesando: **Verificación de Notas Cero**...
2026-07-27 10:34:23,867 [INFO] core.quality_process_orchestrator: Se detectaron 8 sentencias en 04_b_sa_parche_nota_cero.sql
2026-07-27 10:34:23,867 [INFO] core.quality_process_orchestrator:    [1/8] Ejecutando: CREATE VOLATILE TABLE VT_MAX_SA_CASES AS (
2026-07-27 10:34:23,868 [INFO] root: 🔹 [1/8] Ejecutando sentencia...
2026-07-27 10:34:26,532 [INFO] core.quality_process_orchestrator:    [2/8] Ejecutando: CREATE VOLATILE TABLE VT_SUB_EQUIPO_PRODUCTO AS (
2026-07-27 10:34:26,534 [INFO] root: 🔹 [2/8] Ejecutando sentencia...
2026-07-27 10:34:27,461 [INFO] core.quality_process_orchestrator:    [3/8] Ejecutando: CREATE VOLATILE TABLE VT_ZERO_SA_CASES AS (
2026-07-27 10:34:27,463 [INFO] root: 🔹 [3/8] Ejecutando sentencia...
2026-07-27 10:34:30,360 [INFO] core.quality_process_orchestrator:    [4/8] Ejecutando: DELETE FROM DLAB_GEC.M_EXP_CALIDAD_DETALLE_SPEECH_ANALYTICS
2026-07-27 10:34:30,361 [INFO] root: 🔹 [4/8] Ejecutando sentencia...
2026-07-27 10:34:31,018 [INFO] core.quality_process_orchestrator:    [5/8] Ejecutando: INSERT INTO DLAB_GEC.M_EXP_CALIDAD_DETALLE_SPEECH_ANALYTICS
2026-07-27 10:34:31,019 [INFO] root: 🔹 [5/8] Ejecutando sentencia...
2026-07-27 10:34:32,477 [INFO] core.quality_process_orchestrator:    [6/8] Ejecutando: DROP TABLE VT_MAX_SA_CASES
2026-07-27 10:34:32,478 [INFO] root: 🔹 [6/8] Ejecutando sentencia...
2026-07-27 10:34:32,725 [INFO] core.quality_process_orchestrator:    [7/8] Ejecutando: DROP TABLE VT_SUB_EQUIPO_PRODUCTO
2026-07-27 10:34:32,728 [INFO] root: 🔹 [7/8] Ejecutando sentencia...
2026-07-27 10:34:33,158 [INFO] core.quality_process_orchestrator:    [8/8] Ejecutando: DROP TABLE VT_ZERO_SA_CASES
2026-07-27 10:34:33,160 [INFO] root: 🔹 [8/8] Ejecutando sentencia...
2026-07-27 10:34:33,420 [INFO] root: SUCCESS: Completado: **Verificación de Notas Cero**
2026-07-27 10:34:33,427 [INFO] root: Procesando: **Consolidación de Nota Final de Calidad**...
2026-07-27 10:34:33,437 [INFO] core.quality_process_orchestrator: Se detectaron 18 sentencias en 05_consolidacion_nota_final.sql
2026-07-27 10:34:33,438 [INFO] core.quality_process_orchestrator:    [1/18] Ejecutando: DELETE FROM DLAB_GEC.M_EXP_CALIDAD_NOTA_FINAL
2026-07-27 10:34:33,438 [INFO] root: 🔹 [1/18] Ejecutando sentencia...
2026-07-27 10:34:33,889 [INFO] core.quality_process_orchestrator:    [2/18] Ejecutando: CREATE VOLATILE TABLE VT_EXEC AS (
2026-07-27 10:34:33,890 [INFO] root: 🔹 [2/18] Ejecutando sentencia...
2026-07-27 10:34:34,442 [INFO] core.quality_process_orchestrator:    [3/18] Ejecutando: CREATE VOLATILE TABLE VT_PC AS (
2026-07-27 10:34:34,443 [INFO] root: 🔹 [3/18] Ejecutando sentencia...
2026-07-27 10:34:35,124 [INFO] core.quality_process_orchestrator:    [4/18] Ejecutando: CREATE VOLATILE TABLE VT_SA_CAT AS (
2026-07-27 10:34:35,127 [INFO] root: 🔹 [4/18] Ejecutando sentencia...
2026-07-27 10:34:36,090 [INFO] core.quality_process_orchestrator:    [5/18] Ejecutando: CREATE VOLATILE TABLE VT_SA AS (
2026-07-27 10:34:36,091 [INFO] root: 🔹 [5/18] Ejecutando sentencia...
2026-07-27 10:34:36,807 [INFO] core.quality_process_orchestrator:    [6/18] Ejecutando: CREATE VOLATILE TABLE VT_BASE_PC AS (
2026-07-27 10:34:36,807 [INFO] root: 🔹 [6/18] Ejecutando sentencia...
2026-07-27 10:34:39,547 [INFO] core.quality_process_orchestrator:    [7/18] Ejecutando: CREATE VOLATILE TABLE VT_BASE_GER AS (
2026-07-27 10:34:39,548 [INFO] root: 🔹 [7/18] Ejecutando sentencia...
2026-07-27 10:34:40,899 [INFO] core.quality_process_orchestrator:    [8/18] Ejecutando: CREATE VOLATILE TABLE VT_ALL AS (
2026-07-27 10:34:40,900 [INFO] root: 🔹 [8/18] Ejecutando sentencia...
2026-07-27 10:34:42,392 [INFO] core.quality_process_orchestrator:    [9/18] Ejecutando: INSERT INTO DLAB_GEC.M_EXP_CALIDAD_NOTA_FINAL
2026-07-27 10:34:42,393 [INFO] root: 🔹 [9/18] Ejecutando sentencia...
2026-07-27 10:34:43,992 [INFO] core.quality_process_orchestrator:    [10/18] Ejecutando: DROP TABLE VT_EXEC
2026-07-27 10:34:43,994 [INFO] root: 🔹 [10/18] Ejecutando sentencia...
2026-07-27 10:34:44,935 [INFO] core.quality_process_orchestrator:    [11/18] Ejecutando: DROP TABLE VT_PC
2026-07-27 10:34:44,936 [INFO] root: 🔹 [11/18] Ejecutando sentencia...
2026-07-27 10:34:45,283 [INFO] core.quality_process_orchestrator:    [12/18] Ejecutando: DROP TABLE VT_SA_CAT
2026-07-27 10:34:45,284 [INFO] root: 🔹 [12/18] Ejecutando sentencia...
2026-07-27 10:34:45,653 [INFO] core.quality_process_orchestrator:    [13/18] Ejecutando: DROP TABLE VT_SA
2026-07-27 10:34:45,653 [INFO] root: 🔹 [13/18] Ejecutando sentencia...
2026-07-27 10:34:46,023 [INFO] core.quality_process_orchestrator:    [14/18] Ejecutando: DROP TABLE VT_BASE_PC
2026-07-27 10:34:46,023 [INFO] root: 🔹 [14/18] Ejecutando sentencia...
2026-07-27 10:34:46,435 [INFO] core.quality_process_orchestrator:    [15/18] Ejecutando: DROP TABLE VT_BASE_GER
2026-07-27 10:34:46,435 [INFO] root: 🔹 [15/18] Ejecutando sentencia...
2026-07-27 10:34:46,990 [INFO] core.quality_process_orchestrator:    [16/18] Ejecutando: DROP TABLE VT_ALL
2026-07-27 10:34:46,992 [INFO] root: 🔹 [16/18] Ejecutando sentencia...
2026-07-27 10:34:47,422 [INFO] core.quality_process_orchestrator:    [17/18] Ejecutando: DELETE FROM DLAB_GEC.M_EXP_HIST_ERRORES_CALIDAD
2026-07-27 10:34:47,422 [INFO] root: 🔹 [17/18] Ejecutando sentencia...
2026-07-27 10:34:47,710 [INFO] core.quality_process_orchestrator:    [18/18] Ejecutando: INSERT INTO DLAB_GEC.M_EXP_HIST_ERRORES_CALIDAD
2026-07-27 10:34:47,711 [INFO] root: 🔹 [18/18] Ejecutando sentencia...
2026-07-27 10:34:49,371 [INFO] root: SUCCESS: Completado: **Consolidación de Nota Final de Calidad**
2026-07-27 10:34:49,376 [INFO] root: Todo el procesamiento SQL se ejecutó exitosamente. Guardando transacciones (Commit)...
2026-07-27 10:34:49,382 [INFO] root: SUCCESS: ¡Pipeline de Calidad Completo ejecutado exitosamente!
2026-07-27 10:34:50,263 [INFO] root: ⚡ Fase 5: Ejecutando Proceso NTD (Not To Do)...
2026-07-27 10:34:52,663 [INFO] root: 🔍 Validando tabla de entrada de Evaluaciones (M_EXP_CALIDAD_PURECLOUD_PRE)...
2026-07-27 10:34:53,636 [ERROR] root: Fallo crítico en el procesamiento SQL de NTD. Revirtiendo cambios (Rollback)... Error: La fecha máxima de M_EXP_CALIDAD_PURECLOUD_PRE (202606) no corresponde al mes parametrizado (202607). Proceso abortado.
2026-07-27 10:34:53,768 [ERROR] root: Fallo en el pipeline de calidad: La fecha máxima de M_EXP_CALIDAD_PURECLOUD_PRE (202606) no corresponde al mes parametrizado (202607). Proceso abortado.
