2026-07-27 10:36:44,390 [INFO] root: Iniciando Pipeline Unificado de Proceso Calidad...
2026-07-27 10:36:44,404 [INFO] root: 📥 Fase 1: Descargando Evaluaciones de Insight...
2026-07-27 10:36:44,408 [INFO] root: Iniciando sesión en Insight...
2026-07-27 10:36:44,586 [INFO] root: Obteniendo lista de consultas guardadas...
2026-07-27 10:36:44,647 [INFO] root: Ejecutando consulta 'EVALUATIONS' en el área 'GCI_PRD_Insight_TLVentas'...
2026-07-27 10:36:46,190 [INFO] root: Esperando que el archivo sea generado en Insight...
2026-07-27 10:36:46,205 [INFO] root: Esperando archivo... (intento 1/20)
2026-07-27 10:36:51,261 [INFO] root: Esperando archivo... (intento 2/20)
2026-07-27 10:36:56,283 [INFO] root: Descargando archivo desde Insight...
2026-07-27 10:36:57,646 [INFO] root: Descarga finalizada. Guardado en 'C:\Users\b47756\OneDrive - Interbank\Televentas\UPLOADER_V2\INPUT_PROCESO_CALIDAD\Reporte_Insight_EVALUATIONS_20260727.txt'.
2026-07-27 10:36:57,653 [INFO] root: 🧹 Cargando Evaluaciones de Insight a Teradata...
2026-07-27 10:37:00,283 [INFO] root: Cargando en la tabla DLAB_GEC.M_EXP_CALIDAD_PURECLOUD_PRE...
2026-07-27 10:37:00,944 [INFO] root: Limpiando datos existentes en la tabla...
2026-07-27 10:37:04,314 [INFO] root: Preparando registros para la carga...
2026-07-27 10:37:04,433 [INFO] root: Iniciando carga de 23,725 registros...
2026-07-27 10:37:04,435 [INFO] root: Cargando registros: 1 a 23,725 de 23,725 (100%)
2026-07-27 10:37:12,666 [INFO] root: Carga de datos finalizada con éxito.
2026-07-27 10:37:12,781 [INFO] root: ⚡ Fase 4: Ejecutando Scripts SQL del Pipeline de Calidad...
2026-07-27 10:37:15,298 [INFO] root: 🔍 Iniciando verificación de tablas de origen para el período: 202607 (Corte: Días 1 al 31)
2026-07-27 10:37:15,773 [INFO] root: Tabla DLAB_GEC.M_EXP_CALIDAD_DATA_SPEECH_ANALYTICS: 17,795 registros
2026-07-27 10:37:16,926 [INFO] root: Tabla DLAB_GEC.M_EXP_CALIDAD_PURECLOUD_PRE: 23,725 registros
2026-07-27 10:37:17,280 [INFO] root: Tabla DLAB_GEC.M_EXP_VENTAS_TC: 5,766 registros
2026-07-27 10:37:17,941 [INFO] root: Tabla DLAB_GEC.M_EXP_VENTAS_PP: 1,530 registros
2026-07-27 10:37:18,362 [INFO] root: Tabla DLAB_GEC.M_EXP_VENTAS_CON: 950 registros
2026-07-27 10:37:19,064 [INFO] root: Tabla DLAB_GEC.T_VENTAS_BPE_MARKET: 6,248 registros
2026-07-27 10:37:20,914 [INFO] root: Tabla DLAB_GEC.V_GESTION_BNC: 5,156 registros
2026-07-27 10:37:21,205 [INFO] root: Tabla DLAB_GEC.M_EXP_VENTAS_EC: 1,406 registros
2026-07-27 10:37:22,891 [INFO] root: Tabla DLAB_GEC.V_GESTION_CHIP: 3,077 registros
2026-07-27 10:37:23,348 [INFO] root: Tabla DLAB_GEC.M_EXP_VENTAS_CD: 527 registros
2026-07-27 10:37:25,390 [INFO] root: Tabla DLAB_GEC.T_RETENCION_BASE_CALIDAD_GIRU: 4,283 registros
2026-07-27 10:37:25,848 [INFO] root: Tabla E_DW_VIEWS_DLAB.V_CNV_VISTA_RETENCION_BT: 54,974 registros
2026-07-27 10:37:26,328 [ERROR] root: Tabla vacía o sin registros: DLAB_GEC.M_EXP_VENTAS_IL
2026-07-27 10:37:27,134 [ERROR] root: Tabla vacía o sin registros: DLAB_GEC.M_EXP_VENTAS_TCA
2026-07-27 10:37:27,713 [ERROR] root: Tabla vacía o sin registros: DLAB_GEC.M_EXP_VENTAS_UPG
2026-07-27 10:37:28,334 [ERROR] root: Tabla vacía o sin registros: DLAB_GEC.M_EXP_VENTAS_PA
2026-07-27 10:37:28,936 [INFO] root: Tabla DLAB_GEC.M_EXP_VENTAS_SEG: 1,285 registros
2026-07-27 10:37:29,559 [INFO] root: Tabla DLAB_GEC.TLV_CARGA_ACTUAL: 848,631 registros
2026-07-27 10:37:29,903 [INFO] root: Tabla DLAB_GEC.TLV_CARGA_ACTUAL_DIGITAL: 35,060 registros
2026-07-27 10:37:29,907 [WARNING] root: ADVERTENCIA: Las siguientes tablas de origen están vacías o fallaron al consultarse: DLAB_GEC.M_EXP_VENTAS_IL, DLAB_GEC.M_EXP_VENTAS_TCA, DLAB_GEC.M_EXP_VENTAS_UPG, DLAB_GEC.M_EXP_VENTAS_PA. Continuando con el procesamiento SQL...
2026-07-27 10:37:29,909 [INFO] root: 🔍 Verificando preguntas de Pure Cloud sin mapear en la maestra...
2026-07-27 10:37:34,604 [WARNING] root: Se encontraron 536 preguntas sin mapear en DLAB_GEC.M_EXP_CALIDAD_MAESTRA_GRUPO_PREGUNTAS_PCLOUD
2026-07-27 10:37:34,607 [WARNING] root: - Pregunta: 'APLICA_NTD_1' (Mapeada: 'APLICA NTD 1') | Plantilla: Exp. Compra - BPE - EQUIPO B_100 | Grupo: NOT TO DO
2026-07-27 10:37:34,609 [WARNING] root: - Pregunta: 'APLICA_NTD_1' (Mapeada: 'APLICA NTD 1') | Plantilla: Exp. Compra - BPE - EQUIPO C_100 | Grupo: NOT TO DO
2026-07-27 10:37:34,614 [WARNING] root: - Pregunta: 'APLICA_NTD_1' (Mapeada: 'APLICA NTD 1') | Plantilla: Exp. Compra - CON | Grupo: NOT TO DO
2026-07-27 10:37:34,617 [WARNING] root: - Pregunta: 'APLICA_NTD_1' (Mapeada: 'APLICA NTD 1') | Plantilla: Exp. Compra - EC | Grupo: NOT TO DO
2026-07-27 10:37:34,620 [WARNING] root: - Pregunta: 'APLICA_NTD_1' (Mapeada: 'APLICA NTD 1') | Plantilla: Exp. Compra - PP | Grupo: NOT TO DO
2026-07-27 10:37:34,624 [WARNING] root: - Pregunta: 'APLICA_NTD_1' (Mapeada: 'APLICA NTD 1') | Plantilla: Exp. Compra - PRT | Grupo: NOT TO DO
2026-07-27 10:37:34,630 [WARNING] root: - Pregunta: 'APLICA_NTD_1' (Mapeada: 'APLICA NTD 1') | Plantilla: Exp. Compra - RTC | Grupo: NOT TO DO
2026-07-27 10:37:34,635 [WARNING] root: - Pregunta: 'APLICA_NTD_1' (Mapeada: 'APLICA NTD 1') | Plantilla: Exp. Compra - RTC_CONV | Grupo: NOT TO DO
2026-07-27 10:37:34,639 [WARNING] root: - Pregunta: 'APLICA_NTD_1' (Mapeada: 'APLICA NTD 1') | Plantilla: Exp. Compra - TC | Grupo: NOT TO DO
2026-07-27 10:37:34,642 [WARNING] root: - Pregunta: 'APLICA_NTD_1' (Mapeada: 'APLICA NTD 1') | Plantilla: Exp. Compra CD_v2 | Grupo: NOT TO DO
2026-07-27 10:37:34,648 [WARNING] root: ... (más preguntas omitidas en el log rápido)
2026-07-27 10:37:34,653 [INFO] root: Procesando: **Evaluaciones Manuales Pure Cloud**...
2026-07-27 10:37:34,660 [INFO] core.quality_process_orchestrator: Se detectaron 12 sentencias en 01_evaluacion_manual_pc.sql
2026-07-27 10:37:34,661 [INFO] core.quality_process_orchestrator:    [1/12] Ejecutando: CREATE VOLATILE TABLE VT_PC_RAW AS (
2026-07-27 10:37:34,662 [INFO] root: 🔹 [1/12] Ejecutando sentencia...
2026-07-27 10:37:36,154 [INFO] core.quality_process_orchestrator:    [2/12] Ejecutando: CREATE VOLATILE TABLE VT_PC_MAPPED AS (
2026-07-27 10:37:36,155 [INFO] root: 🔹 [2/12] Ejecutando sentencia...
2026-07-27 10:37:38,465 [INFO] core.quality_process_orchestrator:    [3/12] Ejecutando: CREATE VOLATILE TABLE VT_PC_SCORED AS (
2026-07-27 10:37:38,466 [INFO] root: 🔹 [3/12] Ejecutando sentencia...
2026-07-27 10:37:40,970 [INFO] core.quality_process_orchestrator:    [4/12] Ejecutando: CREATE VOLATILE TABLE VT_PC_WEIGHTED AS (
2026-07-27 10:37:40,971 [INFO] root: 🔹 [4/12] Ejecutando sentencia...
2026-07-27 10:37:55,766 [INFO] core.quality_process_orchestrator:    [5/12] Ejecutando: CREATE VOLATILE TABLE VT_PC_FINAL AS (
2026-07-27 10:37:55,767 [INFO] root: 🔹 [5/12] Ejecutando sentencia...
2026-07-27 10:37:58,554 [INFO] core.quality_process_orchestrator:    [6/12] Ejecutando: DELETE FROM DLAB_GEC.M_EXP_CALIDAD_DETALLE_PURE_CLOUD ALL
2026-07-27 10:37:58,554 [INFO] root: 🔹 [6/12] Ejecutando sentencia...
2026-07-27 10:37:58,925 [INFO] core.quality_process_orchestrator:    [7/12] Ejecutando: INSERT INTO DLAB_GEC.M_EXP_CALIDAD_DETALLE_PURE_CLOUD
2026-07-27 10:37:58,925 [INFO] root: 🔹 [7/12] Ejecutando sentencia...
2026-07-27 10:37:59,540 [INFO] core.quality_process_orchestrator:    [8/12] Ejecutando: DROP TABLE VT_PC_RAW
2026-07-27 10:37:59,541 [INFO] root: 🔹 [8/12] Ejecutando sentencia...
2026-07-27 10:37:59,872 [INFO] core.quality_process_orchestrator:    [9/12] Ejecutando: DROP TABLE VT_PC_MAPPED
2026-07-27 10:37:59,872 [INFO] root: 🔹 [9/12] Ejecutando sentencia...
2026-07-27 10:38:00,057 [INFO] core.quality_process_orchestrator:    [10/12] Ejecutando: DROP TABLE VT_PC_SCORED
2026-07-27 10:38:00,058 [INFO] root: 🔹 [10/12] Ejecutando sentencia...
2026-07-27 10:38:00,406 [INFO] core.quality_process_orchestrator:    [11/12] Ejecutando: DROP TABLE VT_PC_WEIGHTED
2026-07-27 10:38:00,406 [INFO] root: 🔹 [11/12] Ejecutando sentencia...
2026-07-27 10:38:00,902 [INFO] core.quality_process_orchestrator:    [12/12] Ejecutando: DROP TABLE VT_PC_FINAL
2026-07-27 10:38:00,903 [INFO] root: 🔹 [12/12] Ejecutando sentencia...
2026-07-27 10:38:01,463 [INFO] root: SUCCESS: Completado: **Evaluaciones Manuales Pure Cloud**
2026-07-27 10:38:01,469 [INFO] root: Procesando: **Consentimientos y Ventas LPDP**...
2026-07-27 10:38:01,479 [INFO] core.quality_process_orchestrator: Se detectaron 22 sentencias en 02_sa_marcacion_ventas_lpdp.sql
2026-07-27 10:38:01,480 [INFO] core.quality_process_orchestrator:    [1/22] Ejecutando: CREATE VOLATILE TABLE VT_SA_CLEANED AS (
2026-07-27 10:38:01,480 [INFO] root: 🔹 [1/22] Ejecutando sentencia...
2026-07-27 10:38:03,177 [INFO] core.quality_process_orchestrator:    [2/22] Ejecutando: CREATE VOLATILE TABLE VT_TC_DEDUP AS (
2026-07-27 10:38:03,178 [INFO] root: 🔹 [2/22] Ejecutando sentencia...
2026-07-27 10:38:05,346 [INFO] core.quality_process_orchestrator:    [3/22] Ejecutando: CREATE VOLATILE TABLE VT_PP_DEDUP AS (
2026-07-27 10:38:05,346 [INFO] root: 🔹 [3/22] Ejecutando sentencia...
2026-07-27 10:38:07,250 [INFO] core.quality_process_orchestrator:    [4/22] Ejecutando: CREATE VOLATILE TABLE VT_CON_DEDUP AS (
2026-07-27 10:38:07,250 [INFO] root: 🔹 [4/22] Ejecutando sentencia...
2026-07-27 10:38:09,091 [INFO] core.quality_process_orchestrator:    [5/22] Ejecutando: CREATE VOLATILE TABLE VT_BN_DEDUP AS (
2026-07-27 10:38:09,092 [INFO] root: 🔹 [5/22] Ejecutando sentencia...
2026-07-27 10:38:10,199 [INFO] core.quality_process_orchestrator:    [6/22] Ejecutando: CREATE VOLATILE TABLE VT_BNC_DEDUP AS (
2026-07-27 10:38:10,199 [INFO] root: 🔹 [6/22] Ejecutando sentencia...
2026-07-27 10:38:12,305 [INFO] core.quality_process_orchestrator:    [7/22] Ejecutando: CREATE VOLATILE TABLE VT_EC_DEDUP AS (
2026-07-27 10:38:12,306 [INFO] root: 🔹 [7/22] Ejecutando sentencia...
2026-07-27 10:38:13,166 [INFO] core.quality_process_orchestrator:    [8/22] Ejecutando: CREATE VOLATILE TABLE VT_CHIP_DEDUP AS (
2026-07-27 10:38:13,168 [INFO] root: 🔹 [8/22] Ejecutando sentencia...
2026-07-27 10:38:14,969 [INFO] core.quality_process_orchestrator:    [9/22] Ejecutando: CREATE VOLATILE TABLE VT_CD_DEDUP AS (
2026-07-27 10:38:14,970 [INFO] root: 🔹 [9/22] Ejecutando sentencia...
2026-07-27 10:38:15,829 [INFO] core.quality_process_orchestrator:    [10/22] Ejecutando: CREATE VOLATILE TABLE VT_RTC_DEDUP AS (
2026-07-27 10:38:15,830 [INFO] root: 🔹 [10/22] Ejecutando sentencia...
2026-07-27 10:38:16,526 [INFO] core.quality_process_orchestrator:    [11/22] Ejecutando: CREATE VOLATILE TABLE VT_RCO_DEDUP AS (
2026-07-27 10:38:16,527 [INFO] root: 🔹 [11/22] Ejecutando sentencia...
2026-07-27 10:38:17,363 [INFO] core.quality_process_orchestrator:    [12/22] Ejecutando: CREATE VOLATILE TABLE VT_PRT_IL_DEDUP AS (
2026-07-27 10:38:17,364 [INFO] root: 🔹 [12/22] Ejecutando sentencia...
2026-07-27 10:38:18,039 [INFO] core.quality_process_orchestrator:    [13/22] Ejecutando: CREATE VOLATILE TABLE VT_PRT_TCA_DEDUP AS (
2026-07-27 10:38:18,039 [INFO] root: 🔹 [13/22] Ejecutando sentencia...
2026-07-27 10:38:18,593 [INFO] core.quality_process_orchestrator:    [14/22] Ejecutando: CREATE VOLATILE TABLE VT_PRT_UPG_DEDUP AS (
2026-07-27 10:38:18,594 [INFO] root: 🔹 [14/22] Ejecutando sentencia...
2026-07-27 10:38:19,229 [INFO] core.quality_process_orchestrator:    [15/22] Ejecutando: CREATE VOLATILE TABLE VT_PRT_PA_DEDUP AS (
2026-07-27 10:38:19,229 [INFO] root: 🔹 [15/22] Ejecutando sentencia...
2026-07-27 10:38:19,926 [INFO] core.quality_process_orchestrator:    [16/22] Ejecutando: CREATE VOLATILE TABLE VT_SEG_DEDUP AS (
2026-07-27 10:38:19,926 [INFO] root: 🔹 [16/22] Ejecutando sentencia...
2026-07-27 10:38:20,744 [INFO] core.quality_process_orchestrator:    [17/22] Ejecutando: CREATE VOLATILE TABLE VT_LPDP_CARGA_ACTUAL AS (
2026-07-27 10:38:20,745 [INFO] root: 🔹 [17/22] Ejecutando sentencia...
2026-07-27 10:38:22,831 [INFO] core.quality_process_orchestrator:    [18/22] Ejecutando: CREATE VOLATILE TABLE VT_LPDP_CARGA_ACTUAL_DIGITAL AS (
2026-07-27 10:38:22,832 [INFO] root: 🔹 [18/22] Ejecutando sentencia...
2026-07-27 10:38:25,122 [INFO] core.quality_process_orchestrator:    [19/22] Ejecutando: CREATE VOLATILE TABLE VT_SA_MARKED AS (
2026-07-27 10:38:25,123 [INFO] root: 🔹 [19/22] Ejecutando sentencia...
2026-07-27 10:38:36,448 [INFO] core.quality_process_orchestrator:    [20/22] Ejecutando: CREATE VOLATILE TABLE VT_SA_FINAL AS (
2026-07-27 10:38:36,449 [INFO] root: 🔹 [20/22] Ejecutando sentencia...
2026-07-27 10:38:36,962 [INFO] core.quality_process_orchestrator:    [21/22] Ejecutando: DELETE FROM DLAB_GEC.M_EXP_CALIDAD_DATA_SPEECH_ANALYTICS ALL
2026-07-27 10:38:36,963 [INFO] root: 🔹 [21/22] Ejecutando sentencia...
2026-07-27 10:38:37,168 [INFO] core.quality_process_orchestrator:    [22/22] Ejecutando: INSERT INTO DLAB_GEC.M_EXP_CALIDAD_DATA_SPEECH_ANALYTICS
2026-07-27 10:38:37,169 [INFO] root: 🔹 [22/22] Ejecutando sentencia...
2026-07-27 10:38:37,912 [INFO] root: SUCCESS: Completado: **Consentimientos y Ventas LPDP**
2026-07-27 10:38:37,916 [INFO] root: Procesando: **Cálculo de Pesos e Indicadores**...
2026-07-27 10:38:37,929 [INFO] core.quality_process_orchestrator: Se detectaron 3 sentencias en 03_sa_calculo_pesos_unpivot.sql
2026-07-27 10:38:37,930 [INFO] core.quality_process_orchestrator:    [1/3] Ejecutando: CREATE VOLATILE TABLE VT_BASE_SPEECH AS (
2026-07-27 10:38:37,930 [INFO] root: 🔹 [1/3] Ejecutando sentencia...
2026-07-27 10:38:39,261 [INFO] core.quality_process_orchestrator:    [2/3] Ejecutando: CREATE VOLATILE TABLE VT_EXP_CALIDAD_PESOS_SA AS (
2026-07-27 10:38:39,262 [INFO] root: 🔹 [2/3] Ejecutando sentencia...
2026-07-27 10:38:56,197 [INFO] core.quality_process_orchestrator:    [3/3] Ejecutando: DROP TABLE VT_BASE_SPEECH
2026-07-27 10:38:56,197 [INFO] root: 🔹 [3/3] Ejecutando sentencia...
2026-07-27 10:38:56,634 [INFO] root: SUCCESS: Completado: **Cálculo de Pesos e Indicadores**
2026-07-27 10:38:56,641 [INFO] root: Procesando: **Ajustes de Curva de Notas**...
2026-07-27 10:38:56,643 [INFO] core.quality_process_orchestrator: Se detectaron 13 sentencias en 04_sa_ajustes_curva.sql
2026-07-27 10:38:56,644 [INFO] core.quality_process_orchestrator:    [1/13] Ejecutando: UPDATE VT_EXP_CALIDAD_PESOS_SA SET CATEGORIA = TRIM(CATEGORIA)
2026-07-27 10:38:56,644 [INFO] root: 🔹 [1/13] Ejecutando sentencia...
2026-07-27 10:38:57,402 [INFO] core.quality_process_orchestrator:    [2/13] Ejecutando: UPDATE VT_EXP_CALIDAD_PESOS_SA SET PRODUCTO = TRIM(PRODUCTO)
2026-07-27 10:38:57,402 [INFO] root: 🔹 [2/13] Ejecutando sentencia...
2026-07-27 10:38:57,895 [INFO] core.quality_process_orchestrator:    [3/13] Ejecutando: UPDATE t_pesos
2026-07-27 10:38:57,897 [INFO] root: 🔹 [3/13] Ejecutando sentencia...
2026-07-27 10:39:01,152 [INFO] core.quality_process_orchestrator:    [4/13] Ejecutando: DELETE FROM VT_EXP_CALIDAD_PESOS_SA
2026-07-27 10:39:01,152 [INFO] root: 🔹 [4/13] Ejecutando sentencia...
2026-07-27 10:39:01,379 [INFO] core.quality_process_orchestrator:    [5/13] Ejecutando: UPDATE VT_EXP_CALIDAD_PESOS_SA
2026-07-27 10:39:01,379 [INFO] root: 🔹 [5/13] Ejecutando sentencia...
2026-07-27 10:39:02,076 [INFO] core.quality_process_orchestrator:    [6/13] Ejecutando: UPDATE t_pesos
2026-07-27 10:39:02,076 [INFO] root: 🔹 [6/13] Ejecutando sentencia...
2026-07-27 10:39:02,180 [INFO] core.quality_process_orchestrator:    [7/13] Ejecutando: CREATE VOLATILE TABLE VT_FACTORES_GRUPO AS (
2026-07-27 10:39:02,181 [INFO] root: 🔹 [7/13] Ejecutando sentencia...
2026-07-27 10:39:02,980 [INFO] core.quality_process_orchestrator:    [8/13] Ejecutando: UPDATE t_pesos
2026-07-27 10:39:02,980 [INFO] root: 🔹 [8/13] Ejecutando sentencia...
2026-07-27 10:39:03,555 [INFO] core.quality_process_orchestrator:    [9/13] Ejecutando: DROP TABLE VT_FACTORES_GRUPO
2026-07-27 10:39:03,556 [INFO] root: 🔹 [9/13] Ejecutando sentencia...
2026-07-27 10:39:03,845 [INFO] core.quality_process_orchestrator:    [10/13] Ejecutando: DELETE FROM DLAB_GEC.M_EXP_CALIDAD_DETALLE_SPEECH_ANALYTICS ALL
2026-07-27 10:39:03,846 [INFO] root: 🔹 [10/13] Ejecutando sentencia...
2026-07-27 10:39:04,338 [INFO] core.quality_process_orchestrator:    [11/13] Ejecutando: INSERT INTO DLAB_GEC.M_EXP_CALIDAD_DETALLE_SPEECH_ANALYTICS
2026-07-27 10:39:04,339 [INFO] root: 🔹 [11/13] Ejecutando sentencia...
2026-07-27 10:39:06,366 [INFO] core.quality_process_orchestrator:    [12/13] Ejecutando: UPDATE det_sa
2026-07-27 10:39:06,367 [INFO] root: 🔹 [12/13] Ejecutando sentencia...
2026-07-27 10:39:09,608 [INFO] core.quality_process_orchestrator:    [13/13] Ejecutando: UPDATE det_sa
2026-07-27 10:39:09,608 [INFO] root: 🔹 [13/13] Ejecutando sentencia...
2026-07-27 10:39:11,076 [INFO] root: SUCCESS: Completado: **Ajustes de Curva de Notas**
2026-07-27 10:39:11,079 [INFO] root: Procesando: **Verificación de Notas Cero**...
2026-07-27 10:39:11,082 [INFO] core.quality_process_orchestrator: Se detectaron 8 sentencias en 04_b_sa_parche_nota_cero.sql
2026-07-27 10:39:11,082 [INFO] core.quality_process_orchestrator:    [1/8] Ejecutando: CREATE VOLATILE TABLE VT_MAX_SA_CASES AS (
2026-07-27 10:39:11,082 [INFO] root: 🔹 [1/8] Ejecutando sentencia...
2026-07-27 10:39:12,760 [INFO] core.quality_process_orchestrator:    [2/8] Ejecutando: CREATE VOLATILE TABLE VT_SUB_EQUIPO_PRODUCTO AS (
2026-07-27 10:39:12,761 [INFO] root: 🔹 [2/8] Ejecutando sentencia...
2026-07-27 10:39:14,681 [INFO] core.quality_process_orchestrator:    [3/8] Ejecutando: CREATE VOLATILE TABLE VT_ZERO_SA_CASES AS (
2026-07-27 10:39:14,681 [INFO] root: 🔹 [3/8] Ejecutando sentencia...
2026-07-27 10:39:18,787 [INFO] core.quality_process_orchestrator:    [4/8] Ejecutando: DELETE FROM DLAB_GEC.M_EXP_CALIDAD_DETALLE_SPEECH_ANALYTICS
2026-07-27 10:39:18,788 [INFO] root: 🔹 [4/8] Ejecutando sentencia...
2026-07-27 10:39:20,382 [INFO] core.quality_process_orchestrator:    [5/8] Ejecutando: INSERT INTO DLAB_GEC.M_EXP_CALIDAD_DETALLE_SPEECH_ANALYTICS
2026-07-27 10:39:20,383 [INFO] root: 🔹 [5/8] Ejecutando sentencia...
2026-07-27 10:39:22,656 [INFO] core.quality_process_orchestrator:    [6/8] Ejecutando: DROP TABLE VT_MAX_SA_CASES
2026-07-27 10:39:22,657 [INFO] root: 🔹 [6/8] Ejecutando sentencia...
2026-07-27 10:39:22,989 [INFO] core.quality_process_orchestrator:    [7/8] Ejecutando: DROP TABLE VT_SUB_EQUIPO_PRODUCTO
2026-07-27 10:39:22,990 [INFO] root: 🔹 [7/8] Ejecutando sentencia...
2026-07-27 10:39:23,480 [INFO] core.quality_process_orchestrator:    [8/8] Ejecutando: DROP TABLE VT_ZERO_SA_CASES
2026-07-27 10:39:23,481 [INFO] root: 🔹 [8/8] Ejecutando sentencia...
2026-07-27 10:39:23,852 [INFO] root: SUCCESS: Completado: **Verificación de Notas Cero**
2026-07-27 10:39:23,858 [INFO] root: Procesando: **Consolidación de Nota Final de Calidad**...
2026-07-27 10:39:23,862 [INFO] core.quality_process_orchestrator: Se detectaron 18 sentencias en 05_consolidacion_nota_final.sql
2026-07-27 10:39:23,862 [INFO] core.quality_process_orchestrator:    [1/18] Ejecutando: DELETE FROM DLAB_GEC.M_EXP_CALIDAD_NOTA_FINAL
2026-07-27 10:39:23,863 [INFO] root: 🔹 [1/18] Ejecutando sentencia...
2026-07-27 10:39:24,170 [INFO] core.quality_process_orchestrator:    [2/18] Ejecutando: CREATE VOLATILE TABLE VT_EXEC AS (
2026-07-27 10:39:24,171 [INFO] root: 🔹 [2/18] Ejecutando sentencia...
2026-07-27 10:39:24,848 [INFO] core.quality_process_orchestrator:    [3/18] Ejecutando: CREATE VOLATILE TABLE VT_PC AS (
2026-07-27 10:39:24,849 [INFO] root: 🔹 [3/18] Ejecutando sentencia...
2026-07-27 10:39:25,954 [INFO] core.quality_process_orchestrator:    [4/18] Ejecutando: CREATE VOLATILE TABLE VT_SA_CAT AS (
2026-07-27 10:39:25,955 [INFO] root: 🔹 [4/18] Ejecutando sentencia...
2026-07-27 10:39:27,366 [INFO] core.quality_process_orchestrator:    [5/18] Ejecutando: CREATE VOLATILE TABLE VT_SA AS (
2026-07-27 10:39:27,367 [INFO] root: 🔹 [5/18] Ejecutando sentencia...
2026-07-27 10:39:29,188 [INFO] core.quality_process_orchestrator:    [6/18] Ejecutando: CREATE VOLATILE TABLE VT_BASE_PC AS (
2026-07-27 10:39:29,189 [INFO] root: 🔹 [6/18] Ejecutando sentencia...
2026-07-27 10:39:39,451 [INFO] core.quality_process_orchestrator:    [7/18] Ejecutando: CREATE VOLATILE TABLE VT_BASE_GER AS (
2026-07-27 10:39:39,451 [INFO] root: 🔹 [7/18] Ejecutando sentencia...
2026-07-27 10:39:40,353 [INFO] core.quality_process_orchestrator:    [8/18] Ejecutando: CREATE VOLATILE TABLE VT_ALL AS (
2026-07-27 10:39:40,354 [INFO] root: 🔹 [8/18] Ejecutando sentencia...
2026-07-27 10:39:41,322 [INFO] core.quality_process_orchestrator:    [9/18] Ejecutando: INSERT INTO DLAB_GEC.M_EXP_CALIDAD_NOTA_FINAL
2026-07-27 10:39:41,322 [INFO] root: 🔹 [9/18] Ejecutando sentencia...
2026-07-27 10:39:42,166 [INFO] core.quality_process_orchestrator:    [10/18] Ejecutando: DROP TABLE VT_EXEC
2026-07-27 10:39:42,167 [INFO] root: 🔹 [10/18] Ejecutando sentencia...
2026-07-27 10:39:42,413 [INFO] core.quality_process_orchestrator:    [11/18] Ejecutando: DROP TABLE VT_PC
2026-07-27 10:39:42,413 [INFO] root: 🔹 [11/18] Ejecutando sentencia...
2026-07-27 10:39:42,720 [INFO] core.quality_process_orchestrator:    [12/18] Ejecutando: DROP TABLE VT_SA_CAT
2026-07-27 10:39:42,721 [INFO] root: 🔹 [12/18] Ejecutando sentencia...
2026-07-27 10:39:43,074 [INFO] core.quality_process_orchestrator:    [13/18] Ejecutando: DROP TABLE VT_SA
2026-07-27 10:39:43,075 [INFO] root: 🔹 [13/18] Ejecutando sentencia...
2026-07-27 10:39:43,341 [INFO] core.quality_process_orchestrator:    [14/18] Ejecutando: DROP TABLE VT_BASE_PC
2026-07-27 10:39:43,341 [INFO] root: 🔹 [14/18] Ejecutando sentencia...
2026-07-27 10:39:43,711 [INFO] core.quality_process_orchestrator:    [15/18] Ejecutando: DROP TABLE VT_BASE_GER
2026-07-27 10:39:43,711 [INFO] root: 🔹 [15/18] Ejecutando sentencia...
2026-07-27 10:39:43,917 [INFO] core.quality_process_orchestrator:    [16/18] Ejecutando: DROP TABLE VT_ALL
2026-07-27 10:39:43,918 [INFO] root: 🔹 [16/18] Ejecutando sentencia...
2026-07-27 10:39:44,086 [INFO] core.quality_process_orchestrator:    [17/18] Ejecutando: DELETE FROM DLAB_GEC.M_EXP_HIST_ERRORES_CALIDAD
2026-07-27 10:39:44,087 [INFO] root: 🔹 [17/18] Ejecutando sentencia...
2026-07-27 10:39:44,394 [INFO] core.quality_process_orchestrator:    [18/18] Ejecutando: INSERT INTO DLAB_GEC.M_EXP_HIST_ERRORES_CALIDAD
2026-07-27 10:39:44,395 [INFO] root: 🔹 [18/18] Ejecutando sentencia...
2026-07-27 10:39:45,097 [INFO] root: SUCCESS: Completado: **Consolidación de Nota Final de Calidad**
2026-07-27 10:39:45,101 [INFO] root: Todo el procesamiento SQL se ejecutó exitosamente. Guardando transacciones (Commit)...
2026-07-27 10:39:45,104 [INFO] root: SUCCESS: ¡Pipeline de Calidad Completo ejecutado exitosamente!
2026-07-27 10:39:45,236 [INFO] root: ⚡ Fase 5: Ejecutando Proceso NTD (Not To Do)...
2026-07-27 10:39:48,687 [INFO] root: 🔍 Validando tabla de entrada de Evaluaciones (M_EXP_CALIDAD_PURECLOUD_PRE)...
2026-07-27 10:39:49,721 [INFO] root: 🔍 Validando tabla de entrada de Observaciones (M_EXP_NTD_OBSERVACIONES_PRE)...
2026-07-27 10:39:49,999 [INFO] root: Procesando: **Carga Ntd**...
2026-07-27 10:39:50,011 [INFO] core.quality_process_orchestrator: Se detectaron 11 sentencias en 06_carga_ntd.sql
2026-07-27 10:39:50,011 [INFO] core.quality_process_orchestrator:    [1/11] Ejecutando: REPLACE VIEW DLAB_GEC.V_CHECK_FECHAS_NTD AS
2026-07-27 10:39:50,401 [INFO] core.quality_process_orchestrator:    [2/11] Ejecutando: DELETE FROM DLAB_GEC.M_EXP_NOT_TO_DO
2026-07-27 10:39:50,708 [INFO] core.quality_process_orchestrator:    [3/11] Ejecutando: INSERT INTO DLAB_GEC.M_EXP_NOT_TO_DO (CONID, PERIODO, PLANTILLA)
2026-07-27 10:39:52,390 [INFO] core.quality_process_orchestrator:    [4/11] Ejecutando: UPDATE A
2026-07-27 10:39:53,989 [INFO] core.quality_process_orchestrator:    [5/11] Ejecutando: UPDATE A
2026-07-27 10:39:56,992 [INFO] core.quality_process_orchestrator:    [6/11] Ejecutando: UPDATE DLAB_GEC.M_EXP_NOT_TO_DO
2026-07-27 10:39:57,360 [INFO] core.quality_process_orchestrator:    [7/11] Ejecutando: DELETE FROM DLAB_GEC.M_EXP_NTD_OBSERVACIONES_NEW
2026-07-27 10:39:57,933 [INFO] core.quality_process_orchestrator:    [8/11] Ejecutando: INSERT INTO DLAB_GEC.M_EXP_NTD_OBSERVACIONES_NEW
2026-07-27 10:40:00,040 [INFO] core.quality_process_orchestrator:    [9/11] Ejecutando: UPDATE A
2026-07-27 10:40:02,448 [INFO] core.quality_process_orchestrator:    [10/11] Ejecutando: REPLACE VIEW DLAB_GEC.V_EXP_NOT_TO_DO_VIEW AS
2026-07-27 10:40:03,166 [INFO] core.quality_process_orchestrator:    [11/11] Ejecutando: REPLACE VIEW DLAB_GEC.V_EXP_NOT_TO_DO_DETALLE AS
2026-07-27 10:40:03,705 [INFO] root: SUCCESS: Completado: **Carga Ntd**
2026-07-27 10:40:03,710 [INFO] root: Procesamiento SQL de NTD ejecutado exitosamente. Guardando transacciones (Commit)...
2026-07-27 10:40:03,715 [INFO] root: SUCCESS: ¡Proceso NTD (Fase 5) completado exitosamente!
2026-07-27 10:45:56,992 [ERROR] asyncio: Exception in callback _ProactorBasePipeTransport._call_connection_lost()
handle: <Handle _ProactorBasePipeTransport._call_connection_lost()>
Traceback (most recent call last):
  File "C:\Users\b47756\AppData\Local\Programs\Python\Python314\Lib\asyncio\events.py", line 94, in _run
    self._context.run(self._callback, *self._args)
    ~~~~~~~~~~~~~~~~~^^^^^^^^^^^^^^^^^^^^^^^^^^^^^
  File "C:\Users\b47756\AppData\Local\Programs\Python\Python314\Lib\asyncio\proactor_events.py", line 165, in _call_connection_lost
    self._sock.shutdown(socket.SHUT_RDWR)
    ~~~~~~~~~~~~~~~~~~~^^^^^^^^^^^^^^^^^^
ConnectionResetError: [WinError 10054] Se ha forzado la interrupción de una conexión existente por el host remoto
