2026-07-30 10:09:14,333 [INFO] root: Iniciando Pipeline Unificado de Proceso Calidad...
2026-07-30 10:09:14,354 [INFO] root: 📥 Fase 1: Descargando Evaluaciones de Insight...
2026-07-30 10:09:14,358 [INFO] root: Iniciando sesión en Insight...
2026-07-30 10:09:14,631 [INFO] root: Obteniendo lista de consultas guardadas...
2026-07-30 10:09:14,696 [INFO] root: Ejecutando consulta 'EVALUATIONS' en el área 'GCI_PRD_Insight_TLVentas'...
2026-07-30 10:09:16,436 [INFO] root: Esperando que el archivo sea generado en Insight...
2026-07-30 10:09:16,452 [INFO] root: Esperando archivo... (intento 1/20)
2026-07-30 10:09:21,478 [INFO] root: Esperando archivo... (intento 2/20)
2026-07-30 10:09:26,500 [INFO] root: Descargando archivo desde Insight...
2026-07-30 10:09:27,869 [INFO] root: Descarga finalizada. Guardado en 'C:\Users\b47756\OneDrive - Interbank\Televentas\UPLOADER_V2\INPUT_PROCESO_CALIDAD\Reporte_Insight_EVALUATIONS_20260730.txt'.
2026-07-30 10:09:27,874 [INFO] root: 🧹 Cargando Evaluaciones de Insight a Teradata...
2026-07-30 10:09:30,738 [INFO] root: Cargando en la tabla DLAB_GEC.M_EXP_CALIDAD_PURECLOUD_PRE...
2026-07-30 10:09:31,094 [INFO] root: Limpiando datos existentes en la tabla...
2026-07-30 10:09:40,757 [INFO] root: Preparando registros para la carga...
2026-07-30 10:09:40,898 [INFO] root: Iniciando carga de 26,043 registros...
2026-07-30 10:09:40,902 [INFO] root: Cargando registros: 1 a 26,043 de 26,043 (100%)
2026-07-30 10:09:57,685 [INFO] root: Carga de datos finalizada con éxito.
2026-07-30 10:09:57,800 [INFO] root: 📥 Fase 2: Descargando Speech Analytics de Verint para el periodo 202607...
2026-07-30 10:09:57,831 [INFO] verint_downloader: Loading environment variables from: C:\Users\b47756\OneDrive - Interbank\Televentas\UPLOADER_V2\.env
2026-07-30 10:09:57,836 [INFO] root: Loading environment variables from: C:\Users\b47756\OneDrive - Interbank\Televentas\UPLOADER_V2\.env
2026-07-30 10:09:57,842 [INFO] verint_downloader: Date range filter: From 15/06/2026 to 30/07/2026
2026-07-30 10:09:57,844 [INFO] verint_downloader: Found exact input CSV file: C:\Users\b47756\OneDrive - Interbank\Televentas\UPLOADER_V2\EV_202607.csv
2026-07-30 10:09:57,847 [INFO] root: Found exact input CSV file: C:\Users\b47756\OneDrive - Interbank\Televentas\UPLOADER_V2\EV_202607.csv
2026-07-30 10:09:57,847 [INFO] verint_downloader: Iniciando conexión con Verint...
2026-07-30 10:09:57,850 [INFO] root: Iniciando conexión con Verint...
2026-07-30 10:10:02,177 [INFO] verint_downloader: Navegando a: https://wfo.mt5.verintcloudservices.com/wfo/control/signin
2026-07-30 10:10:06,158 [INFO] verint_downloader: Página de inicio de sesión detectada. Enviando credenciales...
2026-07-30 10:10:06,163 [INFO] root: Página de inicio de sesión detectada. Enviando credenciales...
2026-07-30 10:10:09,067 [INFO] verint_downloader: Inicio de sesión completado.
2026-07-30 10:10:09,072 [INFO] root: Inicio de sesión completado.
2026-07-30 10:10:09,072 [INFO] verint_downloader: Navegando a la vista de interacciones: https://wfo.mt5.verintcloudservices.com/wfo/ui/#wsm%5Bws%5D=speech_Listen
2026-07-30 10:10:09,111 [INFO] verint_downloader: Abriendo Speech Analytics y cargando espacio de trabajo...
2026-07-30 10:10:09,115 [INFO] root: Abriendo Speech Analytics y cargando espacio de trabajo...
2026-07-30 10:10:42,980 [INFO] verint_downloader: Esperando el botón de la barra lateral...
2026-07-30 10:10:46,400 [INFO] verint_downloader: Haciendo clic en la pestaña Project...
2026-07-30 10:10:48,519 [INFO] verint_downloader: Esperando que aparezca el selector de proyecto...
2026-07-30 10:10:48,544 [INFO] verint_downloader: Seleccionando el proyecto Televentas...
2026-07-30 10:10:49,679 [INFO] verint_downloader: Project Televentas selected successfully.
2026-07-30 10:10:49,679 [INFO] verint_downloader: Cambiando a la pestaña 'Mi conjunto de datos' / 'My dataset'...
2026-07-30 10:10:57,731 [INFO] verint_downloader: Setting Date range: 15/06/2026 - 30/07/2026...
2026-07-30 10:10:58,170 [INFO] verint_downloader: Filtro de fechas configurado.
2026-07-30 10:10:58,171 [INFO] verint_downloader: Expandiendo el panel de 'Datos personalizados' / 'Custom data' si está colapsado...
2026-07-30 10:10:58,206 [INFO] verint_downloader: Accordion expansion status: {'success': True, 'clicked': True}
2026-07-30 10:11:01,231 [INFO] verint_downloader: Seleccionando el dato personalizado cti_AGENTID...
2026-07-30 10:11:04,338 [INFO] verint_downloader: cti_AGENTID seleccionado con éxito.
2026-07-30 10:11:06,355 [INFO] verint_downloader: Abriendo ventana de carga de CSV...
2026-07-30 10:11:06,455 [INFO] verint_downloader: Trigger clicked: {'success': True, 'triggerId': 'clickimage-2159'}
2026-07-30 10:11:06,512 [INFO] verint_downloader: Uploading file: C:\Users\b47756\OneDrive - Interbank\Televentas\UPLOADER_V2\EV_202607.csv...
2026-07-30 10:11:06,545 [INFO] verint_downloader: Asignando nombre al filtro: Filtro_Calidad...
2026-07-30 10:11:06,561 [INFO] verint_downloader: Haciendo clic en 'Cargar' / 'Upload'...
2026-07-30 10:11:06,741 [INFO] verint_downloader: Waiting for upload processing to complete...
2026-07-30 10:11:07,246 [INFO] verint_downloader: Carga y procesamiento de lista de agentes completada.
2026-07-30 10:11:07,247 [INFO] verint_downloader: Aplicando filtros y cargando resultados en Verint...
2026-07-30 10:11:07,250 [INFO] root: Aplicando filtros y cargando resultados en Verint...
2026-07-30 10:11:07,345 [INFO] verint_downloader: Filtros aplicados con éxito y resultados cargados.
2026-07-30 10:11:07,346 [INFO] verint_downloader: Abriendo el menú de exportación de interacciones...
2026-07-30 10:11:07,876 [INFO] verint_downloader: Configurando los parámetros de exportación...
2026-07-30 10:11:07,950 [INFO] verint_downloader: Haciendo clic en Continuar...
2026-07-30 10:11:08,042 [INFO] verint_downloader: Asignando nombre al archivo exportado: Export_Calidad_20260730101108...
2026-07-30 10:11:08,055 [INFO] verint_downloader: Enviando reporte a la cola de exportación...
2026-07-30 10:11:08,198 [INFO] verint_downloader: Reporte 'Export_Calidad_20260730101108' enviado con éxito a la cola de exportación.
2026-07-30 10:11:08,203 [INFO] root: Reporte 'Export_Calidad_20260730101108' enviado con éxito a la cola de exportación.
2026-07-30 10:11:08,204 [INFO] verint_downloader: Navegando a Reportes Guardados / Mis Exportaciones: https://wfo.mt5.verintcloudservices.com/wfo/ui/#wsm%5Bws%5D=speech_SavedReports
2026-07-30 10:11:17,563 [INFO] verint_downloader: Configurando proyecto en la vista de exportaciones...
2026-07-30 10:11:17,604 [INFO] verint_downloader: Proyecto seleccionado con éxito en la vista de exportaciones.
2026-07-30 10:11:20,619 [INFO] verint_downloader: Esperando que se procese la exportación en Verint...
2026-07-30 10:11:20,624 [INFO] root: Esperando que se procese la exportación en Verint...
2026-07-30 10:11:20,624 [INFO] verint_downloader: Intento de verificación 1/30...
2026-07-30 10:11:25,041 [INFO] verint_downloader: La exportación 'Export_Calidad_20260730101108' aún no es visible en la lista. Esperando...
2026-07-30 10:11:45,042 [INFO] verint_downloader: Intento de verificación 2/30...
2026-07-30 10:11:49,920 [INFO] verint_downloader: La exportación 'Export_Calidad_20260730101108' aún no es visible en la lista. Esperando...
2026-07-30 10:12:09,921 [INFO] verint_downloader: Intento de verificación 3/30...
2026-07-30 10:12:13,502 [INFO] verint_downloader: La exportación 'Export_Calidad_20260730101108' aún no es visible en la lista. Esperando...
2026-07-30 10:12:33,502 [INFO] verint_downloader: Intento de verificación 4/30...
2026-07-30 10:12:38,130 [INFO] verint_downloader: La exportación 'Export_Calidad_20260730101108' aún no es visible en la lista. Esperando...
2026-07-30 10:12:58,130 [INFO] verint_downloader: Intento de verificación 5/30...
2026-07-30 10:13:02,637 [INFO] verint_downloader: La exportación 'Export_Calidad_20260730101108' aún no es visible en la lista. Esperando...
2026-07-30 10:13:22,638 [INFO] verint_downloader: Intento de verificación 6/30...
2026-07-30 10:13:28,114 [INFO] verint_downloader: La exportación 'Export_Calidad_20260730101108' aún no es visible en la lista. Esperando...
2026-07-30 10:13:48,115 [INFO] verint_downloader: Intento de verificación 7/30...
2026-07-30 10:13:52,874 [INFO] verint_downloader: La exportación 'Export_Calidad_20260730101108' aún no es visible en la lista. Esperando...
2026-07-30 10:14:12,878 [INFO] verint_downloader: Intento de verificación 8/30...
2026-07-30 10:14:17,762 [INFO] verint_downloader: La exportación 'Export_Calidad_20260730101108' aún no es visible en la lista. Esperando...
2026-07-30 10:14:37,763 [INFO] verint_downloader: Intento de verificación 9/30...
2026-07-30 10:14:42,341 [INFO] verint_downloader: La exportación 'Export_Calidad_20260730101108' aún no es visible en la lista. Esperando...
2026-07-30 10:15:02,343 [INFO] verint_downloader: Intento de verificación 10/30...
2026-07-30 10:15:06,743 [INFO] verint_downloader: La exportación 'Export_Calidad_20260730101108' aún no es visible en la lista. Esperando...
2026-07-30 10:15:26,745 [INFO] verint_downloader: Intento de verificación 11/30...
2026-07-30 10:15:31,031 [INFO] verint_downloader: La exportación 'Export_Calidad_20260730101108' aún no es visible en la lista. Esperando...
2026-07-30 10:15:51,035 [INFO] verint_downloader: Intento de verificación 12/30...
2026-07-30 10:15:55,825 [INFO] verint_downloader: La exportación 'Export_Calidad_20260730101108' aún no es visible en la lista. Esperando...
2026-07-30 10:16:15,826 [INFO] verint_downloader: Intento de verificación 13/30...
2026-07-30 10:16:21,485 [INFO] verint_downloader: La exportación 'Export_Calidad_20260730101108' aún no es visible en la lista. Esperando...
2026-07-30 10:16:41,486 [INFO] verint_downloader: Intento de verificación 14/30...
2026-07-30 10:16:47,202 [INFO] verint_downloader: La exportación 'Export_Calidad_20260730101108' aún no es visible en la lista. Esperando...
2026-07-30 10:17:07,203 [INFO] verint_downloader: Intento de verificación 15/30...
2026-07-30 10:17:12,869 [INFO] verint_downloader: La exportación 'Export_Calidad_20260730101108' aún no es visible en la lista. Esperando...
2026-07-30 10:17:32,870 [INFO] verint_downloader: Intento de verificación 16/30...
2026-07-30 10:17:37,539 [INFO] verint_downloader: La exportación 'Export_Calidad_20260730101108' aún no es visible en la lista. Esperando...
2026-07-30 10:17:57,542 [INFO] verint_downloader: Intento de verificación 17/30...
2026-07-30 10:18:02,116 [INFO] verint_downloader: La exportación 'Export_Calidad_20260730101108' aún no es visible en la lista. Esperando...
2026-07-30 10:18:22,117 [INFO] verint_downloader: Intento de verificación 18/30...
2026-07-30 10:18:26,982 [INFO] verint_downloader: La exportación 'Export_Calidad_20260730101108' aún no es visible en la lista. Esperando...
2026-07-30 10:18:46,984 [INFO] verint_downloader: Intento de verificación 19/30...
2026-07-30 10:18:52,243 [INFO] verint_downloader: La exportación 'Export_Calidad_20260730101108' aún no es visible en la lista. Esperando...
2026-07-30 10:19:12,244 [INFO] verint_downloader: Intento de verificación 20/30...
2026-07-30 10:19:17,202 [INFO] verint_downloader: La exportación 'Export_Calidad_20260730101108' aún no es visible en la lista. Esperando...
2026-07-30 10:19:37,204 [INFO] verint_downloader: Intento de verificación 21/30...
2026-07-30 10:19:41,707 [INFO] verint_downloader: La exportación 'Export_Calidad_20260730101108' aún no es visible en la lista. Esperando...
2026-07-30 10:20:01,710 [INFO] verint_downloader: Intento de verificación 22/30...
2026-07-30 10:20:06,863 [INFO] verint_downloader: La exportación 'Export_Calidad_20260730101108' aún no es visible en la lista. Esperando...
2026-07-30 10:20:26,864 [INFO] verint_downloader: Intento de verificación 23/30...
2026-07-30 10:20:31,039 [INFO] verint_downloader: La exportación 'Export_Calidad_20260730101108' aún no es visible en la lista. Esperando...
2026-07-30 10:20:51,041 [INFO] verint_downloader: Intento de verificación 24/30...
2026-07-30 10:20:55,072 [INFO] verint_downloader: La exportación 'Export_Calidad_20260730101108' aún no es visible en la lista. Esperando...
2026-07-30 10:21:15,073 [INFO] verint_downloader: Intento de verificación 25/30...
2026-07-30 10:21:19,680 [INFO] verint_downloader: La exportación 'Export_Calidad_20260730101108' aún no es visible en la lista. Esperando...
2026-07-30 10:21:39,681 [INFO] verint_downloader: Intento de verificación 26/30...
2026-07-30 10:21:45,429 [INFO] verint_downloader: La exportación 'Export_Calidad_20260730101108' aún no es visible en la lista. Esperando...
2026-07-30 10:22:05,430 [INFO] verint_downloader: Intento de verificación 27/30...
2026-07-30 10:22:11,262 [INFO] verint_downloader: La exportación 'Export_Calidad_20260730101108' aún no es visible en la lista. Esperando...
2026-07-30 10:22:31,263 [INFO] verint_downloader: Intento de verificación 28/30...
2026-07-30 10:22:36,964 [INFO] verint_downloader: La exportación 'Export_Calidad_20260730101108' aún no es visible en la lista. Esperando...
2026-07-30 10:22:56,965 [INFO] verint_downloader: Intento de verificación 29/30...
2026-07-30 10:23:02,681 [INFO] verint_downloader: La exportación 'Export_Calidad_20260730101108' aún no es visible en la lista. Esperando...
2026-07-30 10:23:22,682 [INFO] verint_downloader: Intento de verificación 30/30...
2026-07-30 10:23:27,637 [INFO] verint_downloader: La exportación 'Export_Calidad_20260730101108' aún no es visible en la lista. Esperando...
2026-07-30 10:23:47,754 [ERROR] root: Fallo en el pipeline de calidad: Fallo crítico al descargar datos de Verint: Export 'Export_Calidad_20260730101108' did not complete within the maximum polling time.
