2026-07-31 10:06:09,245 [INFO] root: Iniciando Pipeline Unificado de Proceso Calidad...
2026-07-31 10:06:09,274 [INFO] root: 📥 Fase 1: Descargando Evaluaciones de Insight...
2026-07-31 10:06:09,279 [INFO] root: Iniciando sesión en Insight...
2026-07-31 10:06:09,693 [INFO] root: Obteniendo lista de consultas guardadas...
2026-07-31 10:06:09,833 [INFO] root: Ejecutando consulta 'EVALUATIONS' en el área 'GCI_PRD_Insight_TLVentas'...
2026-07-31 10:06:11,762 [INFO] root: Esperando que el archivo sea generado en Insight...
2026-07-31 10:06:11,784 [INFO] root: Esperando archivo... (intento 1/20)
2026-07-31 10:06:16,831 [INFO] root: Esperando archivo... (intento 2/20)
2026-07-31 10:06:21,886 [INFO] root: Descargando archivo desde Insight...
2026-07-31 10:06:24,897 [INFO] root: Descarga finalizada. Guardado en 'C:\Users\b47756\OneDrive - Interbank\Televentas\UPLOADER_V2\INPUT_PROCESO_CALIDAD\Reporte_Insight_EVALUATIONS_20260731.txt'.
2026-07-31 10:06:24,911 [INFO] root: 🧹 Cargando Evaluaciones de Insight a Teradata...
2026-07-31 10:06:28,350 [INFO] root: Cargando en la tabla DLAB_GEC.M_EXP_CALIDAD_PURECLOUD_PRE...
2026-07-31 10:06:29,143 [INFO] root: Limpiando datos existentes en la tabla...
2026-07-31 10:06:31,267 [INFO] root: Preparando registros para la carga...
2026-07-31 10:06:31,500 [INFO] root: Iniciando carga de 28,102 registros...
2026-07-31 10:06:31,507 [INFO] root: Cargando registros: 1 a 28,102 de 28,102 (100%)
2026-07-31 10:06:43,156 [INFO] root: Carga de datos finalizada con éxito.
2026-07-31 10:06:43,283 [INFO] root: 📥 Fase 2: Descargando Speech Analytics de Verint para el periodo 202607...
2026-07-31 10:06:43,330 [INFO] verint_downloader: Loading environment variables from: C:\Users\b47756\OneDrive - Interbank\Televentas\UPLOADER_V2\.env
2026-07-31 10:06:43,337 [INFO] root: Loading environment variables from: C:\Users\b47756\OneDrive - Interbank\Televentas\UPLOADER_V2\.env
2026-07-31 10:06:43,346 [INFO] verint_downloader: Date range filter: From 15/06/2026 to 31/07/2026
2026-07-31 10:06:43,348 [INFO] verint_downloader: Found exact input CSV file: C:\Users\b47756\OneDrive - Interbank\Televentas\UPLOADER_V2\EV_202607.csv
2026-07-31 10:06:43,357 [INFO] root: Found exact input CSV file: C:\Users\b47756\OneDrive - Interbank\Televentas\UPLOADER_V2\EV_202607.csv
2026-07-31 10:06:43,359 [INFO] verint_downloader: Iniciando conexión con Verint...
2026-07-31 10:06:43,365 [INFO] root: Iniciando conexión con Verint...
2026-07-31 10:06:46,500 [INFO] verint_downloader: Navegando a: https://wfo.mt5.verintcloudservices.com/wfo/control/signin
2026-07-31 10:06:50,324 [INFO] verint_downloader: Página de inicio de sesión detectada. Enviando credenciales...
2026-07-31 10:06:50,332 [INFO] root: Página de inicio de sesión detectada. Enviando credenciales...
2026-07-31 10:06:55,951 [INFO] verint_downloader: Inicio de sesión completado.
2026-07-31 10:06:55,961 [INFO] root: Inicio de sesión completado.
2026-07-31 10:06:55,962 [INFO] verint_downloader: Navegando a la vista de interacciones: https://wfo.mt5.verintcloudservices.com/wfo/ui/#wsm%5Bws%5D=speech_Listen
2026-07-31 10:06:56,105 [INFO] verint_downloader: Abriendo Speech Analytics y cargando espacio de trabajo...
2026-07-31 10:06:56,112 [INFO] root: Abriendo Speech Analytics y cargando espacio de trabajo...
2026-07-31 10:07:20,892 [INFO] verint_downloader: Esperando el botón de la barra lateral...
2026-07-31 10:07:24,160 [INFO] verint_downloader: Haciendo clic en la pestaña Project...
2026-07-31 10:07:26,396 [INFO] verint_downloader: Esperando que aparezca el selector de proyecto...
2026-07-31 10:07:27,441 [INFO] verint_downloader: Seleccionando el proyecto Televentas...
2026-07-31 10:07:28,738 [INFO] verint_downloader: Project Televentas selected successfully.
2026-07-31 10:07:28,739 [INFO] verint_downloader: Cambiando a la pestaña 'Mi conjunto de datos' / 'My dataset'...
2026-07-31 10:07:34,909 [INFO] verint_downloader: Setting Date range: 15/06/2026 - 31/07/2026...
2026-07-31 10:07:34,992 [INFO] verint_downloader: Filtro de fechas configurado.
2026-07-31 10:07:34,994 [INFO] verint_downloader: Expandiendo el panel de 'Datos personalizados' / 'Custom data' si está colapsado...
2026-07-31 10:07:35,057 [INFO] verint_downloader: Accordion expansion status: {'success': True, 'clicked': True}
2026-07-31 10:07:38,091 [INFO] verint_downloader: Seleccionando el dato personalizado cti_AGENTID...
2026-07-31 10:07:41,278 [INFO] verint_downloader: cti_AGENTID seleccionado con éxito.
2026-07-31 10:07:43,311 [INFO] verint_downloader: Abriendo ventana de carga de CSV...
2026-07-31 10:07:43,511 [INFO] verint_downloader: Trigger clicked: {'success': True, 'triggerId': 'clickimage-2160'}
2026-07-31 10:07:43,571 [INFO] verint_downloader: Uploading file: C:\Users\b47756\OneDrive - Interbank\Televentas\UPLOADER_V2\EV_202607.csv...
2026-07-31 10:07:43,728 [INFO] verint_downloader: Asignando nombre al filtro: Filtro_Calidad...
2026-07-31 10:07:43,759 [INFO] verint_downloader: Haciendo clic en 'Cargar' / 'Upload'...
2026-07-31 10:07:44,031 [INFO] verint_downloader: Waiting for upload processing to complete...
2026-07-31 10:07:44,761 [INFO] verint_downloader: Carga y procesamiento de lista de agentes completada.
2026-07-31 10:07:44,762 [INFO] verint_downloader: Aplicando filtros y cargando resultados en Verint...
2026-07-31 10:07:44,768 [INFO] root: Aplicando filtros y cargando resultados en Verint...
2026-07-31 10:07:44,954 [INFO] verint_downloader: Filtros aplicados con éxito y resultados cargados.
2026-07-31 10:07:44,955 [INFO] verint_downloader: Abriendo el menú de exportación de interacciones...
2026-07-31 10:07:46,762 [INFO] verint_downloader: Configurando los parámetros de exportación...
2026-07-31 10:07:46,924 [INFO] verint_downloader: Haciendo clic en Continuar...
2026-07-31 10:07:47,092 [INFO] verint_downloader: Asignando nombre al archivo exportado: Export_Calidad_20260731100747...
2026-07-31 10:07:47,121 [INFO] verint_downloader: Enviando reporte a la cola de exportación...
2026-07-31 10:07:47,964 [INFO] verint_downloader: Reporte 'Export_Calidad_20260731100747' enviado con éxito a la cola de exportación.
2026-07-31 10:07:47,972 [INFO] root: Reporte 'Export_Calidad_20260731100747' enviado con éxito a la cola de exportación.
2026-07-31 10:07:47,973 [INFO] verint_downloader: Navegando a Reportes Guardados / Mis Exportaciones: https://wfo.mt5.verintcloudservices.com/wfo/ui/#wsm%5Bws%5D=speech_SavedReports
2026-07-31 10:08:02,013 [INFO] verint_downloader: Configurando proyecto en la vista de exportaciones...
2026-07-31 10:08:02,133 [INFO] verint_downloader: Proyecto seleccionado con éxito en la vista de exportaciones.
2026-07-31 10:08:05,163 [INFO] verint_downloader: Esperando que se procese la exportación en Verint (tope máximo: 20 minutos)...
2026-07-31 10:08:05,175 [INFO] root: Esperando que se procese la exportación en Verint (tope máximo: 20 minutos)...
2026-07-31 10:08:05,176 [INFO] verint_downloader: Comprobación 1/20 (próximo refresco en 60s)...
2026-07-31 10:08:05,185 [INFO] root: Comprobación 1/20 (próximo refresco en 60s)...
2026-07-31 10:08:11,988 [INFO] verint_downloader: La exportación 'Export_Calidad_20260731100747' aún no es visible en la lista. Esperando...
2026-07-31 10:09:11,990 [INFO] verint_downloader: Comprobación 2/20 (próximo refresco en 60s)...
2026-07-31 10:09:12,002 [INFO] root: Comprobación 2/20 (próximo refresco en 60s)...
2026-07-31 10:09:18,816 [INFO] verint_downloader: La exportación 'Export_Calidad_20260731100747' aún no es visible en la lista. Esperando...
2026-07-31 10:10:18,817 [INFO] verint_downloader: Comprobación 3/20 (próximo refresco en 60s)...
2026-07-31 10:10:18,826 [INFO] root: Comprobación 3/20 (próximo refresco en 60s)...
2026-07-31 10:10:25,712 [INFO] verint_downloader: La exportación 'Export_Calidad_20260731100747' aún no es visible en la lista. Esperando...
2026-07-31 10:11:25,713 [INFO] verint_downloader: Comprobación 4/20 (próximo refresco en 60s)...
2026-07-31 10:11:25,722 [INFO] root: Comprobación 4/20 (próximo refresco en 60s)...
2026-07-31 10:11:32,508 [INFO] verint_downloader: La exportación 'Export_Calidad_20260731100747' aún no es visible en la lista. Esperando...
2026-07-31 10:12:32,510 [INFO] verint_downloader: Comprobación 5/20 (próximo refresco en 60s)...
2026-07-31 10:12:32,518 [INFO] root: Comprobación 5/20 (próximo refresco en 60s)...
2026-07-31 10:12:39,243 [INFO] verint_downloader: La exportación 'Export_Calidad_20260731100747' aún no es visible en la lista. Esperando...
2026-07-31 10:13:39,245 [INFO] verint_downloader: Comprobación 6/20 (próximo refresco en 60s)...
2026-07-31 10:13:39,254 [INFO] root: Comprobación 6/20 (próximo refresco en 60s)...
2026-07-31 10:13:46,016 [INFO] verint_downloader: La exportación 'Export_Calidad_20260731100747' aún no es visible en la lista. Esperando...
2026-07-31 10:14:46,018 [INFO] verint_downloader: Comprobación 7/20 (próximo refresco en 60s)...
2026-07-31 10:14:46,025 [INFO] root: Comprobación 7/20 (próximo refresco en 60s)...
2026-07-31 10:14:52,753 [INFO] verint_downloader: La exportación 'Export_Calidad_20260731100747' aún no es visible en la lista. Esperando...
2026-07-31 10:15:52,755 [INFO] verint_downloader: Comprobación 8/20 (próximo refresco en 60s)...
2026-07-31 10:15:52,762 [INFO] root: Comprobación 8/20 (próximo refresco en 60s)...
2026-07-31 10:15:59,254 [INFO] verint_downloader: La exportación 'Export_Calidad_20260731100747' aún no es visible en la lista. Esperando...
2026-07-31 10:16:59,255 [INFO] verint_downloader: Comprobación 9/20 (próximo refresco en 60s)...
2026-07-31 10:16:59,263 [INFO] root: Comprobación 9/20 (próximo refresco en 60s)...
2026-07-31 10:17:05,723 [INFO] verint_downloader: La exportación 'Export_Calidad_20260731100747' aún no es visible en la lista. Esperando...
2026-07-31 10:18:05,725 [INFO] verint_downloader: Comprobación 10/20 (próximo refresco en 60s)...
2026-07-31 10:18:05,735 [INFO] root: Comprobación 10/20 (próximo refresco en 60s)...
2026-07-31 10:18:12,379 [INFO] verint_downloader: La exportación 'Export_Calidad_20260731100747' aún no es visible en la lista. Esperando...
2026-07-31 10:19:12,381 [INFO] verint_downloader: Comprobación 11/20 (próximo refresco en 60s)...
2026-07-31 10:19:12,395 [INFO] root: Comprobación 11/20 (próximo refresco en 60s)...
2026-07-31 10:19:19,214 [INFO] verint_downloader: La exportación 'Export_Calidad_20260731100747' aún no es visible en la lista. Esperando...
2026-07-31 10:20:19,216 [INFO] verint_downloader: Comprobación 12/20 (próximo refresco en 60s)...
2026-07-31 10:20:19,229 [INFO] root: Comprobación 12/20 (próximo refresco en 60s)...
2026-07-31 10:20:25,878 [INFO] verint_downloader: La exportación 'Export_Calidad_20260731100747' aún no es visible en la lista. Esperando...
2026-07-31 10:21:25,880 [INFO] verint_downloader: Comprobación 13/20 (próximo refresco en 60s)...
2026-07-31 10:21:25,888 [INFO] root: Comprobación 13/20 (próximo refresco en 60s)...
2026-07-31 10:21:32,399 [INFO] verint_downloader: La exportación 'Export_Calidad_20260731100747' aún no es visible en la lista. Esperando...
2026-07-31 10:22:32,401 [INFO] verint_downloader: Comprobación 14/20 (próximo refresco en 60s)...
2026-07-31 10:22:32,413 [INFO] root: Comprobación 14/20 (próximo refresco en 60s)...
2026-07-31 10:22:39,064 [INFO] verint_downloader: La exportación 'Export_Calidad_20260731100747' aún no es visible en la lista. Esperando...
2026-07-31 10:23:39,065 [INFO] verint_downloader: Comprobación 15/20 (próximo refresco en 60s)...
2026-07-31 10:23:39,071 [INFO] root: Comprobación 15/20 (próximo refresco en 60s)...
2026-07-31 10:23:43,107 [INFO] verint_downloader: La exportación 'Export_Calidad_20260731100747' aún no es visible en la lista. Esperando...
2026-07-31 10:24:43,109 [INFO] verint_downloader: Comprobación 16/20 (próximo refresco en 60s)...
2026-07-31 10:24:43,116 [INFO] root: Comprobación 16/20 (próximo refresco en 60s)...
2026-07-31 10:24:49,729 [INFO] verint_downloader: La exportación 'Export_Calidad_20260731100747' aún no es visible en la lista. Esperando...
2026-07-31 10:25:49,730 [INFO] verint_downloader: Comprobación 17/20 (próximo refresco en 60s)...
2026-07-31 10:25:49,738 [INFO] root: Comprobación 17/20 (próximo refresco en 60s)...
2026-07-31 10:25:53,951 [INFO] verint_downloader: La exportación 'Export_Calidad_20260731100747' aún no es visible en la lista. Esperando...
2026-07-31 10:26:53,952 [INFO] verint_downloader: Comprobación 18/20 (próximo refresco en 60s)...
2026-07-31 10:26:53,962 [INFO] root: Comprobación 18/20 (próximo refresco en 60s)...
2026-07-31 10:27:00,593 [INFO] verint_downloader: La exportación 'Export_Calidad_20260731100747' aún no es visible en la lista. Esperando...
2026-07-31 10:28:00,595 [INFO] verint_downloader: Comprobación 19/20 (próximo refresco en 60s)...
2026-07-31 10:28:00,624 [INFO] root: Comprobación 19/20 (próximo refresco en 60s)...
2026-07-31 10:28:07,461 [INFO] verint_downloader: La exportación 'Export_Calidad_20260731100747' aún no es visible en la lista. Esperando...
2026-07-31 10:29:07,463 [INFO] verint_downloader: Comprobación 20/20 (próximo refresco en 60s)...
2026-07-31 10:29:07,473 [INFO] root: Comprobación 20/20 (próximo refresco en 60s)...
2026-07-31 10:29:14,376 [INFO] verint_downloader: La exportación 'Export_Calidad_20260731100747' aún no es visible en la lista. Esperando...
2026-07-31 10:30:14,712 [ERROR] root: Fallo en el pipeline de calidad: Fallo crítico al descargar datos de Verint: Export 'Export_Calidad_20260731100747' did not complete within the maximum polling time.
