2026-07-31 15:00:13,998 [INFO] root: Iniciando Pipeline Unificado de Proceso Calidad...
2026-07-31 15:00:14,012 [INFO] root: ⚡ Fase 4: Ejecutando Scripts SQL del Pipeline de Calidad...
2026-07-31 15:00:16,449 [INFO] root: 🔍 Iniciando verificación de tablas de origen para el período: 202607 (Corte: Días 1 al 31)
2026-07-31 15:00:17,499 [INFO] root: Tabla DLAB_GEC.M_EXP_CALIDAD_DATA_SPEECH_ANALYTICS: 18,496 registros
2026-07-31 15:00:18,508 [INFO] root: Tabla DLAB_GEC.M_EXP_CALIDAD_PURECLOUD_PRE: 28,102 registros
2026-07-31 15:00:19,190 [INFO] root: Tabla DLAB_GEC.M_EXP_VENTAS_TC: 5,943 registros
2026-07-31 15:00:19,803 [INFO] root: Tabla DLAB_GEC.M_EXP_VENTAS_PP: 1,530 registros
2026-07-31 15:00:20,259 [INFO] root: Tabla DLAB_GEC.M_EXP_VENTAS_CON: 950 registros
2026-07-31 15:00:20,881 [INFO] root: Tabla DLAB_GEC.T_VENTAS_BPE_MARKET: 6,248 registros
2026-07-31 15:00:23,922 [INFO] root: Tabla DLAB_GEC.V_GESTION_BNC: 5,483 registros
2026-07-31 15:00:25,336 [INFO] root: Tabla DLAB_GEC.M_EXP_VENTAS_EC: 1,406 registros
2026-07-31 15:00:27,006 [INFO] root: Tabla DLAB_GEC.V_GESTION_CHIP: 3,509 registros
2026-07-31 15:00:27,441 [INFO] root: Tabla DLAB_GEC.M_EXP_VENTAS_CD: 527 registros
2026-07-31 15:00:28,320 [INFO] root: Tabla DLAB_GEC.T_RETENCION_BASE_CALIDAD_GIRU: 4,668 registros
2026-07-31 15:00:29,012 [INFO] root: Tabla E_DW_VIEWS_DLAB.V_CNV_VISTA_RETENCION_BT: 55,224 registros
2026-07-31 15:00:30,167 [ERROR] root: Tabla vacía o sin registros: DLAB_GEC.M_EXP_VENTAS_IL
2026-07-31 15:00:31,103 [ERROR] root: Tabla vacía o sin registros: DLAB_GEC.M_EXP_VENTAS_TCA
2026-07-31 15:00:31,768 [ERROR] root: Tabla vacía o sin registros: DLAB_GEC.M_EXP_VENTAS_UPG
2026-07-31 15:00:32,511 [ERROR] root: Tabla vacía o sin registros: DLAB_GEC.M_EXP_VENTAS_PA
2026-07-31 15:00:33,006 [INFO] root: Tabla DLAB_GEC.M_EXP_VENTAS_SEG: 1,321 registros
2026-07-31 15:00:34,588 [INFO] root: Tabla DLAB_GEC.TLV_CARGA_ACTUAL: 847,268 registros
2026-07-31 15:00:35,488 [INFO] root: Tabla DLAB_GEC.TLV_CARGA_ACTUAL_DIGITAL: 36,908 registros
2026-07-31 15:00:35,491 [WARNING] root: ADVERTENCIA: Las siguientes tablas de origen están vacías o fallaron al consultarse: DLAB_GEC.M_EXP_VENTAS_IL, DLAB_GEC.M_EXP_VENTAS_TCA, DLAB_GEC.M_EXP_VENTAS_UPG, DLAB_GEC.M_EXP_VENTAS_PA. Continuando con el procesamiento SQL...
2026-07-31 15:00:35,495 [INFO] root: 🔍 Verificando preguntas de Pure Cloud sin mapear en la maestra...
2026-07-31 15:00:44,768 [WARNING] root: Se encontraron 559 preguntas sin mapear en DLAB_GEC.M_EXP_CALIDAD_MAESTRA_GRUPO_PREGUNTAS_PCLOUD
2026-07-31 15:00:44,770 [WARNING] root: - Pregunta: 'APLICA_NTD_1' (Mapeada: 'APLICA NTD 1') | Plantilla: Exp. Compra - BPE - EQUIPO B_100 | Grupo: NOT TO DO
2026-07-31 15:00:44,772 [WARNING] root: - Pregunta: 'APLICA_NTD_1' (Mapeada: 'APLICA NTD 1') | Plantilla: Exp. Compra - BPE - EQUIPO C_100 | Grupo: NOT TO DO
2026-07-31 15:00:44,774 [WARNING] root: - Pregunta: 'APLICA_NTD_1' (Mapeada: 'APLICA NTD 1') | Plantilla: Exp. Compra - CON | Grupo: NOT TO DO
2026-07-31 15:00:44,777 [WARNING] root: - Pregunta: 'APLICA_NTD_1' (Mapeada: 'APLICA NTD 1') | Plantilla: Exp. Compra - EC | Grupo: NOT TO DO
2026-07-31 15:00:44,780 [WARNING] root: - Pregunta: 'APLICA_NTD_1' (Mapeada: 'APLICA NTD 1') | Plantilla: Exp. Compra - PP | Grupo: NOT TO DO
2026-07-31 15:00:44,784 [WARNING] root: - Pregunta: 'APLICA_NTD_1' (Mapeada: 'APLICA NTD 1') | Plantilla: Exp. Compra - PRT | Grupo: NOT TO DO
2026-07-31 15:00:44,786 [WARNING] root: - Pregunta: 'APLICA_NTD_1' (Mapeada: 'APLICA NTD 1') | Plantilla: Exp. Compra - RTC | Grupo: NOT TO DO
2026-07-31 15:00:44,788 [WARNING] root: - Pregunta: 'APLICA_NTD_1' (Mapeada: 'APLICA NTD 1') | Plantilla: Exp. Compra - RTC_CONV | Grupo: NOT TO DO
2026-07-31 15:00:44,790 [WARNING] root: - Pregunta: 'APLICA_NTD_1' (Mapeada: 'APLICA NTD 1') | Plantilla: Exp. Compra - TC | Grupo: NOT TO DO
2026-07-31 15:00:44,793 [WARNING] root: - Pregunta: 'APLICA_NTD_1' (Mapeada: 'APLICA NTD 1') | Plantilla: Exp. Compra CD_v2 | Grupo: NOT TO DO
2026-07-31 15:00:44,795 [WARNING] root: ... (más preguntas omitidas en el log rápido)
2026-07-31 15:00:44,803 [INFO] root: Procesando: **Evaluaciones Manuales Pure Cloud**...
2026-07-31 15:00:44,808 [INFO] core.quality_process_orchestrator: Se detectaron 12 sentencias en 01_evaluacion_manual_pc.sql
2026-07-31 15:00:44,808 [INFO] core.quality_process_orchestrator:    [1/12] Ejecutando: CREATE VOLATILE TABLE VT_PC_RAW AS (
2026-07-31 15:00:44,809 [INFO] root: 🔹 [1/12] Ejecutando sentencia...
2026-07-31 15:00:48,392 [INFO] core.quality_process_orchestrator:    [2/12] Ejecutando: CREATE VOLATILE TABLE VT_PC_MAPPED AS (
2026-07-31 15:00:48,393 [INFO] root: 🔹 [2/12] Ejecutando sentencia...
2026-07-31 15:00:50,704 [INFO] core.quality_process_orchestrator:    [3/12] Ejecutando: CREATE VOLATILE TABLE VT_PC_SCORED AS (
2026-07-31 15:00:50,704 [INFO] root: 🔹 [3/12] Ejecutando sentencia...
2026-07-31 15:00:53,243 [INFO] core.quality_process_orchestrator:    [4/12] Ejecutando: CREATE VOLATILE TABLE VT_PC_WEIGHTED AS (
2026-07-31 15:00:53,244 [INFO] root: 🔹 [4/12] Ejecutando sentencia...
2026-07-31 15:01:09,667 [INFO] core.quality_process_orchestrator:    [5/12] Ejecutando: CREATE VOLATILE TABLE VT_PC_FINAL AS (
2026-07-31 15:01:09,668 [INFO] root: 🔹 [5/12] Ejecutando sentencia...
2026-07-31 15:01:13,352 [INFO] core.quality_process_orchestrator:    [6/12] Ejecutando: DELETE FROM DLAB_GEC.M_EXP_CALIDAD_DETALLE_PURE_CLOUD ALL
2026-07-31 15:01:13,353 [INFO] root: 🔹 [6/12] Ejecutando sentencia...
2026-07-31 15:01:14,279 [INFO] core.quality_process_orchestrator:    [7/12] Ejecutando: INSERT INTO DLAB_GEC.M_EXP_CALIDAD_DETALLE_PURE_CLOUD
2026-07-31 15:01:14,280 [INFO] root: 🔹 [7/12] Ejecutando sentencia...
2026-07-31 15:01:16,204 [INFO] core.quality_process_orchestrator:    [8/12] Ejecutando: DROP TABLE VT_PC_RAW
2026-07-31 15:01:16,205 [INFO] root: 🔹 [8/12] Ejecutando sentencia...
2026-07-31 15:01:16,832 [INFO] core.quality_process_orchestrator:    [9/12] Ejecutando: DROP TABLE VT_PC_MAPPED
2026-07-31 15:01:16,833 [INFO] root: 🔹 [9/12] Ejecutando sentencia...
2026-07-31 15:01:17,733 [INFO] core.quality_process_orchestrator:    [10/12] Ejecutando: DROP TABLE VT_PC_SCORED
2026-07-31 15:01:17,734 [INFO] root: 🔹 [10/12] Ejecutando sentencia...
2026-07-31 15:01:18,785 [INFO] core.quality_process_orchestrator:    [11/12] Ejecutando: DROP TABLE VT_PC_WEIGHTED
2026-07-31 15:01:18,786 [INFO] root: 🔹 [11/12] Ejecutando sentencia...
2026-07-31 15:01:19,260 [INFO] core.quality_process_orchestrator:    [12/12] Ejecutando: DROP TABLE VT_PC_FINAL
2026-07-31 15:01:19,261 [INFO] root: 🔹 [12/12] Ejecutando sentencia...
2026-07-31 15:01:20,071 [INFO] root: SUCCESS: Completado: **Evaluaciones Manuales Pure Cloud**
2026-07-31 15:01:20,097 [INFO] root: Procesando: **Consentimientos y Ventas LPDP**...
2026-07-31 15:01:20,130 [INFO] core.quality_process_orchestrator: Se detectaron 22 sentencias en 02_sa_marcacion_ventas_lpdp.sql
2026-07-31 15:01:20,134 [INFO] core.quality_process_orchestrator:    [1/22] Ejecutando: CREATE VOLATILE TABLE VT_SA_CLEANED AS (
2026-07-31 15:01:20,137 [INFO] root: 🔹 [1/22] Ejecutando sentencia...
2026-07-31 15:01:21,348 [INFO] core.quality_process_orchestrator:    [2/22] Ejecutando: CREATE VOLATILE TABLE VT_TC_DEDUP AS (
2026-07-31 15:01:21,349 [INFO] root: 🔹 [2/22] Ejecutando sentencia...
2026-07-31 15:01:23,732 [INFO] core.quality_process_orchestrator:    [3/22] Ejecutando: CREATE VOLATILE TABLE VT_PP_DEDUP AS (
2026-07-31 15:01:23,733 [INFO] root: 🔹 [3/22] Ejecutando sentencia...
2026-07-31 15:01:26,113 [INFO] core.quality_process_orchestrator:    [4/22] Ejecutando: CREATE VOLATILE TABLE VT_CON_DEDUP AS (
2026-07-31 15:01:26,114 [INFO] root: 🔹 [4/22] Ejecutando sentencia...
2026-07-31 15:01:27,179 [INFO] core.quality_process_orchestrator:    [5/22] Ejecutando: CREATE VOLATILE TABLE VT_BN_DEDUP AS (
2026-07-31 15:01:27,179 [INFO] root: 🔹 [5/22] Ejecutando sentencia...
2026-07-31 15:01:29,348 [INFO] core.quality_process_orchestrator:    [6/22] Ejecutando: CREATE VOLATILE TABLE VT_BNC_DEDUP AS (
2026-07-31 15:01:29,349 [INFO] root: 🔹 [6/22] Ejecutando sentencia...
2026-07-31 15:01:32,842 [INFO] core.quality_process_orchestrator:    [7/22] Ejecutando: CREATE VOLATILE TABLE VT_EC_DEDUP AS (
2026-07-31 15:01:32,843 [INFO] root: 🔹 [7/22] Ejecutando sentencia...
2026-07-31 15:01:34,312 [INFO] core.quality_process_orchestrator:    [8/22] Ejecutando: CREATE VOLATILE TABLE VT_CHIP_DEDUP AS (
2026-07-31 15:01:34,313 [INFO] root: 🔹 [8/22] Ejecutando sentencia...
2026-07-31 15:01:36,686 [INFO] core.quality_process_orchestrator:    [9/22] Ejecutando: CREATE VOLATILE TABLE VT_CD_DEDUP AS (
2026-07-31 15:01:36,687 [INFO] root: 🔹 [9/22] Ejecutando sentencia...
2026-07-31 15:01:37,487 [INFO] core.quality_process_orchestrator:    [10/22] Ejecutando: CREATE VOLATILE TABLE VT_RTC_DEDUP AS (
2026-07-31 15:01:37,487 [INFO] root: 🔹 [10/22] Ejecutando sentencia...
2026-07-31 15:01:38,307 [INFO] core.quality_process_orchestrator:    [11/22] Ejecutando: CREATE VOLATILE TABLE VT_RCO_DEDUP AS (
2026-07-31 15:01:38,308 [INFO] root: 🔹 [11/22] Ejecutando sentencia...
2026-07-31 15:01:39,924 [INFO] core.quality_process_orchestrator:    [12/22] Ejecutando: CREATE VOLATILE TABLE VT_PRT_IL_DEDUP AS (
2026-07-31 15:01:39,925 [INFO] root: 🔹 [12/22] Ejecutando sentencia...
2026-07-31 15:01:40,697 [INFO] core.quality_process_orchestrator:    [13/22] Ejecutando: CREATE VOLATILE TABLE VT_PRT_TCA_DEDUP AS (
2026-07-31 15:01:40,698 [INFO] root: 🔹 [13/22] Ejecutando sentencia...
2026-07-31 15:01:41,417 [INFO] core.quality_process_orchestrator:    [14/22] Ejecutando: CREATE VOLATILE TABLE VT_PRT_UPG_DEDUP AS (
2026-07-31 15:01:41,418 [INFO] root: 🔹 [14/22] Ejecutando sentencia...
2026-07-31 15:01:42,034 [INFO] core.quality_process_orchestrator:    [15/22] Ejecutando: CREATE VOLATILE TABLE VT_PRT_PA_DEDUP AS (
2026-07-31 15:01:42,034 [INFO] root: 🔹 [15/22] Ejecutando sentencia...
2026-07-31 15:01:42,671 [INFO] core.quality_process_orchestrator:    [16/22] Ejecutando: CREATE VOLATILE TABLE VT_SEG_DEDUP AS (
2026-07-31 15:01:42,672 [INFO] root: 🔹 [16/22] Ejecutando sentencia...
2026-07-31 15:01:43,307 [INFO] core.quality_process_orchestrator:    [17/22] Ejecutando: CREATE VOLATILE TABLE VT_LPDP_CARGA_ACTUAL AS (
2026-07-31 15:01:43,308 [INFO] root: 🔹 [17/22] Ejecutando sentencia...
2026-07-31 15:01:45,931 [INFO] core.quality_process_orchestrator:    [18/22] Ejecutando: CREATE VOLATILE TABLE VT_LPDP_CARGA_ACTUAL_DIGITAL AS (
2026-07-31 15:01:45,932 [INFO] root: 🔹 [18/22] Ejecutando sentencia...
2026-07-31 15:01:47,426 [INFO] core.quality_process_orchestrator:    [19/22] Ejecutando: CREATE VOLATILE TABLE VT_SA_MARKED AS (
2026-07-31 15:01:47,427 [INFO] root: 🔹 [19/22] Ejecutando sentencia...
2026-07-31 15:02:07,872 [INFO] core.quality_process_orchestrator:    [20/22] Ejecutando: CREATE VOLATILE TABLE VT_SA_FINAL AS (
2026-07-31 15:02:07,873 [INFO] root: 🔹 [20/22] Ejecutando sentencia...
2026-07-31 15:02:08,704 [INFO] core.quality_process_orchestrator:    [21/22] Ejecutando: DELETE FROM DLAB_GEC.M_EXP_CALIDAD_DATA_SPEECH_ANALYTICS ALL
2026-07-31 15:02:08,705 [INFO] root: 🔹 [21/22] Ejecutando sentencia...
2026-07-31 15:02:08,875 [INFO] core.quality_process_orchestrator:    [22/22] Ejecutando: INSERT INTO DLAB_GEC.M_EXP_CALIDAD_DATA_SPEECH_ANALYTICS
2026-07-31 15:02:08,875 [INFO] root: 🔹 [22/22] Ejecutando sentencia...
2026-07-31 15:02:09,501 [INFO] root: SUCCESS: Completado: **Consentimientos y Ventas LPDP**
2026-07-31 15:02:09,504 [INFO] root: Procesando: **Cálculo de Pesos e Indicadores**...
2026-07-31 15:02:09,518 [INFO] core.quality_process_orchestrator: Se detectaron 3 sentencias en 03_sa_calculo_pesos_unpivot.sql
2026-07-31 15:02:09,519 [INFO] core.quality_process_orchestrator:    [1/3] Ejecutando: CREATE VOLATILE TABLE VT_BASE_SPEECH AS (
2026-07-31 15:02:09,520 [INFO] root: 🔹 [1/3] Ejecutando sentencia...
2026-07-31 15:02:11,064 [INFO] core.quality_process_orchestrator:    [2/3] Ejecutando: CREATE VOLATILE TABLE VT_EXP_CALIDAD_PESOS_SA AS (
2026-07-31 15:02:11,065 [INFO] root: 🔹 [2/3] Ejecutando sentencia...
2026-07-31 15:02:25,977 [INFO] core.quality_process_orchestrator:    [3/3] Ejecutando: DROP TABLE VT_BASE_SPEECH
2026-07-31 15:02:25,978 [INFO] root: 🔹 [3/3] Ejecutando sentencia...
2026-07-31 15:02:26,294 [INFO] root: SUCCESS: Completado: **Cálculo de Pesos e Indicadores**
2026-07-31 15:02:26,299 [INFO] root: Procesando: **Ajustes de Curva de Notas**...
2026-07-31 15:02:26,301 [INFO] core.quality_process_orchestrator: Se detectaron 13 sentencias en 04_sa_ajustes_curva.sql
2026-07-31 15:02:26,302 [INFO] core.quality_process_orchestrator:    [1/13] Ejecutando: UPDATE VT_EXP_CALIDAD_PESOS_SA SET CATEGORIA = TRIM(CATEGORIA)
2026-07-31 15:02:26,302 [INFO] root: 🔹 [1/13] Ejecutando sentencia...
2026-07-31 15:02:26,959 [INFO] core.quality_process_orchestrator:    [2/13] Ejecutando: UPDATE VT_EXP_CALIDAD_PESOS_SA SET PRODUCTO = TRIM(PRODUCTO)
2026-07-31 15:02:26,959 [INFO] root: 🔹 [2/13] Ejecutando sentencia...
2026-07-31 15:02:27,497 [INFO] core.quality_process_orchestrator:    [3/13] Ejecutando: UPDATE t_pesos
2026-07-31 15:02:27,498 [INFO] root: 🔹 [3/13] Ejecutando sentencia...
2026-07-31 15:02:28,383 [INFO] core.quality_process_orchestrator:    [4/13] Ejecutando: DELETE FROM VT_EXP_CALIDAD_PESOS_SA
2026-07-31 15:02:28,384 [INFO] root: 🔹 [4/13] Ejecutando sentencia...
2026-07-31 15:02:28,568 [INFO] core.quality_process_orchestrator:    [5/13] Ejecutando: UPDATE VT_EXP_CALIDAD_PESOS_SA
2026-07-31 15:02:28,569 [INFO] root: 🔹 [5/13] Ejecutando sentencia...
2026-07-31 15:02:28,761 [INFO] core.quality_process_orchestrator:    [6/13] Ejecutando: UPDATE t_pesos
2026-07-31 15:02:28,763 [INFO] root: 🔹 [6/13] Ejecutando sentencia...
2026-07-31 15:02:28,887 [INFO] core.quality_process_orchestrator:    [7/13] Ejecutando: CREATE VOLATILE TABLE VT_FACTORES_GRUPO AS (
2026-07-31 15:02:28,887 [INFO] root: 🔹 [7/13] Ejecutando sentencia...
2026-07-31 15:02:29,423 [INFO] core.quality_process_orchestrator:    [8/13] Ejecutando: UPDATE t_pesos
2026-07-31 15:02:29,423 [INFO] root: 🔹 [8/13] Ejecutando sentencia...
2026-07-31 15:02:30,165 [INFO] core.quality_process_orchestrator:    [9/13] Ejecutando: DROP TABLE VT_FACTORES_GRUPO
2026-07-31 15:02:30,165 [INFO] root: 🔹 [9/13] Ejecutando sentencia...
2026-07-31 15:02:30,377 [INFO] core.quality_process_orchestrator:    [10/13] Ejecutando: DELETE FROM DLAB_GEC.M_EXP_CALIDAD_DETALLE_SPEECH_ANALYTICS ALL
2026-07-31 15:02:30,378 [INFO] root: 🔹 [10/13] Ejecutando sentencia...
2026-07-31 15:02:30,647 [INFO] core.quality_process_orchestrator:    [11/13] Ejecutando: INSERT INTO DLAB_GEC.M_EXP_CALIDAD_DETALLE_SPEECH_ANALYTICS
2026-07-31 15:02:30,648 [INFO] root: 🔹 [11/13] Ejecutando sentencia...
2026-07-31 15:02:31,246 [INFO] core.quality_process_orchestrator:    [12/13] Ejecutando: UPDATE det_sa
2026-07-31 15:02:31,246 [INFO] root: 🔹 [12/13] Ejecutando sentencia...
2026-07-31 15:02:42,779 [INFO] core.quality_process_orchestrator:    [13/13] Ejecutando: UPDATE det_sa
2026-07-31 15:02:42,781 [INFO] root: 🔹 [13/13] Ejecutando sentencia...
2026-07-31 15:02:54,845 [INFO] root: SUCCESS: Completado: **Ajustes de Curva de Notas**
2026-07-31 15:02:54,851 [INFO] root: Procesando: **Verificación de Notas Cero**...
2026-07-31 15:02:54,855 [INFO] core.quality_process_orchestrator: Se detectaron 8 sentencias en 04_b_sa_parche_nota_cero.sql
2026-07-31 15:02:54,856 [INFO] core.quality_process_orchestrator:    [1/8] Ejecutando: CREATE VOLATILE TABLE VT_MAX_SA_CASES AS (
2026-07-31 15:02:54,856 [INFO] root: 🔹 [1/8] Ejecutando sentencia...
2026-07-31 15:03:04,255 [INFO] core.quality_process_orchestrator:    [2/8] Ejecutando: CREATE VOLATILE TABLE VT_SUB_EQUIPO_PRODUCTO AS (
2026-07-31 15:03:04,255 [INFO] root: 🔹 [2/8] Ejecutando sentencia...
2026-07-31 15:03:09,835 [INFO] core.quality_process_orchestrator:    [3/8] Ejecutando: CREATE VOLATILE TABLE VT_ZERO_SA_CASES AS (
2026-07-31 15:03:09,836 [INFO] root: 🔹 [3/8] Ejecutando sentencia...
2026-07-31 15:03:19,730 [INFO] core.quality_process_orchestrator:    [4/8] Ejecutando: DELETE FROM DLAB_GEC.M_EXP_CALIDAD_DETALLE_SPEECH_ANALYTICS
2026-07-31 15:03:19,731 [INFO] root: 🔹 [4/8] Ejecutando sentencia...
2026-07-31 15:03:21,618 [INFO] core.quality_process_orchestrator:    [5/8] Ejecutando: INSERT INTO DLAB_GEC.M_EXP_CALIDAD_DETALLE_SPEECH_ANALYTICS
2026-07-31 15:03:21,619 [INFO] root: 🔹 [5/8] Ejecutando sentencia...
2026-07-31 15:03:23,858 [INFO] core.quality_process_orchestrator:    [6/8] Ejecutando: DROP TABLE VT_MAX_SA_CASES
2026-07-31 15:03:23,858 [INFO] root: 🔹 [6/8] Ejecutando sentencia...
2026-07-31 15:03:24,426 [INFO] core.quality_process_orchestrator:    [7/8] Ejecutando: DROP TABLE VT_SUB_EQUIPO_PRODUCTO
2026-07-31 15:03:24,427 [INFO] root: 🔹 [7/8] Ejecutando sentencia...
2026-07-31 15:03:25,267 [INFO] core.quality_process_orchestrator:    [8/8] Ejecutando: DROP TABLE VT_ZERO_SA_CASES
2026-07-31 15:03:25,267 [INFO] root: 🔹 [8/8] Ejecutando sentencia...
2026-07-31 15:03:26,197 [INFO] root: SUCCESS: Completado: **Verificación de Notas Cero**
2026-07-31 15:03:26,200 [INFO] root: Procesando: **Consolidación de Nota Final de Calidad**...
2026-07-31 15:03:26,206 [INFO] core.quality_process_orchestrator: Se detectaron 18 sentencias en 05_consolidacion_nota_final.sql
2026-07-31 15:03:26,207 [INFO] core.quality_process_orchestrator:    [1/18] Ejecutando: DELETE FROM DLAB_GEC.M_EXP_CALIDAD_NOTA_FINAL
2026-07-31 15:03:26,207 [INFO] root: 🔹 [1/18] Ejecutando sentencia...
2026-07-31 15:03:26,760 [INFO] core.quality_process_orchestrator:    [2/18] Ejecutando: CREATE VOLATILE TABLE VT_EXEC AS (
2026-07-31 15:03:26,761 [INFO] root: 🔹 [2/18] Ejecutando sentencia...
2026-07-31 15:03:29,062 [INFO] core.quality_process_orchestrator:    [3/18] Ejecutando: CREATE VOLATILE TABLE VT_PC AS (
2026-07-31 15:03:29,063 [INFO] root: 🔹 [3/18] Ejecutando sentencia...
2026-07-31 15:03:32,418 [INFO] core.quality_process_orchestrator:    [4/18] Ejecutando: CREATE VOLATILE TABLE VT_SA_CAT AS (
2026-07-31 15:03:32,418 [INFO] root: 🔹 [4/18] Ejecutando sentencia...
2026-07-31 15:03:35,176 [INFO] core.quality_process_orchestrator:    [5/18] Ejecutando: CREATE VOLATILE TABLE VT_SA AS (
2026-07-31 15:03:35,177 [INFO] root: 🔹 [5/18] Ejecutando sentencia...
2026-07-31 15:03:36,654 [INFO] core.quality_process_orchestrator:    [6/18] Ejecutando: CREATE VOLATILE TABLE VT_BASE_PC AS (
2026-07-31 15:03:36,656 [INFO] root: 🔹 [6/18] Ejecutando sentencia...
2026-07-31 15:03:45,076 [INFO] core.quality_process_orchestrator:    [7/18] Ejecutando: CREATE VOLATILE TABLE VT_BASE_GER AS (
2026-07-31 15:03:45,078 [INFO] root: 🔹 [7/18] Ejecutando sentencia...
2026-07-31 15:03:50,595 [INFO] core.quality_process_orchestrator:    [8/18] Ejecutando: CREATE VOLATILE TABLE VT_ALL AS (
2026-07-31 15:03:50,596 [INFO] root: 🔹 [8/18] Ejecutando sentencia...
2026-07-31 15:03:56,891 [INFO] core.quality_process_orchestrator:    [9/18] Ejecutando: INSERT INTO DLAB_GEC.M_EXP_CALIDAD_NOTA_FINAL
2026-07-31 15:03:56,893 [INFO] root: 🔹 [9/18] Ejecutando sentencia...
2026-07-31 15:03:59,609 [INFO] core.quality_process_orchestrator:    [10/18] Ejecutando: DROP TABLE VT_EXEC
2026-07-31 15:03:59,610 [INFO] root: 🔹 [10/18] Ejecutando sentencia...
2026-07-31 15:04:00,122 [INFO] core.quality_process_orchestrator:    [11/18] Ejecutando: DROP TABLE VT_PC
2026-07-31 15:04:00,122 [INFO] root: 🔹 [11/18] Ejecutando sentencia...
2026-07-31 15:04:00,756 [INFO] core.quality_process_orchestrator:    [12/18] Ejecutando: DROP TABLE VT_SA_CAT
2026-07-31 15:04:00,756 [INFO] root: 🔹 [12/18] Ejecutando sentencia...
2026-07-31 15:04:01,533 [INFO] core.quality_process_orchestrator:    [13/18] Ejecutando: DROP TABLE VT_SA
2026-07-31 15:04:01,534 [INFO] root: 🔹 [13/18] Ejecutando sentencia...
2026-07-31 15:04:02,230 [INFO] core.quality_process_orchestrator:    [14/18] Ejecutando: DROP TABLE VT_BASE_PC
2026-07-31 15:04:02,231 [INFO] root: 🔹 [14/18] Ejecutando sentencia...
2026-07-31 15:04:02,864 [INFO] core.quality_process_orchestrator:    [15/18] Ejecutando: DROP TABLE VT_BASE_GER
2026-07-31 15:04:02,865 [INFO] root: 🔹 [15/18] Ejecutando sentencia...
2026-07-31 15:04:03,315 [INFO] core.quality_process_orchestrator:    [16/18] Ejecutando: DROP TABLE VT_ALL
2026-07-31 15:04:03,316 [INFO] root: 🔹 [16/18] Ejecutando sentencia...
2026-07-31 15:04:04,356 [INFO] core.quality_process_orchestrator:    [17/18] Ejecutando: DELETE FROM DLAB_GEC.M_EXP_HIST_ERRORES_CALIDAD
2026-07-31 15:04:04,360 [INFO] root: 🔹 [17/18] Ejecutando sentencia...
2026-07-31 15:04:04,831 [INFO] core.quality_process_orchestrator:    [18/18] Ejecutando: INSERT INTO DLAB_GEC.M_EXP_HIST_ERRORES_CALIDAD
2026-07-31 15:04:04,832 [INFO] root: 🔹 [18/18] Ejecutando sentencia...
2026-07-31 15:04:07,370 [INFO] root: SUCCESS: Completado: **Consolidación de Nota Final de Calidad**
2026-07-31 15:04:07,376 [INFO] root: Todo el procesamiento SQL se ejecutó exitosamente. Guardando transacciones (Commit)...
2026-07-31 15:04:07,384 [INFO] root: SUCCESS: ¡Pipeline de Calidad Completo ejecutado exitosamente!
2026-07-31 15:04:08,355 [INFO] root: ⚡ Fase 5: Ejecutando Proceso NTD (Not To Do)...
2026-07-31 15:04:10,837 [INFO] root: 🔍 Validando tabla de entrada de Evaluaciones (M_EXP_CALIDAD_PURECLOUD_PRE)...
2026-07-31 15:04:11,827 [INFO] root: 🔍 Validando tabla de entrada de Observaciones (M_EXP_NTD_OBSERVACIONES_PRE)...
2026-07-31 15:04:12,671 [INFO] root: Procesando: **Carga Ntd**...
2026-07-31 15:04:12,687 [INFO] core.quality_process_orchestrator: Se detectaron 11 sentencias en 06_carga_ntd.sql
2026-07-31 15:04:12,688 [INFO] core.quality_process_orchestrator:    [1/11] Ejecutando: REPLACE VIEW DLAB_GEC.V_CHECK_FECHAS_NTD AS
2026-07-31 15:04:13,446 [INFO] core.quality_process_orchestrator:    [2/11] Ejecutando: DELETE FROM DLAB_GEC.M_EXP_NOT_TO_DO
2026-07-31 15:04:13,998 [INFO] core.quality_process_orchestrator:    [3/11] Ejecutando: INSERT INTO DLAB_GEC.M_EXP_NOT_TO_DO (CONID, PERIODO, PLANTILLA)
2026-07-31 15:04:14,898 [INFO] core.quality_process_orchestrator:    [4/11] Ejecutando: UPDATE A
2026-07-31 15:04:17,529 [INFO] core.quality_process_orchestrator:    [5/11] Ejecutando: UPDATE A
2026-07-31 15:04:20,426 [INFO] core.quality_process_orchestrator:    [6/11] Ejecutando: UPDATE DLAB_GEC.M_EXP_NOT_TO_DO
2026-07-31 15:04:21,224 [INFO] core.quality_process_orchestrator:    [7/11] Ejecutando: DELETE FROM DLAB_GEC.M_EXP_NTD_OBSERVACIONES_NEW
2026-07-31 15:04:21,655 [INFO] core.quality_process_orchestrator:    [8/11] Ejecutando: INSERT INTO DLAB_GEC.M_EXP_NTD_OBSERVACIONES_NEW
2026-07-31 15:04:24,249 [INFO] core.quality_process_orchestrator:    [9/11] Ejecutando: UPDATE A
2026-07-31 15:04:26,709 [INFO] core.quality_process_orchestrator:    [10/11] Ejecutando: REPLACE VIEW DLAB_GEC.V_EXP_NOT_TO_DO_VIEW AS
2026-07-31 15:04:27,729 [INFO] core.quality_process_orchestrator:    [11/11] Ejecutando: REPLACE VIEW DLAB_GEC.V_EXP_NOT_TO_DO_DETALLE AS
2026-07-31 15:04:28,835 [INFO] root: SUCCESS: Completado: **Carga Ntd**
2026-07-31 15:04:28,841 [INFO] root: Procesamiento SQL de NTD ejecutado exitosamente. Guardando transacciones (Commit)...
2026-07-31 15:04:28,850 [INFO] root: SUCCESS: ¡Proceso NTD (Fase 5) completado exitosamente!
