2026-07-27 09:10:38,962 [INFO] root: Iniciando Pipeline Unificado de Proceso Calidad...
2026-07-27 09:10:38,978 [INFO] root: 📥 Fase 1: Descargando Evaluaciones de Insight...
2026-07-27 09:10:38,984 [INFO] root: Iniciando sesión en Insight...
2026-07-27 09:10:39,156 [INFO] root: Obteniendo lista de consultas guardadas...
2026-07-27 09:10:39,240 [INFO] root: Ejecutando consulta 'EVALUATIONS' en el área 'GCI_PRD_Insight_TLVentas'...
2026-07-27 09:10:40,902 [INFO] root: Esperando que el archivo sea generado en Insight...
2026-07-27 09:10:40,922 [INFO] root: Esperando archivo... (intento 1/20)
2026-07-27 09:10:45,952 [INFO] root: Esperando archivo... (intento 2/20)
2026-07-27 09:10:50,973 [INFO] root: Descargando archivo desde Insight...
2026-07-27 09:10:53,116 [INFO] root: Descarga finalizada. Guardado en 'C:\Users\b47756\OneDrive - Interbank\Televentas\UPLOADER_V2\INPUT_PROCESO_CALIDAD\Reporte_Insight_EVALUATIONS_20260727.txt'.
2026-07-27 09:10:53,123 [INFO] root: 🧹 Cargando Evaluaciones de Insight a Teradata...
2026-07-27 09:10:55,850 [INFO] root: Cargando en la tabla DLAB_GEC.M_EXP_CALIDAD_PURECLOUD_PRE...
2026-07-27 09:10:56,264 [INFO] root: Limpiando datos existentes en la tabla...
2026-07-27 09:10:56,961 [INFO] root: Preparando registros para la carga...
2026-07-27 09:10:57,139 [INFO] root: Iniciando carga de 33,130 registros...
2026-07-27 09:10:57,142 [INFO] root: Cargando registros: 1 a 33,130 de 33,130 (100%)
2026-07-27 09:11:04,465 [INFO] root: Carga de datos finalizada con éxito.
2026-07-27 09:11:04,621 [INFO] root: 📥 Fase 2: Descargando Speech Analytics de Verint para el periodo 202607...
2026-07-27 09:11:04,634 [INFO] verint_downloader: Loading environment variables from: C:\Users\b47756\OneDrive - Interbank\Televentas\UPLOADER_V2\.env
2026-07-27 09:11:04,640 [INFO] root: Loading environment variables from: C:\Users\b47756\OneDrive - Interbank\Televentas\UPLOADER_V2\.env
2026-07-27 09:11:04,646 [INFO] verint_downloader: Date range filter: From 15/06/2026 to 27/07/2026
2026-07-27 09:11:04,647 [INFO] verint_downloader: Found exact input CSV file: C:\Users\b47756\OneDrive - Interbank\Televentas\UPLOADER_V2\EV_202607.csv
2026-07-27 09:11:04,651 [INFO] root: Found exact input CSV file: C:\Users\b47756\OneDrive - Interbank\Televentas\UPLOADER_V2\EV_202607.csv
2026-07-27 09:11:04,652 [INFO] verint_downloader: Iniciando conexión con Verint...
2026-07-27 09:11:04,656 [INFO] root: Iniciando conexión con Verint...
2026-07-27 09:11:08,459 [INFO] verint_downloader: Navegando a: https://wfo.mt5.verintcloudservices.com/wfo/control/signin
2026-07-27 09:11:11,636 [INFO] verint_downloader: Página de inicio de sesión detectada. Enviando credenciales...
2026-07-27 09:11:11,640 [INFO] root: Página de inicio de sesión detectada. Enviando credenciales...
2026-07-27 09:11:16,305 [INFO] verint_downloader: Inicio de sesión completado.
2026-07-27 09:11:16,310 [INFO] root: Inicio de sesión completado.
2026-07-27 09:11:16,310 [INFO] verint_downloader: Navegando a la vista de interacciones: https://wfo.mt5.verintcloudservices.com/wfo/ui/#wsm%5Bws%5D=speech_Listen
2026-07-27 09:11:16,346 [INFO] verint_downloader: Abriendo Speech Analytics y cargando espacio de trabajo...
2026-07-27 09:11:16,351 [INFO] root: Abriendo Speech Analytics y cargando espacio de trabajo...
2026-07-27 09:11:41,197 [INFO] verint_downloader: Esperando el botón de la barra lateral...
2026-07-27 09:11:44,550 [INFO] verint_downloader: Haciendo clic en la pestaña Project...
2026-07-27 09:11:49,805 [INFO] verint_downloader: Esperando que aparezca el selector de proyecto...
2026-07-27 09:11:49,832 [INFO] verint_downloader: Seleccionando el proyecto Televentas...
2026-07-27 09:11:50,990 [INFO] verint_downloader: Project Televentas selected successfully.
2026-07-27 09:11:50,991 [INFO] verint_downloader: Cambiando a la pestaña 'Mi conjunto de datos' / 'My dataset'...
2026-07-27 09:11:58,184 [INFO] verint_downloader: Setting Date range: 15/06/2026 - 27/07/2026...
2026-07-27 09:11:58,616 [INFO] verint_downloader: Filtro de fechas configurado.
2026-07-27 09:11:58,617 [INFO] verint_downloader: Expandiendo el panel de 'Datos personalizados' / 'Custom data' si está colapsado...
2026-07-27 09:11:58,657 [INFO] verint_downloader: Accordion expansion status: {'success': True, 'clicked': True}
2026-07-27 09:12:01,689 [INFO] verint_downloader: Seleccionando el dato personalizado cti_AGENTID...
2026-07-27 09:12:04,802 [INFO] verint_downloader: cti_AGENTID seleccionado con éxito.
2026-07-27 09:12:06,822 [INFO] verint_downloader: Abriendo ventana de carga de CSV...
2026-07-27 09:12:06,925 [INFO] verint_downloader: Trigger clicked: {'success': True, 'triggerId': 'clickimage-2155'}
2026-07-27 09:12:06,958 [INFO] verint_downloader: Uploading file: C:\Users\b47756\OneDrive - Interbank\Televentas\UPLOADER_V2\EV_202607.csv...
2026-07-27 09:12:06,990 [INFO] verint_downloader: Asignando nombre al filtro: Filtro_Calidad...
2026-07-27 09:12:07,004 [INFO] verint_downloader: Haciendo clic en 'Cargar' / 'Upload'...
2026-07-27 09:12:07,122 [INFO] verint_downloader: Waiting for upload processing to complete...
2026-07-27 09:12:08,058 [INFO] verint_downloader: Carga y procesamiento de lista de agentes completada.
2026-07-27 09:12:08,059 [INFO] verint_downloader: Aplicando filtros y cargando resultados en Verint...
2026-07-27 09:12:08,062 [INFO] root: Aplicando filtros y cargando resultados en Verint...
2026-07-27 09:12:08,188 [INFO] verint_downloader: Filtros aplicados con éxito y resultados cargados.
2026-07-27 09:12:08,189 [INFO] verint_downloader: Abriendo el menú de exportación de interacciones...
2026-07-27 09:12:08,668 [INFO] verint_downloader: Configurando los parámetros de exportación...
2026-07-27 09:12:08,756 [INFO] verint_downloader: Haciendo clic en Continuar...
2026-07-27 09:12:08,870 [INFO] verint_downloader: Asignando nombre al archivo exportado: Export_Calidad_20260727091208...
2026-07-27 09:12:08,884 [INFO] verint_downloader: Enviando reporte a la cola de exportación...
2026-07-27 09:12:09,052 [INFO] verint_downloader: Reporte 'Export_Calidad_20260727091208' enviado con éxito a la cola de exportación.
2026-07-27 09:12:09,056 [INFO] root: Reporte 'Export_Calidad_20260727091208' enviado con éxito a la cola de exportación.
2026-07-27 09:12:09,057 [INFO] verint_downloader: Navegando a Reportes Guardados / Mis Exportaciones: https://wfo.mt5.verintcloudservices.com/wfo/ui/#wsm%5Bws%5D=speech_SavedReports
2026-07-27 09:12:17,623 [INFO] verint_downloader: Configurando proyecto en la vista de exportaciones...
2026-07-27 09:12:17,666 [INFO] verint_downloader: Proyecto seleccionado con éxito en la vista de exportaciones.
2026-07-27 09:12:20,688 [INFO] verint_downloader: Esperando que se procese la exportación en Verint...
2026-07-27 09:12:20,694 [INFO] root: Esperando que se procese la exportación en Verint...
2026-07-27 09:12:20,695 [INFO] verint_downloader: Intento de verificación 1/60...
2026-07-27 09:12:25,414 [INFO] verint_downloader: La exportación 'Export_Calidad_20260727091208' aún no es visible en la lista. Esperando...
2026-07-27 09:13:25,415 [INFO] verint_downloader: Intento de verificación 2/60...
2026-07-27 09:13:30,328 [INFO] verint_downloader: La exportación 'Export_Calidad_20260727091208' aún no es visible en la lista. Esperando...
2026-07-27 09:14:30,329 [INFO] verint_downloader: Intento de verificación 3/60...
2026-07-27 09:14:34,779 [INFO] verint_downloader: La exportación 'Export_Calidad_20260727091208' aún no es visible en la lista. Esperando...
2026-07-27 09:15:34,780 [INFO] verint_downloader: Intento de verificación 4/60...
2026-07-27 09:15:39,310 [INFO] verint_downloader: La exportación 'Export_Calidad_20260727091208' aún no es visible en la lista. Esperando...
2026-07-27 09:16:39,311 [INFO] verint_downloader: Intento de verificación 5/60...
2026-07-27 09:16:43,651 [INFO] verint_downloader: La exportación 'Export_Calidad_20260727091208' aún no es visible en la lista. Esperando...
2026-07-27 09:17:43,652 [INFO] verint_downloader: Intento de verificación 6/60...
2026-07-27 09:17:49,826 [INFO] verint_downloader: La exportación 'Export_Calidad_20260727091208' aún no es visible en la lista. Esperando...
2026-07-27 09:18:49,827 [INFO] verint_downloader: Intento de verificación 7/60...
2026-07-27 09:18:55,217 [INFO] verint_downloader: La exportación 'Export_Calidad_20260727091208' aún no es visible en la lista. Esperando...
2026-07-27 09:19:55,218 [INFO] verint_downloader: Intento de verificación 8/60...
2026-07-27 09:20:00,615 [INFO] verint_downloader: La exportación 'Export_Calidad_20260727091208' aún no es visible en la lista. Esperando...
2026-07-27 09:21:00,617 [INFO] verint_downloader: Intento de verificación 9/60...
2026-07-27 09:21:05,784 [INFO] verint_downloader: La exportación 'Export_Calidad_20260727091208' aún no es visible en la lista. Esperando...
2026-07-27 09:22:05,785 [INFO] verint_downloader: Intento de verificación 10/60...
2026-07-27 09:22:11,304 [INFO] verint_downloader: La exportación 'Export_Calidad_20260727091208' aún no es visible en la lista. Esperando...
2026-07-27 09:23:11,305 [INFO] verint_downloader: Intento de verificación 11/60...
2026-07-27 09:23:16,119 [INFO] verint_downloader: La exportación 'Export_Calidad_20260727091208' aún no es visible en la lista. Esperando...
2026-07-27 09:24:16,120 [INFO] verint_downloader: Intento de verificación 12/60...
2026-07-27 09:24:20,851 [INFO] verint_downloader: La exportación 'Export_Calidad_20260727091208' aún no es visible en la lista. Esperando...
2026-07-27 09:25:20,855 [INFO] verint_downloader: Intento de verificación 13/60...
2026-07-27 09:25:25,487 [INFO] verint_downloader: La exportación 'Export_Calidad_20260727091208' aún no es visible en la lista. Esperando...
2026-07-27 09:26:25,493 [INFO] verint_downloader: Intento de verificación 14/60...
2026-07-27 09:26:31,167 [INFO] verint_downloader: La exportación 'Export_Calidad_20260727091208' aún no es visible en la lista. Esperando...
2026-07-27 09:27:31,173 [INFO] verint_downloader: Intento de verificación 15/60...
2026-07-27 09:27:36,812 [INFO] verint_downloader: La exportación 'Export_Calidad_20260727091208' aún no es visible en la lista. Esperando...
2026-07-27 09:28:36,818 [INFO] verint_downloader: Intento de verificación 16/60...
2026-07-27 09:28:42,062 [INFO] verint_downloader: La exportación 'Export_Calidad_20260727091208' aún no es visible en la lista. Esperando...
2026-07-27 09:29:42,068 [INFO] verint_downloader: Intento de verificación 17/60...
2026-07-27 09:29:47,463 [INFO] verint_downloader: La exportación 'Export_Calidad_20260727091208' aún no es visible en la lista. Esperando...
2026-07-27 09:30:47,464 [INFO] verint_downloader: Intento de verificación 18/60...
2026-07-27 09:30:52,845 [INFO] verint_downloader: La exportación 'Export_Calidad_20260727091208' aún no es visible en la lista. Esperando...
2026-07-27 09:31:52,846 [INFO] verint_downloader: Intento de verificación 19/60...
2026-07-27 09:31:58,577 [INFO] verint_downloader: La exportación 'Export_Calidad_20260727091208' aún no es visible en la lista. Esperando...
2026-07-27 09:32:58,578 [INFO] verint_downloader: Intento de verificación 20/60...
2026-07-27 09:33:04,287 [INFO] verint_downloader: La exportación 'Export_Calidad_20260727091208' aún no es visible en la lista. Esperando...
2026-07-27 09:34:04,288 [INFO] verint_downloader: Intento de verificación 21/60...
2026-07-27 09:34:10,150 [INFO] verint_downloader: La exportación 'Export_Calidad_20260727091208' aún no es visible en la lista. Esperando...
2026-07-27 09:35:10,152 [INFO] verint_downloader: Intento de verificación 22/60...
2026-07-27 09:35:16,063 [INFO] verint_downloader: La exportación 'Export_Calidad_20260727091208' aún no es visible en la lista. Esperando...
2026-07-27 09:36:16,065 [INFO] verint_downloader: Intento de verificación 23/60...
2026-07-27 09:36:22,457 [INFO] verint_downloader: La exportación 'Export_Calidad_20260727091208' aún no es visible en la lista. Esperando...
2026-07-27 09:37:22,458 [INFO] verint_downloader: Intento de verificación 24/60...
2026-07-27 09:37:28,796 [INFO] verint_downloader: La exportación 'Export_Calidad_20260727091208' aún no es visible en la lista. Esperando...
2026-07-27 09:38:28,798 [INFO] verint_downloader: Intento de verificación 25/60...
2026-07-27 09:38:34,285 [INFO] verint_downloader: La exportación 'Export_Calidad_20260727091208' aún no es visible en la lista. Esperando...
2026-07-27 09:39:34,287 [INFO] verint_downloader: Intento de verificación 26/60...
2026-07-27 09:39:40,828 [INFO] verint_downloader: La exportación 'Export_Calidad_20260727091208' aún no es visible en la lista. Esperando...
2026-07-27 09:40:40,829 [INFO] verint_downloader: Intento de verificación 27/60...
2026-07-27 09:40:45,679 [INFO] verint_downloader: La exportación 'Export_Calidad_20260727091208' aún no es visible en la lista. Esperando...
2026-07-27 09:41:45,682 [INFO] verint_downloader: Intento de verificación 28/60...
2026-07-27 09:41:51,798 [INFO] verint_downloader: La exportación 'Export_Calidad_20260727091208' aún no es visible en la lista. Esperando...
2026-07-27 09:42:51,799 [INFO] verint_downloader: Intento de verificación 29/60...
2026-07-27 09:42:56,522 [INFO] verint_downloader: La exportación 'Export_Calidad_20260727091208' aún no es visible en la lista. Esperando...
2026-07-27 09:43:56,523 [INFO] verint_downloader: Intento de verificación 30/60...
2026-07-27 09:44:01,342 [INFO] verint_downloader: La exportación 'Export_Calidad_20260727091208' aún no es visible en la lista. Esperando...
2026-07-27 09:45:01,343 [INFO] verint_downloader: Intento de verificación 31/60...
2026-07-27 09:45:06,378 [INFO] verint_downloader: La exportación 'Export_Calidad_20260727091208' aún no es visible en la lista. Esperando...
2026-07-27 09:46:06,379 [INFO] verint_downloader: Intento de verificación 32/60...
2026-07-27 09:46:12,254 [INFO] verint_downloader: La exportación 'Export_Calidad_20260727091208' aún no es visible en la lista. Esperando...
2026-07-27 09:47:12,255 [INFO] verint_downloader: Intento de verificación 33/60...
2026-07-27 09:47:18,048 [INFO] verint_downloader: La exportación 'Export_Calidad_20260727091208' aún no es visible en la lista. Esperando...
2026-07-27 09:48:18,049 [INFO] verint_downloader: Intento de verificación 34/60...
2026-07-27 09:48:23,137 [INFO] verint_downloader: La exportación 'Export_Calidad_20260727091208' aún no es visible en la lista. Esperando...
2026-07-27 09:49:23,139 [INFO] verint_downloader: Intento de verificación 35/60...
2026-07-27 09:49:29,033 [INFO] verint_downloader: La exportación 'Export_Calidad_20260727091208' aún no es visible en la lista. Esperando...
2026-07-27 09:50:29,034 [INFO] verint_downloader: Intento de verificación 36/60...
2026-07-27 09:50:35,089 [INFO] verint_downloader: La exportación 'Export_Calidad_20260727091208' aún no es visible en la lista. Esperando...
2026-07-27 09:51:35,090 [INFO] verint_downloader: Intento de verificación 37/60...
2026-07-27 09:51:40,023 [INFO] verint_downloader: La exportación 'Export_Calidad_20260727091208' aún no es visible en la lista. Esperando...
2026-07-27 09:52:40,024 [INFO] verint_downloader: Intento de verificación 38/60...
2026-07-27 09:52:45,084 [INFO] verint_downloader: La exportación 'Export_Calidad_20260727091208' aún no es visible en la lista. Esperando...
2026-07-27 09:53:45,085 [INFO] verint_downloader: Intento de verificación 39/60...
2026-07-27 09:53:51,157 [INFO] verint_downloader: La exportación 'Export_Calidad_20260727091208' aún no es visible en la lista. Esperando...
2026-07-27 09:54:51,158 [INFO] verint_downloader: Intento de verificación 40/60...
2026-07-27 09:54:56,330 [INFO] verint_downloader: La exportación 'Export_Calidad_20260727091208' aún no es visible en la lista. Esperando...
2026-07-27 09:55:56,331 [INFO] verint_downloader: Intento de verificación 41/60...
2026-07-27 09:56:01,382 [INFO] verint_downloader: La exportación 'Export_Calidad_20260727091208' aún no es visible en la lista. Esperando...
2026-07-27 09:57:01,383 [INFO] verint_downloader: Intento de verificación 42/60...
2026-07-27 09:57:06,492 [INFO] verint_downloader: La exportación 'Export_Calidad_20260727091208' aún no es visible en la lista. Esperando...
2026-07-27 09:58:06,493 [INFO] verint_downloader: Intento de verificación 43/60...
2026-07-27 09:58:11,581 [INFO] verint_downloader: La exportación 'Export_Calidad_20260727091208' aún no es visible en la lista. Esperando...
2026-07-27 09:59:11,582 [INFO] verint_downloader: Intento de verificación 44/60...
2026-07-27 09:59:17,459 [INFO] verint_downloader: La exportación 'Export_Calidad_20260727091208' aún no es visible en la lista. Esperando...
2026-07-27 10:00:17,460 [INFO] verint_downloader: Intento de verificación 45/60...
2026-07-27 10:00:22,642 [INFO] verint_downloader: La exportación 'Export_Calidad_20260727091208' aún no es visible en la lista. Esperando...
2026-07-27 10:01:22,643 [INFO] verint_downloader: Intento de verificación 46/60...
2026-07-27 10:01:28,437 [INFO] verint_downloader: La exportación 'Export_Calidad_20260727091208' aún no es visible en la lista. Esperando...
2026-07-27 10:02:28,438 [INFO] verint_downloader: Intento de verificación 47/60...
2026-07-27 10:02:34,851 [INFO] verint_downloader: La exportación 'Export_Calidad_20260727091208' aún no es visible en la lista. Esperando...
2026-07-27 10:03:34,852 [INFO] verint_downloader: Intento de verificación 48/60...
2026-07-27 10:03:41,026 [INFO] verint_downloader: La exportación 'Export_Calidad_20260727091208' aún no es visible en la lista. Esperando...
2026-07-27 10:04:41,027 [INFO] verint_downloader: Intento de verificación 49/60...
2026-07-27 10:04:47,048 [INFO] verint_downloader: La exportación 'Export_Calidad_20260727091208' aún no es visible en la lista. Esperando...
2026-07-27 10:05:47,049 [INFO] verint_downloader: Intento de verificación 50/60...
2026-07-27 10:05:52,972 [INFO] verint_downloader: La exportación 'Export_Calidad_20260727091208' aún no es visible en la lista. Esperando...
2026-07-27 10:06:52,973 [INFO] verint_downloader: Intento de verificación 51/60...
2026-07-27 10:06:59,076 [INFO] verint_downloader: La exportación 'Export_Calidad_20260727091208' aún no es visible en la lista. Esperando...
2026-07-27 10:07:59,077 [INFO] verint_downloader: Intento de verificación 52/60...
2026-07-27 10:08:04,759 [INFO] verint_downloader: La exportación 'Export_Calidad_20260727091208' aún no es visible en la lista. Esperando...
2026-07-27 10:09:04,760 [INFO] verint_downloader: Intento de verificación 53/60...
2026-07-27 10:09:10,172 [INFO] verint_downloader: La exportación 'Export_Calidad_20260727091208' aún no es visible en la lista. Esperando...
2026-07-27 10:10:10,173 [INFO] verint_downloader: Intento de verificación 54/60...
2026-07-27 10:10:16,090 [INFO] verint_downloader: La exportación 'Export_Calidad_20260727091208' aún no es visible en la lista. Esperando...
2026-07-27 10:11:16,091 [INFO] verint_downloader: Intento de verificación 55/60...
2026-07-27 10:11:20,770 [INFO] verint_downloader: La exportación 'Export_Calidad_20260727091208' aún no es visible en la lista. Esperando...
2026-07-27 10:12:20,771 [INFO] verint_downloader: Intento de verificación 56/60...
2026-07-27 10:12:24,067 [INFO] verint_downloader: La exportación 'Export_Calidad_20260727091208' aún no es visible en la lista. Esperando...
2026-07-27 10:13:24,068 [INFO] verint_downloader: Intento de verificación 57/60...
2026-07-27 10:13:29,833 [INFO] verint_downloader: La exportación 'Export_Calidad_20260727091208' aún no es visible en la lista. Esperando...
2026-07-27 10:14:29,834 [INFO] verint_downloader: Intento de verificación 58/60...
2026-07-27 10:14:35,401 [INFO] verint_downloader: La exportación 'Export_Calidad_20260727091208' aún no es visible en la lista. Esperando...
2026-07-27 10:15:35,402 [INFO] verint_downloader: Intento de verificación 59/60...
2026-07-27 10:15:40,686 [INFO] verint_downloader: La exportación 'Export_Calidad_20260727091208' aún no es visible en la lista. Esperando...
2026-07-27 10:16:40,689 [INFO] verint_downloader: Intento de verificación 60/60...
2026-07-27 10:16:45,866 [INFO] verint_downloader: La exportación 'Export_Calidad_20260727091208' aún no es visible en la lista. Esperando...
2026-07-27 10:17:46,435 [ERROR] root: Fallo en el pipeline de calidad: Fallo crítico al descargar datos de Verint: Export 'Export_Calidad_20260727091208' did not complete within the maximum polling time.
