2026-07-22 09:50:27,925 [INFO] root: Iniciando Pipeline Unificado de Proceso Calidad...
2026-07-22 09:50:27,942 [INFO] root: 📥 Fase 1: Descargando Evaluaciones de Insight...
2026-07-22 09:50:27,945 [INFO] root: Iniciando sesión en Insight...
2026-07-22 09:50:28,095 [INFO] root: Obteniendo lista de consultas guardadas...
2026-07-22 09:50:28,165 [INFO] root: Ejecutando consulta 'EVALUATIONS' en el área 'GCI_PRD_Insight_TLVentas'...
2026-07-22 09:50:29,706 [INFO] root: Esperando que el archivo sea generado en Insight...
2026-07-22 09:50:29,722 [INFO] root: Esperando archivo... (intento 1/20)
2026-07-22 09:50:34,743 [INFO] root: Esperando archivo... (intento 2/20)
2026-07-22 09:50:39,763 [INFO] root: Descargando archivo desde Insight...
2026-07-22 09:50:40,737 [INFO] root: Descarga finalizada. Guardado en 'C:\Users\b47756\OneDrive - Interbank\Televentas\UPLOADER_V2\INPUT_PROCESO_CALIDAD\Reporte_Insight_EVALUATIONS_20260722.txt'.
2026-07-22 09:50:40,759 [INFO] root: 🧹 Cargando Evaluaciones de Insight a Teradata...
2026-07-22 09:50:44,523 [INFO] root: Cargando en la tabla DLAB_GEC.M_EXP_CALIDAD_PURECLOUD_PRE...
2026-07-22 09:50:59,433 [INFO] root: Limpiando datos existentes en la tabla...
2026-07-22 09:51:06,669 [INFO] root: Preparando registros para la carga...
2026-07-22 09:51:06,804 [INFO] root: Iniciando carga de 18,766 registros...
2026-07-22 09:51:06,807 [INFO] root: Cargando registros: 1 a 18,766 de 18,766 (100%)
2026-07-22 09:51:30,095 [INFO] root: Carga de datos finalizada con éxito.
2026-07-22 09:51:30,188 [INFO] root: 📥 Fase 2: Descargando Speech Analytics de Verint para el periodo 202607...
2026-07-22 09:51:30,194 [INFO] verint_downloader: Loading environment variables from: C:\Users\b47756\OneDrive - Interbank\Televentas\UPLOADER_V2\.env
2026-07-22 09:51:30,197 [INFO] root: Loading environment variables from: C:\Users\b47756\OneDrive - Interbank\Televentas\UPLOADER_V2\.env
2026-07-22 09:51:30,204 [INFO] verint_downloader: Date range filter: From 15/06/2026 to 22/07/2026
2026-07-22 09:51:30,205 [INFO] verint_downloader: Found exact input CSV file: C:\Users\b47756\OneDrive - Interbank\Televentas\UPLOADER_V2\EV_202607.csv
2026-07-22 09:51:30,209 [INFO] root: Found exact input CSV file: C:\Users\b47756\OneDrive - Interbank\Televentas\UPLOADER_V2\EV_202607.csv
2026-07-22 09:51:30,209 [INFO] verint_downloader: Iniciando conexión con Verint...
2026-07-22 09:51:30,211 [INFO] root: Iniciando conexión con Verint...
2026-07-22 09:51:33,888 [INFO] verint_downloader: Navegando a: https://wfo.mt5.verintcloudservices.com/wfo/control/signin
2026-07-22 09:51:36,039 [INFO] verint_downloader: Página de inicio de sesión detectada. Enviando credenciales...
2026-07-22 09:51:36,045 [INFO] root: Página de inicio de sesión detectada. Enviando credenciales...
2026-07-22 09:51:38,273 [INFO] verint_downloader: Inicio de sesión completado.
2026-07-22 09:51:38,276 [INFO] root: Inicio de sesión completado.
2026-07-22 09:51:38,276 [INFO] verint_downloader: Navegando a la vista de interacciones: https://wfo.mt5.verintcloudservices.com/wfo/ui/#wsm%5Bws%5D=speech_Listen
2026-07-22 09:51:38,945 [INFO] verint_downloader: Abriendo Speech Analytics y cargando espacio de trabajo...
2026-07-22 09:51:38,949 [INFO] root: Abriendo Speech Analytics y cargando espacio de trabajo...
2026-07-22 09:52:39,321 [ERROR] root: Fallo en el pipeline de calidad: Fallo crítico al descargar datos de Verint: Page.wait_for_selector: Timeout 60000ms exceeded.
Call log:
  - waiting for locator("#appshell-nav-first-level-text")
