2026-07-22 10:09:07,373 [INFO] root: Iniciando Pipeline Unificado de Proceso Calidad...
2026-07-22 10:09:07,386 [INFO] root: 📥 Fase 2: Descargando Speech Analytics de Verint para el periodo 202607...
2026-07-22 10:09:07,391 [INFO] verint_downloader: Loading environment variables from: C:\Users\b47756\OneDrive - Interbank\Televentas\UPLOADER_V2\.env
2026-07-22 10:09:07,394 [INFO] root: Loading environment variables from: C:\Users\b47756\OneDrive - Interbank\Televentas\UPLOADER_V2\.env
2026-07-22 10:09:07,400 [INFO] verint_downloader: Date range filter: From 15/06/2026 to 22/07/2026
2026-07-22 10:09:07,412 [INFO] verint_downloader: Found exact input CSV file: C:\Users\b47756\OneDrive - Interbank\Televentas\UPLOADER_V2\EV_202607.csv
2026-07-22 10:09:07,415 [INFO] root: Found exact input CSV file: C:\Users\b47756\OneDrive - Interbank\Televentas\UPLOADER_V2\EV_202607.csv
2026-07-22 10:09:07,415 [INFO] verint_downloader: Iniciando conexión con Verint...
2026-07-22 10:09:07,418 [INFO] root: Iniciando conexión con Verint...
2026-07-22 10:09:09,165 [INFO] verint_downloader: Navegando a: https://wfo.mt5.verintcloudservices.com/wfo/control/signin
2026-07-22 10:09:11,258 [INFO] verint_downloader: Página de inicio de sesión detectada. Enviando credenciales...
2026-07-22 10:09:11,261 [INFO] root: Página de inicio de sesión detectada. Enviando credenciales...
2026-07-22 10:09:14,200 [INFO] verint_downloader: Inicio de sesión completado.
2026-07-22 10:09:14,202 [INFO] root: Inicio de sesión completado.
2026-07-22 10:09:14,203 [INFO] verint_downloader: Navegando a la vista de interacciones: https://wfo.mt5.verintcloudservices.com/wfo/ui/#wsm%5Bws%5D=speech_Listen
2026-07-22 10:09:14,235 [INFO] verint_downloader: Abriendo Speech Analytics y cargando espacio de trabajo...
2026-07-22 10:09:14,237 [INFO] root: Abriendo Speech Analytics y cargando espacio de trabajo...
2026-07-22 10:09:36,325 [INFO] verint_downloader: Esperando el botón de la barra lateral...
2026-07-22 10:09:39,804 [INFO] verint_downloader: Haciendo clic en la pestaña Project...
2026-07-22 10:09:44,905 [INFO] verint_downloader: Esperando que aparezca el selector de proyecto...
2026-07-22 10:09:44,931 [INFO] verint_downloader: Seleccionando el proyecto Televentas...
2026-07-22 10:09:46,129 [INFO] verint_downloader: Project Televentas selected successfully.
2026-07-22 10:09:46,130 [INFO] verint_downloader: Cambiando a la pestaña 'Mi conjunto de datos' / 'My dataset'...
2026-07-22 10:09:50,890 [INFO] verint_downloader: Setting Date range: 15/06/2026 - 22/07/2026...
2026-07-22 10:09:51,047 [INFO] verint_downloader: Filtro de fechas configurado.
2026-07-22 10:09:51,047 [INFO] verint_downloader: Expandiendo el panel de 'Datos personalizados' / 'Custom data' si está colapsado...
2026-07-22 10:09:51,079 [INFO] verint_downloader: Accordion expansion status: {'success': True, 'clicked': True}
2026-07-22 10:09:54,089 [INFO] verint_downloader: Seleccionando el dato personalizado cti_AGENTID...
2026-07-22 10:09:57,209 [INFO] verint_downloader: cti_AGENTID seleccionado con éxito.
2026-07-22 10:09:59,225 [INFO] verint_downloader: Abriendo ventana de carga de CSV...
2026-07-22 10:09:59,358 [INFO] verint_downloader: Trigger clicked: {'success': True, 'triggerId': 'clickimage-2149'}
2026-07-22 10:09:59,393 [INFO] verint_downloader: Uploading file: C:\Users\b47756\OneDrive - Interbank\Televentas\UPLOADER_V2\EV_202607.csv...
2026-07-22 10:09:59,430 [INFO] verint_downloader: Asignando nombre al filtro: Filtro_Calidad...
2026-07-22 10:09:59,447 [INFO] verint_downloader: Haciendo clic en 'Cargar' / 'Upload'...
2026-07-22 10:09:59,665 [INFO] verint_downloader: Waiting for upload processing to complete...
2026-07-22 10:10:00,575 [INFO] verint_downloader: Carga y procesamiento de lista de agentes completada.
2026-07-22 10:10:00,576 [INFO] verint_downloader: Aplicando filtros y cargando resultados en Verint...
2026-07-22 10:10:00,578 [INFO] root: Aplicando filtros y cargando resultados en Verint...
2026-07-22 10:10:00,704 [INFO] verint_downloader: Filtros aplicados con éxito y resultados cargados.
2026-07-22 10:10:00,705 [INFO] verint_downloader: Abriendo el menú de exportación de interacciones...
2026-07-22 10:10:01,116 [INFO] verint_downloader: Configurando los parámetros de exportación...
2026-07-22 10:10:01,611 [INFO] verint_downloader: Haciendo clic en Continuar...
2026-07-22 10:10:01,892 [INFO] verint_downloader: Asignando nombre al archivo exportado: Export_Calidad_20260722101001...
2026-07-22 10:10:01,903 [INFO] verint_downloader: Enviando reporte a la cola de exportación...
2026-07-22 10:10:02,058 [INFO] verint_downloader: Reporte 'Export_Calidad_20260722101001' enviado con éxito a la cola de exportación.
2026-07-22 10:10:02,061 [INFO] root: Reporte 'Export_Calidad_20260722101001' enviado con éxito a la cola de exportación.
2026-07-22 10:10:02,061 [INFO] verint_downloader: Navegando a Reportes Guardados / Mis Exportaciones: https://wfo.mt5.verintcloudservices.com/wfo/ui/#wsm%5Bws%5D=speech_SavedReports
2026-07-22 10:10:11,058 [INFO] verint_downloader: Configurando proyecto en la vista de exportaciones...
2026-07-22 10:10:11,099 [INFO] verint_downloader: Proyecto seleccionado con éxito en la vista de exportaciones.
2026-07-22 10:10:14,121 [INFO] verint_downloader: Esperando que se procese la exportación en Verint...
2026-07-22 10:10:14,125 [INFO] root: Esperando que se procese la exportación en Verint...
2026-07-22 10:10:14,126 [INFO] verint_downloader: Intento de verificación 1/50...
2026-07-22 10:10:19,584 [INFO] verint_downloader: La exportación 'Export_Calidad_20260722101001' aún no es visible en la lista. Esperando...
2026-07-22 10:10:49,585 [INFO] verint_downloader: Intento de verificación 2/50...
2026-07-22 10:10:54,464 [INFO] verint_downloader: La exportación 'Export_Calidad_20260722101001' aún no es visible en la lista. Esperando...
2026-07-22 10:11:24,466 [INFO] verint_downloader: Intento de verificación 3/50...
2026-07-22 10:11:29,666 [INFO] verint_downloader: La exportación 'Export_Calidad_20260722101001' aún no es visible en la lista. Esperando...
2026-07-22 10:11:59,667 [INFO] verint_downloader: Intento de verificación 4/50...
2026-07-22 10:12:04,691 [INFO] verint_downloader: La exportación 'Export_Calidad_20260722101001' aún no es visible en la lista. Esperando...
2026-07-22 10:12:34,692 [INFO] verint_downloader: Intento de verificación 5/50...
2026-07-22 10:12:39,595 [INFO] verint_downloader: La exportación 'Export_Calidad_20260722101001' aún no es visible en la lista. Esperando...
2026-07-22 10:13:09,597 [INFO] verint_downloader: Intento de verificación 6/50...
2026-07-22 10:13:15,022 [INFO] verint_downloader: La exportación 'Export_Calidad_20260722101001' aún no es visible en la lista. Esperando...
2026-07-22 10:13:45,024 [INFO] verint_downloader: Intento de verificación 7/50...
2026-07-22 10:13:50,574 [INFO] verint_downloader: La exportación 'Export_Calidad_20260722101001' aún no es visible en la lista. Esperando...
2026-07-22 10:14:20,575 [INFO] verint_downloader: Intento de verificación 8/50...
2026-07-22 10:14:26,108 [INFO] verint_downloader: La exportación 'Export_Calidad_20260722101001' aún no es visible en la lista. Esperando...
2026-07-22 10:14:56,110 [INFO] verint_downloader: Intento de verificación 9/50...
2026-07-22 10:15:01,781 [INFO] verint_downloader: La exportación 'Export_Calidad_20260722101001' aún no es visible en la lista. Esperando...
2026-07-22 10:15:31,782 [INFO] verint_downloader: Intento de verificación 10/50...
2026-07-22 10:15:37,209 [INFO] verint_downloader: La exportación 'Export_Calidad_20260722101001' aún no es visible en la lista. Esperando...
2026-07-22 10:16:07,211 [INFO] verint_downloader: Intento de verificación 11/50...
2026-07-22 10:16:12,705 [INFO] verint_downloader: La exportación 'Export_Calidad_20260722101001' aún no es visible en la lista. Esperando...
2026-07-22 10:16:42,706 [INFO] verint_downloader: Intento de verificación 12/50...
2026-07-22 10:16:47,925 [INFO] verint_downloader: La exportación 'Export_Calidad_20260722101001' aún no es visible en la lista. Esperando...
2026-07-22 10:17:17,926 [INFO] verint_downloader: Intento de verificación 13/50...
2026-07-22 10:17:23,600 [INFO] verint_downloader: La exportación 'Export_Calidad_20260722101001' aún no es visible en la lista. Esperando...
2026-07-22 10:17:53,601 [INFO] verint_downloader: Intento de verificación 14/50...
2026-07-22 10:17:58,204 [INFO] verint_downloader: La exportación 'Export_Calidad_20260722101001' aún no es visible en la lista. Esperando...
2026-07-22 10:18:28,205 [INFO] verint_downloader: Intento de verificación 15/50...
2026-07-22 10:18:33,277 [INFO] verint_downloader: La exportación 'Export_Calidad_20260722101001' aún no es visible en la lista. Esperando...
2026-07-22 10:19:03,279 [INFO] verint_downloader: Intento de verificación 16/50...
2026-07-22 10:19:07,991 [INFO] verint_downloader: La exportación 'Export_Calidad_20260722101001' aún no es visible en la lista. Esperando...
2026-07-22 10:19:37,994 [INFO] verint_downloader: Intento de verificación 17/50...
2026-07-22 10:19:42,710 [INFO] verint_downloader: La exportación 'Export_Calidad_20260722101001' aún no es visible en la lista. Esperando...
2026-07-22 10:20:12,712 [INFO] verint_downloader: Intento de verificación 18/50...
2026-07-22 10:20:17,571 [INFO] verint_downloader: La exportación 'Export_Calidad_20260722101001' aún no es visible en la lista. Esperando...
2026-07-22 10:20:47,572 [INFO] verint_downloader: Intento de verificación 19/50...
2026-07-22 10:20:52,297 [INFO] verint_downloader: La exportación 'Export_Calidad_20260722101001' aún no es visible en la lista. Esperando...
2026-07-22 10:21:22,299 [INFO] verint_downloader: Intento de verificación 20/50...
2026-07-22 10:21:28,064 [INFO] verint_downloader: La exportación 'Export_Calidad_20260722101001' aún no es visible en la lista. Esperando...
2026-07-22 10:21:58,065 [INFO] verint_downloader: Intento de verificación 21/50...
2026-07-22 10:22:03,443 [INFO] verint_downloader: La exportación 'Export_Calidad_20260722101001' aún no es visible en la lista. Esperando...
2026-07-22 10:22:33,445 [INFO] verint_downloader: Intento de verificación 22/50...
2026-07-22 10:22:39,333 [INFO] verint_downloader: La exportación 'Export_Calidad_20260722101001' aún no es visible en la lista. Esperando...
2026-07-22 10:23:09,334 [INFO] verint_downloader: Intento de verificación 23/50...
2026-07-22 10:23:15,032 [INFO] verint_downloader: La exportación 'Export_Calidad_20260722101001' aún no es visible en la lista. Esperando...
2026-07-22 10:23:45,033 [INFO] verint_downloader: Intento de verificación 24/50...
2026-07-22 10:23:50,362 [INFO] verint_downloader: La exportación 'Export_Calidad_20260722101001' aún no es visible en la lista. Esperando...
2026-07-22 10:24:20,363 [INFO] verint_downloader: Intento de verificación 25/50...
2026-07-22 10:24:25,979 [INFO] verint_downloader: La exportación 'Export_Calidad_20260722101001' aún no es visible en la lista. Esperando...
2026-07-22 10:24:55,981 [INFO] verint_downloader: Intento de verificación 26/50...
2026-07-22 10:25:00,415 [INFO] verint_downloader: La exportación 'Export_Calidad_20260722101001' aún no es visible en la lista. Esperando...
2026-07-22 10:25:30,416 [INFO] verint_downloader: Intento de verificación 27/50...
2026-07-22 10:25:35,584 [INFO] verint_downloader: La exportación 'Export_Calidad_20260722101001' aún no es visible en la lista. Esperando...
2026-07-22 10:26:05,587 [INFO] verint_downloader: Intento de verificación 28/50...
2026-07-22 10:26:10,781 [INFO] verint_downloader: La exportación 'Export_Calidad_20260722101001' aún no es visible en la lista. Esperando...
2026-07-22 10:26:40,784 [INFO] verint_downloader: Intento de verificación 29/50...
2026-07-22 10:26:45,092 [INFO] verint_downloader: La exportación 'Export_Calidad_20260722101001' aún no es visible en la lista. Esperando...
2026-07-22 10:27:15,098 [INFO] verint_downloader: Intento de verificación 30/50...
2026-07-22 10:27:20,290 [INFO] verint_downloader: La exportación 'Export_Calidad_20260722101001' aún no es visible en la lista. Esperando...
2026-07-22 10:27:50,294 [INFO] verint_downloader: Intento de verificación 31/50...
2026-07-22 10:27:53,985 [INFO] verint_downloader: La exportación 'Export_Calidad_20260722101001' aún no es visible en la lista. Esperando...
2026-07-22 10:28:23,988 [INFO] verint_downloader: Intento de verificación 32/50...
2026-07-22 10:28:28,728 [INFO] verint_downloader: La exportación 'Export_Calidad_20260722101001' aún no es visible en la lista. Esperando...
2026-07-22 10:28:58,731 [INFO] verint_downloader: Intento de verificación 33/50...
2026-07-22 10:29:02,691 [INFO] verint_downloader: La exportación 'Export_Calidad_20260722101001' aún no es visible en la lista. Esperando...
2026-07-22 10:29:32,694 [INFO] verint_downloader: Intento de verificación 34/50...
2026-07-22 10:29:36,910 [INFO] verint_downloader: La exportación 'Export_Calidad_20260722101001' aún no es visible en la lista. Esperando...
2026-07-22 10:30:06,912 [INFO] verint_downloader: Intento de verificación 35/50...
2026-07-22 10:30:11,366 [INFO] verint_downloader: La exportación 'Export_Calidad_20260722101001' aún no es visible en la lista. Esperando...
2026-07-22 10:30:41,369 [INFO] verint_downloader: Intento de verificación 36/50...
2026-07-22 10:30:45,368 [INFO] verint_downloader: La exportación 'Export_Calidad_20260722101001' aún no es visible en la lista. Esperando...
2026-07-22 10:31:15,374 [INFO] verint_downloader: Intento de verificación 37/50...
2026-07-22 10:31:19,540 [INFO] verint_downloader: La exportación 'Export_Calidad_20260722101001' aún no es visible en la lista. Esperando...
2026-07-22 10:31:49,540 [INFO] verint_downloader: Intento de verificación 38/50...
2026-07-22 10:31:53,644 [INFO] verint_downloader: La exportación 'Export_Calidad_20260722101001' aún no es visible en la lista. Esperando...
2026-07-22 10:32:23,645 [INFO] verint_downloader: Intento de verificación 39/50...
2026-07-22 10:32:28,137 [INFO] verint_downloader: La exportación 'Export_Calidad_20260722101001' aún no es visible en la lista. Esperando...
2026-07-22 10:32:58,138 [INFO] verint_downloader: Intento de verificación 40/50...
2026-07-22 10:33:02,197 [INFO] verint_downloader: La exportación 'Export_Calidad_20260722101001' aún no es visible en la lista. Esperando...
2026-07-22 10:33:32,203 [INFO] verint_downloader: Intento de verificación 41/50...
2026-07-22 10:33:37,573 [INFO] verint_downloader: La exportación 'Export_Calidad_20260722101001' aún no es visible en la lista. Esperando...
2026-07-22 10:34:07,574 [INFO] verint_downloader: Intento de verificación 42/50...
2026-07-22 10:34:12,325 [INFO] verint_downloader: La exportación 'Export_Calidad_20260722101001' aún no es visible en la lista. Esperando...
2026-07-22 10:34:42,326 [INFO] verint_downloader: Intento de verificación 43/50...
2026-07-22 10:34:47,735 [INFO] verint_downloader: La exportación 'Export_Calidad_20260722101001' aún no es visible en la lista. Esperando...
2026-07-22 10:35:17,736 [INFO] verint_downloader: Intento de verificación 44/50...
2026-07-22 10:35:21,268 [INFO] verint_downloader: Found 2 export partitions:
2026-07-22 10:35:21,269 [INFO] verint_downloader:   - Export_Calidad_20260722101001 1-2: status='Completado<br>Procesado 150000 de 150000 (100%)' (completed=True)
2026-07-22 10:35:21,269 [INFO] verint_downloader:   - Export_Calidad_20260722101001 2-2: status='Completado<br>Procesado 36659 de 36659 (100%)' (completed=True)
2026-07-22 10:35:21,269 [INFO] verint_downloader: ¡Exportación completada! Descargando reporte...
2026-07-22 10:35:21,271 [INFO] root: ¡Exportación completada! Descargando reporte...
2026-07-22 10:35:21,272 [INFO] verint_downloader: Descargando reporte: Export_Calidad_20260722101001 1-2...
2026-07-22 10:35:30,024 [INFO] verint_downloader: Guardando archivo descargado en: C:\Users\b47756\OneDrive - Interbank\Televentas\UPLOADER_V2\INPUT_PROCESO_CALIDAD\Export_Calidad_20260722101001 1-2_Export_Calidad_20260722101001 1-2.xlsx...
2026-07-22 10:36:36,314 [INFO] verint_downloader: Descargando reporte: Export_Calidad_20260722101001 2-2...
2026-07-22 10:36:47,250 [INFO] verint_downloader: Guardando archivo descargado en: C:\Users\b47756\OneDrive - Interbank\Televentas\UPLOADER_V2\INPUT_PROCESO_CALIDAD\Export_Calidad_20260722101001 2-2_Export_Calidad_20260722101001 2-2.xlsx...
2026-07-22 10:36:57,737 [INFO] verint_downloader: Se descargaron correctamente 2 archivo(s) Excel de Verint.
2026-07-22 10:36:57,755 [INFO] root: Se descargaron correctamente 2 archivo(s) Excel de Verint.
2026-07-22 10:36:57,755 [INFO] verint_downloader: Cerrando el navegador.
2026-07-22 10:36:58,119 [INFO] root: 🧹 Cargando 2 archivo(s) de Verint a Teradata...
2026-07-22 10:37:00,739 [INFO] root: Procesando archivo Verint: Export_Calidad_20260722101001 1-2_Export_Calidad_20260722101001 1-2.xlsx...
2026-07-22 10:39:09,229 [INFO] root: Subiendo a la tabla DLAB_GEC.M_EXP_CALIDAD_DATA_SPEECH_ANALYTICS (Vaciar=True)...
2026-07-22 10:39:11,622 [INFO] root: Limpiando datos existentes en la tabla...
2026-07-22 10:39:18,289 [INFO] root: Preparando registros para la carga...
2026-07-22 10:39:20,013 [INFO] root: Iniciando carga de 150,000 registros...
2026-07-22 10:39:20,016 [INFO] root: Cargando registros: 1 a 50,000 de 150,000 (33%)
2026-07-22 10:40:10,070 [INFO] root: Cargando registros: 50,001 a 100,000 de 150,000 (66%)
2026-07-22 10:41:04,652 [INFO] root: Cargando registros: 100,001 a 150,000 de 150,000 (100%)
2026-07-22 10:42:10,698 [INFO] root: Carga de datos finalizada con éxito.
2026-07-22 10:42:10,792 [INFO] root: Procesando archivo Verint: Export_Calidad_20260722101001 2-2_Export_Calidad_20260722101001 2-2.xlsx...
2026-07-22 10:42:40,751 [INFO] root: Subiendo a la tabla DLAB_GEC.M_EXP_CALIDAD_DATA_SPEECH_ANALYTICS (Vaciar=False)...
2026-07-22 10:42:43,176 [INFO] root: Preparando registros para la carga...
2026-07-22 10:42:43,526 [INFO] root: Iniciando carga de 36,659 registros...
2026-07-22 10:42:43,531 [INFO] root: Cargando registros: 1 a 36,659 de 36,659 (100%)
2026-07-22 10:43:41,456 [INFO] root: Carga de datos finalizada con éxito.
2026-07-22 10:43:41,597 [INFO] root: Fase 3: Procesando Excel de Acciones Tomadas local...
2026-07-22 10:43:42,338 [INFO] root: 🔄 Conectando con Excel para actualizar desde SharePoint...
2026-07-22 10:44:07,951 [INFO] root: SUCCESS: [Excel actualizado correctamente desde SharePoint.]
2026-07-22 10:44:08,091 [INFO] root: 🧹 Deduplicando registros de Acciones Tomadas por orden de severidad...
2026-07-22 10:44:10,448 [INFO] root: Cargando en la tabla DLAB_GEC.M_EXP_NTD_OBSERVACIONES_PRE...
2026-07-22 10:44:11,103 [INFO] root: Limpiando datos existentes en la tabla...
2026-07-22 10:44:14,786 [INFO] root: Preparando registros para la carga...
2026-07-22 10:44:14,798 [INFO] root: Iniciando carga de 4,418 registros...
2026-07-22 10:44:14,800 [INFO] root: Cargando registros: 1 a 4,418 de 4,418 (100%)
2026-07-22 10:44:16,078 [INFO] root: Carga de datos finalizada con éxito.
2026-07-22 10:44:16,149 [INFO] root: ⚡ Fase 4: Ejecutando Scripts SQL del Pipeline de Calidad...
2026-07-22 10:44:18,525 [INFO] root: 🔍 Iniciando verificación de tablas de origen para el período: 202607 (Corte: Días 1 al 31)
2026-07-22 10:44:18,794 [INFO] root: Tabla DLAB_GEC.M_EXP_CALIDAD_DATA_SPEECH_ANALYTICS: 186,659 registros
2026-07-22 10:44:20,505 [INFO] root: Tabla DLAB_GEC.M_EXP_CALIDAD_PURECLOUD_PRE: 18,766 registros
2026-07-22 10:44:33,872 [INFO] root: Tabla DLAB_GEC.M_EXP_VENTAS_TC: 5,297 registros
2026-07-22 10:44:37,425 [INFO] root: Tabla DLAB_GEC.M_EXP_VENTAS_PP: 1,376 registros
2026-07-22 10:44:40,208 [INFO] root: Tabla DLAB_GEC.M_EXP_VENTAS_CON: 833 registros
2026-07-22 10:44:46,660 [INFO] root: Tabla DLAB_GEC.T_VENTAS_BPE_MARKET: 5,107 registros
2026-07-22 10:44:53,867 [INFO] root: Tabla DLAB_GEC.V_GESTION_BNC: 4,740 registros
2026-07-22 10:44:56,104 [INFO] root: Tabla DLAB_GEC.M_EXP_VENTAS_EC: 1,301 registros
2026-07-22 10:45:02,666 [INFO] root: Tabla DLAB_GEC.V_GESTION_CHIP: 2,611 registros
2026-07-22 10:45:06,792 [INFO] root: Tabla DLAB_GEC.M_EXP_VENTAS_CD: 394 registros
2026-07-22 10:45:14,077 [INFO] root: Tabla DLAB_GEC.T_RETENCION_BASE_CALIDAD_GIRU: 3,533 registros
2026-07-22 10:45:15,335 [INFO] root: Tabla E_DW_VIEWS_DLAB.V_CNV_VISTA_RETENCION_BT: 54,818 registros
2026-07-22 10:45:16,894 [ERROR] root: Tabla vacía o sin registros: DLAB_GEC.M_EXP_VENTAS_IL
2026-07-22 10:45:20,745 [ERROR] root: Tabla vacía o sin registros: DLAB_GEC.M_EXP_VENTAS_TCA
2026-07-22 10:45:21,101 [ERROR] root: Tabla vacía o sin registros: DLAB_GEC.M_EXP_VENTAS_UPG
2026-07-22 10:45:21,984 [ERROR] root: Tabla vacía o sin registros: DLAB_GEC.M_EXP_VENTAS_PA
2026-07-22 10:45:29,862 [INFO] root: Tabla DLAB_GEC.M_EXP_VENTAS_SEG: 1,208 registros
2026-07-22 10:45:33,791 [INFO] root: Tabla DLAB_GEC.TLV_CARGA_ACTUAL: 850,004 registros
2026-07-22 10:45:38,469 [INFO] root: Tabla DLAB_GEC.TLV_CARGA_ACTUAL_DIGITAL: 31,212 registros
2026-07-22 10:45:38,474 [WARNING] root: ADVERTENCIA: Las siguientes tablas de origen están vacías o fallaron al consultarse: DLAB_GEC.M_EXP_VENTAS_IL, DLAB_GEC.M_EXP_VENTAS_TCA, DLAB_GEC.M_EXP_VENTAS_UPG, DLAB_GEC.M_EXP_VENTAS_PA. Continuando con el procesamiento SQL...
2026-07-22 10:45:38,476 [INFO] root: 🔍 Verificando preguntas de Pure Cloud sin mapear en la maestra...
2026-07-22 10:45:45,333 [WARNING] root: Se encontraron 485 preguntas sin mapear en DLAB_GEC.M_EXP_CALIDAD_MAESTRA_GRUPO_PREGUNTAS_PCLOUD
2026-07-22 10:45:45,335 [WARNING] root: - Pregunta: 'APLICA_NTD_1' (Mapeada: 'APLICA NTD 1') | Plantilla: Exp. Compra - BPE - EQUIPO B_100 | Grupo: NOT TO DO
2026-07-22 10:45:45,336 [WARNING] root: - Pregunta: 'APLICA_NTD_1' (Mapeada: 'APLICA NTD 1') | Plantilla: Exp. Compra - CON | Grupo: NOT TO DO
2026-07-22 10:45:45,337 [WARNING] root: - Pregunta: 'APLICA_NTD_1' (Mapeada: 'APLICA NTD 1') | Plantilla: Exp. Compra - EC | Grupo: NOT TO DO
2026-07-22 10:45:45,338 [WARNING] root: - Pregunta: 'APLICA_NTD_1' (Mapeada: 'APLICA NTD 1') | Plantilla: Exp. Compra - PP | Grupo: NOT TO DO
2026-07-22 10:45:45,340 [WARNING] root: - Pregunta: 'APLICA_NTD_1' (Mapeada: 'APLICA NTD 1') | Plantilla: Exp. Compra - PRT | Grupo: NOT TO DO
2026-07-22 10:45:45,343 [WARNING] root: - Pregunta: 'APLICA_NTD_1' (Mapeada: 'APLICA NTD 1') | Plantilla: Exp. Compra - RTC | Grupo: NOT TO DO
2026-07-22 10:45:45,346 [WARNING] root: - Pregunta: 'APLICA_NTD_1' (Mapeada: 'APLICA NTD 1') | Plantilla: Exp. Compra - RTC_CONV | Grupo: NOT TO DO
2026-07-22 10:45:45,348 [WARNING] root: - Pregunta: 'APLICA_NTD_1' (Mapeada: 'APLICA NTD 1') | Plantilla: Exp. Compra - TC | Grupo: NOT TO DO
2026-07-22 10:45:45,351 [WARNING] root: - Pregunta: 'APLICA_NTD_1' (Mapeada: 'APLICA NTD 1') | Plantilla: Exp. Compra CD_v2 | Grupo: NOT TO DO
2026-07-22 10:45:45,353 [WARNING] root: - Pregunta: 'APLICA_NTD_1' (Mapeada: 'APLICA NTD 1') | Plantilla: Exp. Compra HIP_CHIP | Grupo: NOT TO DO
2026-07-22 10:45:45,354 [WARNING] root: ... (más preguntas omitidas en el log rápido)
2026-07-22 10:45:45,360 [INFO] root: Procesando: **Evaluaciones Manuales Pure Cloud**...
2026-07-22 10:45:45,365 [INFO] core.quality_process_orchestrator: Se detectaron 12 sentencias en 01_evaluacion_manual_pc.sql
2026-07-22 10:45:45,365 [INFO] core.quality_process_orchestrator:    [1/12] Ejecutando: CREATE VOLATILE TABLE VT_PC_RAW AS (
2026-07-22 10:45:45,368 [INFO] root: 🔹 [1/12] Ejecutando sentencia...
2026-07-22 10:45:52,059 [INFO] core.quality_process_orchestrator:    [2/12] Ejecutando: CREATE VOLATILE TABLE VT_PC_MAPPED AS (
2026-07-22 10:45:52,064 [INFO] root: 🔹 [2/12] Ejecutando sentencia...
2026-07-22 10:45:58,520 [INFO] core.quality_process_orchestrator:    [3/12] Ejecutando: CREATE VOLATILE TABLE VT_PC_SCORED AS (
2026-07-22 10:45:58,527 [INFO] root: 🔹 [3/12] Ejecutando sentencia...
2026-07-22 10:46:03,944 [INFO] core.quality_process_orchestrator:    [4/12] Ejecutando: CREATE VOLATILE TABLE VT_PC_WEIGHTED AS (
2026-07-22 10:46:03,951 [INFO] root: 🔹 [4/12] Ejecutando sentencia...
2026-07-22 10:46:20,341 [INFO] core.quality_process_orchestrator:    [5/12] Ejecutando: CREATE VOLATILE TABLE VT_PC_FINAL AS (
2026-07-22 10:46:20,343 [INFO] root: 🔹 [5/12] Ejecutando sentencia...
2026-07-22 10:46:22,695 [INFO] core.quality_process_orchestrator:    [6/12] Ejecutando: DELETE FROM DLAB_GEC.M_EXP_CALIDAD_DETALLE_PURE_CLOUD ALL
2026-07-22 10:46:22,699 [INFO] root: 🔹 [6/12] Ejecutando sentencia...
2026-07-22 10:46:25,309 [INFO] core.quality_process_orchestrator:    [7/12] Ejecutando: INSERT INTO DLAB_GEC.M_EXP_CALIDAD_DETALLE_PURE_CLOUD
2026-07-22 10:46:25,314 [INFO] root: 🔹 [7/12] Ejecutando sentencia...
2026-07-22 10:46:26,641 [INFO] core.quality_process_orchestrator:    [8/12] Ejecutando: DROP TABLE VT_PC_RAW
2026-07-22 10:46:26,649 [INFO] root: 🔹 [8/12] Ejecutando sentencia...
2026-07-22 10:46:27,225 [INFO] core.quality_process_orchestrator:    [9/12] Ejecutando: DROP TABLE VT_PC_MAPPED
2026-07-22 10:46:27,229 [INFO] root: 🔹 [9/12] Ejecutando sentencia...
2026-07-22 10:46:28,151 [INFO] core.quality_process_orchestrator:    [10/12] Ejecutando: DROP TABLE VT_PC_SCORED
2026-07-22 10:46:28,156 [INFO] root: 🔹 [10/12] Ejecutando sentencia...
2026-07-22 10:46:28,974 [INFO] core.quality_process_orchestrator:    [11/12] Ejecutando: DROP TABLE VT_PC_WEIGHTED
2026-07-22 10:46:28,979 [INFO] root: 🔹 [11/12] Ejecutando sentencia...
2026-07-22 10:46:30,435 [INFO] core.quality_process_orchestrator:    [12/12] Ejecutando: DROP TABLE VT_PC_FINAL
2026-07-22 10:46:30,439 [INFO] root: 🔹 [12/12] Ejecutando sentencia...
2026-07-22 10:46:31,861 [INFO] root: SUCCESS: [Completado: **Evaluaciones Manuales Pure Cloud**]
2026-07-22 10:46:31,865 [INFO] root: Procesando: **Consentimientos y Ventas LPDP**...
2026-07-22 10:46:31,874 [INFO] core.quality_process_orchestrator: Se detectaron 22 sentencias en 02_sa_marcacion_ventas_lpdp.sql
2026-07-22 10:46:31,874 [INFO] core.quality_process_orchestrator:    [1/22] Ejecutando: CREATE VOLATILE TABLE VT_SA_CLEANED AS (
2026-07-22 10:46:31,878 [INFO] root: 🔹 [1/22] Ejecutando sentencia...
2026-07-22 10:46:34,671 [INFO] core.quality_process_orchestrator:    [2/22] Ejecutando: CREATE VOLATILE TABLE VT_TC_DEDUP AS (
2026-07-22 10:46:34,675 [INFO] root: 🔹 [2/22] Ejecutando sentencia...
2026-07-22 10:46:37,805 [INFO] core.quality_process_orchestrator:    [3/22] Ejecutando: CREATE VOLATILE TABLE VT_PP_DEDUP AS (
2026-07-22 10:46:37,809 [INFO] root: 🔹 [3/22] Ejecutando sentencia...
2026-07-22 10:46:44,574 [INFO] core.quality_process_orchestrator:    [4/22] Ejecutando: CREATE VOLATILE TABLE VT_CON_DEDUP AS (
2026-07-22 10:46:44,579 [INFO] root: 🔹 [4/22] Ejecutando sentencia...
2026-07-22 10:46:49,871 [INFO] core.quality_process_orchestrator:    [5/22] Ejecutando: CREATE VOLATILE TABLE VT_BN_DEDUP AS (
2026-07-22 10:46:49,876 [INFO] root: 🔹 [5/22] Ejecutando sentencia...
2026-07-22 10:46:57,260 [INFO] core.quality_process_orchestrator:    [6/22] Ejecutando: CREATE VOLATILE TABLE VT_BNC_DEDUP AS (
2026-07-22 10:46:57,264 [INFO] root: 🔹 [6/22] Ejecutando sentencia...
2026-07-22 10:47:01,907 [INFO] core.quality_process_orchestrator:    [7/22] Ejecutando: CREATE VOLATILE TABLE VT_EC_DEDUP AS (
2026-07-22 10:47:01,914 [INFO] root: 🔹 [7/22] Ejecutando sentencia...
2026-07-22 10:47:05,924 [INFO] core.quality_process_orchestrator:    [8/22] Ejecutando: CREATE VOLATILE TABLE VT_CHIP_DEDUP AS (
2026-07-22 10:47:05,930 [INFO] root: 🔹 [8/22] Ejecutando sentencia...
2026-07-22 10:47:14,882 [INFO] core.quality_process_orchestrator:    [9/22] Ejecutando: CREATE VOLATILE TABLE VT_CD_DEDUP AS (
2026-07-22 10:47:14,885 [INFO] root: 🔹 [9/22] Ejecutando sentencia...
2026-07-22 10:47:22,813 [INFO] core.quality_process_orchestrator:    [10/22] Ejecutando: CREATE VOLATILE TABLE VT_RTC_DEDUP AS (
2026-07-22 10:47:22,817 [INFO] root: 🔹 [10/22] Ejecutando sentencia...
2026-07-22 10:47:30,084 [INFO] core.quality_process_orchestrator:    [11/22] Ejecutando: CREATE VOLATILE TABLE VT_RCO_DEDUP AS (
2026-07-22 10:47:30,092 [INFO] root: 🔹 [11/22] Ejecutando sentencia...
2026-07-22 10:47:35,200 [INFO] core.quality_process_orchestrator:    [12/22] Ejecutando: CREATE VOLATILE TABLE VT_PRT_IL_DEDUP AS (
2026-07-22 10:47:35,205 [INFO] root: 🔹 [12/22] Ejecutando sentencia...
2026-07-22 10:47:36,027 [INFO] core.quality_process_orchestrator:    [13/22] Ejecutando: CREATE VOLATILE TABLE VT_PRT_TCA_DEDUP AS (
2026-07-22 10:47:36,034 [INFO] root: 🔹 [13/22] Ejecutando sentencia...
2026-07-22 10:47:36,750 [INFO] core.quality_process_orchestrator:    [14/22] Ejecutando: CREATE VOLATILE TABLE VT_PRT_UPG_DEDUP AS (
2026-07-22 10:47:36,755 [INFO] root: 🔹 [14/22] Ejecutando sentencia...
2026-07-22 10:47:38,083 [INFO] core.quality_process_orchestrator:    [15/22] Ejecutando: CREATE VOLATILE TABLE VT_PRT_PA_DEDUP AS (
2026-07-22 10:47:38,087 [INFO] root: 🔹 [15/22] Ejecutando sentencia...
2026-07-22 10:47:39,291 [INFO] core.quality_process_orchestrator:    [16/22] Ejecutando: CREATE VOLATILE TABLE VT_SEG_DEDUP AS (
2026-07-22 10:47:39,294 [INFO] root: 🔹 [16/22] Ejecutando sentencia...
2026-07-22 10:47:50,425 [INFO] core.quality_process_orchestrator:    [17/22] Ejecutando: CREATE VOLATILE TABLE VT_LPDP_CARGA_ACTUAL AS (
2026-07-22 10:47:50,427 [INFO] root: 🔹 [17/22] Ejecutando sentencia...
2026-07-22 10:47:57,973 [INFO] core.quality_process_orchestrator:    [18/22] Ejecutando: CREATE VOLATILE TABLE VT_LPDP_CARGA_ACTUAL_DIGITAL AS (
2026-07-22 10:47:57,977 [INFO] root: 🔹 [18/22] Ejecutando sentencia...
2026-07-22 10:48:05,966 [INFO] core.quality_process_orchestrator:    [19/22] Ejecutando: CREATE VOLATILE TABLE VT_SA_MARKED AS (
2026-07-22 10:48:05,972 [INFO] root: 🔹 [19/22] Ejecutando sentencia...
2026-07-22 10:50:33,181 [INFO] core.quality_process_orchestrator:    [20/22] Ejecutando: CREATE VOLATILE TABLE VT_SA_FINAL AS (
2026-07-22 10:50:33,186 [INFO] root: 🔹 [20/22] Ejecutando sentencia...
2026-07-22 10:50:44,180 [INFO] core.quality_process_orchestrator:    [21/22] Ejecutando: DELETE FROM DLAB_GEC.M_EXP_CALIDAD_DATA_SPEECH_ANALYTICS ALL
2026-07-22 10:50:44,183 [INFO] root: 🔹 [21/22] Ejecutando sentencia...
2026-07-22 10:50:48,608 [INFO] core.quality_process_orchestrator:    [22/22] Ejecutando: INSERT INTO DLAB_GEC.M_EXP_CALIDAD_DATA_SPEECH_ANALYTICS
2026-07-22 10:50:48,617 [INFO] root: 🔹 [22/22] Ejecutando sentencia...
2026-07-22 10:50:55,039 [INFO] root: SUCCESS: [Completado: **Consentimientos y Ventas LPDP**]
2026-07-22 10:50:55,045 [INFO] root: Procesando: **Cálculo de Pesos e Indicadores**...
2026-07-22 10:50:55,054 [INFO] core.quality_process_orchestrator: Se detectaron 3 sentencias en 03_sa_calculo_pesos_unpivot.sql
2026-07-22 10:50:55,054 [INFO] core.quality_process_orchestrator:    [1/3] Ejecutando: CREATE VOLATILE TABLE VT_BASE_SPEECH AS (
2026-07-22 10:50:55,057 [INFO] root: 🔹 [1/3] Ejecutando sentencia...
2026-07-22 10:51:01,164 [INFO] core.quality_process_orchestrator:    [2/3] Ejecutando: CREATE VOLATILE TABLE VT_EXP_CALIDAD_PESOS_SA AS (
2026-07-22 10:51:01,168 [INFO] root: 🔹 [2/3] Ejecutando sentencia...
2026-07-22 10:52:06,708 [INFO] core.quality_process_orchestrator:    [3/3] Ejecutando: DROP TABLE VT_BASE_SPEECH
2026-07-22 10:52:06,712 [INFO] root: 🔹 [3/3] Ejecutando sentencia...
2026-07-22 10:52:15,947 [INFO] root: SUCCESS: [Completado: **Cálculo de Pesos e Indicadores**]
2026-07-22 10:52:15,954 [INFO] root: Procesando: **Ajustes de Curva de Notas**...
2026-07-22 10:52:15,958 [INFO] core.quality_process_orchestrator: Se detectaron 13 sentencias en 04_sa_ajustes_curva.sql
2026-07-22 10:52:15,958 [INFO] core.quality_process_orchestrator:    [1/13] Ejecutando: UPDATE VT_EXP_CALIDAD_PESOS_SA SET CATEGORIA = TRIM(CATEGORIA)
2026-07-22 10:52:15,964 [INFO] root: 🔹 [1/13] Ejecutando sentencia...
2026-07-22 10:52:16,841 [INFO] core.quality_process_orchestrator:    [2/13] Ejecutando: UPDATE VT_EXP_CALIDAD_PESOS_SA SET PRODUCTO = TRIM(PRODUCTO)
2026-07-22 10:52:16,848 [INFO] root: 🔹 [2/13] Ejecutando sentencia...
2026-07-22 10:52:22,032 [INFO] core.quality_process_orchestrator:    [3/13] Ejecutando: UPDATE t_pesos
2026-07-22 10:52:22,037 [INFO] root: 🔹 [3/13] Ejecutando sentencia...
2026-07-22 10:52:35,190 [INFO] core.quality_process_orchestrator:    [4/13] Ejecutando: DELETE FROM VT_EXP_CALIDAD_PESOS_SA
2026-07-22 10:52:35,197 [INFO] root: 🔹 [4/13] Ejecutando sentencia...
2026-07-22 10:52:35,709 [INFO] core.quality_process_orchestrator:    [5/13] Ejecutando: UPDATE VT_EXP_CALIDAD_PESOS_SA
2026-07-22 10:52:35,715 [INFO] root: 🔹 [5/13] Ejecutando sentencia...
2026-07-22 10:52:36,146 [INFO] core.quality_process_orchestrator:    [6/13] Ejecutando: UPDATE t_pesos
2026-07-22 10:52:36,152 [INFO] root: 🔹 [6/13] Ejecutando sentencia...
2026-07-22 10:52:36,398 [INFO] core.quality_process_orchestrator:    [7/13] Ejecutando: CREATE VOLATILE TABLE VT_FACTORES_GRUPO AS (
2026-07-22 10:52:36,401 [INFO] root: 🔹 [7/13] Ejecutando sentencia...
2026-07-22 10:52:39,716 [INFO] core.quality_process_orchestrator:    [8/13] Ejecutando: UPDATE t_pesos
2026-07-22 10:52:39,724 [INFO] root: 🔹 [8/13] Ejecutando sentencia...
2026-07-22 10:52:43,269 [INFO] core.quality_process_orchestrator:    [9/13] Ejecutando: DROP TABLE VT_FACTORES_GRUPO
2026-07-22 10:52:43,273 [INFO] root: 🔹 [9/13] Ejecutando sentencia...
2026-07-22 10:52:51,401 [INFO] core.quality_process_orchestrator:    [10/13] Ejecutando: DELETE FROM DLAB_GEC.M_EXP_CALIDAD_DETALLE_SPEECH_ANALYTICS ALL
2026-07-22 10:52:51,410 [INFO] root: 🔹 [10/13] Ejecutando sentencia...
2026-07-22 10:53:11,298 [INFO] core.quality_process_orchestrator:    [11/13] Ejecutando: INSERT INTO DLAB_GEC.M_EXP_CALIDAD_DETALLE_SPEECH_ANALYTICS
2026-07-22 10:53:11,305 [INFO] root: 🔹 [11/13] Ejecutando sentencia...
2026-07-22 10:53:30,108 [INFO] core.quality_process_orchestrator:    [12/13] Ejecutando: UPDATE det_sa
2026-07-22 10:53:30,116 [INFO] root: 🔹 [12/13] Ejecutando sentencia...
2026-07-22 10:54:00,611 [INFO] core.quality_process_orchestrator:    [13/13] Ejecutando: UPDATE det_sa
2026-07-22 10:54:00,617 [INFO] root: 🔹 [13/13] Ejecutando sentencia...
2026-07-22 10:54:20,588 [INFO] root: SUCCESS: [Completado: **Ajustes de Curva de Notas**]
2026-07-22 10:54:20,595 [INFO] root: Procesando: **Verificación de Notas Cero**...
2026-07-22 10:54:20,598 [INFO] core.quality_process_orchestrator: Se detectaron 8 sentencias en 04_b_sa_parche_nota_cero.sql
2026-07-22 10:54:20,598 [INFO] core.quality_process_orchestrator:    [1/8] Ejecutando: CREATE VOLATILE TABLE VT_MAX_SA_CASES AS (
2026-07-22 10:54:20,603 [INFO] root: 🔹 [1/8] Ejecutando sentencia...
2026-07-22 10:54:39,588 [INFO] core.quality_process_orchestrator:    [2/8] Ejecutando: CREATE VOLATILE TABLE VT_SUB_EQUIPO_PRODUCTO AS (
2026-07-22 10:54:39,593 [INFO] root: 🔹 [2/8] Ejecutando sentencia...
2026-07-22 10:54:50,312 [INFO] core.quality_process_orchestrator:    [3/8] Ejecutando: CREATE VOLATILE TABLE VT_ZERO_SA_CASES AS (
2026-07-22 10:54:50,319 [INFO] root: 🔹 [3/8] Ejecutando sentencia...
2026-07-22 10:55:03,724 [INFO] core.quality_process_orchestrator:    [4/8] Ejecutando: DELETE FROM DLAB_GEC.M_EXP_CALIDAD_DETALLE_SPEECH_ANALYTICS
2026-07-22 10:55:03,730 [INFO] root: 🔹 [4/8] Ejecutando sentencia...
2026-07-22 10:55:09,757 [INFO] core.quality_process_orchestrator:    [5/8] Ejecutando: INSERT INTO DLAB_GEC.M_EXP_CALIDAD_DETALLE_SPEECH_ANALYTICS
2026-07-22 10:55:09,764 [INFO] root: 🔹 [5/8] Ejecutando sentencia...
2026-07-22 10:55:11,854 [INFO] core.quality_process_orchestrator:    [6/8] Ejecutando: DROP TABLE VT_MAX_SA_CASES
2026-07-22 10:55:11,859 [INFO] root: 🔹 [6/8] Ejecutando sentencia...
2026-07-22 10:55:12,350 [INFO] core.quality_process_orchestrator:    [7/8] Ejecutando: DROP TABLE VT_SUB_EQUIPO_PRODUCTO
2026-07-22 10:55:12,354 [INFO] root: 🔹 [7/8] Ejecutando sentencia...
2026-07-22 10:55:12,925 [INFO] core.quality_process_orchestrator:    [8/8] Ejecutando: DROP TABLE VT_ZERO_SA_CASES
2026-07-22 10:55:12,930 [INFO] root: 🔹 [8/8] Ejecutando sentencia...
2026-07-22 10:55:13,688 [INFO] root: SUCCESS: [Completado: **Verificación de Notas Cero**]
2026-07-22 10:55:13,693 [INFO] root: Procesando: **Consolidación de Nota Final de Calidad**...
2026-07-22 10:55:13,696 [INFO] core.quality_process_orchestrator: Se detectaron 18 sentencias en 05_consolidacion_nota_final.sql
2026-07-22 10:55:13,697 [INFO] core.quality_process_orchestrator:    [1/18] Ejecutando: DELETE FROM DLAB_GEC.M_EXP_CALIDAD_NOTA_FINAL
2026-07-22 10:55:13,701 [INFO] root: 🔹 [1/18] Ejecutando sentencia...
2026-07-22 10:55:15,879 [INFO] core.quality_process_orchestrator:    [2/18] Ejecutando: CREATE VOLATILE TABLE VT_EXEC AS (
2026-07-22 10:55:15,885 [INFO] root: 🔹 [2/18] Ejecutando sentencia...
2026-07-22 10:55:18,208 [INFO] core.quality_process_orchestrator:    [3/18] Ejecutando: CREATE VOLATILE TABLE VT_PC AS (
2026-07-22 10:55:18,212 [INFO] root: 🔹 [3/18] Ejecutando sentencia...
2026-07-22 10:55:21,153 [INFO] core.quality_process_orchestrator:    [4/18] Ejecutando: CREATE VOLATILE TABLE VT_SA_CAT AS (
2026-07-22 10:55:21,156 [INFO] root: 🔹 [4/18] Ejecutando sentencia...
2026-07-22 10:55:26,210 [INFO] core.quality_process_orchestrator:    [5/18] Ejecutando: CREATE VOLATILE TABLE VT_SA AS (
2026-07-22 10:55:26,213 [INFO] root: 🔹 [5/18] Ejecutando sentencia...
2026-07-22 10:55:30,963 [INFO] core.quality_process_orchestrator:    [6/18] Ejecutando: CREATE VOLATILE TABLE VT_BASE_PC AS (
2026-07-22 10:55:30,972 [INFO] root: 🔹 [6/18] Ejecutando sentencia...
2026-07-22 10:55:39,218 [INFO] core.quality_process_orchestrator:    [7/18] Ejecutando: CREATE VOLATILE TABLE VT_BASE_GER AS (
2026-07-22 10:55:39,227 [INFO] root: 🔹 [7/18] Ejecutando sentencia...
2026-07-22 10:55:42,247 [INFO] core.quality_process_orchestrator:    [8/18] Ejecutando: CREATE VOLATILE TABLE VT_ALL AS (
2026-07-22 10:55:42,254 [INFO] root: 🔹 [8/18] Ejecutando sentencia...
2026-07-22 10:55:46,078 [INFO] core.quality_process_orchestrator:    [9/18] Ejecutando: INSERT INTO DLAB_GEC.M_EXP_CALIDAD_NOTA_FINAL
2026-07-22 10:55:46,086 [INFO] root: 🔹 [9/18] Ejecutando sentencia...
2026-07-22 10:55:46,722 [INFO] core.quality_process_orchestrator:    [10/18] Ejecutando: DROP TABLE VT_EXEC
2026-07-22 10:55:46,729 [INFO] root: 🔹 [10/18] Ejecutando sentencia...
2026-07-22 10:55:49,170 [INFO] core.quality_process_orchestrator:    [11/18] Ejecutando: DROP TABLE VT_PC
2026-07-22 10:55:49,174 [INFO] root: 🔹 [11/18] Ejecutando sentencia...
2026-07-22 10:55:57,523 [INFO] core.quality_process_orchestrator:    [12/18] Ejecutando: DROP TABLE VT_SA_CAT
2026-07-22 10:55:57,532 [INFO] root: 🔹 [12/18] Ejecutando sentencia...
2026-07-22 10:55:59,783 [INFO] core.quality_process_orchestrator:    [13/18] Ejecutando: DROP TABLE VT_SA
2026-07-22 10:55:59,789 [INFO] root: 🔹 [13/18] Ejecutando sentencia...
2026-07-22 10:56:10,171 [INFO] core.quality_process_orchestrator:    [14/18] Ejecutando: DROP TABLE VT_BASE_PC
2026-07-22 10:56:10,178 [INFO] root: 🔹 [14/18] Ejecutando sentencia...
2026-07-22 10:56:24,108 [INFO] core.quality_process_orchestrator:    [15/18] Ejecutando: DROP TABLE VT_BASE_GER
2026-07-22 10:56:24,113 [INFO] root: 🔹 [15/18] Ejecutando sentencia...
2026-07-22 10:56:25,684 [INFO] core.quality_process_orchestrator:    [16/18] Ejecutando: DROP TABLE VT_ALL
2026-07-22 10:56:25,689 [INFO] root: 🔹 [16/18] Ejecutando sentencia...
2026-07-22 10:56:26,997 [INFO] core.quality_process_orchestrator:    [17/18] Ejecutando: DELETE FROM DLAB_GEC.M_EXP_HIST_ERRORES_CALIDAD
2026-07-22 10:56:27,005 [INFO] root: 🔹 [17/18] Ejecutando sentencia...
2026-07-22 10:56:28,846 [INFO] core.quality_process_orchestrator:    [18/18] Ejecutando: INSERT INTO DLAB_GEC.M_EXP_HIST_ERRORES_CALIDAD
2026-07-22 10:56:28,852 [INFO] root: 🔹 [18/18] Ejecutando sentencia...
2026-07-22 10:56:29,820 [INFO] root: SUCCESS: [Completado: **Consolidación de Nota Final de Calidad**]
2026-07-22 10:56:29,822 [INFO] root: Todo el procesamiento SQL se ejecutó exitosamente. Guardando transacciones (Commit)...
2026-07-22 10:56:29,825 [INFO] root: SUCCESS: [¡Pipeline de Calidad Completo ejecutado exitosamente!]
2026-07-22 10:56:31,195 [INFO] root: ⚡ Fase 5: Ejecutando Proceso NTD (Not To Do)...
2026-07-22 10:56:33,576 [INFO] root: 🔍 Validando tabla de entrada de Evaluaciones (M_EXP_CALIDAD_PURECLOUD_PRE)...
2026-07-22 10:56:36,499 [INFO] root: 🔍 Validando tabla de entrada de Observaciones (M_EXP_NTD_OBSERVACIONES_PRE)...
2026-07-22 10:56:38,762 [INFO] root: Procesando: **Carga Ntd**...
2026-07-22 10:56:38,771 [INFO] core.quality_process_orchestrator: Se detectaron 11 sentencias en 06_carga_ntd.sql
2026-07-22 10:56:38,773 [INFO] core.quality_process_orchestrator:    [1/11] Ejecutando: REPLACE VIEW DLAB_GEC.V_CHECK_FECHAS_NTD AS
2026-07-22 10:56:41,689 [INFO] core.quality_process_orchestrator:    [2/11] Ejecutando: DELETE FROM DLAB_GEC.M_EXP_NOT_TO_DO
2026-07-22 10:56:45,455 [INFO] core.quality_process_orchestrator:    [3/11] Ejecutando: INSERT INTO DLAB_GEC.M_EXP_NOT_TO_DO (CONID, PERIODO, PLANTILLA)
2026-07-22 10:56:46,517 [INFO] core.quality_process_orchestrator:    [4/11] Ejecutando: UPDATE A
2026-07-22 10:56:54,900 [INFO] core.quality_process_orchestrator:    [5/11] Ejecutando: UPDATE A
2026-07-22 10:57:13,357 [INFO] core.quality_process_orchestrator:    [6/11] Ejecutando: UPDATE DLAB_GEC.M_EXP_NOT_TO_DO
2026-07-22 10:57:13,908 [INFO] core.quality_process_orchestrator:    [7/11] Ejecutando: DELETE FROM DLAB_GEC.M_EXP_NTD_OBSERVACIONES_NEW
2026-07-22 10:57:14,683 [INFO] core.quality_process_orchestrator:    [8/11] Ejecutando: INSERT INTO DLAB_GEC.M_EXP_NTD_OBSERVACIONES_NEW
2026-07-22 10:57:16,320 [INFO] core.quality_process_orchestrator:    [9/11] Ejecutando: UPDATE A
2026-07-22 10:57:20,248 [INFO] core.quality_process_orchestrator:    [10/11] Ejecutando: REPLACE VIEW DLAB_GEC.V_EXP_NOT_TO_DO_VIEW AS
2026-07-22 10:57:24,395 [INFO] core.quality_process_orchestrator:    [11/11] Ejecutando: REPLACE VIEW DLAB_GEC.V_EXP_NOT_TO_DO_DETALLE AS
2026-07-22 10:57:28,368 [INFO] root: SUCCESS: [Completado: **Carga Ntd**]
2026-07-22 10:57:28,371 [INFO] root: Procesamiento SQL de NTD ejecutado exitosamente. Guardando transacciones (Commit)...
2026-07-22 10:57:28,376 [INFO] root: SUCCESS: [¡Proceso NTD (Fase 5) completado exitosamente!]
