2026-07-30 14:50:55,064 [INFO] root: Iniciando Pipeline Unificado de Proceso Calidad...
2026-07-30 14:50:55,082 [INFO] root: 📥 Fase 1: Descargando Evaluaciones de Insight...
2026-07-30 14:50:55,085 [INFO] root: Archivo de Insight para hoy ya existe localmente (Reporte_Insight_EVALUATIONS_20260730.txt). Omitiendo descarga.
2026-07-30 14:50:55,087 [INFO] root: 🧹 Cargando Evaluaciones de Insight a Teradata...
2026-07-30 14:50:57,841 [INFO] root: Cargando en la tabla DLAB_GEC.M_EXP_CALIDAD_PURECLOUD_PRE...
2026-07-30 14:50:58,058 [INFO] root: Limpiando datos existentes en la tabla...
2026-07-30 14:50:58,571 [INFO] root: Preparando registros para la carga...
2026-07-30 14:50:58,705 [INFO] root: Iniciando carga de 26,043 registros...
2026-07-30 14:50:58,707 [INFO] root: Cargando registros: 1 a 26,043 de 26,043 (100%)
2026-07-30 14:51:04,140 [INFO] root: Carga de datos finalizada con éxito.
2026-07-30 14:51:04,243 [INFO] root: 📥 Fase 2: Descargando Speech Analytics de Verint para el periodo 202607...
2026-07-30 14:51:04,259 [INFO] root: Archivos de Verint descargados hoy detectados (2 archivo(s)). Omitiendo descarga.
2026-07-30 14:51:04,261 [INFO] root: 🧹 Cargando 2 archivo(s) de Verint a Teradata...
2026-07-30 14:51:06,614 [INFO] root: Procesando archivo Verint: Export_Calidad_20260730130839 1-2.xlsx...
2026-07-30 14:53:26,042 [INFO] root: Subiendo a la tabla DLAB_GEC.M_EXP_CALIDAD_DATA_SPEECH_ANALYTICS (Vaciar=True)...
2026-07-30 14:53:26,382 [INFO] root: Limpiando datos existentes en la tabla...
2026-07-30 14:53:27,193 [INFO] root: Preparando registros para la carga...
2026-07-30 14:53:28,787 [INFO] root: Iniciando carga de 150,000 registros...
2026-07-30 14:53:28,790 [INFO] root: Cargando registros: 1 a 50,000 de 150,000 (33%)
2026-07-30 14:53:46,766 [INFO] root: Cargando registros: 50,001 a 100,000 de 150,000 (66%)
2026-07-30 14:54:07,481 [INFO] root: Cargando registros: 100,001 a 150,000 de 150,000 (100%)
2026-07-30 14:54:29,451 [INFO] root: Carga de datos finalizada con éxito.
2026-07-30 14:54:29,556 [INFO] root: Procesando archivo Verint: Export_Calidad_20260730130839 2-2.xlsx...
2026-07-30 14:55:22,508 [INFO] root: Subiendo a la tabla DLAB_GEC.M_EXP_CALIDAD_DATA_SPEECH_ANALYTICS (Vaciar=False)...
2026-07-30 14:55:23,005 [INFO] root: Preparando registros para la carga...
2026-07-30 14:55:23,702 [INFO] root: Iniciando carga de 56,403 registros...
2026-07-30 14:55:23,706 [INFO] root: Cargando registros: 1 a 50,000 de 56,403 (88%)
2026-07-30 14:55:48,407 [INFO] root: Cargando registros: 50,001 a 56,403 de 56,403 (100%)
2026-07-30 14:55:52,051 [INFO] root: Carga de datos finalizada con éxito.
2026-07-30 14:55:52,232 [INFO] root: Fase 3: Procesando Excel de Acciones Tomadas local...
2026-07-30 14:55:52,936 [INFO] root: 🔄 Conectando con Excel para actualizar desde SharePoint...
2026-07-30 14:56:11,617 [INFO] root: SUCCESS: Excel actualizado correctamente desde SharePoint.
2026-07-30 14:56:11,820 [INFO] root: 🧹 Deduplicando registros de Acciones Tomadas por orden de severidad...
2026-07-30 14:56:14,203 [INFO] root: Cargando en la tabla DLAB_GEC.M_EXP_NTD_OBSERVACIONES_PRE...
2026-07-30 14:56:14,432 [INFO] root: Limpiando datos existentes en la tabla...
2026-07-30 14:56:14,932 [INFO] root: Preparando registros para la carga...
2026-07-30 14:56:14,947 [INFO] root: Iniciando carga de 4,418 registros...
2026-07-30 14:56:14,952 [INFO] root: Cargando registros: 1 a 4,418 de 4,418 (100%)
2026-07-30 14:56:15,457 [INFO] root: Carga de datos finalizada con éxito.
2026-07-30 14:56:15,569 [INFO] root: ⚡ Fase 4: Ejecutando Scripts SQL del Pipeline de Calidad...
2026-07-30 14:56:16,794 [INFO] root: 🔍 Iniciando verificación de tablas de origen para el período: 202607 (Corte: Días 1 al 31)
2026-07-30 14:56:17,044 [INFO] root: Tabla DLAB_GEC.M_EXP_CALIDAD_DATA_SPEECH_ANALYTICS: 206,403 registros
2026-07-30 14:56:17,277 [INFO] root: Tabla DLAB_GEC.M_EXP_CALIDAD_PURECLOUD_PRE: 26,043 registros
2026-07-30 14:56:17,558 [INFO] root: Tabla DLAB_GEC.M_EXP_VENTAS_TC: 5,943 registros
2026-07-30 14:56:17,871 [INFO] root: Tabla DLAB_GEC.M_EXP_VENTAS_PP: 1,530 registros
2026-07-30 14:56:18,160 [INFO] root: Tabla DLAB_GEC.M_EXP_VENTAS_CON: 950 registros
2026-07-30 14:56:18,448 [INFO] root: Tabla DLAB_GEC.T_VENTAS_BPE_MARKET: 6,248 registros
2026-07-30 14:56:20,002 [INFO] root: Tabla DLAB_GEC.V_GESTION_BNC: 5,295 registros
2026-07-30 14:56:20,292 [INFO] root: Tabla DLAB_GEC.M_EXP_VENTAS_EC: 1,406 registros
2026-07-30 14:56:22,874 [INFO] root: Tabla DLAB_GEC.V_GESTION_CHIP: 3,303 registros
2026-07-30 14:56:23,327 [INFO] root: Tabla DLAB_GEC.M_EXP_VENTAS_CD: 527 registros
2026-07-30 14:56:23,778 [INFO] root: Tabla DLAB_GEC.T_RETENCION_BASE_CALIDAD_GIRU: 4,668 registros
2026-07-30 14:56:25,025 [INFO] root: Tabla E_DW_VIEWS_DLAB.V_CNV_VISTA_RETENCION_BT: 55,152 registros
2026-07-30 14:56:25,927 [ERROR] root: Tabla vacía o sin registros: DLAB_GEC.M_EXP_VENTAS_IL
2026-07-30 14:56:26,380 [ERROR] root: Tabla vacía o sin registros: DLAB_GEC.M_EXP_VENTAS_TCA
2026-07-30 14:56:27,548 [ERROR] root: Tabla vacía o sin registros: DLAB_GEC.M_EXP_VENTAS_UPG
2026-07-30 14:56:29,002 [ERROR] root: Tabla vacía o sin registros: DLAB_GEC.M_EXP_VENTAS_PA
2026-07-30 14:56:29,965 [INFO] root: Tabla DLAB_GEC.M_EXP_VENTAS_SEG: 1,321 registros
2026-07-30 14:56:30,533 [INFO] root: Tabla DLAB_GEC.TLV_CARGA_ACTUAL: 847,855 registros
2026-07-30 14:56:30,935 [INFO] root: Tabla DLAB_GEC.TLV_CARGA_ACTUAL_DIGITAL: 35,820 registros
2026-07-30 14:56:30,939 [WARNING] root: ADVERTENCIA: Las siguientes tablas de origen están vacías o fallaron al consultarse: DLAB_GEC.M_EXP_VENTAS_IL, DLAB_GEC.M_EXP_VENTAS_TCA, DLAB_GEC.M_EXP_VENTAS_UPG, DLAB_GEC.M_EXP_VENTAS_PA. Continuando con el procesamiento SQL...
2026-07-30 14:56:30,942 [INFO] root: 🔍 Verificando preguntas de Pure Cloud sin mapear en la maestra...
2026-07-30 14:56:33,447 [WARNING] root: Se encontraron 536 preguntas sin mapear en DLAB_GEC.M_EXP_CALIDAD_MAESTRA_GRUPO_PREGUNTAS_PCLOUD
2026-07-30 14:56:33,450 [WARNING] root: - Pregunta: 'APLICA_NTD_1' (Mapeada: 'APLICA NTD 1') | Plantilla: Exp. Compra - BPE - EQUIPO B_100 | Grupo: NOT TO DO
2026-07-30 14:56:33,454 [WARNING] root: - Pregunta: 'APLICA_NTD_1' (Mapeada: 'APLICA NTD 1') | Plantilla: Exp. Compra - BPE - EQUIPO C_100 | Grupo: NOT TO DO
2026-07-30 14:56:33,458 [WARNING] root: - Pregunta: 'APLICA_NTD_1' (Mapeada: 'APLICA NTD 1') | Plantilla: Exp. Compra - CON | Grupo: NOT TO DO
2026-07-30 14:56:33,460 [WARNING] root: - Pregunta: 'APLICA_NTD_1' (Mapeada: 'APLICA NTD 1') | Plantilla: Exp. Compra - EC | Grupo: NOT TO DO
2026-07-30 14:56:33,462 [WARNING] root: - Pregunta: 'APLICA_NTD_1' (Mapeada: 'APLICA NTD 1') | Plantilla: Exp. Compra - PP | Grupo: NOT TO DO
2026-07-30 14:56:33,464 [WARNING] root: - Pregunta: 'APLICA_NTD_1' (Mapeada: 'APLICA NTD 1') | Plantilla: Exp. Compra - PRT | Grupo: NOT TO DO
2026-07-30 14:56:33,466 [WARNING] root: - Pregunta: 'APLICA_NTD_1' (Mapeada: 'APLICA NTD 1') | Plantilla: Exp. Compra - RTC | Grupo: NOT TO DO
2026-07-30 14:56:33,468 [WARNING] root: - Pregunta: 'APLICA_NTD_1' (Mapeada: 'APLICA NTD 1') | Plantilla: Exp. Compra - RTC_CONV | Grupo: NOT TO DO
2026-07-30 14:56:33,470 [WARNING] root: - Pregunta: 'APLICA_NTD_1' (Mapeada: 'APLICA NTD 1') | Plantilla: Exp. Compra - TC | Grupo: NOT TO DO
2026-07-30 14:56:33,472 [WARNING] root: - Pregunta: 'APLICA_NTD_1' (Mapeada: 'APLICA NTD 1') | Plantilla: Exp. Compra CD_v2 | Grupo: NOT TO DO
2026-07-30 14:56:33,476 [WARNING] root: ... (más preguntas omitidas en el log rápido)
2026-07-30 14:56:33,502 [INFO] root: Procesando: **Evaluaciones Manuales Pure Cloud**...
2026-07-30 14:56:33,508 [INFO] core.quality_process_orchestrator: Se detectaron 12 sentencias en 01_evaluacion_manual_pc.sql
2026-07-30 14:56:33,509 [INFO] core.quality_process_orchestrator:    [1/12] Ejecutando: CREATE VOLATILE TABLE VT_PC_RAW AS (
2026-07-30 14:56:33,509 [INFO] root: 🔹 [1/12] Ejecutando sentencia...
2026-07-30 14:56:34,173 [INFO] core.quality_process_orchestrator:    [2/12] Ejecutando: CREATE VOLATILE TABLE VT_PC_MAPPED AS (
2026-07-30 14:56:34,173 [INFO] root: 🔹 [2/12] Ejecutando sentencia...
2026-07-30 14:56:35,076 [INFO] core.quality_process_orchestrator:    [3/12] Ejecutando: CREATE VOLATILE TABLE VT_PC_SCORED AS (
2026-07-30 14:56:35,076 [INFO] root: 🔹 [3/12] Ejecutando sentencia...
2026-07-30 14:56:35,674 [INFO] core.quality_process_orchestrator:    [4/12] Ejecutando: CREATE VOLATILE TABLE VT_PC_WEIGHTED AS (
2026-07-30 14:56:35,675 [INFO] root: 🔹 [4/12] Ejecutando sentencia...
2026-07-30 14:56:43,270 [INFO] core.quality_process_orchestrator:    [5/12] Ejecutando: CREATE VOLATILE TABLE VT_PC_FINAL AS (
2026-07-30 14:56:43,271 [INFO] root: 🔹 [5/12] Ejecutando sentencia...
2026-07-30 14:56:44,028 [INFO] core.quality_process_orchestrator:    [6/12] Ejecutando: DELETE FROM DLAB_GEC.M_EXP_CALIDAD_DETALLE_PURE_CLOUD ALL
2026-07-30 14:56:44,028 [INFO] root: 🔹 [6/12] Ejecutando sentencia...
2026-07-30 14:56:44,297 [INFO] core.quality_process_orchestrator:    [7/12] Ejecutando: INSERT INTO DLAB_GEC.M_EXP_CALIDAD_DETALLE_PURE_CLOUD
2026-07-30 14:56:44,297 [INFO] root: 🔹 [7/12] Ejecutando sentencia...
2026-07-30 14:56:44,855 [INFO] core.quality_process_orchestrator:    [8/12] Ejecutando: DROP TABLE VT_PC_RAW
2026-07-30 14:56:44,856 [INFO] root: 🔹 [8/12] Ejecutando sentencia...
2026-07-30 14:56:45,123 [INFO] core.quality_process_orchestrator:    [9/12] Ejecutando: DROP TABLE VT_PC_MAPPED
2026-07-30 14:56:45,123 [INFO] root: 🔹 [9/12] Ejecutando sentencia...
2026-07-30 14:56:45,268 [INFO] core.quality_process_orchestrator:    [10/12] Ejecutando: DROP TABLE VT_PC_SCORED
2026-07-30 14:56:45,268 [INFO] root: 🔹 [10/12] Ejecutando sentencia...
2026-07-30 14:56:45,456 [INFO] core.quality_process_orchestrator:    [11/12] Ejecutando: DROP TABLE VT_PC_WEIGHTED
2026-07-30 14:56:45,457 [INFO] root: 🔹 [11/12] Ejecutando sentencia...
2026-07-30 14:56:45,643 [INFO] core.quality_process_orchestrator:    [12/12] Ejecutando: DROP TABLE VT_PC_FINAL
2026-07-30 14:56:45,643 [INFO] root: 🔹 [12/12] Ejecutando sentencia...
2026-07-30 14:56:45,778 [INFO] root: SUCCESS: Completado: **Evaluaciones Manuales Pure Cloud**
2026-07-30 14:56:45,784 [INFO] root: Procesando: **Consentimientos y Ventas LPDP**...
2026-07-30 14:56:45,811 [INFO] core.quality_process_orchestrator: Se detectaron 22 sentencias en 02_sa_marcacion_ventas_lpdp.sql
2026-07-30 14:56:45,812 [INFO] core.quality_process_orchestrator:    [1/22] Ejecutando: CREATE VOLATILE TABLE VT_SA_CLEANED AS (
2026-07-30 14:56:45,813 [INFO] root: 🔹 [1/22] Ejecutando sentencia...
2026-07-30 14:56:46,429 [INFO] core.quality_process_orchestrator:    [2/22] Ejecutando: CREATE VOLATILE TABLE VT_TC_DEDUP AS (
2026-07-30 14:56:46,429 [INFO] root: 🔹 [2/22] Ejecutando sentencia...
2026-07-30 14:56:46,919 [INFO] core.quality_process_orchestrator:    [3/22] Ejecutando: CREATE VOLATILE TABLE VT_PP_DEDUP AS (
2026-07-30 14:56:46,920 [INFO] root: 🔹 [3/22] Ejecutando sentencia...
2026-07-30 14:56:47,349 [INFO] core.quality_process_orchestrator:    [4/22] Ejecutando: CREATE VOLATILE TABLE VT_CON_DEDUP AS (
2026-07-30 14:56:47,349 [INFO] root: 🔹 [4/22] Ejecutando sentencia...
2026-07-30 14:56:47,678 [INFO] core.quality_process_orchestrator:    [5/22] Ejecutando: CREATE VOLATILE TABLE VT_BN_DEDUP AS (
2026-07-30 14:56:47,678 [INFO] root: 🔹 [5/22] Ejecutando sentencia...
2026-07-30 14:56:48,108 [INFO] core.quality_process_orchestrator:    [6/22] Ejecutando: CREATE VOLATILE TABLE VT_BNC_DEDUP AS (
2026-07-30 14:56:48,108 [INFO] root: 🔹 [6/22] Ejecutando sentencia...
2026-07-30 14:56:49,611 [INFO] core.quality_process_orchestrator:    [7/22] Ejecutando: CREATE VOLATILE TABLE VT_EC_DEDUP AS (
2026-07-30 14:56:49,611 [INFO] root: 🔹 [7/22] Ejecutando sentencia...
2026-07-30 14:56:50,223 [INFO] core.quality_process_orchestrator:    [8/22] Ejecutando: CREATE VOLATILE TABLE VT_CHIP_DEDUP AS (
2026-07-30 14:56:50,224 [INFO] root: 🔹 [8/22] Ejecutando sentencia...
2026-07-30 14:56:51,344 [INFO] core.quality_process_orchestrator:    [9/22] Ejecutando: CREATE VOLATILE TABLE VT_CD_DEDUP AS (
2026-07-30 14:56:51,344 [INFO] root: 🔹 [9/22] Ejecutando sentencia...
2026-07-30 14:56:51,752 [INFO] core.quality_process_orchestrator:    [10/22] Ejecutando: CREATE VOLATILE TABLE VT_RTC_DEDUP AS (
2026-07-30 14:56:51,753 [INFO] root: 🔹 [10/22] Ejecutando sentencia...
2026-07-30 14:56:52,364 [INFO] core.quality_process_orchestrator:    [11/22] Ejecutando: CREATE VOLATILE TABLE VT_RCO_DEDUP AS (
2026-07-30 14:56:52,364 [INFO] root: 🔹 [11/22] Ejecutando sentencia...
2026-07-30 14:56:53,138 [INFO] core.quality_process_orchestrator:    [12/22] Ejecutando: CREATE VOLATILE TABLE VT_PRT_IL_DEDUP AS (
2026-07-30 14:56:53,139 [INFO] root: 🔹 [12/22] Ejecutando sentencia...
2026-07-30 14:56:53,486 [INFO] core.quality_process_orchestrator:    [13/22] Ejecutando: CREATE VOLATILE TABLE VT_PRT_TCA_DEDUP AS (
2026-07-30 14:56:53,486 [INFO] root: 🔹 [13/22] Ejecutando sentencia...
2026-07-30 14:56:54,117 [INFO] core.quality_process_orchestrator:    [14/22] Ejecutando: CREATE VOLATILE TABLE VT_PRT_UPG_DEDUP AS (
2026-07-30 14:56:54,118 [INFO] root: 🔹 [14/22] Ejecutando sentencia...
2026-07-30 14:56:54,565 [INFO] core.quality_process_orchestrator:    [15/22] Ejecutando: CREATE VOLATILE TABLE VT_PRT_PA_DEDUP AS (
2026-07-30 14:56:54,565 [INFO] root: 🔹 [15/22] Ejecutando sentencia...
2026-07-30 14:56:54,933 [INFO] core.quality_process_orchestrator:    [16/22] Ejecutando: CREATE VOLATILE TABLE VT_SEG_DEDUP AS (
2026-07-30 14:56:54,933 [INFO] root: 🔹 [16/22] Ejecutando sentencia...
2026-07-30 14:56:55,301 [INFO] core.quality_process_orchestrator:    [17/22] Ejecutando: CREATE VOLATILE TABLE VT_LPDP_CARGA_ACTUAL AS (
2026-07-30 14:56:55,302 [INFO] root: 🔹 [17/22] Ejecutando sentencia...
2026-07-30 14:56:56,382 [INFO] core.quality_process_orchestrator:    [18/22] Ejecutando: CREATE VOLATILE TABLE VT_LPDP_CARGA_ACTUAL_DIGITAL AS (
2026-07-30 14:56:56,382 [INFO] root: 🔹 [18/22] Ejecutando sentencia...
2026-07-30 14:56:57,037 [INFO] core.quality_process_orchestrator:    [19/22] Ejecutando: CREATE VOLATILE TABLE VT_SA_MARKED AS (
2026-07-30 14:56:57,037 [INFO] root: 🔹 [19/22] Ejecutando sentencia...
2026-07-30 14:57:11,220 [INFO] core.quality_process_orchestrator:    [20/22] Ejecutando: CREATE VOLATILE TABLE VT_SA_FINAL AS (
2026-07-30 14:57:11,221 [INFO] root: 🔹 [20/22] Ejecutando sentencia...
2026-07-30 14:57:11,753 [INFO] core.quality_process_orchestrator:    [21/22] Ejecutando: DELETE FROM DLAB_GEC.M_EXP_CALIDAD_DATA_SPEECH_ANALYTICS ALL
2026-07-30 14:57:11,753 [INFO] root: 🔹 [21/22] Ejecutando sentencia...
2026-07-30 14:57:12,040 [INFO] core.quality_process_orchestrator:    [22/22] Ejecutando: INSERT INTO DLAB_GEC.M_EXP_CALIDAD_DATA_SPEECH_ANALYTICS
2026-07-30 14:57:12,041 [INFO] root: 🔹 [22/22] Ejecutando sentencia...
2026-07-30 14:57:12,561 [INFO] root: SUCCESS: Completado: **Consentimientos y Ventas LPDP**
2026-07-30 14:57:12,566 [INFO] root: Procesando: **Cálculo de Pesos e Indicadores**...
2026-07-30 14:57:12,575 [INFO] core.quality_process_orchestrator: Se detectaron 3 sentencias en 03_sa_calculo_pesos_unpivot.sql
2026-07-30 14:57:12,576 [INFO] core.quality_process_orchestrator:    [1/3] Ejecutando: CREATE VOLATILE TABLE VT_BASE_SPEECH AS (
2026-07-30 14:57:12,576 [INFO] root: 🔹 [1/3] Ejecutando sentencia...
2026-07-30 14:57:13,867 [INFO] core.quality_process_orchestrator:    [2/3] Ejecutando: CREATE VOLATILE TABLE VT_EXP_CALIDAD_PESOS_SA AS (
2026-07-30 14:57:13,867 [INFO] root: 🔹 [2/3] Ejecutando sentencia...
2026-07-30 14:57:22,385 [INFO] core.quality_process_orchestrator:    [3/3] Ejecutando: DROP TABLE VT_BASE_SPEECH
2026-07-30 14:57:22,385 [INFO] root: 🔹 [3/3] Ejecutando sentencia...
2026-07-30 14:57:22,533 [INFO] root: SUCCESS: Completado: **Cálculo de Pesos e Indicadores**
2026-07-30 14:57:22,539 [INFO] root: Procesando: **Ajustes de Curva de Notas**...
2026-07-30 14:57:22,561 [INFO] core.quality_process_orchestrator: Se detectaron 13 sentencias en 04_sa_ajustes_curva.sql
2026-07-30 14:57:22,562 [INFO] core.quality_process_orchestrator:    [1/13] Ejecutando: UPDATE VT_EXP_CALIDAD_PESOS_SA SET CATEGORIA = TRIM(CATEGORIA)
2026-07-30 14:57:22,563 [INFO] root: 🔹 [1/13] Ejecutando sentencia...
2026-07-30 14:57:23,035 [INFO] core.quality_process_orchestrator:    [2/13] Ejecutando: UPDATE VT_EXP_CALIDAD_PESOS_SA SET PRODUCTO = TRIM(PRODUCTO)
2026-07-30 14:57:23,035 [INFO] root: 🔹 [2/13] Ejecutando sentencia...
2026-07-30 14:57:23,341 [INFO] core.quality_process_orchestrator:    [3/13] Ejecutando: UPDATE t_pesos
2026-07-30 14:57:23,341 [INFO] root: 🔹 [3/13] Ejecutando sentencia...
2026-07-30 14:57:23,772 [INFO] core.quality_process_orchestrator:    [4/13] Ejecutando: DELETE FROM VT_EXP_CALIDAD_PESOS_SA
2026-07-30 14:57:23,772 [INFO] root: 🔹 [4/13] Ejecutando sentencia...
2026-07-30 14:57:23,956 [INFO] core.quality_process_orchestrator:    [5/13] Ejecutando: UPDATE VT_EXP_CALIDAD_PESOS_SA
2026-07-30 14:57:23,957 [INFO] root: 🔹 [5/13] Ejecutando sentencia...
2026-07-30 14:57:24,121 [INFO] core.quality_process_orchestrator:    [6/13] Ejecutando: UPDATE t_pesos
2026-07-30 14:57:24,122 [INFO] root: 🔹 [6/13] Ejecutando sentencia...
2026-07-30 14:57:24,306 [INFO] core.quality_process_orchestrator:    [7/13] Ejecutando: CREATE VOLATILE TABLE VT_FACTORES_GRUPO AS (
2026-07-30 14:57:24,307 [INFO] root: 🔹 [7/13] Ejecutando sentencia...
2026-07-30 14:57:24,816 [INFO] core.quality_process_orchestrator:    [8/13] Ejecutando: UPDATE t_pesos
2026-07-30 14:57:24,817 [INFO] root: 🔹 [8/13] Ejecutando sentencia...
2026-07-30 14:57:25,143 [INFO] core.quality_process_orchestrator:    [9/13] Ejecutando: DROP TABLE VT_FACTORES_GRUPO
2026-07-30 14:57:25,144 [INFO] root: 🔹 [9/13] Ejecutando sentencia...
2026-07-30 14:57:25,286 [INFO] core.quality_process_orchestrator:    [10/13] Ejecutando: DELETE FROM DLAB_GEC.M_EXP_CALIDAD_DETALLE_SPEECH_ANALYTICS ALL
2026-07-30 14:57:25,287 [INFO] root: 🔹 [10/13] Ejecutando sentencia...
2026-07-30 14:57:25,493 [INFO] core.quality_process_orchestrator:    [11/13] Ejecutando: INSERT INTO DLAB_GEC.M_EXP_CALIDAD_DETALLE_SPEECH_ANALYTICS
2026-07-30 14:57:25,493 [INFO] root: 🔹 [11/13] Ejecutando sentencia...
2026-07-30 14:57:25,779 [INFO] core.quality_process_orchestrator:    [12/13] Ejecutando: UPDATE det_sa
2026-07-30 14:57:25,780 [INFO] root: 🔹 [12/13] Ejecutando sentencia...
2026-07-30 14:57:26,513 [INFO] core.quality_process_orchestrator:    [13/13] Ejecutando: UPDATE det_sa
2026-07-30 14:57:26,513 [INFO] root: 🔹 [13/13] Ejecutando sentencia...
2026-07-30 14:57:27,109 [INFO] root: SUCCESS: Completado: **Ajustes de Curva de Notas**
2026-07-30 14:57:27,115 [INFO] root: Procesando: **Verificación de Notas Cero**...
2026-07-30 14:57:27,138 [INFO] core.quality_process_orchestrator: Se detectaron 8 sentencias en 04_b_sa_parche_nota_cero.sql
2026-07-30 14:57:27,139 [INFO] core.quality_process_orchestrator:    [1/8] Ejecutando: CREATE VOLATILE TABLE VT_MAX_SA_CASES AS (
2026-07-30 14:57:27,140 [INFO] root: 🔹 [1/8] Ejecutando sentencia...
2026-07-30 14:57:27,733 [INFO] core.quality_process_orchestrator:    [2/8] Ejecutando: CREATE VOLATILE TABLE VT_SUB_EQUIPO_PRODUCTO AS (
2026-07-30 14:57:27,733 [INFO] root: 🔹 [2/8] Ejecutando sentencia...
2026-07-30 14:57:28,387 [INFO] core.quality_process_orchestrator:    [3/8] Ejecutando: CREATE VOLATILE TABLE VT_ZERO_SA_CASES AS (
2026-07-30 14:57:28,388 [INFO] root: 🔹 [3/8] Ejecutando sentencia...
2026-07-30 14:57:29,387 [INFO] core.quality_process_orchestrator:    [4/8] Ejecutando: DELETE FROM DLAB_GEC.M_EXP_CALIDAD_DETALLE_SPEECH_ANALYTICS
2026-07-30 14:57:29,388 [INFO] root: 🔹 [4/8] Ejecutando sentencia...
2026-07-30 14:57:29,775 [INFO] core.quality_process_orchestrator:    [5/8] Ejecutando: INSERT INTO DLAB_GEC.M_EXP_CALIDAD_DETALLE_SPEECH_ANALYTICS
2026-07-30 14:57:29,776 [INFO] root: 🔹 [5/8] Ejecutando sentencia...
2026-07-30 14:57:30,184 [INFO] core.quality_process_orchestrator:    [6/8] Ejecutando: DROP TABLE VT_MAX_SA_CASES
2026-07-30 14:57:30,185 [INFO] root: 🔹 [6/8] Ejecutando sentencia...
2026-07-30 14:57:30,328 [INFO] core.quality_process_orchestrator:    [7/8] Ejecutando: DROP TABLE VT_SUB_EQUIPO_PRODUCTO
2026-07-30 14:57:30,328 [INFO] root: 🔹 [7/8] Ejecutando sentencia...
2026-07-30 14:57:30,472 [INFO] core.quality_process_orchestrator:    [8/8] Ejecutando: DROP TABLE VT_ZERO_SA_CASES
2026-07-30 14:57:30,472 [INFO] root: 🔹 [8/8] Ejecutando sentencia...
2026-07-30 14:57:30,601 [INFO] root: SUCCESS: Completado: **Verificación de Notas Cero**
2026-07-30 14:57:30,606 [INFO] root: Procesando: **Consolidación de Nota Final de Calidad**...
2026-07-30 14:57:30,627 [INFO] core.quality_process_orchestrator: Se detectaron 18 sentencias en 05_consolidacion_nota_final.sql
2026-07-30 14:57:30,627 [INFO] core.quality_process_orchestrator:    [1/18] Ejecutando: DELETE FROM DLAB_GEC.M_EXP_CALIDAD_NOTA_FINAL
2026-07-30 14:57:30,628 [INFO] root: 🔹 [1/18] Ejecutando sentencia...
2026-07-30 14:57:30,792 [INFO] core.quality_process_orchestrator:    [2/18] Ejecutando: CREATE VOLATILE TABLE VT_EXEC AS (
2026-07-30 14:57:30,792 [INFO] root: 🔹 [2/18] Ejecutando sentencia...
2026-07-30 14:57:31,017 [INFO] core.quality_process_orchestrator:    [3/18] Ejecutando: CREATE VOLATILE TABLE VT_PC AS (
2026-07-30 14:57:31,017 [INFO] root: 🔹 [3/18] Ejecutando sentencia...
2026-07-30 14:57:31,385 [INFO] core.quality_process_orchestrator:    [4/18] Ejecutando: CREATE VOLATILE TABLE VT_SA_CAT AS (
2026-07-30 14:57:31,385 [INFO] root: 🔹 [4/18] Ejecutando sentencia...
2026-07-30 14:57:31,835 [INFO] core.quality_process_orchestrator:    [5/18] Ejecutando: CREATE VOLATILE TABLE VT_SA AS (
2026-07-30 14:57:31,835 [INFO] root: 🔹 [5/18] Ejecutando sentencia...
2026-07-30 14:57:32,223 [INFO] core.quality_process_orchestrator:    [6/18] Ejecutando: CREATE VOLATILE TABLE VT_BASE_PC AS (
2026-07-30 14:57:32,223 [INFO] root: 🔹 [6/18] Ejecutando sentencia...
2026-07-30 14:57:32,916 [INFO] core.quality_process_orchestrator:    [7/18] Ejecutando: CREATE VOLATILE TABLE VT_BASE_GER AS (
2026-07-30 14:57:32,917 [INFO] root: 🔹 [7/18] Ejecutando sentencia...
2026-07-30 14:57:33,222 [INFO] core.quality_process_orchestrator:    [8/18] Ejecutando: CREATE VOLATILE TABLE VT_ALL AS (
2026-07-30 14:57:33,223 [INFO] root: 🔹 [8/18] Ejecutando sentencia...
2026-07-30 14:57:33,529 [INFO] core.quality_process_orchestrator:    [9/18] Ejecutando: INSERT INTO DLAB_GEC.M_EXP_CALIDAD_NOTA_FINAL
2026-07-30 14:57:33,531 [INFO] root: 🔹 [9/18] Ejecutando sentencia...
2026-07-30 14:57:33,899 [INFO] core.quality_process_orchestrator:    [10/18] Ejecutando: DROP TABLE VT_EXEC
2026-07-30 14:57:33,900 [INFO] root: 🔹 [10/18] Ejecutando sentencia...
2026-07-30 14:57:34,024 [INFO] core.quality_process_orchestrator:    [11/18] Ejecutando: DROP TABLE VT_PC
2026-07-30 14:57:34,024 [INFO] root: 🔹 [11/18] Ejecutando sentencia...
2026-07-30 14:57:34,169 [INFO] core.quality_process_orchestrator:    [12/18] Ejecutando: DROP TABLE VT_SA_CAT
2026-07-30 14:57:34,169 [INFO] root: 🔹 [12/18] Ejecutando sentencia...
2026-07-30 14:57:34,313 [INFO] core.quality_process_orchestrator:    [13/18] Ejecutando: DROP TABLE VT_SA
2026-07-30 14:57:34,314 [INFO] root: 🔹 [13/18] Ejecutando sentencia...
2026-07-30 14:57:34,458 [INFO] core.quality_process_orchestrator:    [14/18] Ejecutando: DROP TABLE VT_BASE_PC
2026-07-30 14:57:34,459 [INFO] root: 🔹 [14/18] Ejecutando sentencia...
2026-07-30 14:57:34,643 [INFO] core.quality_process_orchestrator:    [15/18] Ejecutando: DROP TABLE VT_BASE_GER
2026-07-30 14:57:34,644 [INFO] root: 🔹 [15/18] Ejecutando sentencia...
2026-07-30 14:57:34,788 [INFO] core.quality_process_orchestrator:    [16/18] Ejecutando: DROP TABLE VT_ALL
2026-07-30 14:57:34,788 [INFO] root: 🔹 [16/18] Ejecutando sentencia...
2026-07-30 14:57:34,911 [INFO] core.quality_process_orchestrator:    [17/18] Ejecutando: DELETE FROM DLAB_GEC.M_EXP_HIST_ERRORES_CALIDAD
2026-07-30 14:57:34,912 [INFO] root: 🔹 [17/18] Ejecutando sentencia...
2026-07-30 14:57:35,056 [INFO] core.quality_process_orchestrator:    [18/18] Ejecutando: INSERT INTO DLAB_GEC.M_EXP_HIST_ERRORES_CALIDAD
2026-07-30 14:57:35,056 [INFO] root: 🔹 [18/18] Ejecutando sentencia...
2026-07-30 14:57:35,267 [INFO] root: SUCCESS: Completado: **Consolidación de Nota Final de Calidad**
2026-07-30 14:57:35,271 [INFO] root: Todo el procesamiento SQL se ejecutó exitosamente. Guardando transacciones (Commit)...
2026-07-30 14:57:35,273 [INFO] root: SUCCESS: ¡Pipeline de Calidad Completo ejecutado exitosamente!
2026-07-30 14:57:35,377 [INFO] root: ⚡ Fase 5: Ejecutando Proceso NTD (Not To Do)...
2026-07-30 14:57:37,736 [INFO] root: 🔍 Validando tabla de entrada de Evaluaciones (M_EXP_CALIDAD_PURECLOUD_PRE)...
2026-07-30 14:57:38,009 [INFO] root: 🔍 Validando tabla de entrada de Observaciones (M_EXP_NTD_OBSERVACIONES_PRE)...
2026-07-30 14:57:38,158 [INFO] root: Procesando: **Carga Ntd**...
2026-07-30 14:57:38,183 [INFO] core.quality_process_orchestrator: Se detectaron 11 sentencias en 06_carga_ntd.sql
2026-07-30 14:57:38,183 [INFO] core.quality_process_orchestrator:    [1/11] Ejecutando: REPLACE VIEW DLAB_GEC.V_CHECK_FECHAS_NTD AS
2026-07-30 14:57:38,348 [INFO] core.quality_process_orchestrator:    [2/11] Ejecutando: DELETE FROM DLAB_GEC.M_EXP_NOT_TO_DO
2026-07-30 14:57:38,534 [INFO] core.quality_process_orchestrator:    [3/11] Ejecutando: INSERT INTO DLAB_GEC.M_EXP_NOT_TO_DO (CONID, PERIODO, PLANTILLA)
2026-07-30 14:57:38,904 [INFO] core.quality_process_orchestrator:    [4/11] Ejecutando: UPDATE A
2026-07-30 14:57:39,842 [INFO] core.quality_process_orchestrator:    [5/11] Ejecutando: UPDATE A
2026-07-30 14:57:41,171 [INFO] core.quality_process_orchestrator:    [6/11] Ejecutando: UPDATE DLAB_GEC.M_EXP_NOT_TO_DO
2026-07-30 14:57:41,377 [INFO] core.quality_process_orchestrator:    [7/11] Ejecutando: DELETE FROM DLAB_GEC.M_EXP_NTD_OBSERVACIONES_NEW
2026-07-30 14:57:41,622 [INFO] core.quality_process_orchestrator:    [8/11] Ejecutando: INSERT INTO DLAB_GEC.M_EXP_NTD_OBSERVACIONES_NEW
2026-07-30 14:57:42,299 [INFO] core.quality_process_orchestrator:    [9/11] Ejecutando: UPDATE A
2026-07-30 14:57:43,052 [INFO] core.quality_process_orchestrator:    [10/11] Ejecutando: REPLACE VIEW DLAB_GEC.V_EXP_NOT_TO_DO_VIEW AS
2026-07-30 14:57:43,503 [INFO] core.quality_process_orchestrator:    [11/11] Ejecutando: REPLACE VIEW DLAB_GEC.V_EXP_NOT_TO_DO_DETALLE AS
2026-07-30 14:57:44,001 [INFO] root: SUCCESS: Completado: **Carga Ntd**
2026-07-30 14:57:44,005 [INFO] root: Procesamiento SQL de NTD ejecutado exitosamente. Guardando transacciones (Commit)...
2026-07-30 14:57:44,008 [INFO] root: SUCCESS: ¡Proceso NTD (Fase 5) completado exitosamente!
