2026-07-30 12:44:06,452 [INFO] root: Iniciando Pipeline Unificado de Proceso Calidad...
2026-07-30 12:44:06,468 [INFO] root: 📥 Fase 1: Descargando Evaluaciones de Insight...
2026-07-30 12:44:06,472 [INFO] root: Archivo de Insight para hoy ya existe localmente (Reporte_Insight_EVALUATIONS_20260730.txt). Omitiendo descarga.
2026-07-30 12:44:06,474 [INFO] root: 🧹 Cargando Evaluaciones de Insight a Teradata...
2026-07-30 12:44:10,373 [INFO] root: Cargando en la tabla DLAB_GEC.M_EXP_CALIDAD_PURECLOUD_PRE...
2026-07-30 12:44:10,929 [INFO] root: Limpiando datos existentes en la tabla...
2026-07-30 12:44:12,025 [INFO] root: Preparando registros para la carga...
2026-07-30 12:44:12,200 [INFO] root: Iniciando carga de 26,043 registros...
2026-07-30 12:44:12,202 [INFO] root: Cargando registros: 1 a 26,043 de 26,043 (100%)
2026-07-30 12:44:18,196 [INFO] root: Carga de datos finalizada con éxito.
2026-07-30 12:44:18,307 [INFO] root: 📥 Fase 2: Descargando Speech Analytics de Verint para el periodo 202607...
2026-07-30 12:44:18,313 [INFO] verint_downloader: Loading environment variables from: C:\Users\b47756\OneDrive - Interbank\Televentas\UPLOADER_V2\.env
2026-07-30 12:44:18,315 [INFO] root: Loading environment variables from: C:\Users\b47756\OneDrive - Interbank\Televentas\UPLOADER_V2\.env
2026-07-30 12:44:18,318 [INFO] verint_downloader: Date range filter: From 15/06/2026 to 30/07/2026
2026-07-30 12:44:18,319 [INFO] verint_downloader: Found exact input CSV file: C:\Users\b47756\OneDrive - Interbank\Televentas\UPLOADER_V2\EV_202607.csv
2026-07-30 12:44:18,321 [INFO] root: Found exact input CSV file: C:\Users\b47756\OneDrive - Interbank\Televentas\UPLOADER_V2\EV_202607.csv
2026-07-30 12:44:18,322 [INFO] verint_downloader: Iniciando conexión con Verint...
2026-07-30 12:44:18,324 [INFO] root: Iniciando conexión con Verint...
2026-07-30 12:44:19,732 [INFO] verint_downloader: Navegando a: https://wfo.mt5.verintcloudservices.com/wfo/control/signin
2026-07-30 12:44:23,322 [INFO] verint_downloader: Página de inicio de sesión detectada. Enviando credenciales...
2026-07-30 12:44:23,327 [INFO] root: Página de inicio de sesión detectada. Enviando credenciales...
2026-07-30 12:44:25,624 [INFO] verint_downloader: Inicio de sesión completado.
2026-07-30 12:44:25,628 [INFO] root: Inicio de sesión completado.
2026-07-30 12:44:25,629 [INFO] verint_downloader: Navegando a la vista de interacciones: https://wfo.mt5.verintcloudservices.com/wfo/ui/#wsm%5Bws%5D=speech_Listen
2026-07-30 12:44:25,667 [INFO] verint_downloader: Abriendo Speech Analytics y cargando espacio de trabajo...
2026-07-30 12:44:25,671 [INFO] root: Abriendo Speech Analytics y cargando espacio de trabajo...
2026-07-30 12:44:47,019 [INFO] verint_downloader: Esperando el botón de la barra lateral...
2026-07-30 12:44:50,682 [INFO] verint_downloader: Haciendo clic en la pestaña Project...
2026-07-30 12:44:52,780 [INFO] verint_downloader: Esperando que aparezca el selector de proyecto...
2026-07-30 12:44:53,065 [INFO] verint_downloader: Seleccionando el proyecto Televentas...
2026-07-30 12:44:54,210 [INFO] verint_downloader: Project Televentas selected successfully.
2026-07-30 12:44:54,210 [INFO] verint_downloader: Cambiando a la pestaña 'Mi conjunto de datos' / 'My dataset'...
2026-07-30 12:44:58,509 [INFO] verint_downloader: Setting Date range: 15/06/2026 - 30/07/2026...
2026-07-30 12:44:58,651 [ERROR] root: Fallo en el pipeline de calidad: Fallo crítico al descargar datos de Verint: Page.evaluate: TypeError: Event is not a constructor
    at eval (eval at evaluate (:303:30), <anonymous>:47:49)
    at UtilityScript.evaluate (<anonymous>:310:18)
    at UtilityScript.<anonymous> (<anonymous>:1:44)
