2026-07-31 10:31:36,922 [INFO] root: Iniciando Pipeline Unificado de Proceso Calidad...
2026-07-31 10:31:36,945 [INFO] root: 📥 Fase 1: Descargando Evaluaciones de Insight...
2026-07-31 10:31:36,954 [INFO] root: Archivo de Insight para hoy ya existe localmente (Reporte_Insight_EVALUATIONS_20260731.txt). Omitiendo descarga.
2026-07-31 10:31:36,956 [INFO] root: 🧹 Cargando Evaluaciones de Insight a Teradata...
2026-07-31 10:31:39,946 [INFO] root: Cargando en la tabla DLAB_GEC.M_EXP_CALIDAD_PURECLOUD_PRE...
2026-07-31 10:31:40,136 [INFO] root: Limpiando datos existentes en la tabla...
2026-07-31 10:31:41,119 [INFO] root: Preparando registros para la carga...
2026-07-31 10:31:41,335 [INFO] root: Iniciando carga de 28,102 registros...
2026-07-31 10:31:41,340 [INFO] root: Cargando registros: 1 a 28,102 de 28,102 (100%)
2026-07-31 10:31:50,086 [INFO] root: Carga de datos finalizada con éxito.
2026-07-31 10:31:50,240 [INFO] root: 📥 Fase 2: Descargando Speech Analytics de Verint para el periodo 202607...
2026-07-31 10:31:50,271 [INFO] root: Archivos de Verint descargados hoy detectados (2 archivo(s)). Omitiendo descarga.
2026-07-31 10:31:50,277 [INFO] root: 🧹 Cargando 2 archivo(s) de Verint a Teradata...
2026-07-31 10:31:53,843 [INFO] root: Procesando archivo Verint: Export_Calidad_20260731100747 1-2.xlsx...
2026-07-31 10:35:28,355 [INFO] root: Subiendo a la tabla DLAB_GEC.M_EXP_CALIDAD_DATA_SPEECH_ANALYTICS (Vaciar=True)...
2026-07-31 10:35:28,796 [INFO] root: Limpiando datos existentes en la tabla...
2026-07-31 10:35:30,108 [INFO] root: Preparando registros para la carga...
2026-07-31 10:35:32,755 [INFO] root: Iniciando carga de 150,000 registros...
2026-07-31 10:35:32,758 [INFO] root: Cargando registros: 1 a 50,000 de 150,000 (33%)
2026-07-31 10:36:21,664 [INFO] root: Cargando registros: 50,001 a 100,000 de 150,000 (66%)
2026-07-31 10:36:58,616 [INFO] root: Cargando registros: 100,001 a 150,000 de 150,000 (100%)
2026-07-31 10:37:35,206 [INFO] root: Carga de datos finalizada con éxito.
2026-07-31 10:37:35,402 [INFO] root: Procesando archivo Verint: Export_Calidad_20260731100747 2-2.xlsx...
2026-07-31 10:39:02,413 [INFO] root: Subiendo a la tabla DLAB_GEC.M_EXP_CALIDAD_DATA_SPEECH_ANALYTICS (Vaciar=False)...
2026-07-31 10:39:02,989 [INFO] root: Preparando registros para la carga...
2026-07-31 10:39:04,361 [INFO] root: Iniciando carga de 62,121 registros...
2026-07-31 10:39:04,367 [INFO] root: Cargando registros: 1 a 50,000 de 62,121 (80%)
2026-07-31 10:39:55,440 [INFO] root: Cargando registros: 50,001 a 62,121 de 62,121 (100%)
2026-07-31 10:40:05,815 [INFO] root: Carga de datos finalizada con éxito.
2026-07-31 10:40:06,015 [INFO] root: Fase 3: Procesando Excel de Acciones Tomadas local...
2026-07-31 10:40:07,186 [INFO] root: 🔄 Conectando con Excel para actualizar desde SharePoint...
2026-07-31 10:40:36,637 [INFO] root: SUCCESS: Excel actualizado correctamente desde SharePoint.
2026-07-31 10:40:36,902 [INFO] root: 🧹 Deduplicando registros de Acciones Tomadas por orden de severidad...
2026-07-31 10:40:39,397 [INFO] root: Cargando en la tabla DLAB_GEC.M_EXP_NTD_OBSERVACIONES_PRE...
2026-07-31 10:40:39,738 [INFO] root: Limpiando datos existentes en la tabla...
2026-07-31 10:40:40,633 [INFO] root: Preparando registros para la carga...
2026-07-31 10:40:40,653 [INFO] root: Iniciando carga de 4,419 registros...
2026-07-31 10:40:40,659 [INFO] root: Cargando registros: 1 a 4,419 de 4,419 (100%)
2026-07-31 10:40:41,793 [INFO] root: Carga de datos finalizada con éxito.
2026-07-31 10:40:41,925 [INFO] root: ⚡ Fase 4: Ejecutando Scripts SQL del Pipeline de Calidad...
2026-07-31 10:40:43,226 [INFO] root: 🔍 Iniciando verificación de tablas de origen para el período: 202607 (Corte: Días 1 al 31)
2026-07-31 10:40:43,565 [INFO] root: Tabla DLAB_GEC.M_EXP_CALIDAD_DATA_SPEECH_ANALYTICS: 212,121 registros
2026-07-31 10:40:43,944 [INFO] root: Tabla DLAB_GEC.M_EXP_CALIDAD_PURECLOUD_PRE: 28,102 registros
2026-07-31 10:40:44,411 [INFO] root: Tabla DLAB_GEC.M_EXP_VENTAS_TC: 5,943 registros
2026-07-31 10:40:44,986 [INFO] root: Tabla DLAB_GEC.M_EXP_VENTAS_PP: 1,530 registros
2026-07-31 10:40:45,452 [INFO] root: Tabla DLAB_GEC.M_EXP_VENTAS_CON: 950 registros
2026-07-31 10:40:45,904 [INFO] root: Tabla DLAB_GEC.T_VENTAS_BPE_MARKET: 6,248 registros
2026-07-31 10:40:48,315 [INFO] root: Tabla DLAB_GEC.V_GESTION_BNC: 5,483 registros
2026-07-31 10:40:48,922 [INFO] root: Tabla DLAB_GEC.M_EXP_VENTAS_EC: 1,406 registros
2026-07-31 10:40:50,505 [INFO] root: Tabla DLAB_GEC.V_GESTION_CHIP: 3,303 registros
2026-07-31 10:40:51,028 [INFO] root: Tabla DLAB_GEC.M_EXP_VENTAS_CD: 527 registros
2026-07-31 10:40:51,666 [INFO] root: Tabla DLAB_GEC.T_RETENCION_BASE_CALIDAD_GIRU: 4,668 registros
2026-07-31 10:40:52,562 [INFO] root: Tabla E_DW_VIEWS_DLAB.V_CNV_VISTA_RETENCION_BT: 55,152 registros
2026-07-31 10:40:53,169 [ERROR] root: Tabla vacía o sin registros: DLAB_GEC.M_EXP_VENTAS_IL
2026-07-31 10:40:53,470 [ERROR] root: Tabla vacía o sin registros: DLAB_GEC.M_EXP_VENTAS_TCA
2026-07-31 10:40:53,991 [ERROR] root: Tabla vacía o sin registros: DLAB_GEC.M_EXP_VENTAS_UPG
2026-07-31 10:40:54,639 [ERROR] root: Tabla vacía o sin registros: DLAB_GEC.M_EXP_VENTAS_PA
2026-07-31 10:40:55,028 [INFO] root: Tabla DLAB_GEC.M_EXP_VENTAS_SEG: 1,321 registros
2026-07-31 10:40:56,059 [INFO] root: Tabla DLAB_GEC.TLV_CARGA_ACTUAL: 847,265 registros
2026-07-31 10:40:56,428 [INFO] root: Tabla DLAB_GEC.TLV_CARGA_ACTUAL_DIGITAL: 36,828 registros
2026-07-31 10:40:56,473 [WARNING] root: ADVERTENCIA: Las siguientes tablas de origen están vacías o fallaron al consultarse: DLAB_GEC.M_EXP_VENTAS_IL, DLAB_GEC.M_EXP_VENTAS_TCA, DLAB_GEC.M_EXP_VENTAS_UPG, DLAB_GEC.M_EXP_VENTAS_PA. Continuando con el procesamiento SQL...
2026-07-31 10:40:56,520 [INFO] root: 🔍 Verificando preguntas de Pure Cloud sin mapear en la maestra...
2026-07-31 10:41:03,390 [WARNING] root: Se encontraron 559 preguntas sin mapear en DLAB_GEC.M_EXP_CALIDAD_MAESTRA_GRUPO_PREGUNTAS_PCLOUD
2026-07-31 10:41:03,400 [WARNING] root: - Pregunta: 'APLICA_NTD_1' (Mapeada: 'APLICA NTD 1') | Plantilla: Exp. Compra - BPE - EQUIPO B_100 | Grupo: NOT TO DO
2026-07-31 10:41:03,406 [WARNING] root: - Pregunta: 'APLICA_NTD_1' (Mapeada: 'APLICA NTD 1') | Plantilla: Exp. Compra - BPE - EQUIPO C_100 | Grupo: NOT TO DO
2026-07-31 10:41:03,416 [WARNING] root: - Pregunta: 'APLICA_NTD_1' (Mapeada: 'APLICA NTD 1') | Plantilla: Exp. Compra - CON | Grupo: NOT TO DO
2026-07-31 10:41:03,422 [WARNING] root: - Pregunta: 'APLICA_NTD_1' (Mapeada: 'APLICA NTD 1') | Plantilla: Exp. Compra - EC | Grupo: NOT TO DO
2026-07-31 10:41:03,431 [WARNING] root: - Pregunta: 'APLICA_NTD_1' (Mapeada: 'APLICA NTD 1') | Plantilla: Exp. Compra - PP | Grupo: NOT TO DO
2026-07-31 10:41:03,441 [WARNING] root: - Pregunta: 'APLICA_NTD_1' (Mapeada: 'APLICA NTD 1') | Plantilla: Exp. Compra - PRT | Grupo: NOT TO DO
2026-07-31 10:41:03,450 [WARNING] root: - Pregunta: 'APLICA_NTD_1' (Mapeada: 'APLICA NTD 1') | Plantilla: Exp. Compra - RTC | Grupo: NOT TO DO
2026-07-31 10:41:03,460 [WARNING] root: - Pregunta: 'APLICA_NTD_1' (Mapeada: 'APLICA NTD 1') | Plantilla: Exp. Compra - RTC_CONV | Grupo: NOT TO DO
2026-07-31 10:41:03,469 [WARNING] root: - Pregunta: 'APLICA_NTD_1' (Mapeada: 'APLICA NTD 1') | Plantilla: Exp. Compra - TC | Grupo: NOT TO DO
2026-07-31 10:41:03,477 [WARNING] root: - Pregunta: 'APLICA_NTD_1' (Mapeada: 'APLICA NTD 1') | Plantilla: Exp. Compra CD_v2 | Grupo: NOT TO DO
2026-07-31 10:41:03,482 [WARNING] root: ... (más preguntas omitidas en el log rápido)
2026-07-31 10:41:03,517 [INFO] root: Procesando: **Evaluaciones Manuales Pure Cloud**...
2026-07-31 10:41:03,526 [INFO] core.quality_process_orchestrator: Se detectaron 12 sentencias en 01_evaluacion_manual_pc.sql
2026-07-31 10:41:03,528 [INFO] core.quality_process_orchestrator:    [1/12] Ejecutando: CREATE VOLATILE TABLE VT_PC_RAW AS (
2026-07-31 10:41:03,529 [INFO] root: 🔹 [1/12] Ejecutando sentencia...
2026-07-31 10:41:05,408 [INFO] core.quality_process_orchestrator:    [2/12] Ejecutando: CREATE VOLATILE TABLE VT_PC_MAPPED AS (
2026-07-31 10:41:05,410 [INFO] root: 🔹 [2/12] Ejecutando sentencia...
2026-07-31 10:41:09,062 [INFO] core.quality_process_orchestrator:    [3/12] Ejecutando: CREATE VOLATILE TABLE VT_PC_SCORED AS (
2026-07-31 10:41:09,062 [INFO] root: 🔹 [3/12] Ejecutando sentencia...
2026-07-31 10:41:12,056 [INFO] core.quality_process_orchestrator:    [4/12] Ejecutando: CREATE VOLATILE TABLE VT_PC_WEIGHTED AS (
2026-07-31 10:41:12,057 [INFO] root: 🔹 [4/12] Ejecutando sentencia...
2026-07-31 10:41:42,426 [INFO] core.quality_process_orchestrator:    [5/12] Ejecutando: CREATE VOLATILE TABLE VT_PC_FINAL AS (
2026-07-31 10:41:42,428 [INFO] root: 🔹 [5/12] Ejecutando sentencia...
2026-07-31 10:41:44,694 [INFO] core.quality_process_orchestrator:    [6/12] Ejecutando: DELETE FROM DLAB_GEC.M_EXP_CALIDAD_DETALLE_PURE_CLOUD ALL
2026-07-31 10:41:44,695 [INFO] root: 🔹 [6/12] Ejecutando sentencia...
2026-07-31 10:41:45,174 [INFO] core.quality_process_orchestrator:    [7/12] Ejecutando: INSERT INTO DLAB_GEC.M_EXP_CALIDAD_DETALLE_PURE_CLOUD
2026-07-31 10:41:45,175 [INFO] root: 🔹 [7/12] Ejecutando sentencia...
2026-07-31 10:41:46,843 [INFO] core.quality_process_orchestrator:    [8/12] Ejecutando: DROP TABLE VT_PC_RAW
2026-07-31 10:41:46,844 [INFO] root: 🔹 [8/12] Ejecutando sentencia...
2026-07-31 10:41:47,239 [INFO] core.quality_process_orchestrator:    [9/12] Ejecutando: DROP TABLE VT_PC_MAPPED
2026-07-31 10:41:47,241 [INFO] root: 🔹 [9/12] Ejecutando sentencia...
2026-07-31 10:41:47,970 [INFO] core.quality_process_orchestrator:    [10/12] Ejecutando: DROP TABLE VT_PC_SCORED
2026-07-31 10:41:47,971 [INFO] root: 🔹 [10/12] Ejecutando sentencia...
2026-07-31 10:41:48,367 [INFO] core.quality_process_orchestrator:    [11/12] Ejecutando: DROP TABLE VT_PC_WEIGHTED
2026-07-31 10:41:48,368 [INFO] root: 🔹 [11/12] Ejecutando sentencia...
2026-07-31 10:41:48,657 [INFO] core.quality_process_orchestrator:    [12/12] Ejecutando: DROP TABLE VT_PC_FINAL
2026-07-31 10:41:48,658 [INFO] root: 🔹 [12/12] Ejecutando sentencia...
2026-07-31 10:41:49,614 [INFO] root: SUCCESS: Completado: **Evaluaciones Manuales Pure Cloud**
2026-07-31 10:41:49,624 [INFO] root: Procesando: **Consentimientos y Ventas LPDP**...
2026-07-31 10:41:49,644 [INFO] core.quality_process_orchestrator: Se detectaron 22 sentencias en 02_sa_marcacion_ventas_lpdp.sql
2026-07-31 10:41:49,645 [INFO] core.quality_process_orchestrator:    [1/22] Ejecutando: CREATE VOLATILE TABLE VT_SA_CLEANED AS (
2026-07-31 10:41:49,646 [INFO] root: 🔹 [1/22] Ejecutando sentencia...
2026-07-31 10:41:51,274 [INFO] core.quality_process_orchestrator:    [2/22] Ejecutando: CREATE VOLATILE TABLE VT_TC_DEDUP AS (
2026-07-31 10:41:51,275 [INFO] root: 🔹 [2/22] Ejecutando sentencia...
2026-07-31 10:41:53,984 [INFO] core.quality_process_orchestrator:    [3/22] Ejecutando: CREATE VOLATILE TABLE VT_PP_DEDUP AS (
2026-07-31 10:41:53,985 [INFO] root: 🔹 [3/22] Ejecutando sentencia...
2026-07-31 10:41:56,454 [INFO] core.quality_process_orchestrator:    [4/22] Ejecutando: CREATE VOLATILE TABLE VT_CON_DEDUP AS (
2026-07-31 10:41:56,456 [INFO] root: 🔹 [4/22] Ejecutando sentencia...
2026-07-31 10:41:59,424 [INFO] core.quality_process_orchestrator:    [5/22] Ejecutando: CREATE VOLATILE TABLE VT_BN_DEDUP AS (
2026-07-31 10:41:59,425 [INFO] root: 🔹 [5/22] Ejecutando sentencia...
2026-07-31 10:42:01,581 [INFO] core.quality_process_orchestrator:    [6/22] Ejecutando: CREATE VOLATILE TABLE VT_BNC_DEDUP AS (
2026-07-31 10:42:01,582 [INFO] root: 🔹 [6/22] Ejecutando sentencia...
2026-07-31 10:42:08,815 [INFO] core.quality_process_orchestrator:    [7/22] Ejecutando: CREATE VOLATILE TABLE VT_EC_DEDUP AS (
2026-07-31 10:42:08,816 [INFO] root: 🔹 [7/22] Ejecutando sentencia...
2026-07-31 10:42:15,161 [INFO] core.quality_process_orchestrator:    [8/22] Ejecutando: CREATE VOLATILE TABLE VT_CHIP_DEDUP AS (
2026-07-31 10:42:15,162 [INFO] root: 🔹 [8/22] Ejecutando sentencia...
2026-07-31 10:42:28,505 [INFO] core.quality_process_orchestrator:    [9/22] Ejecutando: CREATE VOLATILE TABLE VT_CD_DEDUP AS (
2026-07-31 10:42:28,506 [INFO] root: 🔹 [9/22] Ejecutando sentencia...
2026-07-31 10:42:36,578 [INFO] core.quality_process_orchestrator:    [10/22] Ejecutando: CREATE VOLATILE TABLE VT_RTC_DEDUP AS (
2026-07-31 10:42:36,579 [INFO] root: 🔹 [10/22] Ejecutando sentencia...
2026-07-31 10:42:45,956 [INFO] core.quality_process_orchestrator:    [11/22] Ejecutando: CREATE VOLATILE TABLE VT_RCO_DEDUP AS (
2026-07-31 10:42:45,959 [INFO] root: 🔹 [11/22] Ejecutando sentencia...
2026-07-31 10:43:09,176 [INFO] core.quality_process_orchestrator:    [12/22] Ejecutando: CREATE VOLATILE TABLE VT_PRT_IL_DEDUP AS (
2026-07-31 10:43:09,178 [INFO] root: 🔹 [12/22] Ejecutando sentencia...
2026-07-31 10:43:48,990 [INFO] core.quality_process_orchestrator:    [13/22] Ejecutando: CREATE VOLATILE TABLE VT_PRT_TCA_DEDUP AS (
2026-07-31 10:43:48,991 [INFO] root: 🔹 [13/22] Ejecutando sentencia...
2026-07-31 10:44:08,229 [INFO] core.quality_process_orchestrator:    [14/22] Ejecutando: CREATE VOLATILE TABLE VT_PRT_UPG_DEDUP AS (
2026-07-31 10:44:08,230 [INFO] root: 🔹 [14/22] Ejecutando sentencia...
2026-07-31 10:44:35,069 [INFO] core.quality_process_orchestrator:    [15/22] Ejecutando: CREATE VOLATILE TABLE VT_PRT_PA_DEDUP AS (
2026-07-31 10:44:35,070 [INFO] root: 🔹 [15/22] Ejecutando sentencia...
2026-07-31 10:44:40,443 [INFO] core.quality_process_orchestrator:    [16/22] Ejecutando: CREATE VOLATILE TABLE VT_SEG_DEDUP AS (
2026-07-31 10:44:40,444 [INFO] root: 🔹 [16/22] Ejecutando sentencia...
2026-07-31 10:44:44,161 [INFO] core.quality_process_orchestrator:    [17/22] Ejecutando: CREATE VOLATILE TABLE VT_LPDP_CARGA_ACTUAL AS (
2026-07-31 10:44:44,162 [INFO] root: 🔹 [17/22] Ejecutando sentencia...
2026-07-31 10:44:52,276 [INFO] core.quality_process_orchestrator:    [18/22] Ejecutando: CREATE VOLATILE TABLE VT_LPDP_CARGA_ACTUAL_DIGITAL AS (
2026-07-31 10:44:52,279 [INFO] root: 🔹 [18/22] Ejecutando sentencia...
2026-07-31 10:45:03,930 [INFO] core.quality_process_orchestrator:    [19/22] Ejecutando: CREATE VOLATILE TABLE VT_SA_MARKED AS (
2026-07-31 10:45:03,931 [INFO] root: 🔹 [19/22] Ejecutando sentencia...
2026-07-31 10:45:37,640 [INFO] core.quality_process_orchestrator:    [20/22] Ejecutando: CREATE VOLATILE TABLE VT_SA_FINAL AS (
2026-07-31 10:45:37,643 [INFO] root: 🔹 [20/22] Ejecutando sentencia...
2026-07-31 10:45:39,369 [INFO] core.quality_process_orchestrator:    [21/22] Ejecutando: DELETE FROM DLAB_GEC.M_EXP_CALIDAD_DATA_SPEECH_ANALYTICS ALL
2026-07-31 10:45:39,370 [INFO] root: 🔹 [21/22] Ejecutando sentencia...
2026-07-31 10:45:40,064 [INFO] core.quality_process_orchestrator:    [22/22] Ejecutando: INSERT INTO DLAB_GEC.M_EXP_CALIDAD_DATA_SPEECH_ANALYTICS
2026-07-31 10:45:40,066 [INFO] root: 🔹 [22/22] Ejecutando sentencia...
2026-07-31 10:45:41,362 [INFO] root: SUCCESS: Completado: **Consentimientos y Ventas LPDP**
2026-07-31 10:45:41,394 [INFO] root: Procesando: **Cálculo de Pesos e Indicadores**...
2026-07-31 10:45:41,413 [INFO] core.quality_process_orchestrator: Se detectaron 3 sentencias en 03_sa_calculo_pesos_unpivot.sql
2026-07-31 10:45:41,416 [INFO] core.quality_process_orchestrator:    [1/3] Ejecutando: CREATE VOLATILE TABLE VT_BASE_SPEECH AS (
2026-07-31 10:45:41,418 [INFO] root: 🔹 [1/3] Ejecutando sentencia...
2026-07-31 10:45:45,636 [INFO] core.quality_process_orchestrator:    [2/3] Ejecutando: CREATE VOLATILE TABLE VT_EXP_CALIDAD_PESOS_SA AS (
2026-07-31 10:45:45,638 [INFO] root: 🔹 [2/3] Ejecutando sentencia...
2026-07-31 10:46:23,201 [INFO] core.quality_process_orchestrator:    [3/3] Ejecutando: DROP TABLE VT_BASE_SPEECH
2026-07-31 10:46:23,202 [INFO] root: 🔹 [3/3] Ejecutando sentencia...
2026-07-31 10:46:23,665 [INFO] root: SUCCESS: Completado: **Cálculo de Pesos e Indicadores**
2026-07-31 10:46:23,687 [INFO] root: Procesando: **Ajustes de Curva de Notas**...
2026-07-31 10:46:23,696 [INFO] core.quality_process_orchestrator: Se detectaron 13 sentencias en 04_sa_ajustes_curva.sql
2026-07-31 10:46:23,698 [INFO] core.quality_process_orchestrator:    [1/13] Ejecutando: UPDATE VT_EXP_CALIDAD_PESOS_SA SET CATEGORIA = TRIM(CATEGORIA)
2026-07-31 10:46:23,699 [INFO] root: 🔹 [1/13] Ejecutando sentencia...
2026-07-31 10:46:24,522 [INFO] core.quality_process_orchestrator:    [2/13] Ejecutando: UPDATE VT_EXP_CALIDAD_PESOS_SA SET PRODUCTO = TRIM(PRODUCTO)
2026-07-31 10:46:24,523 [INFO] root: 🔹 [2/13] Ejecutando sentencia...
2026-07-31 10:46:26,764 [INFO] core.quality_process_orchestrator:    [3/13] Ejecutando: UPDATE t_pesos
2026-07-31 10:46:26,765 [INFO] root: 🔹 [3/13] Ejecutando sentencia...
2026-07-31 10:46:29,338 [INFO] core.quality_process_orchestrator:    [4/13] Ejecutando: DELETE FROM VT_EXP_CALIDAD_PESOS_SA
2026-07-31 10:46:29,340 [INFO] root: 🔹 [4/13] Ejecutando sentencia...
2026-07-31 10:46:29,655 [INFO] core.quality_process_orchestrator:    [5/13] Ejecutando: UPDATE VT_EXP_CALIDAD_PESOS_SA
2026-07-31 10:46:29,657 [INFO] root: 🔹 [5/13] Ejecutando sentencia...
2026-07-31 10:46:30,068 [INFO] core.quality_process_orchestrator:    [6/13] Ejecutando: UPDATE t_pesos
2026-07-31 10:46:30,069 [INFO] root: 🔹 [6/13] Ejecutando sentencia...
2026-07-31 10:46:30,562 [INFO] core.quality_process_orchestrator:    [7/13] Ejecutando: CREATE VOLATILE TABLE VT_FACTORES_GRUPO AS (
2026-07-31 10:46:30,563 [INFO] root: 🔹 [7/13] Ejecutando sentencia...
2026-07-31 10:46:32,066 [INFO] core.quality_process_orchestrator:    [8/13] Ejecutando: UPDATE t_pesos
2026-07-31 10:46:32,067 [INFO] root: 🔹 [8/13] Ejecutando sentencia...
2026-07-31 10:46:33,528 [INFO] core.quality_process_orchestrator:    [9/13] Ejecutando: DROP TABLE VT_FACTORES_GRUPO
2026-07-31 10:46:33,529 [INFO] root: 🔹 [9/13] Ejecutando sentencia...
2026-07-31 10:46:33,869 [INFO] core.quality_process_orchestrator:    [10/13] Ejecutando: DELETE FROM DLAB_GEC.M_EXP_CALIDAD_DETALLE_SPEECH_ANALYTICS ALL
2026-07-31 10:46:33,870 [INFO] root: 🔹 [10/13] Ejecutando sentencia...
2026-07-31 10:46:34,344 [INFO] core.quality_process_orchestrator:    [11/13] Ejecutando: INSERT INTO DLAB_GEC.M_EXP_CALIDAD_DETALLE_SPEECH_ANALYTICS
2026-07-31 10:46:34,345 [INFO] root: 🔹 [11/13] Ejecutando sentencia...
2026-07-31 10:46:35,800 [INFO] core.quality_process_orchestrator:    [12/13] Ejecutando: UPDATE det_sa
2026-07-31 10:46:35,801 [INFO] root: 🔹 [12/13] Ejecutando sentencia...
2026-07-31 10:46:40,928 [INFO] core.quality_process_orchestrator:    [13/13] Ejecutando: UPDATE det_sa
2026-07-31 10:46:40,929 [INFO] root: 🔹 [13/13] Ejecutando sentencia...
2026-07-31 10:46:48,450 [INFO] root: SUCCESS: Completado: **Ajustes de Curva de Notas**
2026-07-31 10:46:48,459 [INFO] root: Procesando: **Verificación de Notas Cero**...
2026-07-31 10:46:48,465 [INFO] core.quality_process_orchestrator: Se detectaron 8 sentencias en 04_b_sa_parche_nota_cero.sql
2026-07-31 10:46:48,466 [INFO] core.quality_process_orchestrator:    [1/8] Ejecutando: CREATE VOLATILE TABLE VT_MAX_SA_CASES AS (
2026-07-31 10:46:48,467 [INFO] root: 🔹 [1/8] Ejecutando sentencia...
2026-07-31 10:46:51,839 [INFO] core.quality_process_orchestrator:    [2/8] Ejecutando: CREATE VOLATILE TABLE VT_SUB_EQUIPO_PRODUCTO AS (
2026-07-31 10:46:51,840 [INFO] root: 🔹 [2/8] Ejecutando sentencia...
2026-07-31 10:46:55,978 [INFO] core.quality_process_orchestrator:    [3/8] Ejecutando: CREATE VOLATILE TABLE VT_ZERO_SA_CASES AS (
2026-07-31 10:46:55,981 [INFO] root: 🔹 [3/8] Ejecutando sentencia...
2026-07-31 10:47:13,989 [INFO] core.quality_process_orchestrator:    [4/8] Ejecutando: DELETE FROM DLAB_GEC.M_EXP_CALIDAD_DETALLE_SPEECH_ANALYTICS
2026-07-31 10:47:13,990 [INFO] root: 🔹 [4/8] Ejecutando sentencia...
2026-07-31 10:47:18,725 [INFO] core.quality_process_orchestrator:    [5/8] Ejecutando: INSERT INTO DLAB_GEC.M_EXP_CALIDAD_DETALLE_SPEECH_ANALYTICS
2026-07-31 10:47:18,726 [INFO] root: 🔹 [5/8] Ejecutando sentencia...
2026-07-31 10:47:21,460 [INFO] core.quality_process_orchestrator:    [6/8] Ejecutando: DROP TABLE VT_MAX_SA_CASES
2026-07-31 10:47:21,460 [INFO] root: 🔹 [6/8] Ejecutando sentencia...
2026-07-31 10:47:22,185 [INFO] core.quality_process_orchestrator:    [7/8] Ejecutando: DROP TABLE VT_SUB_EQUIPO_PRODUCTO
2026-07-31 10:47:22,186 [INFO] root: 🔹 [7/8] Ejecutando sentencia...
2026-07-31 10:47:23,587 [INFO] core.quality_process_orchestrator:    [8/8] Ejecutando: DROP TABLE VT_ZERO_SA_CASES
2026-07-31 10:47:23,588 [INFO] root: 🔹 [8/8] Ejecutando sentencia...
2026-07-31 10:47:24,443 [INFO] root: SUCCESS: Completado: **Verificación de Notas Cero**
2026-07-31 10:47:24,453 [INFO] root: Procesando: **Consolidación de Nota Final de Calidad**...
2026-07-31 10:47:24,481 [INFO] core.quality_process_orchestrator: Se detectaron 18 sentencias en 05_consolidacion_nota_final.sql
2026-07-31 10:47:24,482 [INFO] core.quality_process_orchestrator:    [1/18] Ejecutando: DELETE FROM DLAB_GEC.M_EXP_CALIDAD_NOTA_FINAL
2026-07-31 10:47:24,482 [INFO] root: 🔹 [1/18] Ejecutando sentencia...
2026-07-31 10:47:25,137 [INFO] core.quality_process_orchestrator:    [2/18] Ejecutando: CREATE VOLATILE TABLE VT_EXEC AS (
2026-07-31 10:47:25,138 [INFO] root: 🔹 [2/18] Ejecutando sentencia...
2026-07-31 10:47:27,085 [INFO] core.quality_process_orchestrator:    [3/18] Ejecutando: CREATE VOLATILE TABLE VT_PC AS (
2026-07-31 10:47:27,086 [INFO] root: 🔹 [3/18] Ejecutando sentencia...
2026-07-31 10:47:29,674 [INFO] core.quality_process_orchestrator:    [4/18] Ejecutando: CREATE VOLATILE TABLE VT_SA_CAT AS (
2026-07-31 10:47:29,674 [INFO] root: 🔹 [4/18] Ejecutando sentencia...
2026-07-31 10:47:33,136 [INFO] core.quality_process_orchestrator:    [5/18] Ejecutando: CREATE VOLATILE TABLE VT_SA AS (
2026-07-31 10:47:33,137 [INFO] root: 🔹 [5/18] Ejecutando sentencia...
2026-07-31 10:47:38,271 [INFO] core.quality_process_orchestrator:    [6/18] Ejecutando: CREATE VOLATILE TABLE VT_BASE_PC AS (
2026-07-31 10:47:38,275 [INFO] root: 🔹 [6/18] Ejecutando sentencia...
2026-07-31 10:47:48,559 [INFO] core.quality_process_orchestrator:    [7/18] Ejecutando: CREATE VOLATILE TABLE VT_BASE_GER AS (
2026-07-31 10:47:48,560 [INFO] root: 🔹 [7/18] Ejecutando sentencia...
2026-07-31 10:47:54,090 [INFO] core.quality_process_orchestrator:    [8/18] Ejecutando: CREATE VOLATILE TABLE VT_ALL AS (
2026-07-31 10:47:54,092 [INFO] root: 🔹 [8/18] Ejecutando sentencia...
2026-07-31 10:48:03,420 [INFO] core.quality_process_orchestrator:    [9/18] Ejecutando: INSERT INTO DLAB_GEC.M_EXP_CALIDAD_NOTA_FINAL
2026-07-31 10:48:03,421 [INFO] root: 🔹 [9/18] Ejecutando sentencia...
2026-07-31 10:48:06,216 [INFO] core.quality_process_orchestrator:    [10/18] Ejecutando: DROP TABLE VT_EXEC
2026-07-31 10:48:06,217 [INFO] root: 🔹 [10/18] Ejecutando sentencia...
2026-07-31 10:48:06,813 [INFO] core.quality_process_orchestrator:    [11/18] Ejecutando: DROP TABLE VT_PC
2026-07-31 10:48:06,814 [INFO] root: 🔹 [11/18] Ejecutando sentencia...
2026-07-31 10:48:07,247 [INFO] core.quality_process_orchestrator:    [12/18] Ejecutando: DROP TABLE VT_SA_CAT
2026-07-31 10:48:07,248 [INFO] root: 🔹 [12/18] Ejecutando sentencia...
2026-07-31 10:48:07,910 [INFO] core.quality_process_orchestrator:    [13/18] Ejecutando: DROP TABLE VT_SA
2026-07-31 10:48:07,911 [INFO] root: 🔹 [13/18] Ejecutando sentencia...
2026-07-31 10:48:08,466 [INFO] core.quality_process_orchestrator:    [14/18] Ejecutando: DROP TABLE VT_BASE_PC
2026-07-31 10:48:08,467 [INFO] root: 🔹 [14/18] Ejecutando sentencia...
2026-07-31 10:48:09,184 [INFO] core.quality_process_orchestrator:    [15/18] Ejecutando: DROP TABLE VT_BASE_GER
2026-07-31 10:48:09,185 [INFO] root: 🔹 [15/18] Ejecutando sentencia...
2026-07-31 10:48:09,701 [INFO] core.quality_process_orchestrator:    [16/18] Ejecutando: DROP TABLE VT_ALL
2026-07-31 10:48:09,702 [INFO] root: 🔹 [16/18] Ejecutando sentencia...
2026-07-31 10:48:11,737 [INFO] core.quality_process_orchestrator:    [17/18] Ejecutando: DELETE FROM DLAB_GEC.M_EXP_HIST_ERRORES_CALIDAD
2026-07-31 10:48:11,738 [INFO] root: 🔹 [17/18] Ejecutando sentencia...
2026-07-31 10:48:12,128 [INFO] core.quality_process_orchestrator:    [18/18] Ejecutando: INSERT INTO DLAB_GEC.M_EXP_HIST_ERRORES_CALIDAD
2026-07-31 10:48:12,129 [INFO] root: 🔹 [18/18] Ejecutando sentencia...
2026-07-31 10:48:15,746 [INFO] root: SUCCESS: Completado: **Consolidación de Nota Final de Calidad**
2026-07-31 10:48:15,752 [INFO] root: Todo el procesamiento SQL se ejecutó exitosamente. Guardando transacciones (Commit)...
2026-07-31 10:48:15,759 [INFO] root: SUCCESS: ¡Pipeline de Calidad Completo ejecutado exitosamente!
2026-07-31 10:48:16,920 [INFO] root: ⚡ Fase 5: Ejecutando Proceso NTD (Not To Do)...
2026-07-31 10:48:19,356 [INFO] root: 🔍 Validando tabla de entrada de Evaluaciones (M_EXP_CALIDAD_PURECLOUD_PRE)...
2026-07-31 10:48:20,771 [INFO] root: 🔍 Validando tabla de entrada de Observaciones (M_EXP_NTD_OBSERVACIONES_PRE)...
2026-07-31 10:48:21,056 [INFO] root: Procesando: **Carga Ntd**...
2026-07-31 10:48:21,088 [INFO] core.quality_process_orchestrator: Se detectaron 11 sentencias en 06_carga_ntd.sql
2026-07-31 10:48:21,090 [INFO] core.quality_process_orchestrator:    [1/11] Ejecutando: REPLACE VIEW DLAB_GEC.V_CHECK_FECHAS_NTD AS
2026-07-31 10:48:21,466 [INFO] core.quality_process_orchestrator:    [2/11] Ejecutando: DELETE FROM DLAB_GEC.M_EXP_NOT_TO_DO
2026-07-31 10:48:21,959 [INFO] core.quality_process_orchestrator:    [3/11] Ejecutando: INSERT INTO DLAB_GEC.M_EXP_NOT_TO_DO (CONID, PERIODO, PLANTILLA)
2026-07-31 10:48:25,017 [INFO] core.quality_process_orchestrator:    [4/11] Ejecutando: UPDATE A
2026-07-31 10:48:31,079 [INFO] core.quality_process_orchestrator:    [5/11] Ejecutando: UPDATE A
2026-07-31 10:48:36,555 [INFO] core.quality_process_orchestrator:    [6/11] Ejecutando: UPDATE DLAB_GEC.M_EXP_NOT_TO_DO
2026-07-31 10:48:37,130 [INFO] core.quality_process_orchestrator:    [7/11] Ejecutando: DELETE FROM DLAB_GEC.M_EXP_NTD_OBSERVACIONES_NEW
2026-07-31 10:48:37,689 [INFO] core.quality_process_orchestrator:    [8/11] Ejecutando: INSERT INTO DLAB_GEC.M_EXP_NTD_OBSERVACIONES_NEW
2026-07-31 10:48:39,711 [INFO] core.quality_process_orchestrator:    [9/11] Ejecutando: UPDATE A
2026-07-31 10:48:42,138 [INFO] core.quality_process_orchestrator:    [10/11] Ejecutando: REPLACE VIEW DLAB_GEC.V_EXP_NOT_TO_DO_VIEW AS
2026-07-31 10:48:42,913 [INFO] core.quality_process_orchestrator:    [11/11] Ejecutando: REPLACE VIEW DLAB_GEC.V_EXP_NOT_TO_DO_DETALLE AS
2026-07-31 10:48:43,459 [INFO] root: SUCCESS: Completado: **Carga Ntd**
2026-07-31 10:48:43,468 [INFO] root: Procesamiento SQL de NTD ejecutado exitosamente. Guardando transacciones (Commit)...
2026-07-31 10:48:43,483 [INFO] root: SUCCESS: ¡Proceso NTD (Fase 5) completado exitosamente!
